
> frontend@0.0.0 test
> vitest run


 RUN  v4.1.10 /home/josh/code_projects/agent-task-editor/.ate-worktrees/0535695c-9ba4-4d59-bd9a-355d04ffacbb/frontend

Not implemented: HTMLCanvasElement's getContext() method: without installing the canvas npm package

 Test Files  28 passed (28)
      Tests  187 passed (187)
   Start at  22:36:56
   Duration  3.39s (transform 5.81s, setup 5.29s, import 8.48s, tests 6.24s, environment 34.70s)

