=== RUN   TestToolsList
--- PASS: TestToolsList (0.00s)
=== RUN   TestCreateTask_DefaultsToWork_OmitsWorkflowID
--- PASS: TestCreateTask_DefaultsToWork_OmitsWorkflowID (0.00s)
=== RUN   TestCreateTask_ExplicitLabelAndWorkflow
--- PASS: TestCreateTask_ExplicitLabelAndWorkflow (0.00s)
=== RUN   TestCreateTask_MissingTitle
--- PASS: TestCreateTask_MissingTitle (0.00s)
=== RUN   TestCreateTask_BackendErrorSurfaced
--- PASS: TestCreateTask_BackendErrorSurfaced (0.01s)
=== RUN   TestListRepos_SendsBearerToken
--- PASS: TestListRepos_SendsBearerToken (0.01s)
PASS
ok  	github.com/myinisjap/agent-task-editor/backend/cmd/mcp-board	0.068s
=== RUN   TestResolveComment_AccumulatesAndPersistsPartialResult
--- PASS: TestResolveComment_AccumulatesAndPersistsPartialResult (0.00s)
=== RUN   TestResolveComment_RejectsUnknownID
--- PASS: TestResolveComment_RejectsUnknownID (0.00s)
=== RUN   TestSignalComplete_IncludesResolutions
--- PASS: TestSignalComplete_IncludesResolutions (0.00s)
=== RUN   TestResolveComment_AfterSignalComplete_RewritesTerminalResult
--- PASS: TestResolveComment_AfterSignalComplete_RewritesTerminalResult (0.00s)
PASS
ok  	github.com/myinisjap/agent-task-editor/backend/cmd/mcp-server	0.005s
?   	github.com/myinisjap/agent-task-editor/backend/cmd/server	[no test files]
=== RUN   TestE2E_CostBudget
=== RUN   TestE2E_CostBudget/no_budget_set:_dispatches_normally
2026/07/26 22:36:15 INFO dispatcher: agent dispatched component=dispatcher task_id=210784ca-17b0-4b16-916a-a04811f9d6f0 run_id=a5cdc5c4-680f-429f-bdab-8c2a387b1ed6 label=ready agent=fake-agent provider=fake agent_id=7ed4af9f-286f-48bc-becb-7066e617f418 agent_enabled=1 resume_session=false human_reply=false
2026/07/26 22:36:15 INFO pool: agent run starting component=pool run_id=a5cdc5c4-680f-429f-bdab-8c2a387b1ed6 task_id=210784ca-17b0-4b16-916a-a04811f9d6f0 provider=fake agent=fake-agent
2026/07/26 22:36:15 INFO pool: agent run finished component=pool run_id=a5cdc5c4-680f-429f-bdab-8c2a387b1ed6 task_id=210784ca-17b0-4b16-916a-a04811f9d6f0 status=completed
2026/07/26 22:36:15 ERROR dispatcher sweep failed component=dispatcher err="context canceled"
=== RUN   TestE2E_CostBudget/agent_config_budget_exceeded:_escalates_without_dispatching
2026/07/26 22:36:15 WARN dispatcher: skipping dispatch, cost budget exhausted component=dispatcher task_id=579d787f-6637-46ac-8ac2-cc55302c86f3 spent=1.5 budget=1
=== RUN   TestE2E_CostBudget/task_budget_exceeded:_escalates_without_dispatching
2026/07/26 22:36:15 WARN dispatcher: skipping dispatch, cost budget exhausted component=dispatcher task_id=3c687bde-1a6a-4a42-aeab-156754f935ea spent=2 budget=2
=== RUN   TestE2E_CostBudget/min_of_both_nonzero_budgets_wins
2026/07/26 22:36:15 WARN dispatcher: skipping dispatch, cost budget exhausted component=dispatcher task_id=de5d7847-15f1-4f90-8e06-d090b572505d spent=1 budget=1
=== RUN   TestE2E_CostBudget/budget_not_yet_exceeded:_dispatches_normally
2026/07/26 22:36:15 INFO dispatcher: agent dispatched component=dispatcher task_id=5798f6dc-b845-4e8f-94e5-5739255582c7 run_id=97a07edf-f8a9-4bcc-bf05-0dfe4ab57b86 label=ready agent=fake-agent provider=fake agent_id=252bf3ec-1f82-4c2a-b88b-c0385e15f842 agent_enabled=1 resume_session=false human_reply=false
2026/07/26 22:36:15 INFO pool: agent run starting component=pool run_id=97a07edf-f8a9-4bcc-bf05-0dfe4ab57b86 task_id=5798f6dc-b845-4e8f-94e5-5739255582c7 provider=fake agent=fake-agent
2026/07/26 22:36:15 INFO pool: agent run finished component=pool run_id=97a07edf-f8a9-4bcc-bf05-0dfe4ab57b86 task_id=5798f6dc-b845-4e8f-94e5-5739255582c7 status=completed
--- PASS: TestE2E_CostBudget (0.58s)
    --- PASS: TestE2E_CostBudget/no_budget_set:_dispatches_normally (0.13s)
    --- PASS: TestE2E_CostBudget/agent_config_budget_exceeded:_escalates_without_dispatching (0.11s)
    --- PASS: TestE2E_CostBudget/task_budget_exceeded:_escalates_without_dispatching (0.11s)
    --- PASS: TestE2E_CostBudget/min_of_both_nonzero_budgets_wins (0.11s)
    --- PASS: TestE2E_CostBudget/budget_not_yet_exceeded:_dispatches_normally (0.12s)
=== RUN   TestE2E_GoldenPath
2026/07/26 22:36:15 INFO dispatcher: agent dispatched component=dispatcher task_id=e6f14e6c-4f5a-4110-a826-b48ae5397c3c run_id=01aedf29-a20b-426c-8052-21f2a18133a7 label=ready agent=fake-agent provider=fake agent_id=cf76cd80-519c-43e4-8b42-209b21085a7c agent_enabled=1 resume_session=false human_reply=false
2026/07/26 22:36:15 INFO pool: agent run starting component=pool run_id=01aedf29-a20b-426c-8052-21f2a18133a7 task_id=e6f14e6c-4f5a-4110-a826-b48ae5397c3c provider=fake agent=fake-agent
2026/07/26 22:36:15 INFO pool: agent run finished component=pool run_id=01aedf29-a20b-426c-8052-21f2a18133a7 task_id=e6f14e6c-4f5a-4110-a826-b48ae5397c3c status=completed
--- PASS: TestE2E_GoldenPath (0.12s)
=== RUN   TestE2E_TransientRetryThenEscalate
2026/07/26 22:36:15 INFO dispatcher: agent dispatched component=dispatcher task_id=0d581c74-4698-4eee-8bca-f7906bac08b5 run_id=fc0e9aec-3f4f-4acd-a1e3-9d4181948f96 label=ready agent=fake-agent provider=fake agent_id=40a76510-a049-4708-961c-f10f28d064a6 agent_enabled=1 resume_session=false human_reply=false
2026/07/26 22:36:15 INFO pool: agent run starting component=pool run_id=fc0e9aec-3f4f-4acd-a1e3-9d4181948f96 task_id=0d581c74-4698-4eee-8bca-f7906bac08b5 provider=fake agent=fake-agent
2026/07/26 22:36:15 WARN pool: agent run transient error component=pool run_id=fc0e9aec-3f4f-4acd-a1e3-9d4181948f96 task_id=0d581c74-4698-4eee-8bca-f7906bac08b5 classification=transient err="transient error: context deadline exceeded"
2026/07/26 22:36:15 INFO pool: transient failure, scheduling auto-retry component=pool run_id=fc0e9aec-3f4f-4acd-a1e3-9d4181948f96 task_id=0d581c74-4698-4eee-8bca-f7906bac08b5 attempt=1 max_retries=1 next_retry_at=2026-07-26T22:36:16.761Z reason="transient error: context deadline exceeded"
2026/07/26 22:36:16 INFO dispatcher: agent dispatched component=dispatcher task_id=0d581c74-4698-4eee-8bca-f7906bac08b5 run_id=4b32230b-254f-4820-8127-3128177d7882 label=ready agent=fake-agent provider=fake agent_id=40a76510-a049-4708-961c-f10f28d064a6 agent_enabled=1 resume_session=false human_reply=false
2026/07/26 22:36:16 INFO pool: agent run starting component=pool run_id=4b32230b-254f-4820-8127-3128177d7882 task_id=0d581c74-4698-4eee-8bca-f7906bac08b5 provider=fake agent=fake-agent
2026/07/26 22:36:16 WARN pool: agent run transient error component=pool run_id=4b32230b-254f-4820-8127-3128177d7882 task_id=0d581c74-4698-4eee-8bca-f7906bac08b5 classification=transient err="transient error: context deadline exceeded"
2026/07/26 22:36:16 WARN pool: transient retry budget exhausted, escalating to waiting_human component=pool run_id=4b32230b-254f-4820-8127-3128177d7882 task_id=0d581c74-4698-4eee-8bca-f7906bac08b5 count=1 max_retries=1
--- PASS: TestE2E_TransientRetryThenEscalate (0.36s)
=== RUN   TestE2E_TerminalLabelTearsDownWorktree
2026/07/26 22:36:16 INFO dispatcher: agent dispatched component=dispatcher task_id=44f3b242-4575-4114-9708-fa3aefa6b369 run_id=f29b09fa-d059-43f1-938b-37c0d7bee895 label=ready agent=fake-agent provider=fake agent_id=0b744185-8366-4d08-849a-98a4908cbfa8 agent_enabled=1 resume_session=false human_reply=false
2026/07/26 22:36:16 INFO pool: agent run starting component=pool run_id=f29b09fa-d059-43f1-938b-37c0d7bee895 task_id=44f3b242-4575-4114-9708-fa3aefa6b369 provider=fake agent=fake-agent
2026/07/26 22:36:16 INFO pool: agent run finished component=pool run_id=f29b09fa-d059-43f1-938b-37c0d7bee895 task_id=44f3b242-4575-4114-9708-fa3aefa6b369 status=completed
--- PASS: TestE2E_TerminalLabelTearsDownWorktree (0.11s)
=== RUN   TestE2E_WaitingHumanStaysLocked
2026/07/26 22:36:16 INFO dispatcher: agent dispatched component=dispatcher task_id=f1960815-621d-4f1e-900c-45c88158ff2d run_id=277e20ff-9e38-4e09-ae3d-87ce83c0699f label=ready agent=fake-agent provider=fake agent_id=813be6fa-ceb8-4880-93f6-95ee9ef2ce7b agent_enabled=1 resume_session=false human_reply=false
2026/07/26 22:36:16 INFO pool: agent run starting component=pool run_id=277e20ff-9e38-4e09-ae3d-87ce83c0699f task_id=f1960815-621d-4f1e-900c-45c88158ff2d provider=fake agent=fake-agent
2026/07/26 22:36:16 INFO pool: agent run finished component=pool run_id=277e20ff-9e38-4e09-ae3d-87ce83c0699f task_id=f1960815-621d-4f1e-900c-45c88158ff2d status=waiting_human
--- PASS: TestE2E_WaitingHumanStaysLocked (0.29s)
=== RUN   TestE2E_ReplyResumesSession
2026/07/26 22:36:16 INFO dispatcher: agent dispatched component=dispatcher task_id=e1f76b9a-bd27-477b-8987-7d09956456e3 run_id=d7529cf3-9e36-472e-84a0-af681898d31e label=ready agent=fake-agent provider=claude agent_id=a3900142-d103-4da1-b80e-a894f651f4c8 agent_enabled=1 resume_session=false human_reply=false
2026/07/26 22:36:16 INFO pool: agent run starting component=pool run_id=d7529cf3-9e36-472e-84a0-af681898d31e task_id=e1f76b9a-bd27-477b-8987-7d09956456e3 provider=claude agent=fake-agent
2026/07/26 22:36:16 INFO pool: agent run finished component=pool run_id=d7529cf3-9e36-472e-84a0-af681898d31e task_id=e1f76b9a-bd27-477b-8987-7d09956456e3 status=waiting_human
2026/07/26 22:36:16 INFO dispatcher: agent dispatched component=dispatcher task_id=e1f76b9a-bd27-477b-8987-7d09956456e3 run_id=d3d0e51d-6158-40f5-988c-147700c6f7ac label=ready agent=fake-agent provider=claude agent_id=a3900142-d103-4da1-b80e-a894f651f4c8 agent_enabled=1 resume_session=true human_reply=true
2026/07/26 22:36:16 INFO pool: agent run starting component=pool run_id=d3d0e51d-6158-40f5-988c-147700c6f7ac task_id=e1f76b9a-bd27-477b-8987-7d09956456e3 provider=claude agent=fake-agent
2026/07/26 22:36:16 INFO pool: agent run finished component=pool run_id=d3d0e51d-6158-40f5-988c-147700c6f7ac task_id=e1f76b9a-bd27-477b-8987-7d09956456e3 status=completed
--- PASS: TestE2E_ReplyResumesSession (0.09s)
=== RUN   TestE2E_FailoverToBackupConfig
2026/07/26 22:36:16 INFO dispatcher: skipping rate-limited config, trying next component=dispatcher task_id=b4c66771-a9fb-4163-9da8-661657d4c9b9 agent_config_id=d3c4db41-fe7b-4825-9bc0-9375b62b0f35 unblocked_at=2026-07-26T23:36:16.559Z
2026/07/26 22:36:16 INFO dispatcher: agent dispatched component=dispatcher task_id=b4c66771-a9fb-4163-9da8-661657d4c9b9 run_id=bd7fa422-a244-41b1-940e-5ad33eb49875 label=ready agent=backup provider=fake agent_id=9914c411-0ebc-42ae-8766-cd592b414fe0 agent_enabled=1 resume_session=false human_reply=false
2026/07/26 22:36:16 INFO pool: agent run starting component=pool run_id=bd7fa422-a244-41b1-940e-5ad33eb49875 task_id=b4c66771-a9fb-4163-9da8-661657d4c9b9 provider=fake agent=backup
2026/07/26 22:36:16 WARN pool: reset transient retry count component=pool run_id=bd7fa422-a244-41b1-940e-5ad33eb49875 task_id=b4c66771-a9fb-4163-9da8-661657d4c9b9 err="context canceled"
2026/07/26 22:36:16 ERROR pool: set run completed component=pool run_id=bd7fa422-a244-41b1-940e-5ad33eb49875 task_id=b4c66771-a9fb-4163-9da8-661657d4c9b9 err="context canceled"
2026/07/26 22:36:16 WARN pool: safety-net commit failed component=pool run_id=bd7fa422-a244-41b1-940e-5ad33eb49875 task_id=b4c66771-a9fb-4163-9da8-661657d4c9b9 err="git status: context canceled: "
2026/07/26 22:36:16 ERROR pool: resolve outcome: list transitions component=pool task_id=b4c66771-a9fb-4163-9da8-661657d4c9b9 err="context canceled"
2026/07/26 22:36:16 INFO pool: agent run finished component=pool run_id=bd7fa422-a244-41b1-940e-5ad33eb49875 task_id=b4c66771-a9fb-4163-9da8-661657d4c9b9 status=completed
--- PASS: TestE2E_FailoverToBackupConfig (0.07s)
=== RUN   TestE2E_FailoverAllBlocked_NoDispatch
2026/07/26 22:36:16 INFO dispatcher: skipping rate-limited config, trying next component=dispatcher task_id=0d5c83bf-890c-4436-9116-2395b7449b26 agent_config_id=6ac8a301-884b-4689-9387-e202f9e788c1 unblocked_at=2026-07-26T23:36:16.631Z
2026/07/26 22:36:16 INFO dispatcher: skipping rate-limited config, trying next component=dispatcher task_id=0d5c83bf-890c-4436-9116-2395b7449b26 agent_config_id=87612e13-9053-4573-85f6-99d83401bccd unblocked_at=2026-07-26T23:36:16.631Z
2026/07/26 22:36:16 INFO dispatcher: all matching configs rate-limited, skipping dispatch component=dispatcher task_id=0d5c83bf-890c-4436-9116-2395b7449b26 label=ready
2026/07/26 22:36:16 INFO dispatcher: skipping rate-limited config, trying next component=dispatcher task_id=0d5c83bf-890c-4436-9116-2395b7449b26 agent_config_id=6ac8a301-884b-4689-9387-e202f9e788c1 unblocked_at=2026-07-26T23:36:16.631Z
2026/07/26 22:36:16 INFO dispatcher: skipping rate-limited config, trying next component=dispatcher task_id=0d5c83bf-890c-4436-9116-2395b7449b26 agent_config_id=87612e13-9053-4573-85f6-99d83401bccd unblocked_at=2026-07-26T23:36:16.631Z
2026/07/26 22:36:16 INFO dispatcher: all matching configs rate-limited, skipping dispatch component=dispatcher task_id=0d5c83bf-890c-4436-9116-2395b7449b26 label=ready
2026/07/26 22:36:16 INFO dispatcher: skipping rate-limited config, trying next component=dispatcher task_id=0d5c83bf-890c-4436-9116-2395b7449b26 agent_config_id=6ac8a301-884b-4689-9387-e202f9e788c1 unblocked_at=2026-07-26T23:36:16.631Z
2026/07/26 22:36:16 INFO dispatcher: skipping rate-limited config, trying next component=dispatcher task_id=0d5c83bf-890c-4436-9116-2395b7449b26 agent_config_id=87612e13-9053-4573-85f6-99d83401bccd unblocked_at=2026-07-26T23:36:16.631Z
2026/07/26 22:36:16 INFO dispatcher: all matching configs rate-limited, skipping dispatch component=dispatcher task_id=0d5c83bf-890c-4436-9116-2395b7449b26 label=ready
2026/07/26 22:36:16 INFO dispatcher: skipping rate-limited config, trying next component=dispatcher task_id=0d5c83bf-890c-4436-9116-2395b7449b26 agent_config_id=6ac8a301-884b-4689-9387-e202f9e788c1 unblocked_at=2026-07-26T23:36:16.631Z
2026/07/26 22:36:16 INFO dispatcher: skipping rate-limited config, trying next component=dispatcher task_id=0d5c83bf-890c-4436-9116-2395b7449b26 agent_config_id=87612e13-9053-4573-85f6-99d83401bccd unblocked_at=2026-07-26T23:36:16.631Z
2026/07/26 22:36:16 INFO dispatcher: all matching configs rate-limited, skipping dispatch component=dispatcher task_id=0d5c83bf-890c-4436-9116-2395b7449b26 label=ready
2026/07/26 22:36:16 INFO dispatcher: skipping rate-limited config, trying next component=dispatcher task_id=0d5c83bf-890c-4436-9116-2395b7449b26 agent_config_id=6ac8a301-884b-4689-9387-e202f9e788c1 unblocked_at=2026-07-26T23:36:16.631Z
2026/07/26 22:36:16 INFO dispatcher: skipping rate-limited config, trying next component=dispatcher task_id=0d5c83bf-890c-4436-9116-2395b7449b26 agent_config_id=87612e13-9053-4573-85f6-99d83401bccd unblocked_at=2026-07-26T23:36:16.631Z
2026/07/26 22:36:16 INFO dispatcher: all matching configs rate-limited, skipping dispatch component=dispatcher task_id=0d5c83bf-890c-4436-9116-2395b7449b26 label=ready
2026/07/26 22:36:16 INFO dispatcher: skipping rate-limited config, trying next component=dispatcher task_id=0d5c83bf-890c-4436-9116-2395b7449b26 agent_config_id=6ac8a301-884b-4689-9387-e202f9e788c1 unblocked_at=2026-07-26T23:36:16.631Z
2026/07/26 22:36:16 INFO dispatcher: skipping rate-limited config, trying next component=dispatcher task_id=0d5c83bf-890c-4436-9116-2395b7449b26 agent_config_id=87612e13-9053-4573-85f6-99d83401bccd unblocked_at=2026-07-26T23:36:16.631Z
2026/07/26 22:36:16 INFO dispatcher: all matching configs rate-limited, skipping dispatch component=dispatcher task_id=0d5c83bf-890c-4436-9116-2395b7449b26 label=ready
2026/07/26 22:36:16 INFO dispatcher: skipping rate-limited config, trying next component=dispatcher task_id=0d5c83bf-890c-4436-9116-2395b7449b26 agent_config_id=6ac8a301-884b-4689-9387-e202f9e788c1 unblocked_at=2026-07-26T23:36:16.631Z
2026/07/26 22:36:16 INFO dispatcher: skipping rate-limited config, trying next component=dispatcher task_id=0d5c83bf-890c-4436-9116-2395b7449b26 agent_config_id=87612e13-9053-4573-85f6-99d83401bccd unblocked_at=2026-07-26T23:36:16.631Z
2026/07/26 22:36:16 INFO dispatcher: all matching configs rate-limited, skipping dispatch component=dispatcher task_id=0d5c83bf-890c-4436-9116-2395b7449b26 label=ready
2026/07/26 22:36:16 INFO dispatcher: skipping rate-limited config, trying next component=dispatcher task_id=0d5c83bf-890c-4436-9116-2395b7449b26 agent_config_id=6ac8a301-884b-4689-9387-e202f9e788c1 unblocked_at=2026-07-26T23:36:16.631Z
2026/07/26 22:36:16 INFO dispatcher: skipping rate-limited config, trying next component=dispatcher task_id=0d5c83bf-890c-4436-9116-2395b7449b26 agent_config_id=87612e13-9053-4573-85f6-99d83401bccd unblocked_at=2026-07-26T23:36:16.631Z
2026/07/26 22:36:16 INFO dispatcher: all matching configs rate-limited, skipping dispatch component=dispatcher task_id=0d5c83bf-890c-4436-9116-2395b7449b26 label=ready
2026/07/26 22:36:16 INFO dispatcher: skipping rate-limited config, trying next component=dispatcher task_id=0d5c83bf-890c-4436-9116-2395b7449b26 agent_config_id=6ac8a301-884b-4689-9387-e202f9e788c1 unblocked_at=2026-07-26T23:36:16.631Z
2026/07/26 22:36:16 INFO dispatcher: skipping rate-limited config, trying next component=dispatcher task_id=0d5c83bf-890c-4436-9116-2395b7449b26 agent_config_id=87612e13-9053-4573-85f6-99d83401bccd unblocked_at=2026-07-26T23:36:16.631Z
2026/07/26 22:36:16 INFO dispatcher: all matching configs rate-limited, skipping dispatch component=dispatcher task_id=0d5c83bf-890c-4436-9116-2395b7449b26 label=ready
2026/07/26 22:36:16 INFO dispatcher: skipping rate-limited config, trying next component=dispatcher task_id=0d5c83bf-890c-4436-9116-2395b7449b26 agent_config_id=6ac8a301-884b-4689-9387-e202f9e788c1 unblocked_at=2026-07-26T23:36:16.631Z
2026/07/26 22:36:16 INFO dispatcher: skipping rate-limited config, trying next component=dispatcher task_id=0d5c83bf-890c-4436-9116-2395b7449b26 agent_config_id=87612e13-9053-4573-85f6-99d83401bccd unblocked_at=2026-07-26T23:36:16.631Z
2026/07/26 22:36:16 INFO dispatcher: all matching configs rate-limited, skipping dispatch component=dispatcher task_id=0d5c83bf-890c-4436-9116-2395b7449b26 label=ready
2026/07/26 22:36:16 INFO dispatcher: skipping rate-limited config, trying next component=dispatcher task_id=0d5c83bf-890c-4436-9116-2395b7449b26 agent_config_id=6ac8a301-884b-4689-9387-e202f9e788c1 unblocked_at=2026-07-26T23:36:16.631Z
2026/07/26 22:36:16 INFO dispatcher: skipping rate-limited config, trying next component=dispatcher task_id=0d5c83bf-890c-4436-9116-2395b7449b26 agent_config_id=87612e13-9053-4573-85f6-99d83401bccd unblocked_at=2026-07-26T23:36:16.631Z
2026/07/26 22:36:16 INFO dispatcher: all matching configs rate-limited, skipping dispatch component=dispatcher task_id=0d5c83bf-890c-4436-9116-2395b7449b26 label=ready
2026/07/26 22:36:16 INFO dispatcher: skipping rate-limited config, trying next component=dispatcher task_id=0d5c83bf-890c-4436-9116-2395b7449b26 agent_config_id=6ac8a301-884b-4689-9387-e202f9e788c1 unblocked_at=2026-07-26T23:36:16.631Z
2026/07/26 22:36:16 INFO dispatcher: skipping rate-limited config, trying next component=dispatcher task_id=0d5c83bf-890c-4436-9116-2395b7449b26 agent_config_id=87612e13-9053-4573-85f6-99d83401bccd unblocked_at=2026-07-26T23:36:16.631Z
2026/07/26 22:36:16 INFO dispatcher: all matching configs rate-limited, skipping dispatch component=dispatcher task_id=0d5c83bf-890c-4436-9116-2395b7449b26 label=ready
2026/07/26 22:36:16 INFO dispatcher: skipping rate-limited config, trying next component=dispatcher task_id=0d5c83bf-890c-4436-9116-2395b7449b26 agent_config_id=6ac8a301-884b-4689-9387-e202f9e788c1 unblocked_at=2026-07-26T23:36:16.631Z
2026/07/26 22:36:16 INFO dispatcher: skipping rate-limited config, trying next component=dispatcher task_id=0d5c83bf-890c-4436-9116-2395b7449b26 agent_config_id=87612e13-9053-4573-85f6-99d83401bccd unblocked_at=2026-07-26T23:36:16.631Z
2026/07/26 22:36:16 INFO dispatcher: all matching configs rate-limited, skipping dispatch component=dispatcher task_id=0d5c83bf-890c-4436-9116-2395b7449b26 label=ready
2026/07/26 22:36:16 INFO dispatcher: skipping rate-limited config, trying next component=dispatcher task_id=0d5c83bf-890c-4436-9116-2395b7449b26 agent_config_id=6ac8a301-884b-4689-9387-e202f9e788c1 unblocked_at=2026-07-26T23:36:16.631Z
2026/07/26 22:36:16 INFO dispatcher: skipping rate-limited config, trying next component=dispatcher task_id=0d5c83bf-890c-4436-9116-2395b7449b26 agent_config_id=87612e13-9053-4573-85f6-99d83401bccd unblocked_at=2026-07-26T23:36:16.631Z
2026/07/26 22:36:16 INFO dispatcher: all matching configs rate-limited, skipping dispatch component=dispatcher task_id=0d5c83bf-890c-4436-9116-2395b7449b26 label=ready
--- PASS: TestE2E_FailoverAllBlocked_NoDispatch (0.26s)
=== RUN   TestMatchConfigs
=== RUN   TestMatchConfigs/no_match
=== RUN   TestMatchConfigs/single_match
=== RUN   TestMatchConfigs/multiple_matches_returned_in_order
=== RUN   TestMatchConfigs/skips_bad_json
2026/07/26 22:36:16 ERROR dispatcher: skipping config with unparseable labels component=dispatcher config_id=broken config_name=broken err="invalid character 'o' in literal null (expecting 'u')"
=== RUN   TestMatchConfigs/all_bad_json
2026/07/26 22:36:16 ERROR dispatcher: skipping config with unparseable labels component=dispatcher config_id=broken config_name=broken err="unexpected end of JSON input"
=== RUN   TestMatchConfigs/skips_disabled
=== RUN   TestMatchConfigs/disabled_then_enabled
--- PASS: TestMatchConfigs (0.00s)
    --- PASS: TestMatchConfigs/no_match (0.00s)
    --- PASS: TestMatchConfigs/single_match (0.00s)
    --- PASS: TestMatchConfigs/multiple_matches_returned_in_order (0.00s)
    --- PASS: TestMatchConfigs/skips_bad_json (0.00s)
    --- PASS: TestMatchConfigs/all_bad_json (0.00s)
    --- PASS: TestMatchConfigs/skips_disabled (0.00s)
    --- PASS: TestMatchConfigs/disabled_then_enabled (0.00s)
=== RUN   TestMatchConfigs_PriorityOrdering
--- PASS: TestMatchConfigs_PriorityOrdering (0.00s)
=== RUN   TestEffectiveBudget
=== RUN   TestEffectiveBudget/both_zero:_unlimited
=== RUN   TestEffectiveBudget/only_task_set
=== RUN   TestEffectiveBudget/only_config_set
=== RUN   TestEffectiveBudget/both_set,_task_lower_wins
=== RUN   TestEffectiveBudget/both_set,_config_lower_wins
=== RUN   TestEffectiveBudget/both_set,_equal
--- PASS: TestEffectiveBudget (0.00s)
    --- PASS: TestEffectiveBudget/both_zero:_unlimited (0.00s)
    --- PASS: TestEffectiveBudget/only_task_set (0.00s)
    --- PASS: TestEffectiveBudget/only_config_set (0.00s)
    --- PASS: TestEffectiveBudget/both_set,_task_lower_wins (0.00s)
    --- PASS: TestEffectiveBudget/both_set,_config_lower_wins (0.00s)
    --- PASS: TestEffectiveBudget/both_set,_equal (0.00s)
=== RUN   TestToAgentConfig_CommandFilters
=== RUN   TestToAgentConfig_CommandFilters/populated_lists_round-trip
=== RUN   TestToAgentConfig_CommandFilters/default_empty-array_JSON_yields_nil_slices
=== RUN   TestToAgentConfig_CommandFilters/malformed_JSON_falls_back_to_nil,_not_an_error
--- PASS: TestToAgentConfig_CommandFilters (0.00s)
    --- PASS: TestToAgentConfig_CommandFilters/populated_lists_round-trip (0.00s)
    --- PASS: TestToAgentConfig_CommandFilters/default_empty-array_JSON_yields_nil_slices (0.00s)
    --- PASS: TestToAgentConfig_CommandFilters/malformed_JSON_falls_back_to_nil,_not_an_error (0.00s)
=== RUN   TestClassifyLine
=== RUN   TestClassifyLine/http_429
=== RUN   TestClassifyLine/request_rejected
=== RUN   TestClassifyLine/rate_limit_words
=== RUN   TestClassifyLine/rate_limit_token
=== RUN   TestClassifyLine/gemini_resource_exhausted
=== RUN   TestClassifyLine/claude_session_limit
=== RUN   TestClassifyLine/claude_usage_limit
=== RUN   TestClassifyLine/not_logged_in
=== RUN   TestClassifyLine/please_run_login
=== RUN   TestClassifyLine/gemini_invalid_api_key
=== RUN   TestClassifyLine/gemini_no_auth_method
=== RUN   TestClassifyLine/codex_missing_bearer
=== RUN   TestClassifyLine/codex_401
=== RUN   TestClassifyLine/connection_reset
=== RUN   TestClassifyLine/econnreset
=== RUN   TestClassifyLine/econnrefused
=== RUN   TestClassifyLine/etimedout
=== RUN   TestClassifyLine/enotfound
=== RUN   TestClassifyLine/eai_again
=== RUN   TestClassifyLine/timeout
=== RUN   TestClassifyLine/timed_out
=== RUN   TestClassifyLine/temporary_failure
=== RUN   TestClassifyLine/network_error
=== RUN   TestClassifyLine/network_unreachable
=== RUN   TestClassifyLine/socket_hang_up
=== RUN   TestClassifyLine/eof
=== RUN   TestClassifyLine/502
=== RUN   TestClassifyLine/503
=== RUN   TestClassifyLine/504
=== RUN   TestClassifyLine/bad_gateway
=== RUN   TestClassifyLine/service_unavailable
=== RUN   TestClassifyLine/gateway_timeout
=== RUN   TestClassifyLine/plain_text
=== RUN   TestClassifyLine/empty
=== RUN   TestClassifyLine/upper_rate_limit
=== RUN   TestClassifyLine/upper_not_logged_in
=== RUN   TestClassifyLine/429_wins_over_timeout
=== RUN   TestClassifyLine/auth_wins_over_transient
--- PASS: TestClassifyLine (0.00s)
    --- PASS: TestClassifyLine/http_429 (0.00s)
    --- PASS: TestClassifyLine/request_rejected (0.00s)
    --- PASS: TestClassifyLine/rate_limit_words (0.00s)
    --- PASS: TestClassifyLine/rate_limit_token (0.00s)
    --- PASS: TestClassifyLine/gemini_resource_exhausted (0.00s)
    --- PASS: TestClassifyLine/claude_session_limit (0.00s)
    --- PASS: TestClassifyLine/claude_usage_limit (0.00s)
    --- PASS: TestClassifyLine/not_logged_in (0.00s)
    --- PASS: TestClassifyLine/please_run_login (0.00s)
    --- PASS: TestClassifyLine/gemini_invalid_api_key (0.00s)
    --- PASS: TestClassifyLine/gemini_no_auth_method (0.00s)
    --- PASS: TestClassifyLine/codex_missing_bearer (0.00s)
    --- PASS: TestClassifyLine/codex_401 (0.00s)
    --- PASS: TestClassifyLine/connection_reset (0.00s)
    --- PASS: TestClassifyLine/econnreset (0.00s)
    --- PASS: TestClassifyLine/econnrefused (0.00s)
    --- PASS: TestClassifyLine/etimedout (0.00s)
    --- PASS: TestClassifyLine/enotfound (0.00s)
    --- PASS: TestClassifyLine/eai_again (0.00s)
    --- PASS: TestClassifyLine/timeout (0.00s)
    --- PASS: TestClassifyLine/timed_out (0.00s)
    --- PASS: TestClassifyLine/temporary_failure (0.00s)
    --- PASS: TestClassifyLine/network_error (0.00s)
    --- PASS: TestClassifyLine/network_unreachable (0.00s)
    --- PASS: TestClassifyLine/socket_hang_up (0.00s)
    --- PASS: TestClassifyLine/eof (0.00s)
    --- PASS: TestClassifyLine/502 (0.00s)
    --- PASS: TestClassifyLine/503 (0.00s)
    --- PASS: TestClassifyLine/504 (0.00s)
    --- PASS: TestClassifyLine/bad_gateway (0.00s)
    --- PASS: TestClassifyLine/service_unavailable (0.00s)
    --- PASS: TestClassifyLine/gateway_timeout (0.00s)
    --- PASS: TestClassifyLine/plain_text (0.00s)
    --- PASS: TestClassifyLine/empty (0.00s)
    --- PASS: TestClassifyLine/upper_rate_limit (0.00s)
    --- PASS: TestClassifyLine/upper_not_logged_in (0.00s)
    --- PASS: TestClassifyLine/429_wins_over_timeout (0.00s)
    --- PASS: TestClassifyLine/auth_wins_over_transient (0.00s)
=== RUN   TestBackoffDuration
--- PASS: TestBackoffDuration (0.00s)
=== RUN   TestBackoffDurationWithBase
--- PASS: TestBackoffDurationWithBase (0.00s)
=== RUN   TestRateLimitRegistry_NotBlocked
--- PASS: TestRateLimitRegistry_NotBlocked (0.00s)
=== RUN   TestRateLimitRegistry_Block
--- PASS: TestRateLimitRegistry_Block (0.00s)
=== RUN   TestRateLimitRegistry_BlockExpired
--- PASS: TestRateLimitRegistry_BlockExpired (0.00s)
=== RUN   TestRateLimitRegistry_BlockWithBackoff
--- PASS: TestRateLimitRegistry_BlockWithBackoff (0.00s)
=== RUN   TestRateLimitRegistry_BlockWithBackoffIncreases
--- PASS: TestRateLimitRegistry_BlockWithBackoffIncreases (0.00s)
=== RUN   TestRateLimitRegistry_Unblock
--- PASS: TestRateLimitRegistry_Unblock (0.00s)
=== RUN   TestRateLimitRegistry_BlockedUntil
--- PASS: TestRateLimitRegistry_BlockedUntil (0.00s)
=== RUN   TestCoordinator_CleanMergeAndAutoAdvance
--- PASS: TestCoordinator_CleanMergeAndAutoAdvance (0.10s)
=== RUN   TestCoordinator_ConflictFlagsChildNoAdvance
2026/07/26 22:36:17 INFO subtasks: merge-back conflict component=subtasks task_id=721f5709-fd7f-4d45-abad-47542ad827c8 parent_id=045d57f6-c678-4336-843e-6d8863cffa45 files=[clash.txt]
--- PASS: TestCoordinator_ConflictFlagsChildNoAdvance (0.11s)
=== RUN   TestE2E_SubtaskFlow
2026/07/26 22:36:17 INFO dispatcher: agent dispatched component=dispatcher task_id=64b8851b-abba-45ec-a98e-f0a6745649c2 run_id=ff336507-37d4-4e75-9c61-ee2fc1e1bc5c label=work agent=fake provider=fake agent_id=269fdb2f-6d5c-44b3-a133-6019fd1ef7e3 agent_enabled=1 resume_session=false human_reply=false
2026/07/26 22:36:17 INFO pool: agent run starting component=pool run_id=ff336507-37d4-4e75-9c61-ee2fc1e1bc5c task_id=64b8851b-abba-45ec-a98e-f0a6745649c2 provider=fake agent=fake
2026/07/26 22:36:17 INFO dispatcher: agent dispatched component=dispatcher task_id=27d4649e-7f15-41a7-9f82-0b84608e8acc run_id=83ff3fa3-4911-4e21-9fcc-fb4001617a36 label=work agent=fake provider=fake agent_id=269fdb2f-6d5c-44b3-a133-6019fd1ef7e3 agent_enabled=1 resume_session=false human_reply=false
2026/07/26 22:36:17 INFO pool: agent run starting component=pool run_id=83ff3fa3-4911-4e21-9fcc-fb4001617a36 task_id=27d4649e-7f15-41a7-9f82-0b84608e8acc provider=fake agent=fake
2026/07/26 22:36:17 INFO pool: agent run finished component=pool run_id=ff336507-37d4-4e75-9c61-ee2fc1e1bc5c task_id=64b8851b-abba-45ec-a98e-f0a6745649c2 status=completed
2026/07/26 22:36:17 INFO pool: agent run finished component=pool run_id=83ff3fa3-4911-4e21-9fcc-fb4001617a36 task_id=27d4649e-7f15-41a7-9f82-0b84608e8acc status=completed
--- PASS: TestE2E_SubtaskFlow (0.14s)
=== RUN   TestTerminalCommand
--- PASS: TestTerminalCommand (0.00s)
=== RUN   TestTerminalManagerAttachStreams
--- PASS: TestTerminalManagerAttachStreams (0.04s)
=== RUN   TestTerminalManager_ChatMCPInjectsEnv
--- PASS: TestTerminalManager_ChatMCPInjectsEnv (0.00s)
=== RUN   TestBranchNameIsSlugOnly
--- PASS: TestBranchNameIsSlugOnly (0.00s)
=== RUN   TestProvisionRejectsUnsafeTaskID
--- PASS: TestProvisionRejectsUnsafeTaskID (0.01s)
=== RUN   TestProvisionIsIdempotentAndDiffsTaskWork
--- PASS: TestProvisionIsIdempotentAndDiffsTaskWork (0.05s)
=== RUN   TestDeleteLocalBranch
--- PASS: TestDeleteLocalBranch (0.03s)
=== RUN   TestReDispatch_PicksUpConfigChanges
--- PASS: TestReDispatch_PicksUpConfigChanges (0.05s)
=== RUN   TestPool_CompletedResult_TransitionsLabel
2026/07/26 22:36:17 INFO pool: agent run starting component=pool run_id=b92912d1-ff6b-4d79-bfe0-e78beecc6484 task_id=f30ffac7-9409-4892-af49-ff17158bf7ad provider=mock agent=mock-agent
2026/07/26 22:36:17 WARN pool: safety-net commit failed component=pool run_id=b92912d1-ff6b-4d79-bfe0-e78beecc6484 task_id=f30ffac7-9409-4892-af49-ff17158bf7ad err="git status: exit status 128: fatal: not a git repository (or any of the parent directories): .git"
2026/07/26 22:36:17 INFO pool: agent run finished component=pool run_id=b92912d1-ff6b-4d79-bfe0-e78beecc6484 task_id=f30ffac7-9409-4892-af49-ff17158bf7ad status=completed
--- PASS: TestPool_CompletedResult_TransitionsLabel (0.07s)
=== RUN   TestPool_ResolvedComments_MarkedResolved
2026/07/26 22:36:17 INFO pool: agent run starting component=pool run_id=0d5aaa1c-e949-463d-a81d-a9d295aaac37 task_id=6b9f294a-6263-411d-b0c4-b13ec8bbf922 provider=mock agent=mock-agent
2026/07/26 22:36:17 WARN pool: resolve review comment component=pool run_id=0d5aaa1c-e949-463d-a81d-a9d295aaac37 task_id=6b9f294a-6263-411d-b0c4-b13ec8bbf922 comment_id=not-a-real-comment err="sql: no rows in result set"
2026/07/26 22:36:17 WARN pool: safety-net commit failed component=pool run_id=0d5aaa1c-e949-463d-a81d-a9d295aaac37 task_id=6b9f294a-6263-411d-b0c4-b13ec8bbf922 err="git status: exit status 128: fatal: not a git repository (or any of the parent directories): .git"
2026/07/26 22:36:17 INFO pool: agent run finished component=pool run_id=0d5aaa1c-e949-463d-a81d-a9d295aaac37 task_id=6b9f294a-6263-411d-b0c4-b13ec8bbf922 status=completed
--- PASS: TestPool_ResolvedComments_MarkedResolved (0.07s)
=== RUN   TestPool_ResolvedComments_IgnoredOnFailure
2026/07/26 22:36:17 INFO pool: agent run starting component=pool run_id=5c2af0b4-1489-424d-a33b-068e7064e4c1 task_id=b3e14854-3fd2-45be-9154-74784cd49b5a provider=mock agent=mock-agent
2026/07/26 22:36:17 WARN pool: agent run failed component=pool run_id=5c2af0b4-1489-424d-a33b-068e7064e4c1 task_id=b3e14854-3fd2-45be-9154-74784cd49b5a classification=genuine final_status=failed
2026/07/26 22:36:17 INFO pool: agent run finished component=pool run_id=5c2af0b4-1489-424d-a33b-068e7064e4c1 task_id=b3e14854-3fd2-45be-9154-74784cd49b5a status=failed
--- PASS: TestPool_ResolvedComments_IgnoredOnFailure (0.07s)
=== RUN   TestPool_FailedResult_SetsStatusFailed
2026/07/26 22:36:17 INFO pool: agent run starting component=pool run_id=466334e6-88f0-4b40-b1ea-b6658a64dc2d task_id=5938845d-504c-44ec-8ab3-097dae77f322 provider=mock agent=mock-agent
2026/07/26 22:36:17 WARN pool: agent run failed component=pool run_id=466334e6-88f0-4b40-b1ea-b6658a64dc2d task_id=5938845d-504c-44ec-8ab3-097dae77f322 classification=genuine final_status=failed
2026/07/26 22:36:17 INFO pool: agent run finished component=pool run_id=466334e6-88f0-4b40-b1ea-b6658a64dc2d task_id=5938845d-504c-44ec-8ab3-097dae77f322 status=failed
--- PASS: TestPool_FailedResult_SetsStatusFailed (0.07s)
=== RUN   TestPool_FailureLoop_RoutesFeedbackAndTransitions
2026/07/26 22:36:17 INFO pool: agent run starting component=pool run_id=3337326d-b60c-4d2d-9336-cee768370775 task_id=6af889e3-1c18-4dac-b368-61adca7ef031 provider=mock agent=mock-agent
2026/07/26 22:36:17 WARN pool: safety-net commit failed component=pool run_id=3337326d-b60c-4d2d-9336-cee768370775 task_id=6af889e3-1c18-4dac-b368-61adca7ef031 err="git status: exit status 128: fatal: not a git repository (or any of the parent directories): .git"
2026/07/26 22:36:17 INFO pool: agent run finished component=pool run_id=3337326d-b60c-4d2d-9336-cee768370775 task_id=6af889e3-1c18-4dac-b368-61adca7ef031 status=completed
--- PASS: TestPool_FailureLoop_RoutesFeedbackAndTransitions (0.08s)
=== RUN   TestPool_FailureLoop_EscalatesAfterThreshold
2026/07/26 22:36:17 INFO pool: agent run starting component=pool run_id=0a1c9ffc-78d2-450d-8aad-5fabd0d127c4 task_id=11df758f-2a55-4821-8d11-0a1f5d3f6852 provider=mock agent=mock-agent
2026/07/26 22:36:17 WARN pool: safety-net commit failed component=pool run_id=0a1c9ffc-78d2-450d-8aad-5fabd0d127c4 task_id=11df758f-2a55-4821-8d11-0a1f5d3f6852 err="git status: exit status 128: fatal: not a git repository (or any of the parent directories): .git"
2026/07/26 22:36:17 WARN pool: failure loop exceeded threshold, escalating to waiting_human component=pool run_id=0a1c9ffc-78d2-450d-8aad-5fabd0d127c4 task_id=11df758f-2a55-4821-8d11-0a1f5d3f6852 from=agent-review to=work threshold=3
2026/07/26 22:36:17 INFO pool: agent run finished component=pool run_id=0a1c9ffc-78d2-450d-8aad-5fabd0d127c4 task_id=11df758f-2a55-4821-8d11-0a1f5d3f6852 status=completed
--- PASS: TestPool_FailureLoop_EscalatesAfterThreshold (0.07s)
=== RUN   TestPool_FailureLoop_EscalationPreservesCostUnknown
2026/07/26 22:36:17 INFO pool: agent run starting component=pool run_id=67e2fb52-596d-4a87-851a-2eea2c9fdb8b task_id=aef033d8-764a-42d3-a7d0-f1f0b4caff11 provider=mock agent=mock-agent
2026/07/26 22:36:17 WARN pool: safety-net commit failed component=pool run_id=67e2fb52-596d-4a87-851a-2eea2c9fdb8b task_id=aef033d8-764a-42d3-a7d0-f1f0b4caff11 err="git status: exit status 128: fatal: not a git repository (or any of the parent directories): .git"
2026/07/26 22:36:17 WARN pool: failure loop exceeded threshold, escalating to waiting_human component=pool run_id=67e2fb52-596d-4a87-851a-2eea2c9fdb8b task_id=aef033d8-764a-42d3-a7d0-f1f0b4caff11 from=agent-review to=work threshold=3
2026/07/26 22:36:17 INFO pool: agent run finished component=pool run_id=67e2fb52-596d-4a87-851a-2eea2c9fdb8b task_id=aef033d8-764a-42d3-a7d0-f1f0b4caff11 status=completed
--- PASS: TestPool_FailureLoop_EscalationPreservesCostUnknown (0.07s)
=== RUN   TestPool_Cancel_MarksCancelledAndPauses
2026/07/26 22:36:17 INFO pool: agent run starting component=pool run_id=4b7a19e6-a45b-4e5f-a963-f7909eef584e task_id=e318ee6c-e6aa-4948-9709-4ba5f7a1e74c provider=mock agent=mock-agent
2026/07/26 22:36:17 INFO pool: agent run cancelled by user component=pool run_id=4b7a19e6-a45b-4e5f-a963-f7909eef584e task_id=e318ee6c-e6aa-4948-9709-4ba5f7a1e74c
--- PASS: TestPool_Cancel_MarksCancelledAndPauses (0.09s)
=== RUN   TestPool_Saturated
2026/07/26 22:36:18 INFO pool: agent run starting component=pool run_id=a6a11bc9-c75a-43bb-bfe4-3f8f05ea665c task_id=02d0a195-a5fc-45bb-8a98-c781099648a7 provider=mock agent=mock-agent
2026/07/26 22:36:18 INFO pool: agent run cancelled by user component=pool run_id=a6a11bc9-c75a-43bb-bfe4-3f8f05ea665c task_id=02d0a195-a5fc-45bb-8a98-c781099648a7
--- PASS: TestPool_Saturated (0.09s)
=== RUN   TestPool_WaitingHuman_PublishesEvent
2026/07/26 22:36:18 INFO pool: agent run starting component=pool run_id=50b41d32-309d-4552-bc2c-823097b66c9f task_id=34bef987-ae7a-46a6-960c-49a8042532d4 provider=mock agent=mock-agent
2026/07/26 22:36:18 INFO pool: agent run finished component=pool run_id=50b41d32-309d-4552-bc2c-823097b66c9f task_id=34bef987-ae7a-46a6-960c-49a8042532d4 status=waiting_human
--- PASS: TestPool_WaitingHuman_PublishesEvent (0.07s)
=== RUN   TestPool_Submit_DoesNotBlockWhenFull
2026/07/26 22:36:18 WARN pool: queue full, dropping job component=pool run_id=21eac528-9dd6-4ba8-a209-426e526df501
2026/07/26 22:36:18 WARN pool: queue full, dropping job component=pool run_id=21eac528-9dd6-4ba8-a209-426e526df501
2026/07/26 22:36:18 WARN pool: queue full, dropping job component=pool run_id=21eac528-9dd6-4ba8-a209-426e526df501
2026/07/26 22:36:18 WARN pool: queue full, dropping job component=pool run_id=21eac528-9dd6-4ba8-a209-426e526df501
2026/07/26 22:36:18 WARN pool: queue full, dropping job component=pool run_id=21eac528-9dd6-4ba8-a209-426e526df501
2026/07/26 22:36:18 WARN pool: queue full, dropping job component=pool run_id=21eac528-9dd6-4ba8-a209-426e526df501
2026/07/26 22:36:18 WARN pool: queue full, dropping job component=pool run_id=21eac528-9dd6-4ba8-a209-426e526df501
2026/07/26 22:36:18 WARN pool: queue full, dropping job component=pool run_id=21eac528-9dd6-4ba8-a209-426e526df501
2026/07/26 22:36:18 WARN pool: queue full, dropping job component=pool run_id=21eac528-9dd6-4ba8-a209-426e526df501
2026/07/26 22:36:18 WARN pool: queue full, dropping job component=pool run_id=21eac528-9dd6-4ba8-a209-426e526df501
2026/07/26 22:36:18 WARN pool: queue full, dropping job component=pool run_id=21eac528-9dd6-4ba8-a209-426e526df501
2026/07/26 22:36:18 WARN pool: queue full, dropping job component=pool run_id=21eac528-9dd6-4ba8-a209-426e526df501
2026/07/26 22:36:18 WARN pool: queue full, dropping job component=pool run_id=21eac528-9dd6-4ba8-a209-426e526df501
2026/07/26 22:36:18 WARN pool: queue full, dropping job component=pool run_id=21eac528-9dd6-4ba8-a209-426e526df501
2026/07/26 22:36:18 WARN pool: queue full, dropping job component=pool run_id=21eac528-9dd6-4ba8-a209-426e526df501
2026/07/26 22:36:18 WARN pool: queue full, dropping job component=pool run_id=21eac528-9dd6-4ba8-a209-426e526df501
2026/07/26 22:36:18 WARN pool: queue full, dropping job component=pool run_id=21eac528-9dd6-4ba8-a209-426e526df501
2026/07/26 22:36:18 WARN pool: queue full, dropping job component=pool run_id=21eac528-9dd6-4ba8-a209-426e526df501
2026/07/26 22:36:18 WARN pool: queue full, dropping job component=pool run_id=21eac528-9dd6-4ba8-a209-426e526df501
2026/07/26 22:36:18 WARN pool: queue full, dropping job component=pool run_id=21eac528-9dd6-4ba8-a209-426e526df501
2026/07/26 22:36:18 WARN pool: queue full, dropping job component=pool run_id=21eac528-9dd6-4ba8-a209-426e526df501
2026/07/26 22:36:18 WARN pool: queue full, dropping job component=pool run_id=21eac528-9dd6-4ba8-a209-426e526df501
2026/07/26 22:36:18 WARN pool: queue full, dropping job component=pool run_id=21eac528-9dd6-4ba8-a209-426e526df501
2026/07/26 22:36:18 WARN pool: queue full, dropping job component=pool run_id=21eac528-9dd6-4ba8-a209-426e526df501
2026/07/26 22:36:18 WARN pool: queue full, dropping job component=pool run_id=21eac528-9dd6-4ba8-a209-426e526df501
2026/07/26 22:36:18 WARN pool: queue full, dropping job component=pool run_id=21eac528-9dd6-4ba8-a209-426e526df501
2026/07/26 22:36:18 WARN pool: queue full, dropping job component=pool run_id=21eac528-9dd6-4ba8-a209-426e526df501
2026/07/26 22:36:18 WARN pool: queue full, dropping job component=pool run_id=21eac528-9dd6-4ba8-a209-426e526df501
2026/07/26 22:36:18 WARN pool: queue full, dropping job component=pool run_id=21eac528-9dd6-4ba8-a209-426e526df501
2026/07/26 22:36:18 WARN pool: queue full, dropping job component=pool run_id=21eac528-9dd6-4ba8-a209-426e526df501
2026/07/26 22:36:18 WARN pool: queue full, dropping job component=pool run_id=21eac528-9dd6-4ba8-a209-426e526df501
2026/07/26 22:36:18 WARN pool: queue full, dropping job component=pool run_id=21eac528-9dd6-4ba8-a209-426e526df501
2026/07/26 22:36:18 WARN pool: queue full, dropping job component=pool run_id=21eac528-9dd6-4ba8-a209-426e526df501
2026/07/26 22:36:18 WARN pool: queue full, dropping job component=pool run_id=21eac528-9dd6-4ba8-a209-426e526df501
2026/07/26 22:36:18 WARN pool: queue full, dropping job component=pool run_id=21eac528-9dd6-4ba8-a209-426e526df501
2026/07/26 22:36:18 WARN pool: queue full, dropping job component=pool run_id=21eac528-9dd6-4ba8-a209-426e526df501
2026/07/26 22:36:18 WARN pool: queue full, dropping job component=pool run_id=21eac528-9dd6-4ba8-a209-426e526df501
2026/07/26 22:36:18 WARN pool: queue full, dropping job component=pool run_id=21eac528-9dd6-4ba8-a209-426e526df501
2026/07/26 22:36:18 WARN pool: queue full, dropping job component=pool run_id=21eac528-9dd6-4ba8-a209-426e526df501
2026/07/26 22:36:18 WARN pool: queue full, dropping job component=pool run_id=21eac528-9dd6-4ba8-a209-426e526df501
2026/07/26 22:36:18 WARN pool: queue full, dropping job component=pool run_id=21eac528-9dd6-4ba8-a209-426e526df501
2026/07/26 22:36:18 WARN pool: queue full, dropping job component=pool run_id=21eac528-9dd6-4ba8-a209-426e526df501
2026/07/26 22:36:18 WARN pool: queue full, dropping job component=pool run_id=21eac528-9dd6-4ba8-a209-426e526df501
2026/07/26 22:36:18 WARN pool: queue full, dropping job component=pool run_id=21eac528-9dd6-4ba8-a209-426e526df501
2026/07/26 22:36:18 WARN pool: queue full, dropping job component=pool run_id=21eac528-9dd6-4ba8-a209-426e526df501
2026/07/26 22:36:18 WARN pool: queue full, dropping job component=pool run_id=21eac528-9dd6-4ba8-a209-426e526df501
2026/07/26 22:36:18 WARN pool: queue full, dropping job component=pool run_id=21eac528-9dd6-4ba8-a209-426e526df501
2026/07/26 22:36:18 WARN pool: queue full, dropping job component=pool run_id=21eac528-9dd6-4ba8-a209-426e526df501
2026/07/26 22:36:18 WARN pool: queue full, dropping job component=pool run_id=21eac528-9dd6-4ba8-a209-426e526df501
2026/07/26 22:36:18 WARN pool: queue full, dropping job component=pool run_id=21eac528-9dd6-4ba8-a209-426e526df501
2026/07/26 22:36:18 WARN pool: queue full, dropping job component=pool run_id=21eac528-9dd6-4ba8-a209-426e526df501
2026/07/26 22:36:18 WARN pool: queue full, dropping job component=pool run_id=21eac528-9dd6-4ba8-a209-426e526df501
2026/07/26 22:36:18 WARN pool: queue full, dropping job component=pool run_id=21eac528-9dd6-4ba8-a209-426e526df501
2026/07/26 22:36:18 WARN pool: queue full, dropping job component=pool run_id=21eac528-9dd6-4ba8-a209-426e526df501
2026/07/26 22:36:18 WARN pool: queue full, dropping job component=pool run_id=21eac528-9dd6-4ba8-a209-426e526df501
2026/07/26 22:36:18 WARN pool: queue full, dropping job component=pool run_id=21eac528-9dd6-4ba8-a209-426e526df501
2026/07/26 22:36:18 WARN pool: queue full, dropping job component=pool run_id=21eac528-9dd6-4ba8-a209-426e526df501
2026/07/26 22:36:18 WARN pool: queue full, dropping job component=pool run_id=21eac528-9dd6-4ba8-a209-426e526df501
2026/07/26 22:36:18 WARN pool: queue full, dropping job component=pool run_id=21eac528-9dd6-4ba8-a209-426e526df501
2026/07/26 22:36:18 WARN pool: queue full, dropping job component=pool run_id=21eac528-9dd6-4ba8-a209-426e526df501
2026/07/26 22:36:18 WARN pool: queue full, dropping job component=pool run_id=21eac528-9dd6-4ba8-a209-426e526df501
2026/07/26 22:36:18 WARN pool: queue full, dropping job component=pool run_id=21eac528-9dd6-4ba8-a209-426e526df501
2026/07/26 22:36:18 WARN pool: queue full, dropping job component=pool run_id=21eac528-9dd6-4ba8-a209-426e526df501
2026/07/26 22:36:18 WARN pool: queue full, dropping job component=pool run_id=21eac528-9dd6-4ba8-a209-426e526df501
2026/07/26 22:36:18 WARN pool: queue full, dropping job component=pool run_id=21eac528-9dd6-4ba8-a209-426e526df501
2026/07/26 22:36:18 WARN pool: queue full, dropping job component=pool run_id=21eac528-9dd6-4ba8-a209-426e526df501
2026/07/26 22:36:18 WARN pool: queue full, dropping job component=pool run_id=21eac528-9dd6-4ba8-a209-426e526df501
2026/07/26 22:36:18 WARN pool: queue full, dropping job component=pool run_id=21eac528-9dd6-4ba8-a209-426e526df501
2026/07/26 22:36:18 WARN pool: queue full, dropping job component=pool run_id=21eac528-9dd6-4ba8-a209-426e526df501
2026/07/26 22:36:18 WARN pool: queue full, dropping job component=pool run_id=21eac528-9dd6-4ba8-a209-426e526df501
2026/07/26 22:36:18 WARN pool: queue full, dropping job component=pool run_id=21eac528-9dd6-4ba8-a209-426e526df501
2026/07/26 22:36:18 WARN pool: queue full, dropping job component=pool run_id=21eac528-9dd6-4ba8-a209-426e526df501
2026/07/26 22:36:18 WARN pool: queue full, dropping job component=pool run_id=21eac528-9dd6-4ba8-a209-426e526df501
2026/07/26 22:36:18 WARN pool: queue full, dropping job component=pool run_id=21eac528-9dd6-4ba8-a209-426e526df501
2026/07/26 22:36:18 WARN pool: queue full, dropping job component=pool run_id=21eac528-9dd6-4ba8-a209-426e526df501
2026/07/26 22:36:18 WARN pool: queue full, dropping job component=pool run_id=21eac528-9dd6-4ba8-a209-426e526df501
2026/07/26 22:36:18 WARN pool: queue full, dropping job component=pool run_id=21eac528-9dd6-4ba8-a209-426e526df501
2026/07/26 22:36:18 WARN pool: queue full, dropping job component=pool run_id=21eac528-9dd6-4ba8-a209-426e526df501
2026/07/26 22:36:18 WARN pool: queue full, dropping job component=pool run_id=21eac528-9dd6-4ba8-a209-426e526df501
2026/07/26 22:36:18 WARN pool: queue full, dropping job component=pool run_id=21eac528-9dd6-4ba8-a209-426e526df501
2026/07/26 22:36:18 WARN pool: queue full, dropping job component=pool run_id=21eac528-9dd6-4ba8-a209-426e526df501
2026/07/26 22:36:18 WARN pool: queue full, dropping job component=pool run_id=21eac528-9dd6-4ba8-a209-426e526df501
2026/07/26 22:36:18 WARN pool: queue full, dropping job component=pool run_id=21eac528-9dd6-4ba8-a209-426e526df501
2026/07/26 22:36:18 WARN pool: queue full, dropping job component=pool run_id=21eac528-9dd6-4ba8-a209-426e526df501
2026/07/26 22:36:18 WARN pool: queue full, dropping job component=pool run_id=21eac528-9dd6-4ba8-a209-426e526df501
2026/07/26 22:36:18 WARN pool: queue full, dropping job component=pool run_id=21eac528-9dd6-4ba8-a209-426e526df501
2026/07/26 22:36:18 WARN pool: queue full, dropping job component=pool run_id=21eac528-9dd6-4ba8-a209-426e526df501
2026/07/26 22:36:18 WARN pool: queue full, dropping job component=pool run_id=21eac528-9dd6-4ba8-a209-426e526df501
2026/07/26 22:36:18 WARN pool: queue full, dropping job component=pool run_id=21eac528-9dd6-4ba8-a209-426e526df501
2026/07/26 22:36:18 WARN pool: queue full, dropping job component=pool run_id=21eac528-9dd6-4ba8-a209-426e526df501
2026/07/26 22:36:18 WARN pool: queue full, dropping job component=pool run_id=21eac528-9dd6-4ba8-a209-426e526df501
2026/07/26 22:36:18 WARN pool: queue full, dropping job component=pool run_id=21eac528-9dd6-4ba8-a209-426e526df501
2026/07/26 22:36:18 WARN pool: queue full, dropping job component=pool run_id=21eac528-9dd6-4ba8-a209-426e526df501
2026/07/26 22:36:18 WARN pool: queue full, dropping job component=pool run_id=21eac528-9dd6-4ba8-a209-426e526df501
2026/07/26 22:36:18 WARN pool: queue full, dropping job component=pool run_id=21eac528-9dd6-4ba8-a209-426e526df501
2026/07/26 22:36:18 WARN pool: queue full, dropping job component=pool run_id=21eac528-9dd6-4ba8-a209-426e526df501
2026/07/26 22:36:18 WARN pool: queue full, dropping job component=pool run_id=21eac528-9dd6-4ba8-a209-426e526df501
2026/07/26 22:36:18 WARN pool: queue full, dropping job component=pool run_id=21eac528-9dd6-4ba8-a209-426e526df501
2026/07/26 22:36:18 WARN pool: queue full, dropping job component=pool run_id=21eac528-9dd6-4ba8-a209-426e526df501
2026/07/26 22:36:18 WARN pool: queue full, dropping job component=pool run_id=21eac528-9dd6-4ba8-a209-426e526df501
2026/07/26 22:36:18 WARN pool: queue full, dropping job component=pool run_id=21eac528-9dd6-4ba8-a209-426e526df501
2026/07/26 22:36:18 WARN pool: queue full, dropping job component=pool run_id=21eac528-9dd6-4ba8-a209-426e526df501
2026/07/26 22:36:18 WARN pool: queue full, dropping job component=pool run_id=21eac528-9dd6-4ba8-a209-426e526df501
2026/07/26 22:36:18 WARN pool: queue full, dropping job component=pool run_id=21eac528-9dd6-4ba8-a209-426e526df501
2026/07/26 22:36:18 WARN pool: queue full, dropping job component=pool run_id=21eac528-9dd6-4ba8-a209-426e526df501
2026/07/26 22:36:18 WARN pool: queue full, dropping job component=pool run_id=21eac528-9dd6-4ba8-a209-426e526df501
2026/07/26 22:36:18 WARN pool: queue full, dropping job component=pool run_id=21eac528-9dd6-4ba8-a209-426e526df501
2026/07/26 22:36:18 WARN pool: queue full, dropping job component=pool run_id=21eac528-9dd6-4ba8-a209-426e526df501
2026/07/26 22:36:18 WARN pool: queue full, dropping job component=pool run_id=21eac528-9dd6-4ba8-a209-426e526df501
2026/07/26 22:36:18 WARN pool: queue full, dropping job component=pool run_id=21eac528-9dd6-4ba8-a209-426e526df501
2026/07/26 22:36:18 WARN pool: queue full, dropping job component=pool run_id=21eac528-9dd6-4ba8-a209-426e526df501
2026/07/26 22:36:18 WARN pool: queue full, dropping job component=pool run_id=21eac528-9dd6-4ba8-a209-426e526df501
2026/07/26 22:36:18 WARN pool: queue full, dropping job component=pool run_id=21eac528-9dd6-4ba8-a209-426e526df501
2026/07/26 22:36:18 WARN pool: queue full, dropping job component=pool run_id=21eac528-9dd6-4ba8-a209-426e526df501
2026/07/26 22:36:18 WARN pool: queue full, dropping job component=pool run_id=21eac528-9dd6-4ba8-a209-426e526df501
2026/07/26 22:36:18 WARN pool: queue full, dropping job component=pool run_id=21eac528-9dd6-4ba8-a209-426e526df501
2026/07/26 22:36:18 WARN pool: queue full, dropping job component=pool run_id=21eac528-9dd6-4ba8-a209-426e526df501
2026/07/26 22:36:18 WARN pool: queue full, dropping job component=pool run_id=21eac528-9dd6-4ba8-a209-426e526df501
2026/07/26 22:36:18 WARN pool: queue full, dropping job component=pool run_id=21eac528-9dd6-4ba8-a209-426e526df501
2026/07/26 22:36:18 WARN pool: queue full, dropping job component=pool run_id=21eac528-9dd6-4ba8-a209-426e526df501
2026/07/26 22:36:18 WARN pool: queue full, dropping job component=pool run_id=21eac528-9dd6-4ba8-a209-426e526df501
2026/07/26 22:36:18 WARN pool: queue full, dropping job component=pool run_id=21eac528-9dd6-4ba8-a209-426e526df501
2026/07/26 22:36:18 WARN pool: queue full, dropping job component=pool run_id=21eac528-9dd6-4ba8-a209-426e526df501
2026/07/26 22:36:18 WARN pool: queue full, dropping job component=pool run_id=21eac528-9dd6-4ba8-a209-426e526df501
2026/07/26 22:36:18 WARN pool: queue full, dropping job component=pool run_id=21eac528-9dd6-4ba8-a209-426e526df501
2026/07/26 22:36:18 WARN pool: queue full, dropping job component=pool run_id=21eac528-9dd6-4ba8-a209-426e526df501
2026/07/26 22:36:18 WARN pool: queue full, dropping job component=pool run_id=21eac528-9dd6-4ba8-a209-426e526df501
2026/07/26 22:36:18 WARN pool: queue full, dropping job component=pool run_id=21eac528-9dd6-4ba8-a209-426e526df501
2026/07/26 22:36:18 WARN pool: queue full, dropping job component=pool run_id=21eac528-9dd6-4ba8-a209-426e526df501
2026/07/26 22:36:18 WARN pool: queue full, dropping job component=pool run_id=21eac528-9dd6-4ba8-a209-426e526df501
2026/07/26 22:36:18 WARN pool: queue full, dropping job component=pool run_id=21eac528-9dd6-4ba8-a209-426e526df501
2026/07/26 22:36:18 WARN pool: queue full, dropping job component=pool run_id=21eac528-9dd6-4ba8-a209-426e526df501
2026/07/26 22:36:18 WARN pool: queue full, dropping job component=pool run_id=21eac528-9dd6-4ba8-a209-426e526df501
2026/07/26 22:36:18 WARN pool: queue full, dropping job component=pool run_id=21eac528-9dd6-4ba8-a209-426e526df501
2026/07/26 22:36:18 WARN pool: queue full, dropping job component=pool run_id=21eac528-9dd6-4ba8-a209-426e526df501
2026/07/26 22:36:18 WARN pool: queue full, dropping job component=pool run_id=21eac528-9dd6-4ba8-a209-426e526df501
2026/07/26 22:36:18 WARN pool: queue full, dropping job component=pool run_id=21eac528-9dd6-4ba8-a209-426e526df501
2026/07/26 22:36:18 WARN pool: queue full, dropping job component=pool run_id=21eac528-9dd6-4ba8-a209-426e526df501
2026/07/26 22:36:18 WARN pool: queue full, dropping job component=pool run_id=21eac528-9dd6-4ba8-a209-426e526df501
2026/07/26 22:36:18 WARN pool: queue full, dropping job component=pool run_id=21eac528-9dd6-4ba8-a209-426e526df501
2026/07/26 22:36:18 WARN pool: queue full, dropping job component=pool run_id=21eac528-9dd6-4ba8-a209-426e526df501
2026/07/26 22:36:18 WARN pool: queue full, dropping job component=pool run_id=21eac528-9dd6-4ba8-a209-426e526df501
2026/07/26 22:36:18 WARN pool: queue full, dropping job component=pool run_id=21eac528-9dd6-4ba8-a209-426e526df501
2026/07/26 22:36:18 WARN pool: queue full, dropping job component=pool run_id=21eac528-9dd6-4ba8-a209-426e526df501
2026/07/26 22:36:18 WARN pool: queue full, dropping job component=pool run_id=21eac528-9dd6-4ba8-a209-426e526df501
2026/07/26 22:36:18 WARN pool: queue full, dropping job component=pool run_id=21eac528-9dd6-4ba8-a209-426e526df501
2026/07/26 22:36:18 WARN pool: queue full, dropping job component=pool run_id=21eac528-9dd6-4ba8-a209-426e526df501
2026/07/26 22:36:18 WARN pool: queue full, dropping job component=pool run_id=21eac528-9dd6-4ba8-a209-426e526df501
2026/07/26 22:36:18 WARN pool: queue full, dropping job component=pool run_id=21eac528-9dd6-4ba8-a209-426e526df501
2026/07/26 22:36:18 WARN pool: queue full, dropping job component=pool run_id=21eac528-9dd6-4ba8-a209-426e526df501
2026/07/26 22:36:18 WARN pool: queue full, dropping job component=pool run_id=21eac528-9dd6-4ba8-a209-426e526df501
2026/07/26 22:36:18 WARN pool: queue full, dropping job component=pool run_id=21eac528-9dd6-4ba8-a209-426e526df501
2026/07/26 22:36:18 WARN pool: queue full, dropping job component=pool run_id=21eac528-9dd6-4ba8-a209-426e526df501
2026/07/26 22:36:18 WARN pool: queue full, dropping job component=pool run_id=21eac528-9dd6-4ba8-a209-426e526df501
2026/07/26 22:36:18 WARN pool: queue full, dropping job component=pool run_id=21eac528-9dd6-4ba8-a209-426e526df501
2026/07/26 22:36:18 WARN pool: queue full, dropping job component=pool run_id=21eac528-9dd6-4ba8-a209-426e526df501
2026/07/26 22:36:18 WARN pool: queue full, dropping job component=pool run_id=21eac528-9dd6-4ba8-a209-426e526df501
2026/07/26 22:36:18 WARN pool: queue full, dropping job component=pool run_id=21eac528-9dd6-4ba8-a209-426e526df501
2026/07/26 22:36:18 WARN pool: queue full, dropping job component=pool run_id=21eac528-9dd6-4ba8-a209-426e526df501
2026/07/26 22:36:18 WARN pool: queue full, dropping job component=pool run_id=21eac528-9dd6-4ba8-a209-426e526df501
2026/07/26 22:36:18 WARN pool: queue full, dropping job component=pool run_id=21eac528-9dd6-4ba8-a209-426e526df501
2026/07/26 22:36:18 WARN pool: queue full, dropping job component=pool run_id=21eac528-9dd6-4ba8-a209-426e526df501
2026/07/26 22:36:18 WARN pool: queue full, dropping job component=pool run_id=21eac528-9dd6-4ba8-a209-426e526df501
2026/07/26 22:36:18 WARN pool: queue full, dropping job component=pool run_id=21eac528-9dd6-4ba8-a209-426e526df501
2026/07/26 22:36:18 WARN pool: queue full, dropping job component=pool run_id=21eac528-9dd6-4ba8-a209-426e526df501
2026/07/26 22:36:18 WARN pool: queue full, dropping job component=pool run_id=21eac528-9dd6-4ba8-a209-426e526df501
2026/07/26 22:36:18 WARN pool: queue full, dropping job component=pool run_id=21eac528-9dd6-4ba8-a209-426e526df501
2026/07/26 22:36:18 WARN pool: queue full, dropping job component=pool run_id=21eac528-9dd6-4ba8-a209-426e526df501
2026/07/26 22:36:18 WARN pool: queue full, dropping job component=pool run_id=21eac528-9dd6-4ba8-a209-426e526df501
2026/07/26 22:36:18 WARN pool: queue full, dropping job component=pool run_id=21eac528-9dd6-4ba8-a209-426e526df501
2026/07/26 22:36:18 WARN pool: queue full, dropping job component=pool run_id=21eac528-9dd6-4ba8-a209-426e526df501
2026/07/26 22:36:18 WARN pool: queue full, dropping job component=pool run_id=21eac528-9dd6-4ba8-a209-426e526df501
2026/07/26 22:36:18 WARN pool: queue full, dropping job component=pool run_id=21eac528-9dd6-4ba8-a209-426e526df501
2026/07/26 22:36:18 WARN pool: queue full, dropping job component=pool run_id=21eac528-9dd6-4ba8-a209-426e526df501
2026/07/26 22:36:18 WARN pool: queue full, dropping job component=pool run_id=21eac528-9dd6-4ba8-a209-426e526df501
2026/07/26 22:36:18 WARN pool: queue full, dropping job component=pool run_id=21eac528-9dd6-4ba8-a209-426e526df501
2026/07/26 22:36:18 WARN pool: queue full, dropping job component=pool run_id=21eac528-9dd6-4ba8-a209-426e526df501
2026/07/26 22:36:18 WARN pool: queue full, dropping job component=pool run_id=21eac528-9dd6-4ba8-a209-426e526df501
2026/07/26 22:36:18 WARN pool: queue full, dropping job component=pool run_id=21eac528-9dd6-4ba8-a209-426e526df501
2026/07/26 22:36:18 WARN pool: queue full, dropping job component=pool run_id=21eac528-9dd6-4ba8-a209-426e526df501
2026/07/26 22:36:18 WARN pool: queue full, dropping job component=pool run_id=21eac528-9dd6-4ba8-a209-426e526df501
2026/07/26 22:36:18 WARN pool: queue full, dropping job component=pool run_id=21eac528-9dd6-4ba8-a209-426e526df501
2026/07/26 22:36:18 WARN pool: queue full, dropping job component=pool run_id=21eac528-9dd6-4ba8-a209-426e526df501
2026/07/26 22:36:18 WARN pool: queue full, dropping job component=pool run_id=21eac528-9dd6-4ba8-a209-426e526df501
2026/07/26 22:36:18 WARN pool: queue full, dropping job component=pool run_id=21eac528-9dd6-4ba8-a209-426e526df501
2026/07/26 22:36:18 WARN pool: queue full, dropping job component=pool run_id=21eac528-9dd6-4ba8-a209-426e526df501
2026/07/26 22:36:18 WARN pool: queue full, dropping job component=pool run_id=21eac528-9dd6-4ba8-a209-426e526df501
2026/07/26 22:36:18 WARN pool: queue full, dropping job component=pool run_id=21eac528-9dd6-4ba8-a209-426e526df501
2026/07/26 22:36:18 WARN pool: queue full, dropping job component=pool run_id=21eac528-9dd6-4ba8-a209-426e526df501
2026/07/26 22:36:18 WARN pool: queue full, dropping job component=pool run_id=21eac528-9dd6-4ba8-a209-426e526df501
2026/07/26 22:36:18 WARN pool: queue full, dropping job component=pool run_id=21eac528-9dd6-4ba8-a209-426e526df501
2026/07/26 22:36:18 WARN pool: queue full, dropping job component=pool run_id=21eac528-9dd6-4ba8-a209-426e526df501
2026/07/26 22:36:18 WARN pool: queue full, dropping job component=pool run_id=21eac528-9dd6-4ba8-a209-426e526df501
2026/07/26 22:36:18 WARN pool: queue full, dropping job component=pool run_id=21eac528-9dd6-4ba8-a209-426e526df501
2026/07/26 22:36:18 WARN pool: queue full, dropping job component=pool run_id=21eac528-9dd6-4ba8-a209-426e526df501
2026/07/26 22:36:18 WARN pool: queue full, dropping job component=pool run_id=21eac528-9dd6-4ba8-a209-426e526df501
2026/07/26 22:36:18 WARN pool: queue full, dropping job component=pool run_id=21eac528-9dd6-4ba8-a209-426e526df501
2026/07/26 22:36:18 WARN pool: queue full, dropping job component=pool run_id=21eac528-9dd6-4ba8-a209-426e526df501
2026/07/26 22:36:18 WARN pool: queue full, dropping job component=pool run_id=21eac528-9dd6-4ba8-a209-426e526df501
2026/07/26 22:36:18 WARN pool: queue full, dropping job component=pool run_id=21eac528-9dd6-4ba8-a209-426e526df501
--- PASS: TestPool_Submit_DoesNotBlockWhenFull (0.05s)
=== RUN   TestPool_TransientFailure_RetriesUnderCap
2026/07/26 22:36:18 INFO pool: agent run starting component=pool run_id=39a50a73-a48a-4d26-a88e-a15d3d37bb02 task_id=a41c0986-0f40-4f62-92ac-7f394b7a67c7 provider=mock agent=mock-agent
2026/07/26 22:36:18 WARN pool: agent run transient error component=pool run_id=39a50a73-a48a-4d26-a88e-a15d3d37bb02 task_id=a41c0986-0f40-4f62-92ac-7f394b7a67c7 classification=transient err="transient error: context deadline exceeded"
2026/07/26 22:36:18 INFO pool: transient failure, scheduling auto-retry component=pool run_id=39a50a73-a48a-4d26-a88e-a15d3d37bb02 task_id=a41c0986-0f40-4f62-92ac-7f394b7a67c7 attempt=1 max_retries=3 next_retry_at=2026-07-26T22:36:48.209Z reason="transient error: context deadline exceeded"
--- PASS: TestPool_TransientFailure_RetriesUnderCap (0.07s)
=== RUN   TestPool_TransientFailure_EscalatesAfterMaxRetries
2026/07/26 22:36:18 INFO pool: agent run starting component=pool run_id=524e4e11-a1f9-41bc-a8c2-32562d34c186 task_id=0cf43a05-d6a1-4fdf-b520-1020c171c7e8 provider=mock agent=mock-agent
2026/07/26 22:36:18 WARN pool: agent run transient error component=pool run_id=524e4e11-a1f9-41bc-a8c2-32562d34c186 task_id=0cf43a05-d6a1-4fdf-b520-1020c171c7e8 classification=transient err="transient error: context deadline exceeded"
2026/07/26 22:36:18 WARN pool: transient retry budget exhausted, escalating to waiting_human component=pool run_id=524e4e11-a1f9-41bc-a8c2-32562d34c186 task_id=0cf43a05-d6a1-4fdf-b520-1020c171c7e8 count=1 max_retries=1
--- PASS: TestPool_TransientFailure_EscalatesAfterMaxRetries (0.07s)
=== RUN   TestPool_GenuineFailure_DoesNotConsumeRetryBudget
2026/07/26 22:36:18 INFO pool: agent run starting component=pool run_id=9ff48822-71d9-4d66-8b09-ef0ee4db7b8c task_id=01cde32d-1f77-41ec-b082-d9a88e443902 provider=mock agent=mock-agent
2026/07/26 22:36:18 WARN pool: agent run failed component=pool run_id=9ff48822-71d9-4d66-8b09-ef0ee4db7b8c task_id=01cde32d-1f77-41ec-b082-d9a88e443902 classification=genuine final_status=failed
2026/07/26 22:36:18 INFO pool: agent run finished component=pool run_id=9ff48822-71d9-4d66-8b09-ef0ee4db7b8c task_id=01cde32d-1f77-41ec-b082-d9a88e443902 status=failed
--- PASS: TestPool_GenuineFailure_DoesNotConsumeRetryBudget (0.07s)
=== RUN   TestPool_Success_ResetsRetryCount
2026/07/26 22:36:18 INFO pool: agent run starting component=pool run_id=7a63d70e-043b-4535-be25-78f788504028 task_id=b5843afa-4d3f-42fd-8def-0196ccb6bfa4 provider=mock agent=mock-agent
2026/07/26 22:36:18 WARN pool: safety-net commit failed component=pool run_id=7a63d70e-043b-4535-be25-78f788504028 task_id=b5843afa-4d3f-42fd-8def-0196ccb6bfa4 err="git status: exit status 128: fatal: not a git repository (or any of the parent directories): .git"
2026/07/26 22:36:18 INFO pool: agent run finished component=pool run_id=7a63d70e-043b-4535-be25-78f788504028 task_id=b5843afa-4d3f-42fd-8def-0196ccb6bfa4 status=completed
--- PASS: TestPool_Success_ResetsRetryCount (0.07s)
=== RUN   TestListAgentPickupTasks_ExcludesFutureNextRetryAt
--- PASS: TestListAgentPickupTasks_ExcludesFutureNextRetryAt (0.05s)
=== RUN   TestListAgentPickupTasks_OrdersByPriorityThenCreatedAt
--- PASS: TestListAgentPickupTasks_OrdersByPriorityThenCreatedAt (5.55s)
=== RUN   TestPool_SafetyNetCommit_HumanReadableMessage
2026/07/26 22:36:24 INFO pool: agent run starting component=pool run_id=cccfabfb-d800-4b08-a05a-08bfbe1dbd83 task_id=d205583e-210b-4b05-8984-86f291324769 provider=mock agent=mock-agent
2026/07/26 22:36:24 INFO pool: agent run finished component=pool run_id=cccfabfb-d800-4b08-a05a-08bfbe1dbd83 task_id=d205583e-210b-4b05-8984-86f291324769 status=completed
--- PASS: TestPool_SafetyNetCommit_HumanReadableMessage (0.10s)
PASS
ok  	github.com/myinisjap/agent-task-editor/backend/internal/agent	9.186s
=== RUN   TestAnthropicRunner_ExceedsConfiguredMaxTurns
--- PASS: TestAnthropicRunner_ExceedsConfiguredMaxTurns (0.00s)
=== RUN   TestAnthropicRunner_CapturesUsageAndCost
--- PASS: TestAnthropicRunner_CapturesUsageAndCost (0.00s)
=== RUN   TestAnthropicRunner_SignalCompleteReadsOutcome
--- PASS: TestAnthropicRunner_SignalCompleteReadsOutcome (0.00s)
=== RUN   TestAnthropicRunner_GetTaskTransitions
--- PASS: TestAnthropicRunner_GetTaskTransitions (0.00s)
=== RUN   TestNewChatMCPProvisioner_EmptyBinaryDisabled
--- PASS: TestNewChatMCPProvisioner_EmptyBinaryDisabled (0.00s)
=== RUN   TestChatMCPProvisioner_Claude_WritesMCPConfig
--- PASS: TestChatMCPProvisioner_Claude_WritesMCPConfig (0.00s)
=== RUN   TestChatMCPProvisioner_Claude_NoTokenOmitsHeader
--- PASS: TestChatMCPProvisioner_Claude_NoTokenOmitsHeader (0.00s)
=== RUN   TestChatMCPProvisioner_Gemini_WritesHomeAndSkipsTrust
--- PASS: TestChatMCPProvisioner_Gemini_WritesHomeAndSkipsTrust (0.00s)
=== RUN   TestChatMCPProvisioner_Codex_WritesConfigToml
--- PASS: TestChatMCPProvisioner_Codex_WritesConfigToml (0.00s)
=== RUN   TestChatMCPProvisioner_UnsupportedProvider_NoInjection
--- PASS: TestChatMCPProvisioner_UnsupportedProvider_NoInjection (0.00s)
=== RUN   TestClaudeOAuthToken_ValidTokenReturnedWithoutRefresh
--- PASS: TestClaudeOAuthToken_ValidTokenReturnedWithoutRefresh (0.00s)
=== RUN   TestClaudeOAuthToken_ExpiredTokenIsRefreshedAndPersisted
2026/07/26 22:36:15 INFO claude oauth: access token refreshed component=agent expires_at=2026-07-27T06:36:15Z
--- PASS: TestClaudeOAuthToken_ExpiredTokenIsRefreshedAndPersisted (0.00s)
=== RUN   TestClaudeOAuthToken_ExpiringSoonIsRefreshedProactively
2026/07/26 22:36:15 INFO claude oauth: access token refreshed component=agent expires_at=2026-07-26T23:36:15Z
--- PASS: TestClaudeOAuthToken_ExpiringSoonIsRefreshedProactively (0.00s)
=== RUN   TestClaudeOAuthToken_ProactiveRefreshFailureKeepsCurrentToken
2026/07/26 22:36:15 WARN claude oauth: token refresh failed component=agent error="refresh request failed: http 502: "
--- PASS: TestClaudeOAuthToken_ProactiveRefreshFailureKeepsCurrentToken (0.00s)
=== RUN   TestClaudeOAuthToken_ExpiredAndUnrefreshableReturnsEmpty
2026/07/26 22:36:15 WARN claude oauth: token refresh failed component=agent error="refresh request failed: http 401: "
--- PASS: TestClaudeOAuthToken_ExpiredAndUnrefreshableReturnsEmpty (0.00s)
=== RUN   TestClaudeOAuthToken_NoExpiryReturnsTokenAsIs
--- PASS: TestClaudeOAuthToken_NoExpiryReturnsTokenAsIs (0.00s)
=== RUN   TestClaudeOAuthToken_MissingFileReturnsEmpty
--- PASS: TestClaudeOAuthToken_MissingFileReturnsEmpty (0.00s)
=== RUN   TestListInstalledClaudePluginsFrom_Fixture
--- PASS: TestListInstalledClaudePluginsFrom_Fixture (0.00s)
=== RUN   TestListInstalledClaudePluginsFrom_MissingFile
--- PASS: TestListInstalledClaudePluginsFrom_MissingFile (0.00s)
=== RUN   TestListInstalledClaudePluginsFrom_UnparseableFile
--- PASS: TestListInstalledClaudePluginsFrom_UnparseableFile (0.00s)
=== RUN   TestListAvailableClaudeMCPServersFrom_Fixture
--- PASS: TestListAvailableClaudeMCPServersFrom_Fixture (0.00s)
=== RUN   TestListAvailableClaudeMCPServersFrom_MissingFile
--- PASS: TestListAvailableClaudeMCPServersFrom_MissingFile (0.00s)
=== RUN   TestRawMCPServerConfigsFrom_SkipsTaskEditorAndMissing
--- PASS: TestRawMCPServerConfigsFrom_SkipsTaskEditorAndMissing (0.00s)
=== RUN   TestParseClaudeResetTime_SessionLimitSample
=== RUN   TestParseClaudeResetTime_SessionLimitSample/before_6pm_same_day
=== RUN   TestParseClaudeResetTime_SessionLimitSample/after_6pm_rolls_to_next_day
=== RUN   TestParseClaudeResetTime_SessionLimitSample/exactly_at_6pm_rolls_to_next_day
--- PASS: TestParseClaudeResetTime_SessionLimitSample (0.00s)
    --- PASS: TestParseClaudeResetTime_SessionLimitSample/before_6pm_same_day (0.00s)
    --- PASS: TestParseClaudeResetTime_SessionLimitSample/after_6pm_rolls_to_next_day (0.00s)
    --- PASS: TestParseClaudeResetTime_SessionLimitSample/exactly_at_6pm_rolls_to_next_day (0.00s)
=== RUN   TestParseClaudeResetTime_WithMinutes
--- PASS: TestParseClaudeResetTime_WithMinutes (0.00s)
=== RUN   TestParseClaudeResetTime_NoReset
--- PASS: TestParseClaudeResetTime_NoReset (0.00s)
=== RUN   TestParseClaudeResetTime_UnrecognizedTimezoneFallsBackToUTC
--- PASS: TestParseClaudeResetTime_UnrecognizedTimezoneFallsBackToUTC (0.00s)
=== RUN   TestParseClaudeResetTime_NoTimezoneFallsBackToUTC
--- PASS: TestParseClaudeResetTime_NoTimezoneFallsBackToUTC (0.00s)
=== RUN   TestParseClaudeResetTime_CaseInsensitive
--- PASS: TestParseClaudeResetTime_CaseInsensitive (0.00s)
=== RUN   TestClaudeExitCode1_IsFailed
--- PASS: TestClaudeExitCode1_IsFailed (0.00s)
=== RUN   TestClaudeExitCode1_NoOutput_IsFailed
--- PASS: TestClaudeExitCode1_NoOutput_IsFailed (0.00s)
=== RUN   TestClaudeExitCode0_Success
--- PASS: TestClaudeExitCode0_Success (0.00s)
=== RUN   TestClaudeExitCode0_NoOutcome
--- PASS: TestClaudeExitCode0_NoOutcome (0.01s)
=== RUN   TestClaudeRunner_PropagatesUsageFromResultMessage
--- PASS: TestClaudeRunner_PropagatesUsageFromResultMessage (0.01s)
=== RUN   TestClaudeRunner_RateLimitResetAtFromResultText
--- PASS: TestClaudeRunner_RateLimitResetAtFromResultText (0.00s)
=== RUN   TestBuildClaudeArgs_MaxTurnsDefault
--- PASS: TestBuildClaudeArgs_MaxTurnsDefault (0.00s)
=== RUN   TestBuildClaudeArgs_MaxTurnsConfigured
--- PASS: TestBuildClaudeArgs_MaxTurnsConfigured (0.00s)
=== RUN   TestBuildClaudeSettingsJSON_FallbackNoInventory
--- PASS: TestBuildClaudeSettingsJSON_FallbackNoInventory (0.00s)
=== RUN   TestBuildClaudeSettingsJSON_NoSelection_EmptyMap
--- PASS: TestBuildClaudeSettingsJSON_NoSelection_EmptyMap (0.00s)
=== RUN   TestBuildClaudeSettingsJSON_CommandPermissions
=== RUN   TestBuildClaudeSettingsJSON_CommandPermissions/both_lists_populated
=== RUN   TestBuildClaudeSettingsJSON_CommandPermissions/denylist_only
=== RUN   TestBuildClaudeSettingsJSON_CommandPermissions/empty_lists_omit_permissions_key_entirely
--- PASS: TestBuildClaudeSettingsJSON_CommandPermissions (0.00s)
    --- PASS: TestBuildClaudeSettingsJSON_CommandPermissions/both_lists_populated (0.00s)
    --- PASS: TestBuildClaudeSettingsJSON_CommandPermissions/denylist_only (0.00s)
    --- PASS: TestBuildClaudeSettingsJSON_CommandPermissions/empty_lists_omit_permissions_key_entirely (0.00s)
=== RUN   TestBuildClaudeArgs_CommandPermissions
--- PASS: TestBuildClaudeArgs_CommandPermissions (0.00s)
=== RUN   TestBuildClaudeArgs_ResumeSession
--- PASS: TestBuildClaudeArgs_ResumeSession (0.00s)
=== RUN   TestBuildClaudeArgs_NoResumeFlagOnColdStart
--- PASS: TestBuildClaudeArgs_NoResumeFlagOnColdStart (0.00s)
=== RUN   TestFetchClaudeUsage_NoCredentials
--- PASS: TestFetchClaudeUsage_NoCredentials (0.00s)
=== RUN   TestFetchClaudeUsage_ParsesFiveHourAndSevenDay
--- PASS: TestFetchClaudeUsage_ParsesFiveHourAndSevenDay (0.00s)
=== RUN   TestFetchClaudeUsage_NonOKStatus
=== RUN   TestFetchClaudeUsage_NonOKStatus/rate_limited
=== RUN   TestFetchClaudeUsage_NonOKStatus/server_error
--- PASS: TestFetchClaudeUsage_NonOKStatus (0.00s)
    --- PASS: TestFetchClaudeUsage_NonOKStatus/rate_limited (0.00s)
    --- PASS: TestFetchClaudeUsage_NonOKStatus/server_error (0.00s)
=== RUN   TestBuildCodexArgs_Basic
--- PASS: TestBuildCodexArgs_Basic (0.00s)
=== RUN   TestBuildCodexArgs_Model
--- PASS: TestBuildCodexArgs_Model (0.00s)
=== RUN   TestBuildCodexArgs_NoModel
--- PASS: TestBuildCodexArgs_NoModel (0.00s)
=== RUN   TestBuildCodexArgs_Resume
--- PASS: TestBuildCodexArgs_Resume (0.00s)
=== RUN   TestBuildCodexArgs_NoResume
--- PASS: TestBuildCodexArgs_NoResume (0.00s)
=== RUN   TestRenderCodexMCPTOML
--- PASS: TestRenderCodexMCPTOML (0.00s)
=== RUN   TestRenderCodexMCPTOML_NoEnv
--- PASS: TestRenderCodexMCPTOML_NoEnv (0.00s)
=== RUN   TestClassifyCodexJSON_ThreadStarted
--- PASS: TestClassifyCodexJSON_ThreadStarted (0.00s)
=== RUN   TestClassifyCodexJSON_TurnCompleted
--- PASS: TestClassifyCodexJSON_TurnCompleted (0.00s)
=== RUN   TestClassifyCodexJSON_TurnFailed
--- PASS: TestClassifyCodexJSON_TurnFailed (0.00s)
=== RUN   TestClassifyCodexJSON_TurnFailedGenuine
--- PASS: TestClassifyCodexJSON_TurnFailedGenuine (0.00s)
=== RUN   TestClassifyCodexJSON_AgentMessageCompleted
--- PASS: TestClassifyCodexJSON_AgentMessageCompleted (0.00s)
=== RUN   TestClassifyCodexJSON_AgentMessageStartedNoOutcome
--- PASS: TestClassifyCodexJSON_AgentMessageStartedNoOutcome (0.00s)
=== RUN   TestClassifyCodexJSON_CommandExecution
--- PASS: TestClassifyCodexJSON_CommandExecution (0.00s)
=== RUN   TestClassifyCodexJSON_McpToolCall
--- PASS: TestClassifyCodexJSON_McpToolCall (0.00s)
=== RUN   TestClassifyCodexJSON_NonJSONLine
--- PASS: TestClassifyCodexJSON_NonJSONLine (0.00s)
=== RUN   TestBuildGeminiArgs_Resume
--- PASS: TestBuildGeminiArgs_Resume (0.00s)
=== RUN   TestBuildGeminiArgs_Basic
--- PASS: TestBuildGeminiArgs_Basic (0.00s)
=== RUN   TestBuildGeminiArgs_MCPConfigured
--- PASS: TestBuildGeminiArgs_MCPConfigured (0.00s)
=== RUN   TestBuildGeminiArgs_Model
--- PASS: TestBuildGeminiArgs_Model (0.00s)
=== RUN   TestBuildGeminiArgs_NoModel
--- PASS: TestBuildGeminiArgs_NoModel (0.00s)
=== RUN   TestClassifyGeminiJSON_Init
--- PASS: TestClassifyGeminiJSON_Init (0.00s)
=== RUN   TestClassifyGeminiJSON_AssistantMessage
--- PASS: TestClassifyGeminiJSON_AssistantMessage (0.00s)
=== RUN   TestClassifyGeminiJSON_UserMessageIgnored
--- PASS: TestClassifyGeminiJSON_UserMessageIgnored (0.00s)
=== RUN   TestClassifyGeminiJSON_Result
--- PASS: TestClassifyGeminiJSON_Result (0.00s)
=== RUN   TestClassifyGeminiJSON_ToolEvents
--- PASS: TestClassifyGeminiJSON_ToolEvents (0.00s)
=== RUN   TestClassifyGeminiJSON_NonJSONLine
--- PASS: TestClassifyGeminiJSON_NonJSONLine (0.00s)
=== RUN   TestLLMRunner_ExceedsConfiguredMaxTurns
--- PASS: TestLLMRunner_ExceedsConfiguredMaxTurns (0.00s)
=== RUN   TestLLMRunner_CapturesUsageAndCost
--- PASS: TestLLMRunner_CapturesUsageAndCost (0.00s)
=== RUN   TestLLMRunner_SignalCompleteReadsOutcome
--- PASS: TestLLMRunner_SignalCompleteReadsOutcome (0.00s)
=== RUN   TestLLMRunner_GetTaskTransitions
--- PASS: TestLLMRunner_GetTaskTransitions (0.00s)
=== RUN   TestShouldFallBackToColdStart
--- PASS: TestShouldFallBackToColdStart (0.00s)
=== RUN   TestIsResumeErrorLine
--- PASS: TestIsResumeErrorLine (0.00s)
=== RUN   TestClassifyStreamJSON_ResultUsage
--- PASS: TestClassifyStreamJSON_ResultUsage (0.00s)
=== RUN   TestClassifyStreamJSON_ResultNoUsage
--- PASS: TestClassifyStreamJSON_ResultNoUsage (0.00s)
=== RUN   TestClassifyStreamJSON_NonResultMessagesReturnNilUsage
--- PASS: TestClassifyStreamJSON_NonResultMessagesReturnNilUsage (0.00s)
=== RUN   TestClassifyStreamJSON_AssistantToolUse
--- PASS: TestClassifyStreamJSON_AssistantToolUse (0.00s)
=== RUN   TestClassifyStreamJSON_AssistantText
--- PASS: TestClassifyStreamJSON_AssistantText (0.00s)
=== RUN   TestClassifyStreamJSON_SessionID
--- PASS: TestClassifyStreamJSON_SessionID (0.00s)
=== RUN   TestIs429AndTransientWrappers
--- PASS: TestIs429AndTransientWrappers (0.00s)
=== RUN   TestClassifyResultMessage
=== RUN   TestClassifyResultMessage/clean_success
=== RUN   TestClassifyResultMessage/error_max_turns_is_genuine_(no_infra_signal)
=== RUN   TestClassifyResultMessage/error_with_rate-limit_text
=== RUN   TestClassifyResultMessage/error_with_transient_text
=== RUN   TestClassifyResultMessage/is_error_flag_without_error_subtype
=== RUN   TestClassifyResultMessage/session_limit_result_with_api_error_status_429
--- PASS: TestClassifyResultMessage (0.00s)
    --- PASS: TestClassifyResultMessage/clean_success (0.00s)
    --- PASS: TestClassifyResultMessage/error_max_turns_is_genuine_(no_infra_signal) (0.00s)
    --- PASS: TestClassifyResultMessage/error_with_rate-limit_text (0.00s)
    --- PASS: TestClassifyResultMessage/error_with_transient_text (0.00s)
    --- PASS: TestClassifyResultMessage/is_error_flag_without_error_subtype (0.00s)
    --- PASS: TestClassifyResultMessage/session_limit_result_with_api_error_status_429 (0.00s)
=== RUN   TestClassifyStreamJSON_NonResultNoClassification
--- PASS: TestClassifyStreamJSON_NonResultNoClassification (0.00s)
=== RUN   TestEstimateCostUSD_ExactMatch
--- PASS: TestEstimateCostUSD_ExactMatch (0.00s)
=== RUN   TestEstimateCostUSD_PrefixFallback
--- PASS: TestEstimateCostUSD_PrefixFallback (0.00s)
=== RUN   TestEstimateCostUSD_LongestPrefixWins
--- PASS: TestEstimateCostUSD_LongestPrefixWins (0.00s)
=== RUN   TestEstimateCostUSD_UnknownModel
--- PASS: TestEstimateCostUSD_UnknownModel (0.00s)
=== RUN   TestEstimateCostUSD_EmptyModel
--- PASS: TestEstimateCostUSD_EmptyModel (0.00s)
=== RUN   TestEstimateCostUSD_ZeroTokens
--- PASS: TestEstimateCostUSD_ZeroTokens (0.00s)
=== RUN   TestEstimateCostUSDWithResolver_NilFallsBackToMap
--- PASS: TestEstimateCostUSDWithResolver_NilFallsBackToMap (0.00s)
=== RUN   TestEstimateCostUSDWithResolver_UnknownFlagsCost
--- PASS: TestEstimateCostUSDWithResolver_UnknownFlagsCost (0.00s)
=== RUN   TestEstimateCostUSDWithResolver_UsesResolverPricing
--- PASS: TestEstimateCostUSDWithResolver_UsesResolverPricing (0.00s)
=== RUN   TestDBPriceResolver_DBRowTakesPrecedence
--- PASS: TestDBPriceResolver_DBRowTakesPrecedence (0.07s)
=== RUN   TestDBPriceResolver_FallsBackToMapWhenNotInDB
--- PASS: TestDBPriceResolver_FallsBackToMapWhenNotInDB (0.07s)
=== RUN   TestDBPriceResolver_PrefixMatchAgainstDBRow
--- PASS: TestDBPriceResolver_PrefixMatchAgainstDBRow (0.06s)
=== RUN   TestDBPriceResolver_UnknownEverywhere
--- PASS: TestDBPriceResolver_UnknownEverywhere (0.06s)
=== RUN   TestDBPriceResolver_NilQueriesFallsBackToMap
--- PASS: TestDBPriceResolver_NilQueriesFallsBackToMap (0.00s)
=== RUN   TestRunAccumulators_Attach_KnownModel
--- PASS: TestRunAccumulators_Attach_KnownModel (0.00s)
=== RUN   TestRunAccumulators_Attach_UnknownModelWithTokens
--- PASS: TestRunAccumulators_Attach_UnknownModelWithTokens (0.00s)
=== RUN   TestRunAccumulators_Attach_UnknownModelNoTokens
--- PASS: TestRunAccumulators_Attach_UnknownModelNoTokens (0.00s)
=== RUN   TestRunAccumulators_Attach_UsesPriceResolver
--- PASS: TestRunAccumulators_Attach_UsesPriceResolver (0.00s)
=== RUN   TestBuildPrompt_FeedbackInjected
--- PASS: TestBuildPrompt_FeedbackInjected (0.00s)
=== RUN   TestBuildPrompt_OpenReviewCommentsInjected
--- PASS: TestBuildPrompt_OpenReviewCommentsInjected (0.00s)
=== RUN   TestBuildPrompt_NoReviewComments
--- PASS: TestBuildPrompt_NoReviewComments (0.00s)
=== RUN   TestBuildResumePrompt_NoNewInfo
--- PASS: TestBuildResumePrompt_NoNewInfo (0.00s)
=== RUN   TestBuildPrompt_SourceCommentsInjected
--- PASS: TestBuildPrompt_SourceCommentsInjected (0.00s)
=== RUN   TestBuildPrompt_NoSourceComments
--- PASS: TestBuildPrompt_NoSourceComments (0.00s)
=== RUN   TestBuildPrompt_SourceCommentEndMarkerEscapeNeutralized
--- PASS: TestBuildPrompt_SourceCommentEndMarkerEscapeNeutralized (0.00s)
=== RUN   TestBuildResumePrompt_SourceCommentsInjected
--- PASS: TestBuildResumePrompt_SourceCommentsInjected (0.00s)
=== RUN   TestBuildQwenArgs_Resume
--- PASS: TestBuildQwenArgs_Resume (0.00s)
=== RUN   TestBuildQwenArgs_MaxTurnsDefault
--- PASS: TestBuildQwenArgs_MaxTurnsDefault (0.00s)
=== RUN   TestBuildQwenArgs_MaxTurnsConfigured
--- PASS: TestBuildQwenArgs_MaxTurnsConfigured (0.00s)
=== RUN   TestBuildQwenArgs_CommandAllowlist
--- PASS: TestBuildQwenArgs_CommandAllowlist (0.00s)
=== RUN   TestBuildQwenArgs_NoCommandAllowlist_NoExtraFlags
--- PASS: TestBuildQwenArgs_NoCommandAllowlist_NoExtraFlags (0.00s)
=== RUN   TestMatchCommandPattern
=== RUN   TestMatchCommandPattern/exact_match
=== RUN   TestMatchCommandPattern/exact_mismatch
=== RUN   TestMatchCommandPattern/empty_pattern_never_matches
=== RUN   TestMatchCommandPattern/prefix_wildcard
=== RUN   TestMatchCommandPattern/prefix_wildcard_no_match
=== RUN   TestMatchCommandPattern/suffix_wildcard
=== RUN   TestMatchCommandPattern/suffix_wildcard_no_match
=== RUN   TestMatchCommandPattern/middle_wildcard
=== RUN   TestMatchCommandPattern/leading_and_trailing_wildcard
=== RUN   TestMatchCommandPattern/bare_wildcard_matches_anything
=== RUN   TestMatchCommandPattern/no_wildcard_exact_only
--- PASS: TestMatchCommandPattern (0.00s)
    --- PASS: TestMatchCommandPattern/exact_match (0.00s)
    --- PASS: TestMatchCommandPattern/exact_mismatch (0.00s)
    --- PASS: TestMatchCommandPattern/empty_pattern_never_matches (0.00s)
    --- PASS: TestMatchCommandPattern/prefix_wildcard (0.00s)
    --- PASS: TestMatchCommandPattern/prefix_wildcard_no_match (0.00s)
    --- PASS: TestMatchCommandPattern/suffix_wildcard (0.00s)
    --- PASS: TestMatchCommandPattern/suffix_wildcard_no_match (0.00s)
    --- PASS: TestMatchCommandPattern/middle_wildcard (0.00s)
    --- PASS: TestMatchCommandPattern/leading_and_trailing_wildcard (0.00s)
    --- PASS: TestMatchCommandPattern/bare_wildcard_matches_anything (0.00s)
    --- PASS: TestMatchCommandPattern/no_wildcard_exact_only (0.00s)
=== RUN   TestCommandPolicy_Allowed
=== RUN   TestCommandPolicy_Allowed/empty_policy_allows_everything
=== RUN   TestCommandPolicy_Allowed/denylist_blocks_even_if_allowlist_would_allow
=== RUN   TestCommandPolicy_Allowed/allowlist-only_blocks_non-matching_commands
=== RUN   TestCommandPolicy_Allowed/allowlist_and_denylist_combined
=== RUN   TestCommandPolicy_Allowed/trims_whitespace_before_matching
--- PASS: TestCommandPolicy_Allowed (0.00s)
    --- PASS: TestCommandPolicy_Allowed/empty_policy_allows_everything (0.00s)
    --- PASS: TestCommandPolicy_Allowed/denylist_blocks_even_if_allowlist_would_allow (0.00s)
    --- PASS: TestCommandPolicy_Allowed/allowlist-only_blocks_non-matching_commands (0.00s)
    --- PASS: TestCommandPolicy_Allowed/allowlist_and_denylist_combined (0.00s)
    --- PASS: TestCommandPolicy_Allowed/trims_whitespace_before_matching (0.00s)
=== RUN   TestExecuteLLMTool_ListDir
=== RUN   TestExecuteLLMTool_ListDir/path_escape_rejected
--- PASS: TestExecuteLLMTool_ListDir (0.00s)
    --- PASS: TestExecuteLLMTool_ListDir/path_escape_rejected (0.00s)
=== RUN   TestExecuteLLMTool_StrReplace
=== RUN   TestExecuteLLMTool_StrReplace/zero_matches_errors
=== RUN   TestExecuteLLMTool_StrReplace/multiple_matches_errors
=== RUN   TestExecuteLLMTool_StrReplace/exact_match_replaces
=== RUN   TestExecuteLLMTool_StrReplace/path_escape_rejected
--- PASS: TestExecuteLLMTool_StrReplace (0.00s)
    --- PASS: TestExecuteLLMTool_StrReplace/zero_matches_errors (0.00s)
    --- PASS: TestExecuteLLMTool_StrReplace/multiple_matches_errors (0.00s)
    --- PASS: TestExecuteLLMTool_StrReplace/exact_match_replaces (0.00s)
    --- PASS: TestExecuteLLMTool_StrReplace/path_escape_rejected (0.00s)
=== RUN   TestExecuteLLMTool_Search_RgNotOnPath
--- PASS: TestExecuteLLMTool_Search_RgNotOnPath (0.00s)
=== RUN   TestExecuteLLMTool_Search
=== RUN   TestExecuteLLMTool_Search/glob_restricts_search
=== RUN   TestExecuteLLMTool_Search/no_matches
--- PASS: TestExecuteLLMTool_Search (0.01s)
    --- PASS: TestExecuteLLMTool_Search/glob_restricts_search (0.00s)
    --- PASS: TestExecuteLLMTool_Search/no_matches (0.00s)
=== RUN   TestExecuteLLMTool_GetTaskTransitions
=== RUN   TestExecuteLLMTool_GetTaskTransitions/empty_transitions
=== RUN   TestExecuteLLMTool_GetTaskTransitions/marshals_transitions_as_JSON
--- PASS: TestExecuteLLMTool_GetTaskTransitions (0.00s)
    --- PASS: TestExecuteLLMTool_GetTaskTransitions/empty_transitions (0.00s)
    --- PASS: TestExecuteLLMTool_GetTaskTransitions/marshals_transitions_as_JSON (0.00s)
=== RUN   TestExecuteLLMTool_SignalComplete_ReadsOutcome
--- PASS: TestExecuteLLMTool_SignalComplete_ReadsOutcome (0.00s)
PASS
ok  	github.com/myinisjap/agent-task-editor/backend/internal/agent/providers	0.337s
=== RUN   TestOpenAPISpecCoversAllRoutes
--- PASS: TestOpenAPISpecCoversAllRoutes (0.07s)
=== RUN   TestHealthzEndpoint_UnauthenticatedEvenWithAPIToken
2026/07/26 22:36:15 INFO request method=GET path=/healthz status=200 duration=34.631µs request_id=284c718fa8eb/ttd4swtUgs-000001
--- PASS: TestHealthzEndpoint_UnauthenticatedEvenWithAPIToken (0.07s)
=== RUN   TestMetricsEndpoint_UnauthenticatedByDefault
2026/07/26 22:36:15 INFO request method=GET path=/metrics status=200 duration=885.332µs request_id=284c718fa8eb/ttd4swtUgs-000002
--- PASS: TestMetricsEndpoint_UnauthenticatedByDefault (0.07s)
=== RUN   TestMetricsEndpoint_GatedByMetricsToken
2026/07/26 22:36:15 INFO request method=GET path=/metrics status=401 duration=14.99µs request_id=284c718fa8eb/ttd4swtUgs-000003
2026/07/26 22:36:15 INFO request method=GET path=/metrics status=200 duration=973.123µs request_id=284c718fa8eb/ttd4swtUgs-000004
--- PASS: TestMetricsEndpoint_GatedByMetricsToken (0.08s)
PASS
ok  	github.com/myinisjap/agent-task-editor/backend/internal/api	0.291s
=== RUN   TestBuildPRBody
--- PASS: TestBuildPRBody (0.00s)
=== RUN   TestYamlWorkflow_Validate_CreatePR
=== RUN   TestYamlWorkflow_Validate_CreatePR/none
=== RUN   TestYamlWorkflow_Validate_CreatePR/one
=== RUN   TestYamlWorkflow_Validate_CreatePR/two
=== RUN   TestYamlWorkflow_Validate_CreatePR/all
--- PASS: TestYamlWorkflow_Validate_CreatePR (0.00s)
    --- PASS: TestYamlWorkflow_Validate_CreatePR/none (0.00s)
    --- PASS: TestYamlWorkflow_Validate_CreatePR/one (0.00s)
    --- PASS: TestYamlWorkflow_Validate_CreatePR/two (0.00s)
    --- PASS: TestYamlWorkflow_Validate_CreatePR/all (0.00s)
=== RUN   TestAgentsCreate_EnabledPluginsAndMCPServers_DefaultOff
--- PASS: TestAgentsCreate_EnabledPluginsAndMCPServers_DefaultOff (0.07s)
=== RUN   TestAgentsCreate_EnabledPluginsAndMCPServers_RoundTrip
--- PASS: TestAgentsCreate_EnabledPluginsAndMCPServers_RoundTrip (0.07s)
=== RUN   TestAgentsUpdate_EnabledPluginsAndMCPServers_RoundTrip
--- PASS: TestAgentsUpdate_EnabledPluginsAndMCPServers_RoundTrip (0.07s)
=== RUN   TestAgentsCreate_CommandFilters_DefaultOff
--- PASS: TestAgentsCreate_CommandFilters_DefaultOff (0.07s)
=== RUN   TestAgentsCreate_CommandFilters_RoundTrip
--- PASS: TestAgentsCreate_CommandFilters_RoundTrip (0.06s)
=== RUN   TestAgentsUpdate_CommandFilters_RoundTrip
--- PASS: TestAgentsUpdate_CommandFilters_RoundTrip (0.06s)
=== RUN   TestAgentsCreate_RetryPolicy_Defaults
--- PASS: TestAgentsCreate_RetryPolicy_Defaults (0.06s)
=== RUN   TestAgentsCreate_RetryPolicy_RoundTrip
--- PASS: TestAgentsCreate_RetryPolicy_RoundTrip (0.06s)
=== RUN   TestAgentsCreate_RetryPolicy_RejectsNegative
--- PASS: TestAgentsCreate_RetryPolicy_RejectsNegative (0.06s)
=== RUN   TestAgentsUpdate_RetryPolicy_RejectsNegative
--- PASS: TestAgentsUpdate_RetryPolicy_RejectsNegative (0.06s)
=== RUN   TestAgentsUpdate_RetryPolicy_RoundTrip
--- PASS: TestAgentsUpdate_RetryPolicy_RoundTrip (0.06s)
=== RUN   TestBackupSettingsHandler_GetDefaults
--- PASS: TestBackupSettingsHandler_GetDefaults (0.06s)
=== RUN   TestBackupSettingsHandler_UpdateRejectsBelowMinimum
--- PASS: TestBackupSettingsHandler_UpdateRejectsBelowMinimum (0.05s)
=== RUN   TestBackupSettingsHandler_UpdateRejectsInvalidKeep
--- PASS: TestBackupSettingsHandler_UpdateRejectsInvalidKeep (0.06s)
=== RUN   TestBackupSettingsHandler_UpdatePersists
--- PASS: TestBackupSettingsHandler_UpdatePersists (0.06s)
=== RUN   TestBackupSettingsHandler_UpdateRejectsMalformedBody
--- PASS: TestBackupSettingsHandler_UpdateRejectsMalformedBody (0.07s)
=== RUN   TestBackupHandler_StreamsValidSnapshot
--- PASS: TestBackupHandler_StreamsValidSnapshot (0.08s)
=== RUN   TestDashboardGet_ClaudeUsageUnavailableWithoutCredentials
--- PASS: TestDashboardGet_ClaudeUsageUnavailableWithoutCredentials (0.06s)
=== RUN   TestDashboardGet_AgentConfigStats
--- PASS: TestDashboardGet_AgentConfigStats (0.69s)
=== RUN   TestDashboardGet_InterventionQueueExcludesSupersededRuns
--- PASS: TestDashboardGet_InterventionQueueExcludesSupersededRuns (0.08s)
=== RUN   TestDependencies_DispatchGate
--- PASS: TestDependencies_DispatchGate (0.05s)
=== RUN   TestDependencies_ArchivedBlockerSatisfies
--- PASS: TestDependencies_ArchivedBlockerSatisfies (0.05s)
=== RUN   TestDependencies_Cycle_Rejected
--- PASS: TestDependencies_Cycle_Rejected (0.05s)
=== RUN   TestDependencies_SelfEdge_Rejected
--- PASS: TestDependencies_SelfEdge_Rejected (0.05s)
=== RUN   TestDependencies_Duplicate_Rejected
--- PASS: TestDependencies_Duplicate_Rejected (0.06s)
=== RUN   TestDependencies_List_And_Counts
--- PASS: TestDependencies_List_And_Counts (0.05s)
=== RUN   TestDependencies_CrossWorkflow_Rejected
--- PASS: TestDependencies_CrossWorkflow_Rejected (0.05s)
=== RUN   TestProvidersEndpoint_NoConfigs
--- PASS: TestProvidersEndpoint_NoConfigs (0.53s)
=== RUN   TestProvidersEndpoint_EmitsChecksForConfiguredProviders
--- PASS: TestProvidersEndpoint_EmitsChecksForConfiguredProviders (1.56s)
=== RUN   TestProvidersEndpoint_AutoBackupCheck
=== RUN   TestProvidersEndpoint_AutoBackupCheck/disabled_when_BackupDir_is_empty
=== RUN   TestProvidersEndpoint_AutoBackupCheck/ok_when_BackupDir_is_set
--- PASS: TestProvidersEndpoint_AutoBackupCheck (0.97s)
    --- PASS: TestProvidersEndpoint_AutoBackupCheck/disabled_when_BackupDir_is_empty (0.44s)
    --- PASS: TestProvidersEndpoint_AutoBackupCheck/ok_when_BackupDir_is_set (0.47s)
=== RUN   TestProvidersEndpoint_DBSizeCheck
--- PASS: TestProvidersEndpoint_DBSizeCheck (0.50s)
=== RUN   TestProvidersEndpoint_VersionCheck
=== RUN   TestProvidersEndpoint_VersionCheck/version_row_present_with_configured_version
=== RUN   TestProvidersEndpoint_VersionCheck/update_check_row_present_when_checkForUpdates_is_enabled
--- PASS: TestProvidersEndpoint_VersionCheck (1.38s)
    --- PASS: TestProvidersEndpoint_VersionCheck/version_row_present_with_configured_version (0.48s)
    --- PASS: TestProvidersEndpoint_VersionCheck/update_check_row_present_when_checkForUpdates_is_enabled (0.84s)
=== RUN   TestHealth_ReturnsOKJSON
--- PASS: TestHealth_ReturnsOKJSON (0.05s)
=== RUN   TestHealth_DefaultsVersionToDev
--- PASS: TestHealth_DefaultsVersionToDev (0.05s)
=== RUN   TestLogRetentionSettingsHandler_GetDefaults
--- PASS: TestLogRetentionSettingsHandler_GetDefaults (0.05s)
=== RUN   TestLogRetentionSettingsHandler_UpdateRejectsNegativeDays
--- PASS: TestLogRetentionSettingsHandler_UpdateRejectsNegativeDays (0.05s)
=== RUN   TestLogRetentionSettingsHandler_UpdateRejectsBelowMinimumInterval
--- PASS: TestLogRetentionSettingsHandler_UpdateRejectsBelowMinimumInterval (0.05s)
=== RUN   TestLogRetentionSettingsHandler_UpdateAllowsZeroDays
--- PASS: TestLogRetentionSettingsHandler_UpdateAllowsZeroDays (0.05s)
=== RUN   TestLogRetentionSettingsHandler_UpdatePersists
--- PASS: TestLogRetentionSettingsHandler_UpdatePersists (0.05s)
=== RUN   TestLogRetentionSettingsHandler_UpdateRejectsMalformedBody
--- PASS: TestLogRetentionSettingsHandler_UpdateRejectsMalformedBody (0.04s)
=== RUN   TestModelPricingHandler_ListSeeded
--- PASS: TestModelPricingHandler_ListSeeded (0.05s)
=== RUN   TestModelPricingHandler_UpdateReplacesTable
--- PASS: TestModelPricingHandler_UpdateReplacesTable (0.05s)
=== RUN   TestModelPricingHandler_UpdateRejectsInvalid
=== RUN   TestModelPricingHandler_UpdateRejectsInvalid/empty_model
=== RUN   TestModelPricingHandler_UpdateRejectsInvalid/duplicate_model
=== RUN   TestModelPricingHandler_UpdateRejectsInvalid/negative_input_price
=== RUN   TestModelPricingHandler_UpdateRejectsInvalid/negative_output_price
--- PASS: TestModelPricingHandler_UpdateRejectsInvalid (0.18s)
    --- PASS: TestModelPricingHandler_UpdateRejectsInvalid/empty_model (0.05s)
    --- PASS: TestModelPricingHandler_UpdateRejectsInvalid/duplicate_model (0.05s)
    --- PASS: TestModelPricingHandler_UpdateRejectsInvalid/negative_input_price (0.05s)
    --- PASS: TestModelPricingHandler_UpdateRejectsInvalid/negative_output_price (0.04s)
=== RUN   TestProviderConfigsCreate_RequiresNameAndProvider
--- PASS: TestProviderConfigsCreate_RequiresNameAndProvider (0.05s)
=== RUN   TestProviderConfigsCreate_RejectsUnknownProvider
--- PASS: TestProviderConfigsCreate_RejectsUnknownProvider (0.05s)
=== RUN   TestProviderConfigsCreate_RoundTrip
--- PASS: TestProviderConfigsCreate_RoundTrip (0.05s)
=== RUN   TestProviderConfigsGet_NotFound
--- PASS: TestProviderConfigsGet_NotFound (0.05s)
=== RUN   TestProviderConfigsList
--- PASS: TestProviderConfigsList (0.05s)
=== RUN   TestProviderConfigsUpdate_RoundTrip
--- PASS: TestProviderConfigsUpdate_RoundTrip (0.05s)
=== RUN   TestProviderConfigsUpdate_RejectsUnknownProvider
--- PASS: TestProviderConfigsUpdate_RejectsUnknownProvider (0.05s)
=== RUN   TestProviderConfigsDelete_OK
--- PASS: TestProviderConfigsDelete_OK (0.05s)
=== RUN   TestProviderConfigsDelete_BlockedWhenReferenced
--- PASS: TestProviderConfigsDelete_BlockedWhenReferenced (0.05s)
=== RUN   TestReposCreate_AutoNameFromGitHubHTTPS
2026/07/26 22:36:23 WARN failed to update claude trust dialog path=/tmp/TestReposCreate_AutoNameFromGitHubHTTPS1589670342/001/myorg/myrepo err="rename /home/node/..claude.json.tmp-637432369 /home/node/.claude.json: device or resource busy"
--- PASS: TestReposCreate_AutoNameFromGitHubHTTPS (0.06s)
=== RUN   TestReposCreate_AutoNameFromGitHubHTTPSdotGit
2026/07/26 22:36:23 WARN failed to update claude trust dialog path=/tmp/TestReposCreate_AutoNameFromGitHubHTTPSdotGit760896721/001/acme/widget err="rename /home/node/..claude.json.tmp-1448221105 /home/node/.claude.json: device or resource busy"
--- PASS: TestReposCreate_AutoNameFromGitHubHTTPSdotGit (0.06s)
=== RUN   TestReposCreate_AutoNameFromGitHubSSH
2026/07/26 22:36:23 WARN failed to update claude trust dialog path=/tmp/TestReposCreate_AutoNameFromGitHubSSH3650066326/001/corp/backend err="rename /home/node/..claude.json.tmp-4067009924 /home/node/.claude.json: device or resource busy"
--- PASS: TestReposCreate_AutoNameFromGitHubSSH (0.06s)
=== RUN   TestReposCreate_AutoNameFromGitHubSSHNoGit
2026/07/26 22:36:23 WARN failed to update claude trust dialog path=/tmp/TestReposCreate_AutoNameFromGitHubSSHNoGit50317891/001/dev/frontend err="rename /home/node/..claude.json.tmp-3749569643 /home/node/.claude.json: device or resource busy"
--- PASS: TestReposCreate_AutoNameFromGitHubSSHNoGit (0.06s)
=== RUN   TestReposCreate_NonGitHubURLRequiresName
--- PASS: TestReposCreate_NonGitHubURLRequiresName (0.05s)
=== RUN   TestReposCreate_ExplicitNameNotOverwritten
2026/07/26 22:36:23 WARN failed to update claude trust dialog path=/tmp/TestReposCreate_ExplicitNameNotOverwritten2484658189/001/myorg/myrepo err="rename /home/node/..claude.json.tmp-366204487 /home/node/.claude.json: device or resource busy"
--- PASS: TestReposCreate_ExplicitNameNotOverwritten (0.07s)
=== RUN   TestReposCreate_MissingPathAndRemoteURL
--- PASS: TestReposCreate_MissingPathAndRemoteURL (0.05s)
=== RUN   TestReposCreate_AutoCloneRequiresBaseDir
--- PASS: TestReposCreate_AutoCloneRequiresBaseDir (0.05s)
=== RUN   TestReposCreate_PathTraversalViaNamRejected
--- PASS: TestReposCreate_PathTraversalViaNamRejected (0.05s)
=== RUN   TestReposCreate_PathTraversalViaURLSegmentRejected
--- PASS: TestReposCreate_PathTraversalViaURLSegmentRejected (0.05s)
=== RUN   TestReposCreate_BadSchemeRejected
--- PASS: TestReposCreate_BadSchemeRejected (0.05s)
=== RUN   TestReposCreate_PathOutsideBaseDirRejected
--- PASS: TestReposCreate_PathOutsideBaseDirRejected (0.05s)
=== RUN   TestReposCreate_NotAGitRepo
--- PASS: TestReposCreate_NotAGitRepo (0.05s)
=== RUN   TestReposCreate_HappyPathWithExplicitPath
2026/07/26 22:36:24 WARN failed to update claude trust dialog path=/tmp/TestReposCreate_HappyPathWithExplicitPath1839905215/001/myrepo err="rename /home/node/..claude.json.tmp-1286825409 /home/node/.claude.json: device or resource busy"
--- PASS: TestReposCreate_HappyPathWithExplicitPath (0.06s)
=== RUN   TestReposCreate_IssueSyncRequiresRemoteAndWorkflow
--- PASS: TestReposCreate_IssueSyncRequiresRemoteAndWorkflow (0.06s)
=== RUN   TestReposUpdate_IssueSyncRoundTrip
2026/07/26 22:36:24 WARN failed to update claude trust dialog path=/tmp/TestReposUpdate_IssueSyncRoundTrip3719138524/001/myorg/myrepo err="rename /home/node/..claude.json.tmp-3678586897 /home/node/.claude.json: device or resource busy"
2026/07/26 22:36:24 WARN failed to update claude trust dialog path=/tmp/TestReposUpdate_IssueSyncRoundTrip3719138524/001/myorg/myrepo err="rename /home/node/..claude.json.tmp-2335071945 /home/node/.claude.json: device or resource busy"
2026/07/26 22:36:24 WARN failed to update claude trust dialog path=/tmp/TestReposUpdate_IssueSyncRoundTrip3719138524/001/myorg/myrepo err="rename /home/node/..claude.json.tmp-3352705518 /home/node/.claude.json: device or resource busy"
2026/07/26 22:36:24 WARN failed to update claude trust dialog path=/tmp/TestReposUpdate_IssueSyncRoundTrip3719138524/001/myorg/myrepo err="rename /home/node/..claude.json.tmp-945120395 /home/node/.claude.json: device or resource busy"
--- PASS: TestReposUpdate_IssueSyncRoundTrip (0.09s)
=== RUN   TestReposCreate_IssueWritebackRequiresRemote
2026/07/26 22:36:24 WARN failed to update claude trust dialog path=/tmp/TestReposCreate_IssueWritebackRequiresRemote4053568316/001/myorg/myrepo err="rename /home/node/..claude.json.tmp-1458348148 /home/node/.claude.json: device or resource busy"
--- PASS: TestReposCreate_IssueWritebackRequiresRemote (0.06s)
=== RUN   TestReposUpdate_IssueWritebackRoundTrip
2026/07/26 22:36:24 WARN failed to update claude trust dialog path=/tmp/TestReposUpdate_IssueWritebackRoundTrip3291120696/001/myorg/myrepo err="rename /home/node/..claude.json.tmp-2165669343 /home/node/.claude.json: device or resource busy"
2026/07/26 22:36:24 WARN failed to update claude trust dialog path=/tmp/TestReposUpdate_IssueWritebackRoundTrip3291120696/001/myorg/myrepo err="rename /home/node/..claude.json.tmp-2578619324 /home/node/.claude.json: device or resource busy"
2026/07/26 22:36:24 WARN failed to update claude trust dialog path=/tmp/TestReposUpdate_IssueWritebackRoundTrip3291120696/001/myorg/myrepo err="rename /home/node/..claude.json.tmp-990810837 /home/node/.claude.json: device or resource busy"
2026/07/26 22:36:24 WARN failed to update claude trust dialog path=/tmp/TestReposUpdate_IssueWritebackRoundTrip3291120696/001/myorg/myrepo err="rename /home/node/..claude.json.tmp-1825111276 /home/node/.claude.json: device or resource busy"
--- PASS: TestReposUpdate_IssueWritebackRoundTrip (0.08s)
=== RUN   TestReposUpdate_IssueWritebackLabelRoundTrip
2026/07/26 22:36:24 WARN failed to update claude trust dialog path=/tmp/TestReposUpdate_IssueWritebackLabelRoundTrip2165963740/001/myorg/myrepo2 err="rename /home/node/..claude.json.tmp-1454838872 /home/node/.claude.json: device or resource busy"
2026/07/26 22:36:24 WARN failed to update claude trust dialog path=/tmp/TestReposUpdate_IssueWritebackLabelRoundTrip2165963740/001/myorg/myrepo2 err="rename /home/node/..claude.json.tmp-1807121697 /home/node/.claude.json: device or resource busy"
2026/07/26 22:36:24 WARN failed to update claude trust dialog path=/tmp/TestReposUpdate_IssueWritebackLabelRoundTrip2165963740/001/myorg/myrepo2 err="rename /home/node/..claude.json.tmp-930292062 /home/node/.claude.json: device or resource busy"
2026/07/26 22:36:24 WARN failed to update claude trust dialog path=/tmp/TestReposUpdate_IssueWritebackLabelRoundTrip2165963740/001/myorg/myrepo2 err="rename /home/node/..claude.json.tmp-250928592 /home/node/.claude.json: device or resource busy"
--- PASS: TestReposUpdate_IssueWritebackLabelRoundTrip (0.08s)
=== RUN   TestReposCreate_PrReviewAutoTransitionRequiresRemote
2026/07/26 22:36:24 WARN failed to update claude trust dialog path=/tmp/TestReposCreate_PrReviewAutoTransitionRequiresRemote817825563/001/myorg/myrepo err="rename /home/node/..claude.json.tmp-722980520 /home/node/.claude.json: device or resource busy"
--- PASS: TestReposCreate_PrReviewAutoTransitionRequiresRemote (0.06s)
=== RUN   TestReposUpdate_PrReviewAutoTransitionRoundTrip
2026/07/26 22:36:24 WARN failed to update claude trust dialog path=/tmp/TestReposUpdate_PrReviewAutoTransitionRoundTrip3774164384/001/myorg/myrepo err="rename /home/node/..claude.json.tmp-2649501692 /home/node/.claude.json: device or resource busy"
2026/07/26 22:36:24 WARN failed to update claude trust dialog path=/tmp/TestReposUpdate_PrReviewAutoTransitionRoundTrip3774164384/001/myorg/myrepo err="rename /home/node/..claude.json.tmp-2979849070 /home/node/.claude.json: device or resource busy"
2026/07/26 22:36:24 WARN failed to update claude trust dialog path=/tmp/TestReposUpdate_PrReviewAutoTransitionRoundTrip3774164384/001/myorg/myrepo err="rename /home/node/..claude.json.tmp-2013990375 /home/node/.claude.json: device or resource busy"
2026/07/26 22:36:24 WARN failed to update claude trust dialog path=/tmp/TestReposUpdate_PrReviewAutoTransitionRoundTrip3774164384/001/myorg/myrepo err="rename /home/node/..claude.json.tmp-1034627968 /home/node/.claude.json: device or resource busy"
--- PASS: TestReposUpdate_PrReviewAutoTransitionRoundTrip (0.08s)
=== RUN   TestReposList_Empty
--- PASS: TestReposList_Empty (0.05s)
=== RUN   TestReposCreate_IssueSyncPolicyFieldsRoundTrip
2026/07/26 22:36:24 WARN failed to update claude trust dialog path=/tmp/TestReposCreate_IssueSyncPolicyFieldsRoundTrip2660720555/001/myorg/myrepo err="rename /home/node/..claude.json.tmp-688737044 /home/node/.claude.json: device or resource busy"
2026/07/26 22:36:24 WARN failed to update claude trust dialog path=/tmp/TestReposCreate_IssueSyncPolicyFieldsRoundTrip2660720555/001/myorg/myrepo2 err="rename /home/node/..claude.json.tmp-457665075 /home/node/.claude.json: device or resource busy"
--- PASS: TestReposCreate_IssueSyncPolicyFieldsRoundTrip (0.07s)
=== RUN   TestReposCreate_InvalidIssueSyncUpdatePolicyRejected
--- PASS: TestReposCreate_InvalidIssueSyncUpdatePolicyRejected (0.06s)
=== RUN   TestReposCreate_InvalidIssueSyncGoneActionRejected
--- PASS: TestReposCreate_InvalidIssueSyncGoneActionRejected (0.05s)
=== RUN   TestReposCreate_GoneActionMoveRequiresLabel
2026/07/26 22:36:24 WARN failed to update claude trust dialog path=/tmp/TestReposCreate_GoneActionMoveRequiresLabel3972242356/001/myorg/myrepo err="rename /home/node/..claude.json.tmp-1879627150 /home/node/.claude.json: device or resource busy"
--- PASS: TestReposCreate_GoneActionMoveRequiresLabel (0.06s)
=== RUN   TestReposUpdate_IssueSyncPolicyFieldsRoundTripAndSurviveUnrelatedPatch
2026/07/26 22:36:24 WARN failed to update claude trust dialog path=/tmp/TestReposUpdate_IssueSyncPolicyFieldsRoundTripAndSurviveUnrelate874549895/001/myorg/myrepo err="rename /home/node/..claude.json.tmp-1185026173 /home/node/.claude.json: device or resource busy"
2026/07/26 22:36:24 WARN failed to update claude trust dialog path=/tmp/TestReposUpdate_IssueSyncPolicyFieldsRoundTripAndSurviveUnrelate874549895/001/myorg/myrepo err="rename /home/node/..claude.json.tmp-3393981841 /home/node/.claude.json: device or resource busy"
2026/07/26 22:36:24 WARN failed to update claude trust dialog path=/tmp/TestReposUpdate_IssueSyncPolicyFieldsRoundTripAndSurviveUnrelate874549895/001/myorg/myrepo err="rename /home/node/..claude.json.tmp-3086139069 /home/node/.claude.json: device or resource busy"
--- PASS: TestReposUpdate_IssueSyncPolicyFieldsRoundTripAndSurviveUnrelatedPatch (0.07s)
=== RUN   TestReposUpdate_InvalidIssueSyncPolicyFieldsRejected
2026/07/26 22:36:25 WARN failed to update claude trust dialog path=/tmp/TestReposUpdate_InvalidIssueSyncPolicyFieldsRejected617735891/001/myorg/myrepo err="rename /home/node/..claude.json.tmp-1609214188 /home/node/.claude.json: device or resource busy"
--- PASS: TestReposUpdate_InvalidIssueSyncPolicyFieldsRejected (0.06s)
=== RUN   TestReviewComments_CreateAndList
--- PASS: TestReviewComments_CreateAndList (0.05s)
=== RUN   TestReviewComments_Create_Validation
--- PASS: TestReviewComments_Create_Validation (0.05s)
=== RUN   TestReviewComments_ResolveAndReopen
--- PASS: TestReviewComments_ResolveAndReopen (0.05s)
=== RUN   TestReviewComments_Delete
--- PASS: TestReviewComments_Delete (0.05s)
=== RUN   TestSchedules_Create_And_List
--- PASS: TestSchedules_Create_And_List (0.05s)
=== RUN   TestSchedules_Create_MissingTemplateID_Returns400
--- PASS: TestSchedules_Create_MissingTemplateID_Returns400 (0.05s)
=== RUN   TestSchedules_Create_MissingRepoID_Returns400
--- PASS: TestSchedules_Create_MissingRepoID_Returns400 (0.05s)
=== RUN   TestSchedules_Create_UnknownTemplate_Returns404
--- PASS: TestSchedules_Create_UnknownTemplate_Returns404 (0.05s)
=== RUN   TestSchedules_Create_UnknownRepo_Returns404
--- PASS: TestSchedules_Create_UnknownRepo_Returns404 (0.05s)
=== RUN   TestSchedules_Create_InvalidCron_Returns400
--- PASS: TestSchedules_Create_InvalidCron_Returns400 (0.05s)
=== RUN   TestSchedules_Create_UnknownTargetLabel_Returns400
--- PASS: TestSchedules_Create_UnknownTargetLabel_Returns400 (0.05s)
=== RUN   TestSchedules_Create_ValidTargetLabel_Returns201
--- PASS: TestSchedules_Create_ValidTargetLabel_Returns201 (0.05s)
=== RUN   TestSchedules_Create_RepoWithoutWorkflow_Returns400
--- PASS: TestSchedules_Create_RepoWithoutWorkflow_Returns400 (0.05s)
=== RUN   TestSchedules_Update_UnknownTargetLabel_Returns400
--- PASS: TestSchedules_Update_UnknownTargetLabel_Returns400 (0.05s)
=== RUN   TestSchedules_Get
--- PASS: TestSchedules_Get (0.05s)
=== RUN   TestSchedules_Get_NotFound
--- PASS: TestSchedules_Get_NotFound (0.05s)
=== RUN   TestSchedules_Update
--- PASS: TestSchedules_Update (0.05s)
=== RUN   TestSchedules_Update_NotFound
--- PASS: TestSchedules_Update_NotFound (0.05s)
=== RUN   TestSchedules_Update_InvalidCron_Returns400
--- PASS: TestSchedules_Update_InvalidCron_Returns400 (0.05s)
=== RUN   TestSchedules_Delete
--- PASS: TestSchedules_Delete (0.05s)
=== RUN   TestListSourceComments_ReturnsThread
--- PASS: TestListSourceComments_ReturnsThread (0.05s)
=== RUN   TestListSourceComments_EmptyForTaskWithNoComments
--- PASS: TestListSourceComments_EmptyForTaskWithNoComments (0.05s)
=== RUN   TestListSourceComments_UnknownTask404s
--- PASS: TestListSourceComments_UnknownTask404s (0.05s)
=== RUN   TestSubtasks_Create_DefaultsAndEdge
--- PASS: TestSubtasks_Create_DefaultsAndEdge (0.05s)
=== RUN   TestSubtasks_DepthLimit
--- PASS: TestSubtasks_DepthLimit (0.05s)
=== RUN   TestSubtasks_NonGateLabelRejected
--- PASS: TestSubtasks_NonGateLabelRejected (0.04s)
=== RUN   TestSubtasks_Rollup
--- PASS: TestSubtasks_Rollup (0.05s)
=== RUN   TestSubtasks_OptInGate
--- PASS: TestSubtasks_OptInGate (0.05s)
=== RUN   TestTasks_CancelRun_OK
--- PASS: TestTasks_CancelRun_OK (0.05s)
=== RUN   TestTasks_CancelRun_NotRunning
--- PASS: TestTasks_CancelRun_NotRunning (0.05s)
=== RUN   TestTasks_CancelRun_NoLongerActive
--- PASS: TestTasks_CancelRun_NoLongerActive (0.05s)
=== RUN   TestTasks_CancelRun_WrongTask
--- PASS: TestTasks_CancelRun_WrongTask (0.05s)
=== RUN   TestTasks_Create_OK
--- PASS: TestTasks_Create_OK (0.05s)
=== RUN   TestTasks_Create_WithLabel_LandsDirectlyOnColumn
--- PASS: TestTasks_Create_WithLabel_LandsDirectlyOnColumn (0.05s)
=== RUN   TestTasks_Create_UnknownLabel_Returns400
--- PASS: TestTasks_Create_UnknownLabel_Returns400 (0.05s)
=== RUN   TestTasks_Create_MissingTitle_Returns400
--- PASS: TestTasks_Create_MissingTitle_Returns400 (0.05s)
=== RUN   TestTasks_Create_MissingRepo_Returns400
--- PASS: TestTasks_Create_MissingRepo_Returns400 (0.05s)
=== RUN   TestTasks_Create_OmittedWorkflowID_DefaultsToDefaultWorkflow
--- PASS: TestTasks_Create_OmittedWorkflowID_DefaultsToDefaultWorkflow (0.05s)
=== RUN   TestTasks_Create_OmittedWorkflowID_Multipart_DefaultsToDefaultWorkflow
--- PASS: TestTasks_Create_OmittedWorkflowID_Multipart_DefaultsToDefaultWorkflow (0.05s)
=== RUN   TestTasks_Create_WithPriority_OK
--- PASS: TestTasks_Create_WithPriority_OK (0.05s)
=== RUN   TestTasks_Create_DefaultPriority_IsNormal
--- PASS: TestTasks_Create_DefaultPriority_IsNormal (0.05s)
=== RUN   TestTasks_Create_InvalidPriority_Returns400
--- PASS: TestTasks_Create_InvalidPriority_Returns400 (0.05s)
=== RUN   TestTasks_List_Empty
--- PASS: TestTasks_List_Empty (0.05s)
=== RUN   TestTasks_List_WithLabel
--- PASS: TestTasks_List_WithLabel (0.05s)
=== RUN   TestTasks_Get_NotFound
--- PASS: TestTasks_Get_NotFound (0.05s)
=== RUN   TestTasks_Get_Found
--- PASS: TestTasks_Get_Found (0.05s)
=== RUN   TestTasks_Update_OK
--- PASS: TestTasks_Update_OK (0.05s)
=== RUN   TestTasks_Update_Priority_OK
--- PASS: TestTasks_Update_Priority_OK (0.05s)
=== RUN   TestTasks_Update_PriorityOmitted_Preserved
--- PASS: TestTasks_Update_PriorityOmitted_Preserved (0.05s)
=== RUN   TestTasks_Update_InvalidPriority_Returns400
--- PASS: TestTasks_Update_InvalidPriority_Returns400 (0.05s)
=== RUN   TestTasks_Delete_OK
--- PASS: TestTasks_Delete_OK (0.06s)
=== RUN   TestTasks_MoveLabel_ValidTransition
--- PASS: TestTasks_MoveLabel_ValidTransition (0.05s)
=== RUN   TestTasks_MoveLabel_MissingToLabel_Returns400
--- PASS: TestTasks_MoveLabel_MissingToLabel_Returns400 (0.05s)
=== RUN   TestTasks_MoveLabel_InvalidTransition_Returns400
--- PASS: TestTasks_MoveLabel_InvalidTransition_Returns400 (0.05s)
=== RUN   TestTasks_ListRuns_Empty
--- PASS: TestTasks_ListRuns_Empty (0.05s)
=== RUN   TestTasks_SetPaused_OK
--- PASS: TestTasks_SetPaused_OK (0.05s)
=== RUN   TestTasks_SetPaused_Unpause
--- PASS: TestTasks_SetPaused_Unpause (0.05s)
=== RUN   TestTasks_List_SearchAndFilters
--- PASS: TestTasks_List_SearchAndFilters (0.05s)
=== RUN   TestTasks_List_ArchivedFilter
--- PASS: TestTasks_List_ArchivedFilter (0.06s)
=== RUN   TestTasks_SetArchived_OK
--- PASS: TestTasks_SetArchived_OK (0.05s)
=== RUN   TestTasks_SetArchived_NotFound
--- PASS: TestTasks_SetArchived_NotFound (0.05s)
=== RUN   TestTasks_Archived_ExcludedFromAgentPickup
--- PASS: TestTasks_Archived_ExcludedFromAgentPickup (0.05s)
=== RUN   TestTasks_Bulk_Archive
--- PASS: TestTasks_Bulk_Archive (0.05s)
=== RUN   TestTasks_Bulk_Move_PartialFailure
--- PASS: TestTasks_Bulk_Move_PartialFailure (0.05s)
=== RUN   TestTasks_Bulk_Validation
--- PASS: TestTasks_Bulk_Validation (0.05s)
=== RUN   TestTasks_Bulk_Pause
--- PASS: TestTasks_Bulk_Pause (0.05s)
=== RUN   TestTasks_Paused_ExcludedFromAgentPickup
--- PASS: TestTasks_Paused_ExcludedFromAgentPickup (0.05s)
=== RUN   TestTasks_Get_QueuePosition
--- PASS: TestTasks_Get_QueuePosition (0.05s)
=== RUN   TestTasks_Get_QueuePosition_NotSaturated
--- PASS: TestTasks_Get_QueuePosition_NotSaturated (0.04s)
=== RUN   TestCreatePR_TaskNotFound_Returns404
--- PASS: TestCreatePR_TaskNotFound_Returns404 (0.05s)
=== RUN   TestCreatePR_NoBranch_Returns400
--- PASS: TestCreatePR_NoBranch_Returns400 (0.05s)
=== RUN   TestCreatePR_RepoWithoutRemote_Returns400
--- PASS: TestCreatePR_RepoWithoutRemote_Returns400 (0.05s)
=== RUN   TestTasks_List_Pagination
--- PASS: TestTasks_List_Pagination (0.05s)
=== RUN   TestTasks_List_LimitCapped
--- PASS: TestTasks_List_LimitCapped (0.05s)
=== RUN   TestTasks_RunLogs_Pagination
--- PASS: TestTasks_RunLogs_Pagination (0.05s)
=== RUN   TestTasks_ReplyRun_OK
--- PASS: TestTasks_ReplyRun_OK (0.05s)
=== RUN   TestTasks_ReplyRun_EmptyMessage
--- PASS: TestTasks_ReplyRun_EmptyMessage (0.05s)
=== RUN   TestTasks_ReplyRun_NotActiveRun
--- PASS: TestTasks_ReplyRun_NotActiveRun (0.05s)
=== RUN   TestTasks_ReplyRun_WrongTask
--- PASS: TestTasks_ReplyRun_WrongTask (0.05s)
=== RUN   TestTasks_ReplyRun_DispatcherNotWaiting
--- PASS: TestTasks_ReplyRun_DispatcherNotWaiting (0.05s)
=== RUN   TestUpdateGitState_PRMerged_TriggersWriteback
--- PASS: TestUpdateGitState_PRMerged_TriggersWriteback (0.05s)
=== RUN   TestUpdateGitState_PRMerged_WritebackDisabled_NoOp
--- PASS: TestUpdateGitState_PRMerged_WritebackDisabled_NoOp (0.05s)
=== RUN   TestUpdateGitState_NonMergedState_NoWriteback
--- PASS: TestUpdateGitState_NonMergedState_NoWriteback (0.05s)
=== RUN   TestTemplates_Create_And_List
--- PASS: TestTemplates_Create_And_List (0.05s)
=== RUN   TestTemplates_Create_MissingName_Returns400
--- PASS: TestTemplates_Create_MissingName_Returns400 (0.04s)
=== RUN   TestTemplates_Create_DuplicateName_Returns409
--- PASS: TestTemplates_Create_DuplicateName_Returns409 (0.05s)
=== RUN   TestTemplates_Update_OK
--- PASS: TestTemplates_Update_OK (0.06s)
=== RUN   TestTemplates_Update_NotFound
--- PASS: TestTemplates_Update_NotFound (0.05s)
=== RUN   TestTemplates_Delete_OK
--- PASS: TestTemplates_Delete_OK (0.04s)
=== RUN   TestWorkflows_List_ContainsSeeded
--- PASS: TestWorkflows_List_ContainsSeeded (0.04s)
=== RUN   TestWorkflows_Create_OK
--- PASS: TestWorkflows_Create_OK (0.05s)
=== RUN   TestWorkflows_Create_MissingName_Returns400
--- PASS: TestWorkflows_Create_MissingName_Returns400 (0.05s)
=== RUN   TestWorkflows_Get_Found
--- PASS: TestWorkflows_Get_Found (0.05s)
=== RUN   TestWorkflows_Get_NotFound
--- PASS: TestWorkflows_Get_NotFound (0.05s)
=== RUN   TestWorkflows_Delete_OK
--- PASS: TestWorkflows_Delete_OK (0.05s)
=== RUN   TestWSTicketHandler_IssueTicket_ReturnsTicket
--- PASS: TestWSTicketHandler_IssueTicket_ReturnsTicket (0.00s)
=== RUN   TestWSTicketHandler_IssueTicket_ReturnsUniqueTickets
--- PASS: TestWSTicketHandler_IssueTicket_ReturnsUniqueTickets (0.00s)
PASS
ok  	github.com/myinisjap/agent-task-editor/backend/internal/api/handlers	14.579s
=== RUN   TestBearerAuth_EmptyToken_IsNoOp
--- PASS: TestBearerAuth_EmptyToken_IsNoOp (0.00s)
=== RUN   TestBearerAuth_ValidToken
--- PASS: TestBearerAuth_ValidToken (0.00s)
=== RUN   TestBearerAuth_WrongToken_Rejects
--- PASS: TestBearerAuth_WrongToken_Rejects (0.00s)
=== RUN   TestBearerAuth_NoHeader_Rejects
--- PASS: TestBearerAuth_NoHeader_Rejects (0.00s)
=== RUN   TestBearerAuth_WebSocketUpgrade_DoesNotBypass
--- PASS: TestBearerAuth_WebSocketUpgrade_DoesNotBypass (0.00s)
=== RUN   TestBearerAuth_TokenCaseSensitive
--- PASS: TestBearerAuth_TokenCaseSensitive (0.00s)
=== RUN   TestBearerAuth_NamedToken_ResolvesActor
--- PASS: TestBearerAuth_NamedToken_ResolvesActor (0.00s)
=== RUN   TestBearerAuth_NamedToken_OtherName
--- PASS: TestBearerAuth_NamedToken_OtherName (0.00s)
=== RUN   TestBearerAuth_LegacyToken_FallsBackToAnonymousActor
--- PASS: TestBearerAuth_LegacyToken_FallsBackToAnonymousActor (0.00s)
=== RUN   TestBearerAuth_UnknownToken_Rejects
--- PASS: TestBearerAuth_UnknownToken_Rejects (0.00s)
=== RUN   TestBearerAuth_NamedTokensOnly_NoLegacyToken_IsNotNoOp
--- PASS: TestBearerAuth_NamedTokensOnly_NoLegacyToken_IsNotNoOp (0.00s)
=== RUN   TestBearerAuth_NoTokensAtAll_IsNoOp
--- PASS: TestBearerAuth_NoTokensAtAll_IsNoOp (0.00s)
=== RUN   TestActorFromContext_NoValue_ReturnsEmpty
--- PASS: TestActorFromContext_NoValue_ReturnsEmpty (0.00s)
=== RUN   TestCORS_Wildcard_SetsLiteralStar
--- PASS: TestCORS_Wildcard_SetsLiteralStar (0.00s)
=== RUN   TestCORS_SpecificOrigin_Allowed
--- PASS: TestCORS_SpecificOrigin_Allowed (0.00s)
=== RUN   TestCORS_SpecificOrigin_Blocked
--- PASS: TestCORS_SpecificOrigin_Blocked (0.00s)
=== RUN   TestCORS_MultipleOrigins
--- PASS: TestCORS_MultipleOrigins (0.00s)
=== RUN   TestCORS_Preflight_Returns204
--- PASS: TestCORS_Preflight_Returns204 (0.00s)
=== RUN   TestCORS_MethodsHeaderAlwaysSet
--- PASS: TestCORS_MethodsHeaderAlwaysSet (0.00s)
PASS
ok  	github.com/myinisjap/agent-task-editor/backend/internal/api/middleware	0.021s
=== RUN   TestRunOnce_WritesSnapshot
2026/07/26 22:36:15 INFO backup written path=/tmp/TestRunOnce_WritesSnapshot1409382272/002/agent-task-editor-20260726-223615.db
--- PASS: TestRunOnce_WritesSnapshot (0.07s)
=== RUN   TestRunOnce_PrunesOldSnapshotsKeepingNewest
2026/07/26 22:36:15 INFO backup written path=/tmp/TestRunOnce_PrunesOldSnapshotsKeepingNewest1533121875/002/agent-task-editor-20260726-223615.db
--- PASS: TestRunOnce_PrunesOldSnapshotsKeepingNewest (0.07s)
=== RUN   TestRunOnce_WithSettingsFunc_UsesLatestKeep
2026/07/26 22:36:15 INFO backup written path=/tmp/TestRunOnce_WithSettingsFunc_UsesLatestKeep2788654032/002/agent-task-editor-20260726-223615.db
--- PASS: TestRunOnce_WithSettingsFunc_UsesLatestKeep (0.08s)
=== RUN   TestScheduler_MinInterval_FloorsSubMinimumInterval
2026/07/26 22:36:15 INFO backup written path=/tmp/TestScheduler_MinInterval_FloorsSubMinimumInterval1006988216/002/agent-task-editor-20260726-223615.db
--- PASS: TestScheduler_MinInterval_FloorsSubMinimumInterval (0.08s)
=== RUN   TestRunOnce_KeepZeroOrNegative_DisablesPruning
2026/07/26 22:36:15 INFO backup written path=/tmp/TestRunOnce_KeepZeroOrNegative_DisablesPruning357422296/002/agent-task-editor-20260726-223615.db
--- PASS: TestRunOnce_KeepZeroOrNegative_DisablesPruning (0.08s)
PASS
ok  	github.com/myinisjap/agent-task-editor/backend/internal/backup	0.390s
=== RUN   TestDefaults_PopulatesRequiredFields
--- PASS: TestDefaults_PopulatesRequiredFields (0.00s)
=== RUN   TestDefaults_CORSOriginsDefaultsToLocalOrigins
--- PASS: TestDefaults_CORSOriginsDefaultsToLocalOrigins (0.00s)
=== RUN   TestLoad_CORSOriginsWildcard_ExplicitOverride
--- PASS: TestLoad_CORSOriginsWildcard_ExplicitOverride (0.00s)
=== RUN   TestDefaults_LogRetentionDisabledByDefault
--- PASS: TestDefaults_LogRetentionDisabledByDefault (0.00s)
=== RUN   TestLoad_EmptyPath_ReturnsDefaults
--- PASS: TestLoad_EmptyPath_ReturnsDefaults (0.00s)
=== RUN   TestLoad_MissingFile_ReturnsDefaults
--- PASS: TestLoad_MissingFile_ReturnsDefaults (0.00s)
=== RUN   TestLoad_FromYAML
--- PASS: TestLoad_FromYAML (0.00s)
=== RUN   TestLoad_EnvVarsOverrideDefaults
--- PASS: TestLoad_EnvVarsOverrideDefaults (0.00s)
=== RUN   TestLoad_EnvVarsOverrideYAML
--- PASS: TestLoad_EnvVarsOverrideYAML (0.00s)
=== RUN   TestLoad_BackupEnvVarsOverrideDefaults
--- PASS: TestLoad_BackupEnvVarsOverrideDefaults (0.00s)
=== RUN   TestLoad_BackupFromYAML
--- PASS: TestLoad_BackupFromYAML (0.00s)
=== RUN   TestLoad_InvalidBackupInterval_UsesDefault
2026/07/26 22:36:15 WARN invalid BACKUP_INTERVAL; using default value=not-a-duration default=24h0m0s
--- PASS: TestLoad_InvalidBackupInterval_UsesDefault (0.00s)
=== RUN   TestLoad_ScheduleIntervalEnvVarOverridesDefault
--- PASS: TestLoad_ScheduleIntervalEnvVarOverridesDefault (0.00s)
=== RUN   TestLoad_InvalidScheduleInterval_UsesDefault
2026/07/26 22:36:15 WARN invalid SCHEDULE_INTERVAL; using default value=not-a-duration default=30s
--- PASS: TestLoad_InvalidScheduleInterval_UsesDefault (0.00s)
=== RUN   TestLoad_LogRetentionEnvVarsOverrideDefaults
--- PASS: TestLoad_LogRetentionEnvVarsOverrideDefaults (0.00s)
=== RUN   TestLoad_LogRetentionDaysZero_ExplicitlyDisables
--- PASS: TestLoad_LogRetentionDaysZero_ExplicitlyDisables (0.00s)
=== RUN   TestLoad_InvalidLogRetentionDays_UsesDefault
2026/07/26 22:36:15 WARN invalid LOG_RETENTION_DAYS; using default value=not-a-number default=0
--- PASS: TestLoad_InvalidLogRetentionDays_UsesDefault (0.00s)
=== RUN   TestLoad_InvalidLogRetentionInterval_UsesDefault
2026/07/26 22:36:15 WARN invalid LOG_RETENTION_INTERVAL; using default value=not-a-duration default=1h0m0s
--- PASS: TestLoad_InvalidLogRetentionInterval_UsesDefault (0.00s)
=== RUN   TestLoad_LogRetentionFromYAML
--- PASS: TestLoad_LogRetentionFromYAML (0.00s)
=== RUN   TestLoad_NoTokens_DefaultsToEmpty
--- PASS: TestLoad_NoTokens_DefaultsToEmpty (0.00s)
=== RUN   TestLoad_APITokensEnvVar_Parsed
--- PASS: TestLoad_APITokensEnvVar_Parsed (0.00s)
=== RUN   TestLoad_APITokensEnvVar_TrimsWhitespaceAndSkipsMalformed
2026/07/26 22:36:15 WARN skipping malformed API_TOKENS entry entry=malformed-entry
--- PASS: TestLoad_APITokensEnvVar_TrimsWhitespaceAndSkipsMalformed (0.00s)
=== RUN   TestLoad_APITokensEnvVar_OverridesYAML
--- PASS: TestLoad_APITokensEnvVar_OverridesYAML (0.00s)
=== RUN   TestLoad_APITokensFromYAML
--- PASS: TestLoad_APITokensFromYAML (0.00s)
=== RUN   TestLoad_InvalidYAML_ReturnsError
--- PASS: TestLoad_InvalidYAML_ReturnsError (0.00s)
PASS
ok  	github.com/myinisjap/agent-task-editor/backend/internal/config	0.028s
=== RUN   TestParse_Presets
--- PASS: TestParse_Presets (0.00s)
=== RUN   TestParse_Invalid
--- PASS: TestParse_Invalid (0.00s)
=== RUN   TestNext_Hourly
--- PASS: TestNext_Hourly (0.00s)
=== RUN   TestNext_DailyAt0600
--- PASS: TestNext_DailyAt0600 (0.00s)
=== RUN   TestNext_WeeklyOnMonday0600
--- PASS: TestNext_WeeklyOnMonday0600 (0.00s)
=== RUN   TestNext_EveryFifteenMinutes
--- PASS: TestNext_EveryFifteenMinutes (0.00s)
=== RUN   TestString_ReturnsTrimmedExpr
--- PASS: TestString_ReturnsTrimmedExpr (0.00s)
PASS
ok  	github.com/myinisjap/agent-task-editor/backend/internal/cronexpr	0.026s
=== RUN   TestGetPRForBranch_StateNormalization
=== RUN   TestGetPRForBranch_StateNormalization/open
=== RUN   TestGetPRForBranch_StateNormalization/merged
=== RUN   TestGetPRForBranch_StateNormalization/closed
--- PASS: TestGetPRForBranch_StateNormalization (0.00s)
    --- PASS: TestGetPRForBranch_StateNormalization/open (0.00s)
    --- PASS: TestGetPRForBranch_StateNormalization/merged (0.00s)
    --- PASS: TestGetPRForBranch_StateNormalization/closed (0.00s)
=== RUN   TestGetPRForBranch_NoPR_BranchExists
--- PASS: TestGetPRForBranch_NoPR_BranchExists (0.00s)
=== RUN   TestGetPRForBranch_NoPR_BranchNotExists
--- PASS: TestGetPRForBranch_NoPR_BranchNotExists (0.00s)
=== RUN   TestCreatePR_ExistingPRShortCircuit
--- PASS: TestCreatePR_ExistingPRShortCircuit (0.00s)
=== RUN   TestCreatePR_CreatesNew
--- PASS: TestCreatePR_CreatesNew (0.00s)
=== RUN   TestCreatePR_RaceAlreadyExists
--- PASS: TestCreatePR_RaceAlreadyExists (0.00s)
=== RUN   TestGetPRHead
--- PASS: TestGetPRHead (0.00s)
=== RUN   TestGetPRHead_NoPR
--- PASS: TestGetPRHead_NoPR (0.00s)
=== RUN   TestGetPRReviews
--- PASS: TestGetPRReviews (0.00s)
=== RUN   TestGetPRReviewComments_Paginated
--- PASS: TestGetPRReviewComments_Paginated (0.00s)
=== RUN   TestGetFailedChecks_FiltersToFailures
--- PASS: TestGetFailedChecks_FiltersToFailures (0.00s)
=== RUN   TestGetFailedChecks_HardFailureNoOutput
--- PASS: TestGetFailedChecks_HardFailureNoOutput (0.00s)
=== RUN   TestListOpenIssues_LabelFiltering
=== RUN   TestListOpenIssues_LabelFiltering/no_label
=== RUN   TestListOpenIssues_LabelFiltering/with_label
=== RUN   TestListOpenIssues_LabelFiltering/label_with_space_and_ampersand_is_URL-encoded
--- PASS: TestListOpenIssues_LabelFiltering (0.00s)
    --- PASS: TestListOpenIssues_LabelFiltering/no_label (0.00s)
    --- PASS: TestListOpenIssues_LabelFiltering/with_label (0.00s)
    --- PASS: TestListOpenIssues_LabelFiltering/label_with_space_and_ampersand_is_URL-encoded (0.00s)
=== RUN   TestListOpenIssues_Paginated
--- PASS: TestListOpenIssues_Paginated (0.00s)
=== RUN   TestListOpenIssues_SkipsPullRequests
--- PASS: TestListOpenIssues_SkipsPullRequests (0.00s)
=== RUN   TestGetIssueComments_Decodes
--- PASS: TestGetIssueComments_Decodes (0.00s)
=== RUN   TestGetIssueComments_Paginated
--- PASS: TestGetIssueComments_Paginated (0.00s)
=== RUN   TestAddIssueLabel
--- PASS: TestAddIssueLabel (0.00s)
=== RUN   TestAddIssueLabel_Error
--- PASS: TestAddIssueLabel_Error (0.00s)
=== RUN   TestCommentOnIssue
--- PASS: TestCommentOnIssue (0.00s)
=== RUN   TestCommentOnIssue_Error
--- PASS: TestCommentOnIssue_Error (0.00s)
=== RUN   TestCloseIssueWithComment
--- PASS: TestCloseIssueWithComment (0.00s)
=== RUN   TestCloseIssueWithComment_Error
--- PASS: TestCloseIssueWithComment_Error (0.00s)
=== RUN   TestParseGitHubName
=== RUN   TestParseGitHubName/https
=== RUN   TestParseGitHubName/https_with_.git
=== RUN   TestParseGitHubName/ssh
=== RUN   TestParseGitHubName/ssh_with_.git
=== RUN   TestParseGitHubName/empty
=== RUN   TestParseGitHubName/junk
=== RUN   TestParseGitHubName/gitlab
=== RUN   TestParseGitHubName/missing_repo
--- PASS: TestParseGitHubName (0.00s)
    --- PASS: TestParseGitHubName/https (0.00s)
    --- PASS: TestParseGitHubName/https_with_.git (0.00s)
    --- PASS: TestParseGitHubName/ssh (0.00s)
    --- PASS: TestParseGitHubName/ssh_with_.git (0.00s)
    --- PASS: TestParseGitHubName/empty (0.00s)
    --- PASS: TestParseGitHubName/junk (0.00s)
    --- PASS: TestParseGitHubName/gitlab (0.00s)
    --- PASS: TestParseGitHubName/missing_repo (0.00s)
=== RUN   TestArgsContainHelper
--- PASS: TestArgsContainHelper (0.00s)
PASS
ok  	github.com/myinisjap/agent-task-editor/backend/internal/ghclient	0.021s
=== RUN   TestIngestPRFeedback_ChangesRequestedReview_AppendsFeedback
--- PASS: TestIngestPRFeedback_ChangesRequestedReview_AppendsFeedback (0.08s)
=== RUN   TestIngestPRFeedback_FailedChecks_AppendsFeedback
--- PASS: TestIngestPRFeedback_FailedChecks_AppendsFeedback (0.06s)
=== RUN   TestIngestPRFeedback_InlineComments_DedupedAcrossSweeps
--- PASS: TestIngestPRFeedback_InlineComments_DedupedAcrossSweeps (0.07s)
=== RUN   TestIngestPRFeedback_HeadSHAChange_ResetsReviewCursor
--- PASS: TestIngestPRFeedback_HeadSHAChange_ResetsReviewCursor (0.07s)
=== RUN   TestIngestPRFeedback_AutoTransition_EnabledOnRepo
2026/07/26 22:36:15 INFO ghsync: auto-transitioned task on PR feedback component=ghsync task_id=6b77b453-30e2-462c-be0b-e947934599b6 pr_number=1 to_label=work
--- PASS: TestIngestPRFeedback_AutoTransition_EnabledOnRepo (0.06s)
=== RUN   TestIngestPRFeedback_AutoTransition_DisabledOnRepo_NoOp
--- PASS: TestIngestPRFeedback_AutoTransition_DisabledOnRepo_NoOp (0.06s)
=== RUN   TestSyncTask_MergedTriggersCleanup
2026/07/26 22:36:15 INFO ghsync: git state updated component=ghsync task_id=e3bdadeb-935e-4366-a713-4dd82d0be1a2 old_state=pr_open new_state=pr_merged
2026/07/26 22:36:15 INFO ghsync: deleted local branch after merge component=ghsync task_id=e3bdadeb-935e-4366-a713-4dd82d0be1a2 branch=feature-branch
--- PASS: TestSyncTask_MergedTriggersCleanup (0.08s)
=== RUN   TestSyncTask_ClosedWithoutMerge_NoCleanup
2026/07/26 22:36:15 INFO ghsync: git state updated component=ghsync task_id=59271967-2cc4-4135-9b48-9fe66403ce06 old_state=pr_open new_state=pr_closed
--- PASS: TestSyncTask_ClosedWithoutMerge_NoCleanup (0.09s)
=== RUN   TestSyncTask_NoStateChange_NoOp
--- PASS: TestSyncTask_NoStateChange_NoOp (0.08s)
=== RUN   TestSyncTask_PreservesExistingPRURLOnRegression
2026/07/26 22:36:15 INFO ghsync: git state updated component=ghsync task_id=73706811-9c96-4ae6-a4c9-0776cd8c6ebd old_state=pr_open new_state=pushed
--- PASS: TestSyncTask_PreservesExistingPRURLOnRegression (0.08s)
=== RUN   TestCleanupMergedBranch_NoWorktreePath
2026/07/26 22:36:15 INFO ghsync: deleted local branch after merge component=ghsync task_id=689c6321-c3fe-498d-8961-0c7dde88d58b branch=feature-branch
--- PASS: TestCleanupMergedBranch_NoWorktreePath (0.08s)
=== RUN   TestSweep_SkipsNonGitHubRepo
2026/07/26 22:36:15 INFO ghsync: sweep start component=ghsync
2026/07/26 22:36:15 INFO ghsync: sweep done component=ghsync total_tasks=1 checked=0
--- PASS: TestSweep_SkipsNonGitHubRepo (0.08s)
=== RUN   TestSyncTask_Writeback_PROpened
2026/07/26 22:36:15 INFO ghsync: git state updated component=ghsync task_id=56c58872-03a7-4fb0-8180-d0f34fa180c9 old_state=pushed new_state=pr_open
--- PASS: TestSyncTask_Writeback_PROpened (0.08s)
=== RUN   TestSyncTask_Writeback_PRMerged
2026/07/26 22:36:16 INFO ghsync: git state updated component=ghsync task_id=f23dab58-f181-4fc3-961b-30027cf6bab2 old_state=pr_open new_state=pr_merged
2026/07/26 22:36:16 INFO ghsync: deleted local branch after merge component=ghsync task_id=f23dab58-f181-4fc3-961b-30027cf6bab2 branch=feature-branch
--- PASS: TestSyncTask_Writeback_PRMerged (0.08s)
=== RUN   TestSyncTask_Writeback_DisabledRepo_NoOp
2026/07/26 22:36:16 INFO ghsync: git state updated component=ghsync task_id=f0c59f43-c246-4bcf-b78d-730ae5c3cd7c old_state=pushed new_state=pr_open
--- PASS: TestSyncTask_Writeback_DisabledRepo_NoOp (0.07s)
PASS
ok  	github.com/myinisjap/agent-task-editor/backend/internal/ghsync	1.123s
=== RUN   TestClaudeCheck_MissingBinary
--- PASS: TestClaudeCheck_MissingBinary (0.00s)
=== RUN   TestClaudeCheck_InstalledButNoCreds
--- PASS: TestClaudeCheck_InstalledButNoCreds (0.00s)
=== RUN   TestClaudeCheck_AuthViaCredentialsFile
--- PASS: TestClaudeCheck_AuthViaCredentialsFile (0.00s)
=== RUN   TestClaudeCheck_AuthViaEnv
--- PASS: TestClaudeCheck_AuthViaEnv (0.00s)
=== RUN   TestProviderChecks_OnlyEmittedWhenUsed
--- PASS: TestProviderChecks_OnlyEmittedWhenUsed (0.00s)
=== RUN   TestGeminiCheck_MissingBinary
--- PASS: TestGeminiCheck_MissingBinary (0.00s)
=== RUN   TestGeminiCheck_InstalledButNoCreds
--- PASS: TestGeminiCheck_InstalledButNoCreds (0.00s)
=== RUN   TestGeminiCheck_AuthViaEnv
--- PASS: TestGeminiCheck_AuthViaEnv (0.00s)
=== RUN   TestGeminiCheck_AuthViaCredentialsFile
--- PASS: TestGeminiCheck_AuthViaCredentialsFile (0.00s)
=== RUN   TestCodexCheck_MissingBinary
--- PASS: TestCodexCheck_MissingBinary (0.00s)
=== RUN   TestCodexCheck_InstalledButNoCreds
--- PASS: TestCodexCheck_InstalledButNoCreds (0.00s)
=== RUN   TestCodexCheck_AuthViaEnv
--- PASS: TestCodexCheck_AuthViaEnv (0.00s)
=== RUN   TestCodexCheck_AuthViaCredentialsFile
--- PASS: TestCodexCheck_AuthViaCredentialsFile (0.00s)
=== RUN   TestBinaryCheck_Present
--- PASS: TestBinaryCheck_Present (0.00s)
=== RUN   TestAnthropicCheck_KeyPresence
--- PASS: TestAnthropicCheck_KeyPresence (0.00s)
=== RUN   TestLLMCheck_KeyAndBaseURL
--- PASS: TestLLMCheck_KeyAndBaseURL (0.00s)
=== RUN   TestMCPCheck
--- PASS: TestMCPCheck (0.00s)
=== RUN   TestGHCheck
--- PASS: TestGHCheck (0.00s)
=== RUN   TestDBSizeCheck
--- PASS: TestDBSizeCheck (0.00s)
=== RUN   TestFormatBytes
--- PASS: TestFormatBytes (0.00s)
=== RUN   TestFormatCount
--- PASS: TestFormatCount (0.00s)
=== RUN   TestVersionCheck
--- PASS: TestVersionCheck (0.00s)
=== RUN   TestUpdateCheck_DisabledByDefault
--- PASS: TestUpdateCheck_DisabledByDefault (0.00s)
=== RUN   TestUpdateCheck_UpToDate
--- PASS: TestUpdateCheck_UpToDate (0.00s)
=== RUN   TestUpdateCheck_UpdateAvailable
--- PASS: TestUpdateCheck_UpdateAvailable (0.00s)
=== RUN   TestUpdateCheck_FailsSoft
--- PASS: TestUpdateCheck_FailsSoft (0.00s)
=== RUN   TestUpdateCheck_DevBuildIsInformationalOnly
--- PASS: TestUpdateCheck_DevBuildIsInformationalOnly (0.00s)
=== RUN   TestSemverCompare
--- PASS: TestSemverCompare (0.00s)
=== RUN   TestRepoBaseDirCheck
--- PASS: TestRepoBaseDirCheck (0.00s)
PASS
ok  	github.com/myinisjap/agent-task-editor/backend/internal/health	0.028s
=== RUN   TestRunOnce_PrunesOldTerminalRunLogs
2026/07/26 22:36:15 INFO logretention: pruned old agent logs deleted=1 retention_days=30
--- PASS: TestRunOnce_PrunesOldTerminalRunLogs (0.08s)
=== RUN   TestRunOnce_DaysZeroOrNegative_DisablesPruning
--- PASS: TestRunOnce_DaysZeroOrNegative_DisablesPruning (0.08s)
=== RUN   TestRunOnce_WithSettingsFunc_UsesLatestDays
2026/07/26 22:36:15 INFO logretention: pruned old agent logs deleted=1 retention_days=30
--- PASS: TestRunOnce_WithSettingsFunc_UsesLatestDays (0.07s)
PASS
ok  	github.com/myinisjap/agent-task-editor/backend/internal/logretention	0.249s
=== RUN   TestHandler_ServesPrometheusFormat
--- PASS: TestHandler_ServesPrometheusFormat (0.00s)
PASS
ok  	github.com/myinisjap/agent-task-editor/backend/internal/metrics	0.028s
=== RUN   TestSweepFiresDueSchedule
2026/07/26 22:36:15 INFO schedule sweep: task created component=schedule schedule_id=6eb95f7b-8094-46be-b932-5aa905108b5a task_id=8df28abf-6ac3-4017-98a2-4dbc6701a200 template_id=bbbb2731-2d5f-4819-98fb-e77c9b981e73 repo_id=fb0ab150-be65-4c82-8f7e-d59fcd365814
2026/07/26 22:36:15 INFO schedule sweep: done component=schedule fired=1 checked=1
--- PASS: TestSweepFiresDueSchedule (0.07s)
=== RUN   TestSweepSkipsWhenNotDue
--- PASS: TestSweepSkipsWhenNotDue (0.08s)
=== RUN   TestSweepSkipsWhenOpenTaskExists
2026/07/26 22:36:15 INFO schedule sweep: task created component=schedule schedule_id=1987b1fe-ce5c-4250-a6cb-a3fb48702691 task_id=626dbced-4204-462b-9522-52fb136835dc template_id=44cb65bb-a4ed-43fb-9801-0e021beff179 repo_id=c84ead31-fa4a-465f-9f5a-7de48f967030
2026/07/26 22:36:15 INFO schedule sweep: done component=schedule fired=1 checked=1
2026/07/26 22:36:15 INFO schedule sweep: skipping, open task from this schedule already exists component=schedule schedule_id=1987b1fe-ce5c-4250-a6cb-a3fb48702691
--- PASS: TestSweepSkipsWhenOpenTaskExists (0.06s)
=== RUN   TestSweepFiresAgainOnceTaskClosed
2026/07/26 22:36:15 INFO schedule sweep: task created component=schedule schedule_id=346d37f1-319e-4262-8118-e1e98501f82e task_id=0850cc78-b18f-4a38-a240-6f2a1bab8b6e template_id=af811a2f-4917-40df-9a75-8753d2d04457 repo_id=4a372ec9-4edd-482e-a836-4ac7cf8c9f3d
2026/07/26 22:36:15 INFO schedule sweep: done component=schedule fired=1 checked=1
2026/07/26 22:36:15 INFO schedule sweep: task created component=schedule schedule_id=346d37f1-319e-4262-8118-e1e98501f82e task_id=642672cf-65e2-42bf-be94-19a20cec9313 template_id=af811a2f-4917-40df-9a75-8753d2d04457 repo_id=4a372ec9-4edd-482e-a836-4ac7cf8c9f3d
2026/07/26 22:36:15 INFO schedule sweep: done component=schedule fired=1 checked=1
--- PASS: TestSweepFiresAgainOnceTaskClosed (0.08s)
=== RUN   TestSweepIgnoresDisabledSchedules
--- PASS: TestSweepIgnoresDisabledSchedules (0.06s)
=== RUN   TestSweepSkipsRepoWithoutWorkflow
2026/07/26 22:36:15 WARN schedule sweep: repo has no workflow assigned; skipping component=schedule schedule_id=41b733e7-4ae5-4df8-80e2-88d25e86df9c
--- PASS: TestSweepSkipsRepoWithoutWorkflow (0.06s)
PASS
ok  	github.com/myinisjap/agent-task-editor/backend/internal/schedule	0.450s
=== RUN   TestDBBackup
    backup_test.go:22: seed insert skipped: FOREIGN KEY constraint failed
--- PASS: TestDBBackup (0.09s)
=== RUN   TestDBPath
--- PASS: TestDBPath (0.07s)
=== RUN   TestMigration039ProviderConfigsRoundTrip
--- PASS: TestMigration039ProviderConfigsRoundTrip (0.14s)
=== RUN   TestMigration040PRReviewFeedback
--- PASS: TestMigration040PRReviewFeedback (0.06s)
=== RUN   TestMigration040DownStep
--- PASS: TestMigration040DownStep (0.09s)
=== RUN   TestMigration018DownStep
--- PASS: TestMigration018DownStep (0.16s)
=== RUN   TestMigration042DownStep
--- PASS: TestMigration042DownStep (0.08s)
=== RUN   TestMigration045DownStep
--- PASS: TestMigration045DownStep (0.06s)
PASS
ok  	github.com/myinisjap/agent-task-editor/backend/internal/storage	0.771s
?   	github.com/myinisjap/agent-task-editor/backend/internal/storage/gen	[no test files]
=== RUN   TestSweepImportsAndDedupes
2026/07/26 22:36:15 INFO issue import: sweep start component=tasksource repos=1
2026/07/26 22:36:15 INFO issue import: task created component=tasksource repo=acme/widgets task_id=3dfb53d0-05c3-4bf5-9dd5-e918b096f55d ref=acme/widgets#1
2026/07/26 22:36:15 INFO issue import: task created component=tasksource repo=acme/widgets task_id=c390b45b-6770-4e58-8abf-5d444cf5b6a4 ref=acme/widgets#2
2026/07/26 22:36:15 INFO issue import: sweep done component=tasksource created=2 updated=0 comments_ingested=0 flagged_gone=0
2026/07/26 22:36:15 INFO issue import: sweep start component=tasksource repos=1
2026/07/26 22:36:15 INFO issue import: sweep done component=tasksource created=0 updated=0 comments_ingested=0 flagged_gone=0
--- PASS: TestSweepImportsAndDedupes (0.08s)
=== RUN   TestSweepSkipsRepoWithoutWorkflow
2026/07/26 22:36:15 INFO issue import: sweep start component=tasksource repos=1
2026/07/26 22:36:15 WARN issue import: repo has issue sync enabled but no workflow assigned; skipping component=tasksource repo=acme/widgets
2026/07/26 22:36:15 INFO issue import: sweep done component=tasksource created=0 updated=0 comments_ingested=0 flagged_gone=0
--- PASS: TestSweepSkipsRepoWithoutWorkflow (0.07s)
=== RUN   TestSweepIgnoresDisabledRepos
--- PASS: TestSweepIgnoresDisabledRepos (0.07s)
=== RUN   TestSweepSurvivesFetchError
2026/07/26 22:36:15 INFO issue import: sweep start component=tasksource repos=1
2026/07/26 22:36:15 WARN issue import: fetch failed component=tasksource repo=acme/widgets err="gh exploded"
2026/07/26 22:36:15 INFO issue import: sweep done component=tasksource created=0 updated=0 comments_ingested=0 flagged_gone=0
--- PASS: TestSweepSurvivesFetchError (0.07s)
=== RUN   TestTaskTypeFromLabels
--- PASS: TestTaskTypeFromLabels (0.00s)
=== RUN   TestMapIssueCommentsFiltersMarkerAndUntrusted
--- PASS: TestMapIssueCommentsFiltersMarkerAndUntrusted (0.00s)
=== RUN   TestSweepUpdatesTitleOnGateLabel
2026/07/26 22:36:15 INFO issue import: sweep start component=tasksource repos=1
2026/07/26 22:36:15 INFO issue import: task created component=tasksource repo=acme/widgets task_id=8cb43ab3-adb6-4780-997a-4618a1a23580 ref=acme/widgets#1
2026/07/26 22:36:15 INFO issue import: sweep done component=tasksource created=1 updated=0 comments_ingested=0 flagged_gone=0
2026/07/26 22:36:15 INFO issue import: sweep start component=tasksource repos=1
2026/07/26 22:36:15 INFO issue import: task updated from source component=tasksource repo=acme/widgets task_id=8cb43ab3-adb6-4780-997a-4618a1a23580 ref=acme/widgets#1
2026/07/26 22:36:15 INFO issue import: sweep done component=tasksource created=0 updated=1 comments_ingested=0 flagged_gone=0
--- PASS: TestSweepUpdatesTitleOnGateLabel (0.07s)
=== RUN   TestSweepUpdatesTypeOnLabelChange
2026/07/26 22:36:15 INFO issue import: sweep start component=tasksource repos=1
2026/07/26 22:36:15 INFO issue import: task created component=tasksource repo=acme/widgets task_id=ec55a5c4-5ccd-49eb-9675-1cf956607e9a ref=acme/widgets#1
2026/07/26 22:36:15 INFO issue import: sweep done component=tasksource created=1 updated=0 comments_ingested=0 flagged_gone=0
2026/07/26 22:36:15 INFO issue import: sweep start component=tasksource repos=1
2026/07/26 22:36:15 INFO issue import: task updated from source component=tasksource repo=acme/widgets task_id=ec55a5c4-5ccd-49eb-9675-1cf956607e9a ref=acme/widgets#1
2026/07/26 22:36:15 INFO issue import: sweep done component=tasksource created=0 updated=1 comments_ingested=0 flagged_gone=0
--- PASS: TestSweepUpdatesTypeOnLabelChange (0.07s)
=== RUN   TestSweepNoOpWhenNothingChanged
2026/07/26 22:36:15 INFO issue import: sweep start component=tasksource repos=1
2026/07/26 22:36:15 INFO issue import: task created component=tasksource repo=acme/widgets task_id=37a1c874-cfcc-48e5-8b40-6d64547ae729 ref=acme/widgets#1
2026/07/26 22:36:15 INFO issue import: sweep done component=tasksource created=1 updated=0 comments_ingested=0 flagged_gone=0
2026/07/26 22:36:15 INFO issue import: sweep start component=tasksource repos=1
2026/07/26 22:36:15 INFO issue import: sweep done component=tasksource created=0 updated=0 comments_ingested=0 flagged_gone=0
--- PASS: TestSweepNoOpWhenNothingChanged (0.06s)
=== RUN   TestSweepGatePolicyBlocksUpdateOffGate
2026/07/26 22:36:15 INFO issue import: sweep start component=tasksource repos=1
2026/07/26 22:36:15 INFO issue import: task created component=tasksource repo=acme/widgets task_id=eb38bd38-13b0-469c-b92f-bd7228bffd9e ref=acme/widgets#1
2026/07/26 22:36:15 INFO issue import: sweep done component=tasksource created=1 updated=0 comments_ingested=0 flagged_gone=0
2026/07/26 22:36:15 INFO issue import: sweep start component=tasksource repos=1
2026/07/26 22:36:15 INFO issue import: sweep done component=tasksource created=0 updated=0 comments_ingested=0 flagged_gone=0
--- PASS: TestSweepGatePolicyBlocksUpdateOffGate (0.06s)
=== RUN   TestSweepAlwaysPolicyUpdatesOffGate
2026/07/26 22:36:15 INFO issue import: sweep start component=tasksource repos=1
2026/07/26 22:36:15 INFO issue import: task created component=tasksource repo=acme/widgets task_id=54fa4e85-d1a5-4287-bd2b-1d33bcdfc2d6 ref=acme/widgets#1
2026/07/26 22:36:15 INFO issue import: sweep done component=tasksource created=1 updated=0 comments_ingested=0 flagged_gone=0
2026/07/26 22:36:15 INFO issue import: sweep start component=tasksource repos=1
2026/07/26 22:36:15 INFO issue import: task updated from source component=tasksource repo=acme/widgets task_id=54fa4e85-d1a5-4287-bd2b-1d33bcdfc2d6 ref=acme/widgets#1
2026/07/26 22:36:15 INFO issue import: sweep done component=tasksource created=0 updated=1 comments_ingested=0 flagged_gone=0
--- PASS: TestSweepAlwaysPolicyUpdatesOffGate (0.06s)
=== RUN   TestSweepNeverPolicyBlocksUpdateOnGate
2026/07/26 22:36:15 INFO issue import: sweep start component=tasksource repos=1
2026/07/26 22:36:15 INFO issue import: task created component=tasksource repo=acme/widgets task_id=a490ba41-11d9-495f-aaed-120c23f601cd ref=acme/widgets#1
2026/07/26 22:36:15 INFO issue import: sweep done component=tasksource created=1 updated=0 comments_ingested=0 flagged_gone=0
2026/07/26 22:36:15 INFO issue import: sweep start component=tasksource repos=1
2026/07/26 22:36:15 INFO issue import: sweep done component=tasksource created=0 updated=0 comments_ingested=0 flagged_gone=0
--- PASS: TestSweepNeverPolicyBlocksUpdateOnGate (0.07s)
=== RUN   TestSweepFlagsMissingIssueAsGone
2026/07/26 22:36:15 INFO issue import: sweep start component=tasksource repos=1
2026/07/26 22:36:15 INFO issue import: task created component=tasksource repo=acme/widgets task_id=e0589800-b1cf-4fb1-b4f6-f809e5eb4ac8 ref=acme/widgets#1
2026/07/26 22:36:15 INFO issue import: sweep done component=tasksource created=1 updated=0 comments_ingested=0 flagged_gone=0
2026/07/26 22:36:15 INFO issue import: sweep start component=tasksource repos=1
2026/07/26 22:36:15 INFO issue import: task flagged gone component=tasksource repo=acme/widgets task_id=e0589800-b1cf-4fb1-b4f6-f809e5eb4ac8 ref=acme/widgets#1
2026/07/26 22:36:15 INFO issue import: sweep done component=tasksource created=0 updated=0 comments_ingested=0 flagged_gone=1
--- PASS: TestSweepFlagsMissingIssueAsGone (0.05s)
=== RUN   TestSweepGoneActionArchive
2026/07/26 22:36:15 INFO issue import: sweep start component=tasksource repos=1
2026/07/26 22:36:15 INFO issue import: task created component=tasksource repo=acme/widgets task_id=a6f06581-4104-4aee-ac4e-9531ed658b17 ref=acme/widgets#1
2026/07/26 22:36:15 INFO issue import: sweep done component=tasksource created=1 updated=0 comments_ingested=0 flagged_gone=0
2026/07/26 22:36:15 INFO issue import: sweep start component=tasksource repos=1
2026/07/26 22:36:15 INFO issue import: task flagged gone component=tasksource repo=acme/widgets task_id=a6f06581-4104-4aee-ac4e-9531ed658b17 ref=acme/widgets#1
2026/07/26 22:36:15 INFO issue import: archived gone task component=tasksource repo=acme/widgets task_id=a6f06581-4104-4aee-ac4e-9531ed658b17
2026/07/26 22:36:15 INFO issue import: sweep done component=tasksource created=0 updated=0 comments_ingested=0 flagged_gone=1
--- PASS: TestSweepGoneActionArchive (0.05s)
=== RUN   TestSweepGoneActionArchiveSkippedWithActiveRun
2026/07/26 22:36:15 INFO issue import: sweep start component=tasksource repos=1
2026/07/26 22:36:15 INFO issue import: task created component=tasksource repo=acme/widgets task_id=7219e90e-1597-4d10-90a8-6ecd857a30ec ref=acme/widgets#1
2026/07/26 22:36:15 INFO issue import: sweep done component=tasksource created=1 updated=0 comments_ingested=0 flagged_gone=0
2026/07/26 22:36:15 INFO issue import: sweep start component=tasksource repos=1
2026/07/26 22:36:15 INFO issue import: task flagged gone component=tasksource repo=acme/widgets task_id=7219e90e-1597-4d10-90a8-6ecd857a30ec ref=acme/widgets#1
2026/07/26 22:36:15 INFO issue import: gone task has an active agent run; flagging only, not archiving component=tasksource repo=acme/widgets task_id=7219e90e-1597-4d10-90a8-6ecd857a30ec
2026/07/26 22:36:15 INFO issue import: sweep done component=tasksource created=0 updated=0 comments_ingested=0 flagged_gone=1
--- PASS: TestSweepGoneActionArchiveSkippedWithActiveRun (0.05s)
=== RUN   TestSweepGoneActionMove
2026/07/26 22:36:15 INFO issue import: sweep start component=tasksource repos=1
2026/07/26 22:36:15 INFO issue import: task created component=tasksource repo=acme/widgets task_id=98aea029-c08e-4ec9-b214-b86d4652bf37 ref=acme/widgets#1
2026/07/26 22:36:15 INFO issue import: sweep done component=tasksource created=1 updated=0 comments_ingested=0 flagged_gone=0
2026/07/26 22:36:15 INFO issue import: sweep start component=tasksource repos=1
2026/07/26 22:36:15 INFO issue import: task flagged gone component=tasksource repo=acme/widgets task_id=98aea029-c08e-4ec9-b214-b86d4652bf37 ref=acme/widgets#1
2026/07/26 22:36:15 INFO issue import: moved gone task component=tasksource repo=acme/widgets task_id=98aea029-c08e-4ec9-b214-b86d4652bf37 to_label=shelved
2026/07/26 22:36:15 INFO issue import: sweep done component=tasksource created=0 updated=0 comments_ingested=0 flagged_gone=1
--- PASS: TestSweepGoneActionMove (0.06s)
=== RUN   TestSweepGoneActionMoveFallsBackToFlagWithNilEngine
2026/07/26 22:36:15 INFO issue import: sweep start component=tasksource repos=1
2026/07/26 22:36:15 INFO issue import: task created component=tasksource repo=acme/widgets task_id=4e289ade-0fb0-4fea-a75b-0dfda1215ac8 ref=acme/widgets#1
2026/07/26 22:36:15 INFO issue import: sweep done component=tasksource created=1 updated=0 comments_ingested=0 flagged_gone=0
2026/07/26 22:36:15 INFO issue import: sweep start component=tasksource repos=1
2026/07/26 22:36:15 INFO issue import: task flagged gone component=tasksource repo=acme/widgets task_id=4e289ade-0fb0-4fea-a75b-0dfda1215ac8 ref=acme/widgets#1
2026/07/26 22:36:15 INFO issue import: sweep done component=tasksource created=0 updated=0 comments_ingested=0 flagged_gone=1
--- PASS: TestSweepGoneActionMoveFallsBackToFlagWithNilEngine (0.06s)
=== RUN   TestSweepGoneActionMoveFallsBackToFlagWithEmptyLabel
2026/07/26 22:36:16 INFO issue import: sweep start component=tasksource repos=1
2026/07/26 22:36:16 INFO issue import: task created component=tasksource repo=acme/widgets task_id=ca02178e-79f3-45cf-944d-43e148db3991 ref=acme/widgets#1
2026/07/26 22:36:16 INFO issue import: sweep done component=tasksource created=1 updated=0 comments_ingested=0 flagged_gone=0
2026/07/26 22:36:16 INFO issue import: sweep start component=tasksource repos=1
2026/07/26 22:36:16 INFO issue import: task flagged gone component=tasksource repo=acme/widgets task_id=ca02178e-79f3-45cf-944d-43e148db3991 ref=acme/widgets#1
2026/07/26 22:36:16 INFO issue import: sweep done component=tasksource created=0 updated=0 comments_ingested=0 flagged_gone=1
--- PASS: TestSweepGoneActionMoveFallsBackToFlagWithEmptyLabel (0.06s)
=== RUN   TestSweepGoneTaskStaysUntouchedOnLaterSweep
2026/07/26 22:36:16 INFO issue import: sweep start component=tasksource repos=1
2026/07/26 22:36:16 INFO issue import: task created component=tasksource repo=acme/widgets task_id=3489e927-2c85-4618-8891-b8aa40e265a5 ref=acme/widgets#1
2026/07/26 22:36:16 INFO issue import: sweep done component=tasksource created=1 updated=0 comments_ingested=0 flagged_gone=0
2026/07/26 22:36:16 INFO issue import: sweep start component=tasksource repos=1
2026/07/26 22:36:16 INFO issue import: task flagged gone component=tasksource repo=acme/widgets task_id=3489e927-2c85-4618-8891-b8aa40e265a5 ref=acme/widgets#1
2026/07/26 22:36:16 INFO issue import: sweep done component=tasksource created=0 updated=0 comments_ingested=0 flagged_gone=1
2026/07/26 22:36:16 INFO issue import: sweep start component=tasksource repos=1
2026/07/26 22:36:16 INFO issue import: sweep done component=tasksource created=0 updated=0 comments_ingested=0 flagged_gone=0
--- PASS: TestSweepGoneTaskStaysUntouchedOnLaterSweep (0.06s)
=== RUN   TestSweepReappearingIssueClearsGoneState
2026/07/26 22:36:16 INFO issue import: sweep start component=tasksource repos=1
2026/07/26 22:36:16 INFO issue import: task created component=tasksource repo=acme/widgets task_id=f57d4977-a2ff-44a6-8044-2047638ce2f4 ref=acme/widgets#1
2026/07/26 22:36:16 INFO issue import: sweep done component=tasksource created=1 updated=0 comments_ingested=0 flagged_gone=0
2026/07/26 22:36:16 INFO issue import: sweep start component=tasksource repos=1
2026/07/26 22:36:16 INFO issue import: task flagged gone component=tasksource repo=acme/widgets task_id=f57d4977-a2ff-44a6-8044-2047638ce2f4 ref=acme/widgets#1
2026/07/26 22:36:16 INFO issue import: sweep done component=tasksource created=0 updated=0 comments_ingested=0 flagged_gone=1
2026/07/26 22:36:16 INFO issue import: sweep start component=tasksource repos=1
2026/07/26 22:36:16 INFO issue import: sweep done component=tasksource created=0 updated=0 comments_ingested=0 flagged_gone=0
--- PASS: TestSweepReappearingIssueClearsGoneState (0.05s)
=== RUN   TestSweepIngestsCommentsFromTrustedAuthors
2026/07/26 22:36:16 INFO issue import: sweep start component=tasksource repos=1
2026/07/26 22:36:16 INFO issue import: task created component=tasksource repo=acme/widgets task_id=9cc75e7e-3f6e-4abe-9791-2544be58249b ref=acme/widgets#1
2026/07/26 22:36:16 INFO issue import: sweep done component=tasksource created=1 updated=0 comments_ingested=0 flagged_gone=0
2026/07/26 22:36:16 INFO issue import: sweep start component=tasksource repos=1
2026/07/26 22:36:16 INFO issue import: comments ingested component=tasksource repo=acme/widgets task_id=9cc75e7e-3f6e-4abe-9791-2544be58249b count=1
2026/07/26 22:36:16 INFO issue import: sweep done component=tasksource created=0 updated=0 comments_ingested=1 flagged_gone=0
2026/07/26 22:36:16 INFO issue import: sweep start component=tasksource repos=1
2026/07/26 22:36:16 INFO issue import: sweep done component=tasksource created=0 updated=0 comments_ingested=0 flagged_gone=0
--- PASS: TestSweepIngestsCommentsFromTrustedAuthors (0.05s)
=== RUN   TestSweepCommentIngestionRespectsUpdatePolicy
2026/07/26 22:36:16 INFO issue import: sweep start component=tasksource repos=1
2026/07/26 22:36:16 INFO issue import: task created component=tasksource repo=acme/widgets task_id=ce682e34-19e5-4124-a74c-0451c32c8444 ref=acme/widgets#1
2026/07/26 22:36:16 INFO issue import: sweep done component=tasksource created=1 updated=0 comments_ingested=0 flagged_gone=0
2026/07/26 22:36:16 INFO issue import: sweep start component=tasksource repos=1
2026/07/26 22:36:16 INFO issue import: sweep done component=tasksource created=0 updated=0 comments_ingested=0 flagged_gone=0
--- PASS: TestSweepCommentIngestionRespectsUpdatePolicy (0.05s)
=== RUN   TestSweepCommentSyncDisabledIngestsNothing
2026/07/26 22:36:16 INFO issue import: sweep start component=tasksource repos=1
2026/07/26 22:36:16 INFO issue import: task created component=tasksource repo=acme/widgets task_id=828b1ee3-ecc9-47a7-9190-ec7b212a7f39 ref=acme/widgets#1
2026/07/26 22:36:16 INFO issue import: sweep done component=tasksource created=1 updated=0 comments_ingested=0 flagged_gone=0
2026/07/26 22:36:16 INFO issue import: sweep start component=tasksource repos=1
2026/07/26 22:36:16 INFO issue import: sweep done component=tasksource created=0 updated=0 comments_ingested=0 flagged_gone=0
--- PASS: TestSweepCommentSyncDisabledIngestsNothing (0.04s)
PASS
ok  	github.com/myinisjap/agent-task-editor/backend/internal/tasksource	1.269s
=== RUN   TestTransition_HappyPath
--- PASS: TestTransition_HappyPath (0.08s)
=== RUN   TestTransition_ConcurrentSameLabel_OnlyOneSucceeds
--- PASS: TestTransition_ConcurrentSameLabel_OnlyOneSucceeds (0.08s)
=== RUN   TestTransition_NoTransitionDefined
--- PASS: TestTransition_NoTransitionDefined (0.07s)
=== RUN   TestTransition_GateRequired
--- PASS: TestTransition_GateRequired (0.07s)
=== RUN   TestTransition_HumanCanBypassGate
--- PASS: TestTransition_HumanCanBypassGate (0.06s)
=== RUN   TestTransition_AgentCannotMoveToAgentIgnoredLabel
--- PASS: TestTransition_AgentCannotMoveToAgentIgnoredLabel (0.06s)
=== RUN   TestAvailableTransitions_Agent
--- PASS: TestAvailableTransitions_Agent (0.06s)
=== RUN   TestAvailableTransitions_Human
--- PASS: TestAvailableTransitions_Human (0.07s)
=== RUN   TestAgentPickupLabels
--- PASS: TestAgentPickupLabels (0.06s)
=== RUN   TestFeedbackLoop_ReviewToWork
--- PASS: TestFeedbackLoop_ReviewToWork (0.07s)
=== RUN   TestTransition_OnLeaveNotReady_FiresOnceWhenLeavingNotReady
--- PASS: TestTransition_OnLeaveNotReady_FiresOnceWhenLeavingNotReady (0.05s)
=== RUN   TestTransition_OnLeaveNotReady_DoesNotFireOnOtherTransitions
--- PASS: TestTransition_OnLeaveNotReady_DoesNotFireOnOtherTransitions (0.06s)
=== RUN   TestTransition_OnLeaveNotReady_NilCallbackIsSafe
--- PASS: TestTransition_OnLeaveNotReady_NilCallbackIsSafe (0.05s)
=== RUN   TestTransition_OnCreatePR_FiresWhenEnteringCreatePRLabel
--- PASS: TestTransition_OnCreatePR_FiresWhenEnteringCreatePRLabel (0.06s)
=== RUN   TestTransition_OnCreatePR_DoesNotFireForNonCreatePRLabel
--- PASS: TestTransition_OnCreatePR_DoesNotFireForNonCreatePRLabel (0.06s)
=== RUN   TestTransition_OnCreatePR_NilCallbackIsSafe
--- PASS: TestTransition_OnCreatePR_NilCallbackIsSafe (0.06s)
=== RUN   TestGateLabel
=== RUN   TestGateLabel/empty
=== RUN   TestGateLabel/custom-named_agent_ignore_gate_wins
=== RUN   TestGateLabel/lowest_sort_order_agent_ignore_wins_over_higher
=== RUN   TestGateLabel/no_agent_ignore_falls_back_to_first
=== RUN   TestGateLabel/first_is_lowest_sort_order_overall
--- PASS: TestGateLabel (0.00s)
    --- PASS: TestGateLabel/empty (0.00s)
    --- PASS: TestGateLabel/custom-named_agent_ignore_gate_wins (0.00s)
    --- PASS: TestGateLabel/lowest_sort_order_agent_ignore_wins_over_higher (0.00s)
    --- PASS: TestGateLabel/no_agent_ignore_falls_back_to_first (0.00s)
    --- PASS: TestGateLabel/first_is_lowest_sort_order_overall (0.00s)
PASS
ok  	github.com/myinisjap/agent-task-editor/backend/internal/workflow	1.043s
=== RUN   TestParseSourceRef
=== RUN   TestParseSourceRef/valid
=== RUN   TestParseSourceRef/missing_hash
=== RUN   TestParseSourceRef/missing_slash
=== RUN   TestParseSourceRef/non_numeric_suffix
=== RUN   TestParseSourceRef/empty
=== RUN   TestParseSourceRef/trailing_hash_no_number
=== RUN   TestParseSourceRef/zero_issue_number
=== RUN   TestParseSourceRef/negative_issue_number
=== RUN   TestParseSourceRef/nested_org_path
--- PASS: TestParseSourceRef (0.00s)
    --- PASS: TestParseSourceRef/valid (0.00s)
    --- PASS: TestParseSourceRef/missing_hash (0.00s)
    --- PASS: TestParseSourceRef/missing_slash (0.00s)
    --- PASS: TestParseSourceRef/non_numeric_suffix (0.00s)
    --- PASS: TestParseSourceRef/empty (0.00s)
    --- PASS: TestParseSourceRef/trailing_hash_no_number (0.00s)
    --- PASS: TestParseSourceRef/zero_issue_number (0.00s)
    --- PASS: TestParseSourceRef/negative_issue_number (0.00s)
    --- PASS: TestParseSourceRef/nested_org_path (0.00s)
=== RUN   TestOnLeaveNotReady_Disabled
--- PASS: TestOnLeaveNotReady_Disabled (0.08s)
=== RUN   TestOnLeaveNotReady_NoSource
--- PASS: TestOnLeaveNotReady_NoSource (0.06s)
=== RUN   TestOnLeaveNotReady_FirstCallAppliesLabelAndMarksDone
--- PASS: TestOnLeaveNotReady_FirstCallAppliesLabelAndMarksDone (0.07s)
=== RUN   TestOnLeaveNotReady_Idempotent
--- PASS: TestOnLeaveNotReady_Idempotent (0.06s)
=== RUN   TestOnLeaveNotReady_MarksDoneEvenOnGHFailure
2026/07/26 22:36:15 WARN writeback: add in-progress label failed component=writeback task_id=a67b4cb4-8578-445f-b414-57761fbbba7b ref=acme/widgets#1 label=agent-in-progress err="label not found"
--- PASS: TestOnLeaveNotReady_MarksDoneEvenOnGHFailure (0.07s)
=== RUN   TestOnLeaveNotReady_CustomLabel
--- PASS: TestOnLeaveNotReady_CustomLabel (0.07s)
=== RUN   TestOnLeaveNotReady_BlankLabelFallsBackToDefault
--- PASS: TestOnLeaveNotReady_BlankLabelFallsBackToDefault (0.06s)
=== RUN   TestOnPROpened_Disabled
--- PASS: TestOnPROpened_Disabled (0.06s)
=== RUN   TestOnPROpened_NoPRURL
--- PASS: TestOnPROpened_NoPRURL (0.06s)
=== RUN   TestOnPROpened_FirstCallCommentsAndMarksDone
--- PASS: TestOnPROpened_FirstCallCommentsAndMarksDone (0.06s)
=== RUN   TestOnPROpened_Idempotent
--- PASS: TestOnPROpened_Idempotent (0.05s)
=== RUN   TestOnPROpened_LeavesFlagUnsetOnGHFailure
2026/07/26 22:36:15 WARN writeback: PR-opened comment failed component=writeback task_id=a8598a94-02e9-4494-a337-da2541c30124 ref=acme/widgets#1 err="rate limited"
--- PASS: TestOnPROpened_LeavesFlagUnsetOnGHFailure (0.05s)
=== RUN   TestOnPRMerged_NotMergedYet
--- PASS: TestOnPRMerged_NotMergedYet (0.06s)
=== RUN   TestOnPRMerged_FirstCallClosesAndMarksDone
--- PASS: TestOnPRMerged_FirstCallClosesAndMarksDone (0.06s)
=== RUN   TestOnPRMerged_Idempotent
--- PASS: TestOnPRMerged_Idempotent (0.06s)
=== RUN   TestOnPRMerged_NoSourceRef
--- PASS: TestOnPRMerged_NoSourceRef (0.07s)
PASS
ok  	github.com/myinisjap/agent-task-editor/backend/internal/writeback	1.009s
=== RUN   TestHub_Publish_BroadcastToAll
--- PASS: TestHub_Publish_BroadcastToAll (0.00s)
=== RUN   TestHub_Publish_AgentLog_OnlyToSubscribed
--- PASS: TestHub_Publish_AgentLog_OnlyToSubscribed (0.00s)
=== RUN   TestHub_Publish_AgentLog_NoTaskID_Broadcasts
--- PASS: TestHub_Publish_AgentLog_NoTaskID_Broadcasts (0.00s)
=== RUN   TestHub_Unregister_StopsDelivery
--- PASS: TestHub_Unregister_StopsDelivery (0.00s)
=== RUN   TestHub_Publish_FullBuffer_DoesNotBlock
2026/07/26 22:36:15 WARN ws client send buffer full, dropping event type=task.label_changed
--- PASS: TestHub_Publish_FullBuffer_DoesNotBlock (0.00s)
=== RUN   TestHub_EventPayload_Roundtrips
--- PASS: TestHub_EventPayload_Roundtrips (0.00s)
=== RUN   TestTicketStore_IssueReturnsUniqueNonEmptyTickets
--- PASS: TestTicketStore_IssueReturnsUniqueNonEmptyTickets (0.00s)
=== RUN   TestTicketStore_ConsumeIsSingleUse
--- PASS: TestTicketStore_ConsumeIsSingleUse (0.00s)
=== RUN   TestTicketStore_ConsumeUnknownTicketFails
--- PASS: TestTicketStore_ConsumeUnknownTicketFails (0.00s)
=== RUN   TestTicketStore_ConsumeExpiredTicketFails
--- PASS: TestTicketStore_ConsumeExpiredTicketFails (0.02s)
=== RUN   TestTicketStore_IssueSweepsExpiredEntries
--- PASS: TestTicketStore_IssueSweepsExpiredEntries (0.02s)
=== RUN   TestHub_IssueAndConsumeTicket
--- PASS: TestHub_IssueAndConsumeTicket (0.00s)
PASS
ok  	github.com/myinisjap/agent-task-editor/backend/internal/ws	0.070s
