=== RUN   TestToolsList
--- PASS: TestToolsList (0.01s)
=== RUN   TestCreateTask_DefaultsToWork_OmitsWorkflowID
--- PASS: TestCreateTask_DefaultsToWork_OmitsWorkflowID (0.01s)
=== RUN   TestCreateTask_ExplicitLabelAndWorkflow
--- PASS: TestCreateTask_ExplicitLabelAndWorkflow (0.00s)
=== RUN   TestCreateTask_MissingTitle
--- PASS: TestCreateTask_MissingTitle (0.00s)
=== RUN   TestCreateTask_BackendErrorSurfaced
--- PASS: TestCreateTask_BackendErrorSurfaced (0.01s)
=== RUN   TestListRepos_SendsBearerToken
--- PASS: TestListRepos_SendsBearerToken (0.01s)
PASS
ok  	github.com/myinisjap/agent-task-editor/backend/cmd/mcp-board	0.052s
=== RUN   TestResolveComment_AccumulatesAndPersistsPartialResult
--- PASS: TestResolveComment_AccumulatesAndPersistsPartialResult (0.00s)
=== RUN   TestResolveComment_RejectsUnknownID
--- PASS: TestResolveComment_RejectsUnknownID (0.00s)
=== RUN   TestSignalComplete_IncludesResolutions
--- PASS: TestSignalComplete_IncludesResolutions (0.00s)
=== RUN   TestResolveComment_AfterSignalComplete_RewritesTerminalResult
--- PASS: TestResolveComment_AfterSignalComplete_RewritesTerminalResult (0.00s)
PASS
ok  	github.com/myinisjap/agent-task-editor/backend/cmd/mcp-server	0.016s
?   	github.com/myinisjap/agent-task-editor/backend/cmd/server	[no test files]
=== RUN   TestE2E_CostBudget
=== RUN   TestE2E_CostBudget/no_budget_set:_dispatches_normally
2026/07/27 00:53:47 INFO dispatcher: agent dispatched component=dispatcher task_id=b65da1cf-fa13-4794-b784-573fd16d46fd run_id=47272e64-df43-4bca-840c-ccbf0305dbef label=ready agent=fake-agent provider=fake agent_id=a49d5b0f-d84e-4c7b-aa4d-b85ce61012f9 agent_enabled=1 resume_session=false human_reply=false
2026/07/27 00:53:47 INFO pool: agent run starting component=pool run_id=47272e64-df43-4bca-840c-ccbf0305dbef task_id=b65da1cf-fa13-4794-b784-573fd16d46fd provider=fake agent=fake-agent
2026/07/27 00:53:47 INFO pool: agent run finished component=pool run_id=47272e64-df43-4bca-840c-ccbf0305dbef task_id=b65da1cf-fa13-4794-b784-573fd16d46fd status=completed
=== RUN   TestE2E_CostBudget/agent_config_budget_exceeded:_escalates_without_dispatching
2026/07/27 00:53:47 WARN dispatcher: skipping dispatch, cost budget exhausted component=dispatcher task_id=3fe42bb1-4efa-4fa4-9dbc-5b90d1843e2e spent=1.5 budget=1
=== RUN   TestE2E_CostBudget/task_budget_exceeded:_escalates_without_dispatching
2026/07/27 00:53:47 WARN dispatcher: skipping dispatch, cost budget exhausted component=dispatcher task_id=58e762f8-700e-4145-839e-88bf85470f37 spent=2 budget=2
=== RUN   TestE2E_CostBudget/min_of_both_nonzero_budgets_wins
2026/07/27 00:53:47 WARN dispatcher: skipping dispatch, cost budget exhausted component=dispatcher task_id=e458cf48-9a47-4125-aafc-50052ac299f2 spent=1 budget=1
=== RUN   TestE2E_CostBudget/budget_not_yet_exceeded:_dispatches_normally
2026/07/27 00:53:47 INFO dispatcher: agent dispatched component=dispatcher task_id=df7a1653-90fa-46b6-8439-154bec447725 run_id=cde0f5f5-adc3-44a7-9736-395d378f39fa label=ready agent=fake-agent provider=fake agent_id=c1a9e3c9-7954-478d-93f2-e76d8c9d715f agent_enabled=1 resume_session=false human_reply=false
2026/07/27 00:53:47 INFO pool: agent run starting component=pool run_id=cde0f5f5-adc3-44a7-9736-395d378f39fa task_id=df7a1653-90fa-46b6-8439-154bec447725 provider=fake agent=fake-agent
2026/07/27 00:53:48 INFO pool: agent run finished component=pool run_id=cde0f5f5-adc3-44a7-9736-395d378f39fa task_id=df7a1653-90fa-46b6-8439-154bec447725 status=completed
--- PASS: TestE2E_CostBudget (0.63s)
    --- PASS: TestE2E_CostBudget/no_budget_set:_dispatches_normally (0.15s)
    --- PASS: TestE2E_CostBudget/agent_config_budget_exceeded:_escalates_without_dispatching (0.13s)
    --- PASS: TestE2E_CostBudget/task_budget_exceeded:_escalates_without_dispatching (0.11s)
    --- PASS: TestE2E_CostBudget/min_of_both_nonzero_budgets_wins (0.11s)
    --- PASS: TestE2E_CostBudget/budget_not_yet_exceeded:_dispatches_normally (0.13s)
=== RUN   TestE2E_GoldenPath
2026/07/27 00:53:48 INFO dispatcher: agent dispatched component=dispatcher task_id=54a6eafd-d4c0-41bb-a08d-211267dc608e run_id=79c13fe6-eee9-4077-83aa-db539b6f0e6a label=ready agent=fake-agent provider=fake agent_id=c53a508e-e640-4b5b-81d7-6f5bb2c48e87 agent_enabled=1 resume_session=false human_reply=false
2026/07/27 00:53:48 INFO pool: agent run starting component=pool run_id=79c13fe6-eee9-4077-83aa-db539b6f0e6a task_id=54a6eafd-d4c0-41bb-a08d-211267dc608e provider=fake agent=fake-agent
2026/07/27 00:53:48 INFO pool: agent run finished component=pool run_id=79c13fe6-eee9-4077-83aa-db539b6f0e6a task_id=54a6eafd-d4c0-41bb-a08d-211267dc608e status=completed
--- PASS: TestE2E_GoldenPath (0.12s)
=== RUN   TestE2E_TransientRetryThenEscalate
2026/07/27 00:53:48 INFO dispatcher: agent dispatched component=dispatcher task_id=2bc56278-d18f-43cb-8aa8-3d404ea48ffe run_id=4c2137d3-1d11-412b-b448-8c7ca9407568 label=ready agent=fake-agent provider=fake agent_id=92c635c5-e2b6-4fff-837d-a4b0be2a8f13 agent_enabled=1 resume_session=false human_reply=false
2026/07/27 00:53:48 INFO pool: agent run starting component=pool run_id=4c2137d3-1d11-412b-b448-8c7ca9407568 task_id=2bc56278-d18f-43cb-8aa8-3d404ea48ffe provider=fake agent=fake-agent
2026/07/27 00:53:48 WARN pool: agent run transient error component=pool run_id=4c2137d3-1d11-412b-b448-8c7ca9407568 task_id=2bc56278-d18f-43cb-8aa8-3d404ea48ffe classification=transient err="transient error: context deadline exceeded"
2026/07/27 00:53:48 INFO pool: transient failure, scheduling auto-retry component=pool run_id=4c2137d3-1d11-412b-b448-8c7ca9407568 task_id=2bc56278-d18f-43cb-8aa8-3d404ea48ffe attempt=1 max_retries=1 next_retry_at=2026-07-27T00:53:49.236Z reason="transient error: context deadline exceeded"
2026/07/27 00:53:49 INFO dispatcher: agent dispatched component=dispatcher task_id=2bc56278-d18f-43cb-8aa8-3d404ea48ffe run_id=ce738b7e-7bfb-49ae-b4c1-4f212219d3e6 label=ready agent=fake-agent provider=fake agent_id=92c635c5-e2b6-4fff-837d-a4b0be2a8f13 agent_enabled=1 resume_session=false human_reply=false
2026/07/27 00:53:49 INFO pool: agent run starting component=pool run_id=ce738b7e-7bfb-49ae-b4c1-4f212219d3e6 task_id=2bc56278-d18f-43cb-8aa8-3d404ea48ffe provider=fake agent=fake-agent
2026/07/27 00:53:49 WARN pool: agent run transient error component=pool run_id=ce738b7e-7bfb-49ae-b4c1-4f212219d3e6 task_id=2bc56278-d18f-43cb-8aa8-3d404ea48ffe classification=transient err="transient error: context deadline exceeded"
2026/07/27 00:53:49 WARN pool: transient retry budget exhausted, escalating to waiting_human component=pool run_id=ce738b7e-7bfb-49ae-b4c1-4f212219d3e6 task_id=2bc56278-d18f-43cb-8aa8-3d404ea48ffe count=1 max_retries=1
--- PASS: TestE2E_TransientRetryThenEscalate (0.87s)
=== RUN   TestE2E_TerminalLabelTearsDownWorktree
2026/07/27 00:53:49 INFO dispatcher: agent dispatched component=dispatcher task_id=14739c95-67b2-40ec-9d1f-71c575cf838f run_id=6e794680-0500-48fc-b098-d8cdf619336d label=ready agent=fake-agent provider=fake agent_id=79b6837c-95ed-4b28-bef4-825dc00c3bbd agent_enabled=1 resume_session=false human_reply=false
2026/07/27 00:53:49 INFO pool: agent run starting component=pool run_id=6e794680-0500-48fc-b098-d8cdf619336d task_id=14739c95-67b2-40ec-9d1f-71c575cf838f provider=fake agent=fake-agent
2026/07/27 00:53:49 INFO pool: agent run finished component=pool run_id=6e794680-0500-48fc-b098-d8cdf619336d task_id=14739c95-67b2-40ec-9d1f-71c575cf838f status=completed
--- PASS: TestE2E_TerminalLabelTearsDownWorktree (0.11s)
=== RUN   TestE2E_WaitingHumanStaysLocked
2026/07/27 00:53:49 INFO dispatcher: agent dispatched component=dispatcher task_id=247d28dc-61e8-4f76-9f9b-d4ae6b4c141c run_id=6ee27f9f-4e66-4086-bf46-fcc9149fd91b label=ready agent=fake-agent provider=fake agent_id=e43ab8ab-43bc-4cd4-aed8-f05dbe7757eb agent_enabled=1 resume_session=false human_reply=false
2026/07/27 00:53:49 INFO pool: agent run starting component=pool run_id=6ee27f9f-4e66-4086-bf46-fcc9149fd91b task_id=247d28dc-61e8-4f76-9f9b-d4ae6b4c141c provider=fake agent=fake-agent
2026/07/27 00:53:49 INFO pool: agent run finished component=pool run_id=6ee27f9f-4e66-4086-bf46-fcc9149fd91b task_id=247d28dc-61e8-4f76-9f9b-d4ae6b4c141c status=waiting_human
--- PASS: TestE2E_WaitingHumanStaysLocked (0.29s)
=== RUN   TestE2E_ReplyResumesSession
2026/07/27 00:53:49 INFO dispatcher: agent dispatched component=dispatcher task_id=72070280-f31a-48d2-a5dd-4e3da72b2907 run_id=5e0d51be-f686-4822-8e83-8ac163454662 label=ready agent=fake-agent provider=claude agent_id=c498c9b3-0411-4b10-8a25-85ad68d47c3a agent_enabled=1 resume_session=false human_reply=false
2026/07/27 00:53:49 INFO pool: agent run starting component=pool run_id=5e0d51be-f686-4822-8e83-8ac163454662 task_id=72070280-f31a-48d2-a5dd-4e3da72b2907 provider=claude agent=fake-agent
2026/07/27 00:53:49 INFO pool: agent run finished component=pool run_id=5e0d51be-f686-4822-8e83-8ac163454662 task_id=72070280-f31a-48d2-a5dd-4e3da72b2907 status=waiting_human
2026/07/27 00:53:49 INFO dispatcher: agent dispatched component=dispatcher task_id=72070280-f31a-48d2-a5dd-4e3da72b2907 run_id=5b820a64-39d1-40e1-a5f9-6a807c8cdd70 label=ready agent=fake-agent provider=claude agent_id=c498c9b3-0411-4b10-8a25-85ad68d47c3a agent_enabled=1 resume_session=true human_reply=true
2026/07/27 00:53:49 INFO pool: agent run starting component=pool run_id=5b820a64-39d1-40e1-a5f9-6a807c8cdd70 task_id=72070280-f31a-48d2-a5dd-4e3da72b2907 provider=claude agent=fake-agent
2026/07/27 00:53:49 INFO pool: agent run finished component=pool run_id=5b820a64-39d1-40e1-a5f9-6a807c8cdd70 task_id=72070280-f31a-48d2-a5dd-4e3da72b2907 status=completed
--- PASS: TestE2E_ReplyResumesSession (0.10s)
=== RUN   TestE2E_FailoverToBackupConfig
2026/07/27 00:53:49 INFO dispatcher: skipping rate-limited config, trying next component=dispatcher task_id=f4717dec-2dc1-423a-a54c-5035664d9624 agent_config_id=6ca89307-9002-48fa-9420-1303782ac4f8 unblocked_at=2026-07-27T01:53:49.557Z
2026/07/27 00:53:49 INFO dispatcher: agent dispatched component=dispatcher task_id=f4717dec-2dc1-423a-a54c-5035664d9624 run_id=e83a8761-87f3-4987-be1f-3e8b89af2851 label=ready agent=backup provider=fake agent_id=93fd26de-97d5-4983-849c-8d4a7ee82497 agent_enabled=1 resume_session=false human_reply=false
2026/07/27 00:53:49 INFO pool: agent run starting component=pool run_id=e83a8761-87f3-4987-be1f-3e8b89af2851 task_id=f4717dec-2dc1-423a-a54c-5035664d9624 provider=fake agent=backup
2026/07/27 00:53:49 ERROR pool: set run completed component=pool run_id=e83a8761-87f3-4987-be1f-3e8b89af2851 task_id=f4717dec-2dc1-423a-a54c-5035664d9624 err="context canceled"
2026/07/27 00:53:49 WARN pool: safety-net commit failed component=pool run_id=e83a8761-87f3-4987-be1f-3e8b89af2851 task_id=f4717dec-2dc1-423a-a54c-5035664d9624 err="git status: context canceled: "
2026/07/27 00:53:49 ERROR pool: resolve outcome: list transitions component=pool task_id=f4717dec-2dc1-423a-a54c-5035664d9624 err="context canceled"
2026/07/27 00:53:49 INFO pool: agent run finished component=pool run_id=e83a8761-87f3-4987-be1f-3e8b89af2851 task_id=f4717dec-2dc1-423a-a54c-5035664d9624 status=completed
--- PASS: TestE2E_FailoverToBackupConfig (0.08s)
=== RUN   TestE2E_FailoverAllBlocked_NoDispatch
2026/07/27 00:53:49 INFO dispatcher: skipping rate-limited config, trying next component=dispatcher task_id=64b5a993-52bf-4ac4-bd72-37ee597e2db7 agent_config_id=a32e90f6-72df-4b0b-b5af-5e1be958e2ae unblocked_at=2026-07-27T01:53:49.635Z
2026/07/27 00:53:49 INFO dispatcher: skipping rate-limited config, trying next component=dispatcher task_id=64b5a993-52bf-4ac4-bd72-37ee597e2db7 agent_config_id=b97b6224-7ef0-4f1b-9b74-d1796392a976 unblocked_at=2026-07-27T01:53:49.635Z
2026/07/27 00:53:49 INFO dispatcher: all matching configs rate-limited, skipping dispatch component=dispatcher task_id=64b5a993-52bf-4ac4-bd72-37ee597e2db7 label=ready
2026/07/27 00:53:49 INFO dispatcher: skipping rate-limited config, trying next component=dispatcher task_id=64b5a993-52bf-4ac4-bd72-37ee597e2db7 agent_config_id=a32e90f6-72df-4b0b-b5af-5e1be958e2ae unblocked_at=2026-07-27T01:53:49.635Z
2026/07/27 00:53:49 INFO dispatcher: skipping rate-limited config, trying next component=dispatcher task_id=64b5a993-52bf-4ac4-bd72-37ee597e2db7 agent_config_id=b97b6224-7ef0-4f1b-9b74-d1796392a976 unblocked_at=2026-07-27T01:53:49.635Z
2026/07/27 00:53:49 INFO dispatcher: all matching configs rate-limited, skipping dispatch component=dispatcher task_id=64b5a993-52bf-4ac4-bd72-37ee597e2db7 label=ready
2026/07/27 00:53:49 INFO dispatcher: skipping rate-limited config, trying next component=dispatcher task_id=64b5a993-52bf-4ac4-bd72-37ee597e2db7 agent_config_id=a32e90f6-72df-4b0b-b5af-5e1be958e2ae unblocked_at=2026-07-27T01:53:49.635Z
2026/07/27 00:53:49 INFO dispatcher: skipping rate-limited config, trying next component=dispatcher task_id=64b5a993-52bf-4ac4-bd72-37ee597e2db7 agent_config_id=b97b6224-7ef0-4f1b-9b74-d1796392a976 unblocked_at=2026-07-27T01:53:49.635Z
2026/07/27 00:53:49 INFO dispatcher: all matching configs rate-limited, skipping dispatch component=dispatcher task_id=64b5a993-52bf-4ac4-bd72-37ee597e2db7 label=ready
2026/07/27 00:53:49 INFO dispatcher: skipping rate-limited config, trying next component=dispatcher task_id=64b5a993-52bf-4ac4-bd72-37ee597e2db7 agent_config_id=a32e90f6-72df-4b0b-b5af-5e1be958e2ae unblocked_at=2026-07-27T01:53:49.635Z
2026/07/27 00:53:49 INFO dispatcher: skipping rate-limited config, trying next component=dispatcher task_id=64b5a993-52bf-4ac4-bd72-37ee597e2db7 agent_config_id=b97b6224-7ef0-4f1b-9b74-d1796392a976 unblocked_at=2026-07-27T01:53:49.635Z
2026/07/27 00:53:49 INFO dispatcher: all matching configs rate-limited, skipping dispatch component=dispatcher task_id=64b5a993-52bf-4ac4-bd72-37ee597e2db7 label=ready
2026/07/27 00:53:49 INFO dispatcher: skipping rate-limited config, trying next component=dispatcher task_id=64b5a993-52bf-4ac4-bd72-37ee597e2db7 agent_config_id=a32e90f6-72df-4b0b-b5af-5e1be958e2ae unblocked_at=2026-07-27T01:53:49.635Z
2026/07/27 00:53:49 INFO dispatcher: skipping rate-limited config, trying next component=dispatcher task_id=64b5a993-52bf-4ac4-bd72-37ee597e2db7 agent_config_id=b97b6224-7ef0-4f1b-9b74-d1796392a976 unblocked_at=2026-07-27T01:53:49.635Z
2026/07/27 00:53:49 INFO dispatcher: all matching configs rate-limited, skipping dispatch component=dispatcher task_id=64b5a993-52bf-4ac4-bd72-37ee597e2db7 label=ready
2026/07/27 00:53:49 INFO dispatcher: skipping rate-limited config, trying next component=dispatcher task_id=64b5a993-52bf-4ac4-bd72-37ee597e2db7 agent_config_id=a32e90f6-72df-4b0b-b5af-5e1be958e2ae unblocked_at=2026-07-27T01:53:49.635Z
2026/07/27 00:53:49 INFO dispatcher: skipping rate-limited config, trying next component=dispatcher task_id=64b5a993-52bf-4ac4-bd72-37ee597e2db7 agent_config_id=b97b6224-7ef0-4f1b-9b74-d1796392a976 unblocked_at=2026-07-27T01:53:49.635Z
2026/07/27 00:53:49 INFO dispatcher: all matching configs rate-limited, skipping dispatch component=dispatcher task_id=64b5a993-52bf-4ac4-bd72-37ee597e2db7 label=ready
2026/07/27 00:53:49 INFO dispatcher: skipping rate-limited config, trying next component=dispatcher task_id=64b5a993-52bf-4ac4-bd72-37ee597e2db7 agent_config_id=a32e90f6-72df-4b0b-b5af-5e1be958e2ae unblocked_at=2026-07-27T01:53:49.635Z
2026/07/27 00:53:49 INFO dispatcher: skipping rate-limited config, trying next component=dispatcher task_id=64b5a993-52bf-4ac4-bd72-37ee597e2db7 agent_config_id=b97b6224-7ef0-4f1b-9b74-d1796392a976 unblocked_at=2026-07-27T01:53:49.635Z
2026/07/27 00:53:49 INFO dispatcher: all matching configs rate-limited, skipping dispatch component=dispatcher task_id=64b5a993-52bf-4ac4-bd72-37ee597e2db7 label=ready
2026/07/27 00:53:49 INFO dispatcher: skipping rate-limited config, trying next component=dispatcher task_id=64b5a993-52bf-4ac4-bd72-37ee597e2db7 agent_config_id=a32e90f6-72df-4b0b-b5af-5e1be958e2ae unblocked_at=2026-07-27T01:53:49.635Z
2026/07/27 00:53:49 INFO dispatcher: skipping rate-limited config, trying next component=dispatcher task_id=64b5a993-52bf-4ac4-bd72-37ee597e2db7 agent_config_id=b97b6224-7ef0-4f1b-9b74-d1796392a976 unblocked_at=2026-07-27T01:53:49.635Z
2026/07/27 00:53:49 INFO dispatcher: all matching configs rate-limited, skipping dispatch component=dispatcher task_id=64b5a993-52bf-4ac4-bd72-37ee597e2db7 label=ready
2026/07/27 00:53:49 INFO dispatcher: skipping rate-limited config, trying next component=dispatcher task_id=64b5a993-52bf-4ac4-bd72-37ee597e2db7 agent_config_id=a32e90f6-72df-4b0b-b5af-5e1be958e2ae unblocked_at=2026-07-27T01:53:49.635Z
2026/07/27 00:53:49 INFO dispatcher: skipping rate-limited config, trying next component=dispatcher task_id=64b5a993-52bf-4ac4-bd72-37ee597e2db7 agent_config_id=b97b6224-7ef0-4f1b-9b74-d1796392a976 unblocked_at=2026-07-27T01:53:49.635Z
2026/07/27 00:53:49 INFO dispatcher: all matching configs rate-limited, skipping dispatch component=dispatcher task_id=64b5a993-52bf-4ac4-bd72-37ee597e2db7 label=ready
2026/07/27 00:53:49 INFO dispatcher: skipping rate-limited config, trying next component=dispatcher task_id=64b5a993-52bf-4ac4-bd72-37ee597e2db7 agent_config_id=a32e90f6-72df-4b0b-b5af-5e1be958e2ae unblocked_at=2026-07-27T01:53:49.635Z
2026/07/27 00:53:49 INFO dispatcher: skipping rate-limited config, trying next component=dispatcher task_id=64b5a993-52bf-4ac4-bd72-37ee597e2db7 agent_config_id=b97b6224-7ef0-4f1b-9b74-d1796392a976 unblocked_at=2026-07-27T01:53:49.635Z
2026/07/27 00:53:49 INFO dispatcher: all matching configs rate-limited, skipping dispatch component=dispatcher task_id=64b5a993-52bf-4ac4-bd72-37ee597e2db7 label=ready
2026/07/27 00:53:49 INFO dispatcher: skipping rate-limited config, trying next component=dispatcher task_id=64b5a993-52bf-4ac4-bd72-37ee597e2db7 agent_config_id=a32e90f6-72df-4b0b-b5af-5e1be958e2ae unblocked_at=2026-07-27T01:53:49.635Z
2026/07/27 00:53:49 INFO dispatcher: skipping rate-limited config, trying next component=dispatcher task_id=64b5a993-52bf-4ac4-bd72-37ee597e2db7 agent_config_id=b97b6224-7ef0-4f1b-9b74-d1796392a976 unblocked_at=2026-07-27T01:53:49.635Z
2026/07/27 00:53:49 INFO dispatcher: all matching configs rate-limited, skipping dispatch component=dispatcher task_id=64b5a993-52bf-4ac4-bd72-37ee597e2db7 label=ready
2026/07/27 00:53:49 INFO dispatcher: skipping rate-limited config, trying next component=dispatcher task_id=64b5a993-52bf-4ac4-bd72-37ee597e2db7 agent_config_id=a32e90f6-72df-4b0b-b5af-5e1be958e2ae unblocked_at=2026-07-27T01:53:49.635Z
2026/07/27 00:53:49 INFO dispatcher: skipping rate-limited config, trying next component=dispatcher task_id=64b5a993-52bf-4ac4-bd72-37ee597e2db7 agent_config_id=b97b6224-7ef0-4f1b-9b74-d1796392a976 unblocked_at=2026-07-27T01:53:49.635Z
2026/07/27 00:53:49 INFO dispatcher: all matching configs rate-limited, skipping dispatch component=dispatcher task_id=64b5a993-52bf-4ac4-bd72-37ee597e2db7 label=ready
2026/07/27 00:53:49 INFO dispatcher: skipping rate-limited config, trying next component=dispatcher task_id=64b5a993-52bf-4ac4-bd72-37ee597e2db7 agent_config_id=a32e90f6-72df-4b0b-b5af-5e1be958e2ae unblocked_at=2026-07-27T01:53:49.635Z
2026/07/27 00:53:49 INFO dispatcher: skipping rate-limited config, trying next component=dispatcher task_id=64b5a993-52bf-4ac4-bd72-37ee597e2db7 agent_config_id=b97b6224-7ef0-4f1b-9b74-d1796392a976 unblocked_at=2026-07-27T01:53:49.635Z
2026/07/27 00:53:49 INFO dispatcher: all matching configs rate-limited, skipping dispatch component=dispatcher task_id=64b5a993-52bf-4ac4-bd72-37ee597e2db7 label=ready
2026/07/27 00:53:49 INFO dispatcher: skipping rate-limited config, trying next component=dispatcher task_id=64b5a993-52bf-4ac4-bd72-37ee597e2db7 agent_config_id=a32e90f6-72df-4b0b-b5af-5e1be958e2ae unblocked_at=2026-07-27T01:53:49.635Z
2026/07/27 00:53:49 INFO dispatcher: skipping rate-limited config, trying next component=dispatcher task_id=64b5a993-52bf-4ac4-bd72-37ee597e2db7 agent_config_id=b97b6224-7ef0-4f1b-9b74-d1796392a976 unblocked_at=2026-07-27T01:53:49.635Z
2026/07/27 00:53:49 INFO dispatcher: all matching configs rate-limited, skipping dispatch component=dispatcher task_id=64b5a993-52bf-4ac4-bd72-37ee597e2db7 label=ready
--- PASS: TestE2E_FailoverAllBlocked_NoDispatch (0.26s)
=== RUN   TestE2E_RepoConcurrencyLimit
2026/07/27 00:53:49 INFO dispatcher: agent dispatched component=dispatcher task_id=1a4b998f-bb6d-4411-a3eb-29967d286fd2 run_id=2ec1d283-27ad-44a0-b8b8-a3a12f0d2df2 label=ready agent=fake-agent provider=fake agent_id=75716837-f9e5-4e60-a6f1-8074d5e84811 agent_enabled=1 resume_session=false human_reply=false
2026/07/27 00:53:49 INFO pool: agent run starting component=pool run_id=2ec1d283-27ad-44a0-b8b8-a3a12f0d2df2 task_id=1a4b998f-bb6d-4411-a3eb-29967d286fd2 provider=fake agent=fake-agent
2026/07/27 00:53:50 INFO pool: agent run finished component=pool run_id=2ec1d283-27ad-44a0-b8b8-a3a12f0d2df2 task_id=1a4b998f-bb6d-4411-a3eb-29967d286fd2 status=completed
2026/07/27 00:53:50 INFO dispatcher: agent dispatched component=dispatcher task_id=d09489d0-d2e5-41d4-8685-5a0406bab914 run_id=bfbf4248-1e97-438a-883c-446f60c382d9 label=ready agent=fake-agent provider=fake agent_id=75716837-f9e5-4e60-a6f1-8074d5e84811 agent_enabled=1 resume_session=false human_reply=false
2026/07/27 00:53:50 INFO pool: agent run starting component=pool run_id=bfbf4248-1e97-438a-883c-446f60c382d9 task_id=d09489d0-d2e5-41d4-8685-5a0406bab914 provider=fake agent=fake-agent
2026/07/27 00:53:50 INFO pool: agent run finished component=pool run_id=bfbf4248-1e97-438a-883c-446f60c382d9 task_id=d09489d0-d2e5-41d4-8685-5a0406bab914 status=completed
--- PASS: TestE2E_RepoConcurrencyLimit (0.32s)
=== RUN   TestE2E_RepoConcurrencyLimit_UnsetFallsBackToPool
2026/07/27 00:53:50 INFO dispatcher: agent dispatched component=dispatcher task_id=fb4fc0de-397b-406b-b9e9-c0134d81d97d run_id=8b9c3214-ef10-4ad1-9c77-0daa12e165f2 label=ready agent=fake-agent provider=fake agent_id=c71157a8-d8a4-42b2-85ae-f7dc5117fcfb agent_enabled=1 resume_session=false human_reply=false
2026/07/27 00:53:50 INFO pool: agent run starting component=pool run_id=8b9c3214-ef10-4ad1-9c77-0daa12e165f2 task_id=fb4fc0de-397b-406b-b9e9-c0134d81d97d provider=fake agent=fake-agent
2026/07/27 00:53:50 INFO dispatcher: agent dispatched component=dispatcher task_id=b134ae4f-0714-4979-b2cc-ed71e371c9cc run_id=99f45625-ae89-4ffd-87a1-fe807e8499a8 label=ready agent=fake-agent provider=fake agent_id=c71157a8-d8a4-42b2-85ae-f7dc5117fcfb agent_enabled=1 resume_session=false human_reply=false
2026/07/27 00:53:50 INFO pool: agent run starting component=pool run_id=99f45625-ae89-4ffd-87a1-fe807e8499a8 task_id=b134ae4f-0714-4979-b2cc-ed71e371c9cc provider=fake agent=fake-agent
2026/07/27 00:53:50 WARN pool: reset transient retry count component=pool run_id=8b9c3214-ef10-4ad1-9c77-0daa12e165f2 task_id=fb4fc0de-397b-406b-b9e9-c0134d81d97d err="context canceled"
2026/07/27 00:53:50 WARN pool: reset transient retry count component=pool run_id=99f45625-ae89-4ffd-87a1-fe807e8499a8 task_id=b134ae4f-0714-4979-b2cc-ed71e371c9cc err="context canceled"
2026/07/27 00:53:50 ERROR pool: set run completed component=pool run_id=8b9c3214-ef10-4ad1-9c77-0daa12e165f2 task_id=fb4fc0de-397b-406b-b9e9-c0134d81d97d err="context canceled"
2026/07/27 00:53:50 ERROR pool: set run completed component=pool run_id=99f45625-ae89-4ffd-87a1-fe807e8499a8 task_id=b134ae4f-0714-4979-b2cc-ed71e371c9cc err="context canceled"
2026/07/27 00:53:50 WARN pool: safety-net commit failed component=pool run_id=8b9c3214-ef10-4ad1-9c77-0daa12e165f2 task_id=fb4fc0de-397b-406b-b9e9-c0134d81d97d err="git status: context canceled: "
2026/07/27 00:53:50 ERROR pool: resolve outcome: list transitions component=pool task_id=fb4fc0de-397b-406b-b9e9-c0134d81d97d err="context canceled"
2026/07/27 00:53:50 INFO pool: agent run finished component=pool run_id=8b9c3214-ef10-4ad1-9c77-0daa12e165f2 task_id=fb4fc0de-397b-406b-b9e9-c0134d81d97d status=completed
2026/07/27 00:53:50 WARN pool: safety-net commit failed component=pool run_id=99f45625-ae89-4ffd-87a1-fe807e8499a8 task_id=b134ae4f-0714-4979-b2cc-ed71e371c9cc err="git status: context canceled: "
2026/07/27 00:53:50 ERROR pool: resolve outcome: list transitions component=pool task_id=b134ae4f-0714-4979-b2cc-ed71e371c9cc err="context canceled"
2026/07/27 00:53:50 INFO pool: agent run finished component=pool run_id=99f45625-ae89-4ffd-87a1-fe807e8499a8 task_id=b134ae4f-0714-4979-b2cc-ed71e371c9cc status=completed
--- PASS: TestE2E_RepoConcurrencyLimit_UnsetFallsBackToPool (0.09s)
=== RUN   TestMatchConfigs
=== RUN   TestMatchConfigs/no_match
=== RUN   TestMatchConfigs/single_match
=== RUN   TestMatchConfigs/multiple_matches_returned_in_order
=== RUN   TestMatchConfigs/skips_bad_json
2026/07/27 00:53:50 ERROR dispatcher: skipping config with unparseable labels component=dispatcher config_id=broken config_name=broken err="invalid character 'o' in literal null (expecting 'u')"
=== RUN   TestMatchConfigs/all_bad_json
2026/07/27 00:53:50 ERROR dispatcher: skipping config with unparseable labels component=dispatcher config_id=broken config_name=broken err="unexpected end of JSON input"
=== RUN   TestMatchConfigs/skips_disabled
=== RUN   TestMatchConfigs/disabled_then_enabled
--- PASS: TestMatchConfigs (0.00s)
    --- PASS: TestMatchConfigs/no_match (0.00s)
    --- PASS: TestMatchConfigs/single_match (0.00s)
    --- PASS: TestMatchConfigs/multiple_matches_returned_in_order (0.00s)
    --- PASS: TestMatchConfigs/skips_bad_json (0.00s)
    --- PASS: TestMatchConfigs/all_bad_json (0.00s)
    --- PASS: TestMatchConfigs/skips_disabled (0.00s)
    --- PASS: TestMatchConfigs/disabled_then_enabled (0.00s)
=== RUN   TestMatchConfigs_PriorityOrdering
--- PASS: TestMatchConfigs_PriorityOrdering (0.00s)
=== RUN   TestEffectiveBudget
=== RUN   TestEffectiveBudget/both_zero:_unlimited
=== RUN   TestEffectiveBudget/only_task_set
=== RUN   TestEffectiveBudget/only_config_set
=== RUN   TestEffectiveBudget/both_set,_task_lower_wins
=== RUN   TestEffectiveBudget/both_set,_config_lower_wins
=== RUN   TestEffectiveBudget/both_set,_equal
--- PASS: TestEffectiveBudget (0.00s)
    --- PASS: TestEffectiveBudget/both_zero:_unlimited (0.00s)
    --- PASS: TestEffectiveBudget/only_task_set (0.00s)
    --- PASS: TestEffectiveBudget/only_config_set (0.00s)
    --- PASS: TestEffectiveBudget/both_set,_task_lower_wins (0.00s)
    --- PASS: TestEffectiveBudget/both_set,_config_lower_wins (0.00s)
    --- PASS: TestEffectiveBudget/both_set,_equal (0.00s)
=== RUN   TestToAgentConfig_CommandFilters
=== RUN   TestToAgentConfig_CommandFilters/populated_lists_round-trip
=== RUN   TestToAgentConfig_CommandFilters/default_empty-array_JSON_yields_nil_slices
=== RUN   TestToAgentConfig_CommandFilters/malformed_JSON_falls_back_to_nil,_not_an_error
--- PASS: TestToAgentConfig_CommandFilters (0.00s)
    --- PASS: TestToAgentConfig_CommandFilters/populated_lists_round-trip (0.00s)
    --- PASS: TestToAgentConfig_CommandFilters/default_empty-array_JSON_yields_nil_slices (0.00s)
    --- PASS: TestToAgentConfig_CommandFilters/malformed_JSON_falls_back_to_nil,_not_an_error (0.00s)
=== RUN   TestDispatcher_repoAtLimit
=== RUN   TestDispatcher_repoAtLimit/unset_limit,_under_global_cap
=== RUN   TestDispatcher_repoAtLimit/unset_limit,_at_global_cap
=== RUN   TestDispatcher_repoAtLimit/unset_limit,_no_in-flight_runs
=== RUN   TestDispatcher_repoAtLimit/repo_limit_under_repo_cap
=== RUN   TestDispatcher_repoAtLimit/repo_limit_at_repo_cap,_below_global_cap
=== RUN   TestDispatcher_repoAtLimit/zero_repo_limit_treated_as_unset_(falls_back_to_global)
=== RUN   TestDispatcher_repoAtLimit/different_repo's_in-use_count_doesn't_affect_this_repo
--- PASS: TestDispatcher_repoAtLimit (0.00s)
    --- PASS: TestDispatcher_repoAtLimit/unset_limit,_under_global_cap (0.00s)
    --- PASS: TestDispatcher_repoAtLimit/unset_limit,_at_global_cap (0.00s)
    --- PASS: TestDispatcher_repoAtLimit/unset_limit,_no_in-flight_runs (0.00s)
    --- PASS: TestDispatcher_repoAtLimit/repo_limit_under_repo_cap (0.00s)
    --- PASS: TestDispatcher_repoAtLimit/repo_limit_at_repo_cap,_below_global_cap (0.00s)
    --- PASS: TestDispatcher_repoAtLimit/zero_repo_limit_treated_as_unset_(falls_back_to_global) (0.00s)
    --- PASS: TestDispatcher_repoAtLimit/different_repo's_in-use_count_doesn't_affect_this_repo (0.00s)
=== RUN   TestEnsureWorktree_StaleWorktreePath_Reprovisions
2026/07/27 00:53:50 WARN dispatcher: task's recorded worktree is missing; reprovisioning task_id=4db6d1df-a413-48fa-abc5-e52c4bb1007a worktree_path=/tmp/TestEnsureWorktree_StaleWorktreePath_Reprovisions1650811435/001/.ate-worktrees/4db6d1df-a413-48fa-abc5-e52c4bb1007a
--- PASS: TestEnsureWorktree_StaleWorktreePath_Reprovisions (0.09s)
=== RUN   TestEnsureWorktree_ExistingWorktreePath_Reused
--- PASS: TestEnsureWorktree_ExistingWorktreePath_Reused (0.08s)
=== RUN   TestClassifyLine
=== RUN   TestClassifyLine/http_429
=== RUN   TestClassifyLine/request_rejected
=== RUN   TestClassifyLine/rate_limit_words
=== RUN   TestClassifyLine/rate_limit_token
=== RUN   TestClassifyLine/gemini_resource_exhausted
=== RUN   TestClassifyLine/claude_session_limit
=== RUN   TestClassifyLine/claude_usage_limit
=== RUN   TestClassifyLine/not_logged_in
=== RUN   TestClassifyLine/please_run_login
=== RUN   TestClassifyLine/gemini_invalid_api_key
=== RUN   TestClassifyLine/gemini_no_auth_method
=== RUN   TestClassifyLine/codex_missing_bearer
=== RUN   TestClassifyLine/codex_401
=== RUN   TestClassifyLine/connection_reset
=== RUN   TestClassifyLine/econnreset
=== RUN   TestClassifyLine/econnrefused
=== RUN   TestClassifyLine/etimedout
=== RUN   TestClassifyLine/enotfound
=== RUN   TestClassifyLine/eai_again
=== RUN   TestClassifyLine/timeout
=== RUN   TestClassifyLine/timed_out
=== RUN   TestClassifyLine/temporary_failure
=== RUN   TestClassifyLine/network_error
=== RUN   TestClassifyLine/network_unreachable
=== RUN   TestClassifyLine/socket_hang_up
=== RUN   TestClassifyLine/eof
=== RUN   TestClassifyLine/502
=== RUN   TestClassifyLine/503
=== RUN   TestClassifyLine/504
=== RUN   TestClassifyLine/bad_gateway
=== RUN   TestClassifyLine/service_unavailable
=== RUN   TestClassifyLine/gateway_timeout
=== RUN   TestClassifyLine/plain_text
=== RUN   TestClassifyLine/empty
=== RUN   TestClassifyLine/upper_rate_limit
=== RUN   TestClassifyLine/upper_not_logged_in
=== RUN   TestClassifyLine/429_wins_over_timeout
=== RUN   TestClassifyLine/auth_wins_over_transient
--- PASS: TestClassifyLine (0.00s)
    --- PASS: TestClassifyLine/http_429 (0.00s)
    --- PASS: TestClassifyLine/request_rejected (0.00s)
    --- PASS: TestClassifyLine/rate_limit_words (0.00s)
    --- PASS: TestClassifyLine/rate_limit_token (0.00s)
    --- PASS: TestClassifyLine/gemini_resource_exhausted (0.00s)
    --- PASS: TestClassifyLine/claude_session_limit (0.00s)
    --- PASS: TestClassifyLine/claude_usage_limit (0.00s)
    --- PASS: TestClassifyLine/not_logged_in (0.00s)
    --- PASS: TestClassifyLine/please_run_login (0.00s)
    --- PASS: TestClassifyLine/gemini_invalid_api_key (0.00s)
    --- PASS: TestClassifyLine/gemini_no_auth_method (0.00s)
    --- PASS: TestClassifyLine/codex_missing_bearer (0.00s)
    --- PASS: TestClassifyLine/codex_401 (0.00s)
    --- PASS: TestClassifyLine/connection_reset (0.00s)
    --- PASS: TestClassifyLine/econnreset (0.00s)
    --- PASS: TestClassifyLine/econnrefused (0.00s)
    --- PASS: TestClassifyLine/etimedout (0.00s)
    --- PASS: TestClassifyLine/enotfound (0.00s)
    --- PASS: TestClassifyLine/eai_again (0.00s)
    --- PASS: TestClassifyLine/timeout (0.00s)
    --- PASS: TestClassifyLine/timed_out (0.00s)
    --- PASS: TestClassifyLine/temporary_failure (0.00s)
    --- PASS: TestClassifyLine/network_error (0.00s)
    --- PASS: TestClassifyLine/network_unreachable (0.00s)
    --- PASS: TestClassifyLine/socket_hang_up (0.00s)
    --- PASS: TestClassifyLine/eof (0.00s)
    --- PASS: TestClassifyLine/502 (0.00s)
    --- PASS: TestClassifyLine/503 (0.00s)
    --- PASS: TestClassifyLine/504 (0.00s)
    --- PASS: TestClassifyLine/bad_gateway (0.00s)
    --- PASS: TestClassifyLine/service_unavailable (0.00s)
    --- PASS: TestClassifyLine/gateway_timeout (0.00s)
    --- PASS: TestClassifyLine/plain_text (0.00s)
    --- PASS: TestClassifyLine/empty (0.00s)
    --- PASS: TestClassifyLine/upper_rate_limit (0.00s)
    --- PASS: TestClassifyLine/upper_not_logged_in (0.00s)
    --- PASS: TestClassifyLine/429_wins_over_timeout (0.00s)
    --- PASS: TestClassifyLine/auth_wins_over_transient (0.00s)
=== RUN   TestBackoffDuration
--- PASS: TestBackoffDuration (0.00s)
=== RUN   TestBackoffDurationWithBase
--- PASS: TestBackoffDurationWithBase (0.00s)
=== RUN   TestRateLimitRegistry_NotBlocked
--- PASS: TestRateLimitRegistry_NotBlocked (0.00s)
=== RUN   TestRateLimitRegistry_Block
--- PASS: TestRateLimitRegistry_Block (0.00s)
=== RUN   TestRateLimitRegistry_BlockExpired
--- PASS: TestRateLimitRegistry_BlockExpired (0.00s)
=== RUN   TestRateLimitRegistry_BlockWithBackoff
--- PASS: TestRateLimitRegistry_BlockWithBackoff (0.00s)
=== RUN   TestRateLimitRegistry_BlockWithBackoffIncreases
--- PASS: TestRateLimitRegistry_BlockWithBackoffIncreases (0.00s)
=== RUN   TestRateLimitRegistry_Unblock
--- PASS: TestRateLimitRegistry_Unblock (0.00s)
=== RUN   TestRateLimitRegistry_BlockedUntil
--- PASS: TestRateLimitRegistry_BlockedUntil (0.00s)
=== RUN   TestCoordinator_CleanMergeAndAutoAdvance
--- PASS: TestCoordinator_CleanMergeAndAutoAdvance (0.10s)
=== RUN   TestCoordinator_ConflictFlagsChildNoAdvance
2026/07/27 00:53:50 INFO subtasks: merge-back conflict component=subtasks task_id=a9783218-a279-4fb7-8dab-c630493bbeec parent_id=58bec212-7a31-4b7e-ad93-318ec371e08e files=[clash.txt]
--- PASS: TestCoordinator_ConflictFlagsChildNoAdvance (0.11s)
=== RUN   TestE2E_SubtaskFlow
2026/07/27 00:53:50 INFO dispatcher: agent dispatched component=dispatcher task_id=12646d60-54bd-4415-a585-6367de428f99 run_id=377468d4-88e4-4816-8e1d-65df63088330 label=work agent=fake provider=fake agent_id=b23633d9-bbb6-41c1-8017-195fedce7eb5 agent_enabled=1 resume_session=false human_reply=false
2026/07/27 00:53:50 INFO pool: agent run starting component=pool run_id=377468d4-88e4-4816-8e1d-65df63088330 task_id=12646d60-54bd-4415-a585-6367de428f99 provider=fake agent=fake
2026/07/27 00:53:50 INFO dispatcher: agent dispatched component=dispatcher task_id=16208683-dda9-4701-8490-7bf8203c1cd8 run_id=5881e62e-3c15-48de-870a-d200d1813419 label=work agent=fake provider=fake agent_id=b23633d9-bbb6-41c1-8017-195fedce7eb5 agent_enabled=1 resume_session=false human_reply=false
2026/07/27 00:53:50 INFO pool: agent run starting component=pool run_id=5881e62e-3c15-48de-870a-d200d1813419 task_id=16208683-dda9-4701-8490-7bf8203c1cd8 provider=fake agent=fake
2026/07/27 00:53:50 INFO pool: agent run finished component=pool run_id=377468d4-88e4-4816-8e1d-65df63088330 task_id=12646d60-54bd-4415-a585-6367de428f99 status=completed
2026/07/27 00:53:50 INFO pool: agent run finished component=pool run_id=5881e62e-3c15-48de-870a-d200d1813419 task_id=16208683-dda9-4701-8490-7bf8203c1cd8 status=completed
--- PASS: TestE2E_SubtaskFlow (0.14s)
=== RUN   TestTerminalCommand
--- PASS: TestTerminalCommand (0.00s)
=== RUN   TestTerminalManagerAttachStreams
--- PASS: TestTerminalManagerAttachStreams (0.04s)
=== RUN   TestTerminalManager_ChatMCPInjectsEnv
--- PASS: TestTerminalManager_ChatMCPInjectsEnv (0.00s)
=== RUN   TestTerminalManager_MaxSessionsCapsNewSessionsOnly
--- PASS: TestTerminalManager_MaxSessionsCapsNewSessionsOnly (0.00s)
=== RUN   TestTerminalManager_ReapIdleOnceStopsDetachedSessionsPastTimeout
2026/07/27 00:53:50 INFO terminal: reaping idle session session_id=idle-sess idle_timeout=50ms
--- PASS: TestTerminalManager_ReapIdleOnceStopsDetachedSessionsPastTimeout (0.00s)
=== RUN   TestTerminalManager_ReapIdleOnceDisabledByDefault
--- PASS: TestTerminalManager_ReapIdleOnceDisabledByDefault (0.00s)
=== RUN   TestBranchNameIsSlugOnly
--- PASS: TestBranchNameIsSlugOnly (0.00s)
=== RUN   TestProvisionRejectsUnsafeTaskID
--- PASS: TestProvisionRejectsUnsafeTaskID (0.01s)
=== RUN   TestProvisionIsIdempotentAndDiffsTaskWork
--- PASS: TestProvisionIsIdempotentAndDiffsTaskWork (0.05s)
=== RUN   TestDeleteLocalBranch
--- PASS: TestDeleteLocalBranch (0.03s)
=== RUN   TestReDispatch_PicksUpConfigChanges
--- PASS: TestReDispatch_PicksUpConfigChanges (0.05s)
=== RUN   TestPool_CompletedResult_TransitionsLabel
2026/07/27 00:53:51 INFO pool: agent run starting component=pool run_id=10915071-57b4-4613-9cc9-86ad71e3cc41 task_id=477b51d8-1387-4895-8a57-43583f5e9673 provider=mock agent=mock-agent
2026/07/27 00:53:51 WARN pool: safety-net commit failed component=pool run_id=10915071-57b4-4613-9cc9-86ad71e3cc41 task_id=477b51d8-1387-4895-8a57-43583f5e9673 err="git status: exit status 128: fatal: not a git repository (or any of the parent directories): .git"
2026/07/27 00:53:51 INFO pool: agent run finished component=pool run_id=10915071-57b4-4613-9cc9-86ad71e3cc41 task_id=477b51d8-1387-4895-8a57-43583f5e9673 status=completed
--- PASS: TestPool_CompletedResult_TransitionsLabel (0.07s)
=== RUN   TestPool_ResolvedComments_MarkedResolved
2026/07/27 00:53:51 INFO pool: agent run starting component=pool run_id=b70fcac6-3819-48d2-8806-4a4fd62d42d9 task_id=d653112e-110a-4ca4-a14b-8b89d22207f1 provider=mock agent=mock-agent
2026/07/27 00:53:51 WARN pool: resolve review comment component=pool run_id=b70fcac6-3819-48d2-8806-4a4fd62d42d9 task_id=d653112e-110a-4ca4-a14b-8b89d22207f1 comment_id=not-a-real-comment err="sql: no rows in result set"
2026/07/27 00:53:51 WARN pool: safety-net commit failed component=pool run_id=b70fcac6-3819-48d2-8806-4a4fd62d42d9 task_id=d653112e-110a-4ca4-a14b-8b89d22207f1 err="git status: exit status 128: fatal: not a git repository (or any of the parent directories): .git"
2026/07/27 00:53:51 INFO pool: agent run finished component=pool run_id=b70fcac6-3819-48d2-8806-4a4fd62d42d9 task_id=d653112e-110a-4ca4-a14b-8b89d22207f1 status=completed
--- PASS: TestPool_ResolvedComments_MarkedResolved (0.07s)
=== RUN   TestPool_ResolvedComments_IgnoredOnFailure
2026/07/27 00:53:51 INFO pool: agent run starting component=pool run_id=4e58ea63-3727-460f-8dde-22ba3b5c6ca7 task_id=3553cd81-4afd-45e2-8acc-73e54e846e63 provider=mock agent=mock-agent
2026/07/27 00:53:51 WARN pool: agent run failed component=pool run_id=4e58ea63-3727-460f-8dde-22ba3b5c6ca7 task_id=3553cd81-4afd-45e2-8acc-73e54e846e63 classification=genuine final_status=failed
2026/07/27 00:53:51 INFO pool: agent run finished component=pool run_id=4e58ea63-3727-460f-8dde-22ba3b5c6ca7 task_id=3553cd81-4afd-45e2-8acc-73e54e846e63 status=failed
--- PASS: TestPool_ResolvedComments_IgnoredOnFailure (0.07s)
=== RUN   TestPool_FailedResult_SetsStatusFailed
2026/07/27 00:53:51 INFO pool: agent run starting component=pool run_id=3a481e85-272b-49ed-8f97-75df04b9db57 task_id=01f84776-a40c-45e0-9c73-4265c23bfd64 provider=mock agent=mock-agent
2026/07/27 00:53:51 WARN pool: agent run failed component=pool run_id=3a481e85-272b-49ed-8f97-75df04b9db57 task_id=01f84776-a40c-45e0-9c73-4265c23bfd64 classification=genuine final_status=failed
2026/07/27 00:53:51 INFO pool: agent run finished component=pool run_id=3a481e85-272b-49ed-8f97-75df04b9db57 task_id=01f84776-a40c-45e0-9c73-4265c23bfd64 status=failed
--- PASS: TestPool_FailedResult_SetsStatusFailed (0.07s)
=== RUN   TestPool_FailureLoop_RoutesFeedbackAndTransitions
2026/07/27 00:53:51 INFO pool: agent run starting component=pool run_id=7bfeed52-2e00-47c4-aa72-ad39781957f7 task_id=2cd70e86-0f98-4abc-8952-94ab7f4f9beb provider=mock agent=mock-agent
2026/07/27 00:53:51 WARN pool: safety-net commit failed component=pool run_id=7bfeed52-2e00-47c4-aa72-ad39781957f7 task_id=2cd70e86-0f98-4abc-8952-94ab7f4f9beb err="git status: exit status 128: fatal: not a git repository (or any of the parent directories): .git"
2026/07/27 00:53:51 INFO pool: agent run finished component=pool run_id=7bfeed52-2e00-47c4-aa72-ad39781957f7 task_id=2cd70e86-0f98-4abc-8952-94ab7f4f9beb status=completed
--- PASS: TestPool_FailureLoop_RoutesFeedbackAndTransitions (0.07s)
=== RUN   TestPool_FailureLoop_EscalatesAfterThreshold
2026/07/27 00:53:51 INFO pool: agent run starting component=pool run_id=3c0b7f4b-fad8-4e47-a054-89883be2bc93 task_id=6fa1899c-8bb3-4a4a-bd33-97ca07223e8d provider=mock agent=mock-agent
2026/07/27 00:53:51 WARN pool: safety-net commit failed component=pool run_id=3c0b7f4b-fad8-4e47-a054-89883be2bc93 task_id=6fa1899c-8bb3-4a4a-bd33-97ca07223e8d err="git status: exit status 128: fatal: not a git repository (or any of the parent directories): .git"
2026/07/27 00:53:51 WARN pool: failure loop exceeded threshold, escalating to waiting_human component=pool run_id=3c0b7f4b-fad8-4e47-a054-89883be2bc93 task_id=6fa1899c-8bb3-4a4a-bd33-97ca07223e8d from=agent-review to=work threshold=3
2026/07/27 00:53:51 INFO pool: agent run finished component=pool run_id=3c0b7f4b-fad8-4e47-a054-89883be2bc93 task_id=6fa1899c-8bb3-4a4a-bd33-97ca07223e8d status=completed
--- PASS: TestPool_FailureLoop_EscalatesAfterThreshold (0.07s)
=== RUN   TestPool_FailureLoop_EscalationPreservesCostUnknown
2026/07/27 00:53:51 INFO pool: agent run starting component=pool run_id=0fd9311b-1bba-4997-ad13-078c558d3ae9 task_id=66fe6503-bdf0-47c2-9b4a-5ae2d790c162 provider=mock agent=mock-agent
2026/07/27 00:53:51 WARN pool: safety-net commit failed component=pool run_id=0fd9311b-1bba-4997-ad13-078c558d3ae9 task_id=66fe6503-bdf0-47c2-9b4a-5ae2d790c162 err="git status: exit status 128: fatal: not a git repository (or any of the parent directories): .git"
2026/07/27 00:53:51 WARN pool: failure loop exceeded threshold, escalating to waiting_human component=pool run_id=0fd9311b-1bba-4997-ad13-078c558d3ae9 task_id=66fe6503-bdf0-47c2-9b4a-5ae2d790c162 from=agent-review to=work threshold=3
2026/07/27 00:53:51 INFO pool: agent run finished component=pool run_id=0fd9311b-1bba-4997-ad13-078c558d3ae9 task_id=66fe6503-bdf0-47c2-9b4a-5ae2d790c162 status=completed
--- PASS: TestPool_FailureLoop_EscalationPreservesCostUnknown (0.07s)
=== RUN   TestPool_Cancel_MarksCancelledAndPauses
2026/07/27 00:53:51 INFO pool: agent run starting component=pool run_id=55a30a2e-67d9-4bae-8079-dbb0257badc2 task_id=b9dcb792-a007-4fad-99d2-7f50ec4693ae provider=mock agent=mock-agent
2026/07/27 00:53:51 INFO pool: agent run cancelled by user component=pool run_id=55a30a2e-67d9-4bae-8079-dbb0257badc2 task_id=b9dcb792-a007-4fad-99d2-7f50ec4693ae
--- PASS: TestPool_Cancel_MarksCancelledAndPauses (0.09s)
=== RUN   TestPool_Saturated
2026/07/27 00:53:51 INFO pool: agent run starting component=pool run_id=31d66514-6863-4e94-84af-4d0b74bcdbf7 task_id=e7771a7b-eb40-4074-b970-a5759efe5f3e provider=mock agent=mock-agent
2026/07/27 00:53:51 INFO pool: agent run cancelled by user component=pool run_id=31d66514-6863-4e94-84af-4d0b74bcdbf7 task_id=e7771a7b-eb40-4074-b970-a5759efe5f3e
--- PASS: TestPool_Saturated (0.09s)
=== RUN   TestPool_WaitingHuman_PublishesEvent
2026/07/27 00:53:51 INFO pool: agent run starting component=pool run_id=2f693286-82b7-416c-9afd-cd91d15cf9c8 task_id=3f7c010b-deb6-4fa3-8cbf-9f6ad3069eb5 provider=mock agent=mock-agent
2026/07/27 00:53:51 INFO pool: agent run finished component=pool run_id=2f693286-82b7-416c-9afd-cd91d15cf9c8 task_id=3f7c010b-deb6-4fa3-8cbf-9f6ad3069eb5 status=waiting_human
--- PASS: TestPool_WaitingHuman_PublishesEvent (0.07s)
=== RUN   TestPool_Submit_DoesNotBlockWhenFull
2026/07/27 00:53:51 WARN pool: queue full, dropping job component=pool run_id=35875b53-bcc8-409c-b4a1-691da8e04fdc
2026/07/27 00:53:51 WARN pool: queue full, dropping job component=pool run_id=35875b53-bcc8-409c-b4a1-691da8e04fdc
2026/07/27 00:53:51 WARN pool: queue full, dropping job component=pool run_id=35875b53-bcc8-409c-b4a1-691da8e04fdc
2026/07/27 00:53:51 WARN pool: queue full, dropping job component=pool run_id=35875b53-bcc8-409c-b4a1-691da8e04fdc
2026/07/27 00:53:51 WARN pool: queue full, dropping job component=pool run_id=35875b53-bcc8-409c-b4a1-691da8e04fdc
2026/07/27 00:53:51 WARN pool: queue full, dropping job component=pool run_id=35875b53-bcc8-409c-b4a1-691da8e04fdc
2026/07/27 00:53:51 WARN pool: queue full, dropping job component=pool run_id=35875b53-bcc8-409c-b4a1-691da8e04fdc
2026/07/27 00:53:51 WARN pool: queue full, dropping job component=pool run_id=35875b53-bcc8-409c-b4a1-691da8e04fdc
2026/07/27 00:53:51 WARN pool: queue full, dropping job component=pool run_id=35875b53-bcc8-409c-b4a1-691da8e04fdc
2026/07/27 00:53:51 WARN pool: queue full, dropping job component=pool run_id=35875b53-bcc8-409c-b4a1-691da8e04fdc
2026/07/27 00:53:51 WARN pool: queue full, dropping job component=pool run_id=35875b53-bcc8-409c-b4a1-691da8e04fdc
2026/07/27 00:53:51 WARN pool: queue full, dropping job component=pool run_id=35875b53-bcc8-409c-b4a1-691da8e04fdc
2026/07/27 00:53:51 WARN pool: queue full, dropping job component=pool run_id=35875b53-bcc8-409c-b4a1-691da8e04fdc
2026/07/27 00:53:51 WARN pool: queue full, dropping job component=pool run_id=35875b53-bcc8-409c-b4a1-691da8e04fdc
2026/07/27 00:53:51 WARN pool: queue full, dropping job component=pool run_id=35875b53-bcc8-409c-b4a1-691da8e04fdc
2026/07/27 00:53:51 WARN pool: queue full, dropping job component=pool run_id=35875b53-bcc8-409c-b4a1-691da8e04fdc
2026/07/27 00:53:51 WARN pool: queue full, dropping job component=pool run_id=35875b53-bcc8-409c-b4a1-691da8e04fdc
2026/07/27 00:53:51 WARN pool: queue full, dropping job component=pool run_id=35875b53-bcc8-409c-b4a1-691da8e04fdc
2026/07/27 00:53:51 WARN pool: queue full, dropping job component=pool run_id=35875b53-bcc8-409c-b4a1-691da8e04fdc
2026/07/27 00:53:51 WARN pool: queue full, dropping job component=pool run_id=35875b53-bcc8-409c-b4a1-691da8e04fdc
2026/07/27 00:53:51 WARN pool: queue full, dropping job component=pool run_id=35875b53-bcc8-409c-b4a1-691da8e04fdc
2026/07/27 00:53:51 WARN pool: queue full, dropping job component=pool run_id=35875b53-bcc8-409c-b4a1-691da8e04fdc
2026/07/27 00:53:51 WARN pool: queue full, dropping job component=pool run_id=35875b53-bcc8-409c-b4a1-691da8e04fdc
2026/07/27 00:53:51 WARN pool: queue full, dropping job component=pool run_id=35875b53-bcc8-409c-b4a1-691da8e04fdc
2026/07/27 00:53:51 WARN pool: queue full, dropping job component=pool run_id=35875b53-bcc8-409c-b4a1-691da8e04fdc
2026/07/27 00:53:51 WARN pool: queue full, dropping job component=pool run_id=35875b53-bcc8-409c-b4a1-691da8e04fdc
2026/07/27 00:53:51 WARN pool: queue full, dropping job component=pool run_id=35875b53-bcc8-409c-b4a1-691da8e04fdc
2026/07/27 00:53:51 WARN pool: queue full, dropping job component=pool run_id=35875b53-bcc8-409c-b4a1-691da8e04fdc
2026/07/27 00:53:51 WARN pool: queue full, dropping job component=pool run_id=35875b53-bcc8-409c-b4a1-691da8e04fdc
2026/07/27 00:53:51 WARN pool: queue full, dropping job component=pool run_id=35875b53-bcc8-409c-b4a1-691da8e04fdc
2026/07/27 00:53:51 WARN pool: queue full, dropping job component=pool run_id=35875b53-bcc8-409c-b4a1-691da8e04fdc
2026/07/27 00:53:51 WARN pool: queue full, dropping job component=pool run_id=35875b53-bcc8-409c-b4a1-691da8e04fdc
2026/07/27 00:53:51 WARN pool: queue full, dropping job component=pool run_id=35875b53-bcc8-409c-b4a1-691da8e04fdc
2026/07/27 00:53:51 WARN pool: queue full, dropping job component=pool run_id=35875b53-bcc8-409c-b4a1-691da8e04fdc
2026/07/27 00:53:51 WARN pool: queue full, dropping job component=pool run_id=35875b53-bcc8-409c-b4a1-691da8e04fdc
2026/07/27 00:53:51 WARN pool: queue full, dropping job component=pool run_id=35875b53-bcc8-409c-b4a1-691da8e04fdc
2026/07/27 00:53:51 WARN pool: queue full, dropping job component=pool run_id=35875b53-bcc8-409c-b4a1-691da8e04fdc
2026/07/27 00:53:51 WARN pool: queue full, dropping job component=pool run_id=35875b53-bcc8-409c-b4a1-691da8e04fdc
2026/07/27 00:53:51 WARN pool: queue full, dropping job component=pool run_id=35875b53-bcc8-409c-b4a1-691da8e04fdc
2026/07/27 00:53:51 WARN pool: queue full, dropping job component=pool run_id=35875b53-bcc8-409c-b4a1-691da8e04fdc
2026/07/27 00:53:51 WARN pool: queue full, dropping job component=pool run_id=35875b53-bcc8-409c-b4a1-691da8e04fdc
2026/07/27 00:53:51 WARN pool: queue full, dropping job component=pool run_id=35875b53-bcc8-409c-b4a1-691da8e04fdc
2026/07/27 00:53:51 WARN pool: queue full, dropping job component=pool run_id=35875b53-bcc8-409c-b4a1-691da8e04fdc
2026/07/27 00:53:51 WARN pool: queue full, dropping job component=pool run_id=35875b53-bcc8-409c-b4a1-691da8e04fdc
2026/07/27 00:53:51 WARN pool: queue full, dropping job component=pool run_id=35875b53-bcc8-409c-b4a1-691da8e04fdc
2026/07/27 00:53:51 WARN pool: queue full, dropping job component=pool run_id=35875b53-bcc8-409c-b4a1-691da8e04fdc
2026/07/27 00:53:51 WARN pool: queue full, dropping job component=pool run_id=35875b53-bcc8-409c-b4a1-691da8e04fdc
2026/07/27 00:53:51 WARN pool: queue full, dropping job component=pool run_id=35875b53-bcc8-409c-b4a1-691da8e04fdc
2026/07/27 00:53:51 WARN pool: queue full, dropping job component=pool run_id=35875b53-bcc8-409c-b4a1-691da8e04fdc
2026/07/27 00:53:51 WARN pool: queue full, dropping job component=pool run_id=35875b53-bcc8-409c-b4a1-691da8e04fdc
2026/07/27 00:53:51 WARN pool: queue full, dropping job component=pool run_id=35875b53-bcc8-409c-b4a1-691da8e04fdc
2026/07/27 00:53:51 WARN pool: queue full, dropping job component=pool run_id=35875b53-bcc8-409c-b4a1-691da8e04fdc
2026/07/27 00:53:51 WARN pool: queue full, dropping job component=pool run_id=35875b53-bcc8-409c-b4a1-691da8e04fdc
2026/07/27 00:53:51 WARN pool: queue full, dropping job component=pool run_id=35875b53-bcc8-409c-b4a1-691da8e04fdc
2026/07/27 00:53:51 WARN pool: queue full, dropping job component=pool run_id=35875b53-bcc8-409c-b4a1-691da8e04fdc
2026/07/27 00:53:51 WARN pool: queue full, dropping job component=pool run_id=35875b53-bcc8-409c-b4a1-691da8e04fdc
2026/07/27 00:53:51 WARN pool: queue full, dropping job component=pool run_id=35875b53-bcc8-409c-b4a1-691da8e04fdc
2026/07/27 00:53:51 WARN pool: queue full, dropping job component=pool run_id=35875b53-bcc8-409c-b4a1-691da8e04fdc
2026/07/27 00:53:51 WARN pool: queue full, dropping job component=pool run_id=35875b53-bcc8-409c-b4a1-691da8e04fdc
2026/07/27 00:53:51 WARN pool: queue full, dropping job component=pool run_id=35875b53-bcc8-409c-b4a1-691da8e04fdc
2026/07/27 00:53:51 WARN pool: queue full, dropping job component=pool run_id=35875b53-bcc8-409c-b4a1-691da8e04fdc
2026/07/27 00:53:51 WARN pool: queue full, dropping job component=pool run_id=35875b53-bcc8-409c-b4a1-691da8e04fdc
2026/07/27 00:53:51 WARN pool: queue full, dropping job component=pool run_id=35875b53-bcc8-409c-b4a1-691da8e04fdc
2026/07/27 00:53:51 WARN pool: queue full, dropping job component=pool run_id=35875b53-bcc8-409c-b4a1-691da8e04fdc
2026/07/27 00:53:51 WARN pool: queue full, dropping job component=pool run_id=35875b53-bcc8-409c-b4a1-691da8e04fdc
2026/07/27 00:53:51 WARN pool: queue full, dropping job component=pool run_id=35875b53-bcc8-409c-b4a1-691da8e04fdc
2026/07/27 00:53:51 WARN pool: queue full, dropping job component=pool run_id=35875b53-bcc8-409c-b4a1-691da8e04fdc
2026/07/27 00:53:51 WARN pool: queue full, dropping job component=pool run_id=35875b53-bcc8-409c-b4a1-691da8e04fdc
2026/07/27 00:53:51 WARN pool: queue full, dropping job component=pool run_id=35875b53-bcc8-409c-b4a1-691da8e04fdc
2026/07/27 00:53:51 WARN pool: queue full, dropping job component=pool run_id=35875b53-bcc8-409c-b4a1-691da8e04fdc
2026/07/27 00:53:51 WARN pool: queue full, dropping job component=pool run_id=35875b53-bcc8-409c-b4a1-691da8e04fdc
2026/07/27 00:53:51 WARN pool: queue full, dropping job component=pool run_id=35875b53-bcc8-409c-b4a1-691da8e04fdc
2026/07/27 00:53:51 WARN pool: queue full, dropping job component=pool run_id=35875b53-bcc8-409c-b4a1-691da8e04fdc
2026/07/27 00:53:51 WARN pool: queue full, dropping job component=pool run_id=35875b53-bcc8-409c-b4a1-691da8e04fdc
2026/07/27 00:53:51 WARN pool: queue full, dropping job component=pool run_id=35875b53-bcc8-409c-b4a1-691da8e04fdc
2026/07/27 00:53:51 WARN pool: queue full, dropping job component=pool run_id=35875b53-bcc8-409c-b4a1-691da8e04fdc
2026/07/27 00:53:51 WARN pool: queue full, dropping job component=pool run_id=35875b53-bcc8-409c-b4a1-691da8e04fdc
2026/07/27 00:53:51 WARN pool: queue full, dropping job component=pool run_id=35875b53-bcc8-409c-b4a1-691da8e04fdc
2026/07/27 00:53:51 WARN pool: queue full, dropping job component=pool run_id=35875b53-bcc8-409c-b4a1-691da8e04fdc
2026/07/27 00:53:51 WARN pool: queue full, dropping job component=pool run_id=35875b53-bcc8-409c-b4a1-691da8e04fdc
2026/07/27 00:53:51 WARN pool: queue full, dropping job component=pool run_id=35875b53-bcc8-409c-b4a1-691da8e04fdc
2026/07/27 00:53:51 WARN pool: queue full, dropping job component=pool run_id=35875b53-bcc8-409c-b4a1-691da8e04fdc
2026/07/27 00:53:51 WARN pool: queue full, dropping job component=pool run_id=35875b53-bcc8-409c-b4a1-691da8e04fdc
2026/07/27 00:53:51 WARN pool: queue full, dropping job component=pool run_id=35875b53-bcc8-409c-b4a1-691da8e04fdc
2026/07/27 00:53:51 WARN pool: queue full, dropping job component=pool run_id=35875b53-bcc8-409c-b4a1-691da8e04fdc
2026/07/27 00:53:51 WARN pool: queue full, dropping job component=pool run_id=35875b53-bcc8-409c-b4a1-691da8e04fdc
2026/07/27 00:53:51 WARN pool: queue full, dropping job component=pool run_id=35875b53-bcc8-409c-b4a1-691da8e04fdc
2026/07/27 00:53:51 WARN pool: queue full, dropping job component=pool run_id=35875b53-bcc8-409c-b4a1-691da8e04fdc
2026/07/27 00:53:51 WARN pool: queue full, dropping job component=pool run_id=35875b53-bcc8-409c-b4a1-691da8e04fdc
2026/07/27 00:53:51 WARN pool: queue full, dropping job component=pool run_id=35875b53-bcc8-409c-b4a1-691da8e04fdc
2026/07/27 00:53:51 WARN pool: queue full, dropping job component=pool run_id=35875b53-bcc8-409c-b4a1-691da8e04fdc
2026/07/27 00:53:51 WARN pool: queue full, dropping job component=pool run_id=35875b53-bcc8-409c-b4a1-691da8e04fdc
2026/07/27 00:53:51 WARN pool: queue full, dropping job component=pool run_id=35875b53-bcc8-409c-b4a1-691da8e04fdc
2026/07/27 00:53:51 WARN pool: queue full, dropping job component=pool run_id=35875b53-bcc8-409c-b4a1-691da8e04fdc
2026/07/27 00:53:51 WARN pool: queue full, dropping job component=pool run_id=35875b53-bcc8-409c-b4a1-691da8e04fdc
2026/07/27 00:53:51 WARN pool: queue full, dropping job component=pool run_id=35875b53-bcc8-409c-b4a1-691da8e04fdc
2026/07/27 00:53:51 WARN pool: queue full, dropping job component=pool run_id=35875b53-bcc8-409c-b4a1-691da8e04fdc
2026/07/27 00:53:51 WARN pool: queue full, dropping job component=pool run_id=35875b53-bcc8-409c-b4a1-691da8e04fdc
2026/07/27 00:53:51 WARN pool: queue full, dropping job component=pool run_id=35875b53-bcc8-409c-b4a1-691da8e04fdc
2026/07/27 00:53:51 WARN pool: queue full, dropping job component=pool run_id=35875b53-bcc8-409c-b4a1-691da8e04fdc
2026/07/27 00:53:51 WARN pool: queue full, dropping job component=pool run_id=35875b53-bcc8-409c-b4a1-691da8e04fdc
2026/07/27 00:53:51 WARN pool: queue full, dropping job component=pool run_id=35875b53-bcc8-409c-b4a1-691da8e04fdc
2026/07/27 00:53:51 WARN pool: queue full, dropping job component=pool run_id=35875b53-bcc8-409c-b4a1-691da8e04fdc
2026/07/27 00:53:51 WARN pool: queue full, dropping job component=pool run_id=35875b53-bcc8-409c-b4a1-691da8e04fdc
2026/07/27 00:53:51 WARN pool: queue full, dropping job component=pool run_id=35875b53-bcc8-409c-b4a1-691da8e04fdc
2026/07/27 00:53:51 WARN pool: queue full, dropping job component=pool run_id=35875b53-bcc8-409c-b4a1-691da8e04fdc
2026/07/27 00:53:51 WARN pool: queue full, dropping job component=pool run_id=35875b53-bcc8-409c-b4a1-691da8e04fdc
2026/07/27 00:53:51 WARN pool: queue full, dropping job component=pool run_id=35875b53-bcc8-409c-b4a1-691da8e04fdc
2026/07/27 00:53:51 WARN pool: queue full, dropping job component=pool run_id=35875b53-bcc8-409c-b4a1-691da8e04fdc
2026/07/27 00:53:51 WARN pool: queue full, dropping job component=pool run_id=35875b53-bcc8-409c-b4a1-691da8e04fdc
2026/07/27 00:53:51 WARN pool: queue full, dropping job component=pool run_id=35875b53-bcc8-409c-b4a1-691da8e04fdc
2026/07/27 00:53:51 WARN pool: queue full, dropping job component=pool run_id=35875b53-bcc8-409c-b4a1-691da8e04fdc
2026/07/27 00:53:51 WARN pool: queue full, dropping job component=pool run_id=35875b53-bcc8-409c-b4a1-691da8e04fdc
2026/07/27 00:53:51 WARN pool: queue full, dropping job component=pool run_id=35875b53-bcc8-409c-b4a1-691da8e04fdc
2026/07/27 00:53:51 WARN pool: queue full, dropping job component=pool run_id=35875b53-bcc8-409c-b4a1-691da8e04fdc
2026/07/27 00:53:51 WARN pool: queue full, dropping job component=pool run_id=35875b53-bcc8-409c-b4a1-691da8e04fdc
2026/07/27 00:53:51 WARN pool: queue full, dropping job component=pool run_id=35875b53-bcc8-409c-b4a1-691da8e04fdc
2026/07/27 00:53:51 WARN pool: queue full, dropping job component=pool run_id=35875b53-bcc8-409c-b4a1-691da8e04fdc
2026/07/27 00:53:51 WARN pool: queue full, dropping job component=pool run_id=35875b53-bcc8-409c-b4a1-691da8e04fdc
2026/07/27 00:53:51 WARN pool: queue full, dropping job component=pool run_id=35875b53-bcc8-409c-b4a1-691da8e04fdc
2026/07/27 00:53:51 WARN pool: queue full, dropping job component=pool run_id=35875b53-bcc8-409c-b4a1-691da8e04fdc
2026/07/27 00:53:51 WARN pool: queue full, dropping job component=pool run_id=35875b53-bcc8-409c-b4a1-691da8e04fdc
2026/07/27 00:53:51 WARN pool: queue full, dropping job component=pool run_id=35875b53-bcc8-409c-b4a1-691da8e04fdc
2026/07/27 00:53:51 WARN pool: queue full, dropping job component=pool run_id=35875b53-bcc8-409c-b4a1-691da8e04fdc
2026/07/27 00:53:51 WARN pool: queue full, dropping job component=pool run_id=35875b53-bcc8-409c-b4a1-691da8e04fdc
2026/07/27 00:53:51 WARN pool: queue full, dropping job component=pool run_id=35875b53-bcc8-409c-b4a1-691da8e04fdc
2026/07/27 00:53:51 WARN pool: queue full, dropping job component=pool run_id=35875b53-bcc8-409c-b4a1-691da8e04fdc
2026/07/27 00:53:51 WARN pool: queue full, dropping job component=pool run_id=35875b53-bcc8-409c-b4a1-691da8e04fdc
2026/07/27 00:53:51 WARN pool: queue full, dropping job component=pool run_id=35875b53-bcc8-409c-b4a1-691da8e04fdc
2026/07/27 00:53:51 WARN pool: queue full, dropping job component=pool run_id=35875b53-bcc8-409c-b4a1-691da8e04fdc
2026/07/27 00:53:51 WARN pool: queue full, dropping job component=pool run_id=35875b53-bcc8-409c-b4a1-691da8e04fdc
2026/07/27 00:53:51 WARN pool: queue full, dropping job component=pool run_id=35875b53-bcc8-409c-b4a1-691da8e04fdc
2026/07/27 00:53:51 WARN pool: queue full, dropping job component=pool run_id=35875b53-bcc8-409c-b4a1-691da8e04fdc
2026/07/27 00:53:51 WARN pool: queue full, dropping job component=pool run_id=35875b53-bcc8-409c-b4a1-691da8e04fdc
2026/07/27 00:53:51 WARN pool: queue full, dropping job component=pool run_id=35875b53-bcc8-409c-b4a1-691da8e04fdc
2026/07/27 00:53:51 WARN pool: queue full, dropping job component=pool run_id=35875b53-bcc8-409c-b4a1-691da8e04fdc
2026/07/27 00:53:51 WARN pool: queue full, dropping job component=pool run_id=35875b53-bcc8-409c-b4a1-691da8e04fdc
2026/07/27 00:53:51 WARN pool: queue full, dropping job component=pool run_id=35875b53-bcc8-409c-b4a1-691da8e04fdc
2026/07/27 00:53:51 WARN pool: queue full, dropping job component=pool run_id=35875b53-bcc8-409c-b4a1-691da8e04fdc
2026/07/27 00:53:51 WARN pool: queue full, dropping job component=pool run_id=35875b53-bcc8-409c-b4a1-691da8e04fdc
2026/07/27 00:53:51 WARN pool: queue full, dropping job component=pool run_id=35875b53-bcc8-409c-b4a1-691da8e04fdc
2026/07/27 00:53:51 WARN pool: queue full, dropping job component=pool run_id=35875b53-bcc8-409c-b4a1-691da8e04fdc
2026/07/27 00:53:51 WARN pool: queue full, dropping job component=pool run_id=35875b53-bcc8-409c-b4a1-691da8e04fdc
2026/07/27 00:53:51 WARN pool: queue full, dropping job component=pool run_id=35875b53-bcc8-409c-b4a1-691da8e04fdc
2026/07/27 00:53:51 WARN pool: queue full, dropping job component=pool run_id=35875b53-bcc8-409c-b4a1-691da8e04fdc
2026/07/27 00:53:51 WARN pool: queue full, dropping job component=pool run_id=35875b53-bcc8-409c-b4a1-691da8e04fdc
2026/07/27 00:53:51 WARN pool: queue full, dropping job component=pool run_id=35875b53-bcc8-409c-b4a1-691da8e04fdc
2026/07/27 00:53:51 WARN pool: queue full, dropping job component=pool run_id=35875b53-bcc8-409c-b4a1-691da8e04fdc
2026/07/27 00:53:51 WARN pool: queue full, dropping job component=pool run_id=35875b53-bcc8-409c-b4a1-691da8e04fdc
2026/07/27 00:53:51 WARN pool: queue full, dropping job component=pool run_id=35875b53-bcc8-409c-b4a1-691da8e04fdc
2026/07/27 00:53:51 WARN pool: queue full, dropping job component=pool run_id=35875b53-bcc8-409c-b4a1-691da8e04fdc
2026/07/27 00:53:51 WARN pool: queue full, dropping job component=pool run_id=35875b53-bcc8-409c-b4a1-691da8e04fdc
2026/07/27 00:53:51 WARN pool: queue full, dropping job component=pool run_id=35875b53-bcc8-409c-b4a1-691da8e04fdc
2026/07/27 00:53:51 WARN pool: queue full, dropping job component=pool run_id=35875b53-bcc8-409c-b4a1-691da8e04fdc
2026/07/27 00:53:51 WARN pool: queue full, dropping job component=pool run_id=35875b53-bcc8-409c-b4a1-691da8e04fdc
2026/07/27 00:53:51 WARN pool: queue full, dropping job component=pool run_id=35875b53-bcc8-409c-b4a1-691da8e04fdc
2026/07/27 00:53:51 WARN pool: queue full, dropping job component=pool run_id=35875b53-bcc8-409c-b4a1-691da8e04fdc
2026/07/27 00:53:51 WARN pool: queue full, dropping job component=pool run_id=35875b53-bcc8-409c-b4a1-691da8e04fdc
2026/07/27 00:53:51 WARN pool: queue full, dropping job component=pool run_id=35875b53-bcc8-409c-b4a1-691da8e04fdc
2026/07/27 00:53:51 WARN pool: queue full, dropping job component=pool run_id=35875b53-bcc8-409c-b4a1-691da8e04fdc
2026/07/27 00:53:51 WARN pool: queue full, dropping job component=pool run_id=35875b53-bcc8-409c-b4a1-691da8e04fdc
2026/07/27 00:53:51 WARN pool: queue full, dropping job component=pool run_id=35875b53-bcc8-409c-b4a1-691da8e04fdc
2026/07/27 00:53:51 WARN pool: queue full, dropping job component=pool run_id=35875b53-bcc8-409c-b4a1-691da8e04fdc
2026/07/27 00:53:51 WARN pool: queue full, dropping job component=pool run_id=35875b53-bcc8-409c-b4a1-691da8e04fdc
2026/07/27 00:53:51 WARN pool: queue full, dropping job component=pool run_id=35875b53-bcc8-409c-b4a1-691da8e04fdc
2026/07/27 00:53:51 WARN pool: queue full, dropping job component=pool run_id=35875b53-bcc8-409c-b4a1-691da8e04fdc
2026/07/27 00:53:51 WARN pool: queue full, dropping job component=pool run_id=35875b53-bcc8-409c-b4a1-691da8e04fdc
2026/07/27 00:53:51 WARN pool: queue full, dropping job component=pool run_id=35875b53-bcc8-409c-b4a1-691da8e04fdc
2026/07/27 00:53:51 WARN pool: queue full, dropping job component=pool run_id=35875b53-bcc8-409c-b4a1-691da8e04fdc
2026/07/27 00:53:51 WARN pool: queue full, dropping job component=pool run_id=35875b53-bcc8-409c-b4a1-691da8e04fdc
2026/07/27 00:53:51 WARN pool: queue full, dropping job component=pool run_id=35875b53-bcc8-409c-b4a1-691da8e04fdc
2026/07/27 00:53:51 WARN pool: queue full, dropping job component=pool run_id=35875b53-bcc8-409c-b4a1-691da8e04fdc
2026/07/27 00:53:51 WARN pool: queue full, dropping job component=pool run_id=35875b53-bcc8-409c-b4a1-691da8e04fdc
2026/07/27 00:53:51 WARN pool: queue full, dropping job component=pool run_id=35875b53-bcc8-409c-b4a1-691da8e04fdc
2026/07/27 00:53:51 WARN pool: queue full, dropping job component=pool run_id=35875b53-bcc8-409c-b4a1-691da8e04fdc
2026/07/27 00:53:51 WARN pool: queue full, dropping job component=pool run_id=35875b53-bcc8-409c-b4a1-691da8e04fdc
2026/07/27 00:53:51 WARN pool: queue full, dropping job component=pool run_id=35875b53-bcc8-409c-b4a1-691da8e04fdc
2026/07/27 00:53:51 WARN pool: queue full, dropping job component=pool run_id=35875b53-bcc8-409c-b4a1-691da8e04fdc
2026/07/27 00:53:51 WARN pool: queue full, dropping job component=pool run_id=35875b53-bcc8-409c-b4a1-691da8e04fdc
2026/07/27 00:53:51 WARN pool: queue full, dropping job component=pool run_id=35875b53-bcc8-409c-b4a1-691da8e04fdc
2026/07/27 00:53:51 WARN pool: queue full, dropping job component=pool run_id=35875b53-bcc8-409c-b4a1-691da8e04fdc
2026/07/27 00:53:51 WARN pool: queue full, dropping job component=pool run_id=35875b53-bcc8-409c-b4a1-691da8e04fdc
2026/07/27 00:53:51 WARN pool: queue full, dropping job component=pool run_id=35875b53-bcc8-409c-b4a1-691da8e04fdc
2026/07/27 00:53:51 WARN pool: queue full, dropping job component=pool run_id=35875b53-bcc8-409c-b4a1-691da8e04fdc
2026/07/27 00:53:51 WARN pool: queue full, dropping job component=pool run_id=35875b53-bcc8-409c-b4a1-691da8e04fdc
2026/07/27 00:53:51 WARN pool: queue full, dropping job component=pool run_id=35875b53-bcc8-409c-b4a1-691da8e04fdc
2026/07/27 00:53:51 WARN pool: queue full, dropping job component=pool run_id=35875b53-bcc8-409c-b4a1-691da8e04fdc
2026/07/27 00:53:51 WARN pool: queue full, dropping job component=pool run_id=35875b53-bcc8-409c-b4a1-691da8e04fdc
2026/07/27 00:53:51 WARN pool: queue full, dropping job component=pool run_id=35875b53-bcc8-409c-b4a1-691da8e04fdc
2026/07/27 00:53:51 WARN pool: queue full, dropping job component=pool run_id=35875b53-bcc8-409c-b4a1-691da8e04fdc
2026/07/27 00:53:51 WARN pool: queue full, dropping job component=pool run_id=35875b53-bcc8-409c-b4a1-691da8e04fdc
2026/07/27 00:53:51 WARN pool: queue full, dropping job component=pool run_id=35875b53-bcc8-409c-b4a1-691da8e04fdc
2026/07/27 00:53:51 WARN pool: queue full, dropping job component=pool run_id=35875b53-bcc8-409c-b4a1-691da8e04fdc
2026/07/27 00:53:51 WARN pool: queue full, dropping job component=pool run_id=35875b53-bcc8-409c-b4a1-691da8e04fdc
2026/07/27 00:53:51 WARN pool: queue full, dropping job component=pool run_id=35875b53-bcc8-409c-b4a1-691da8e04fdc
2026/07/27 00:53:51 WARN pool: queue full, dropping job component=pool run_id=35875b53-bcc8-409c-b4a1-691da8e04fdc
2026/07/27 00:53:51 WARN pool: queue full, dropping job component=pool run_id=35875b53-bcc8-409c-b4a1-691da8e04fdc
2026/07/27 00:53:51 WARN pool: queue full, dropping job component=pool run_id=35875b53-bcc8-409c-b4a1-691da8e04fdc
2026/07/27 00:53:51 WARN pool: queue full, dropping job component=pool run_id=35875b53-bcc8-409c-b4a1-691da8e04fdc
2026/07/27 00:53:51 WARN pool: queue full, dropping job component=pool run_id=35875b53-bcc8-409c-b4a1-691da8e04fdc
--- PASS: TestPool_Submit_DoesNotBlockWhenFull (0.05s)
=== RUN   TestPool_TransientFailure_RetriesUnderCap
2026/07/27 00:53:51 INFO pool: agent run starting component=pool run_id=d3390eee-8b33-4df0-a574-8d841d84cf68 task_id=a03cc2f5-8a1a-448c-922d-c98b21c5a933 provider=mock agent=mock-agent
2026/07/27 00:53:51 WARN pool: agent run transient error component=pool run_id=d3390eee-8b33-4df0-a574-8d841d84cf68 task_id=a03cc2f5-8a1a-448c-922d-c98b21c5a933 classification=transient err="transient error: context deadline exceeded"
2026/07/27 00:53:51 INFO pool: transient failure, scheduling auto-retry component=pool run_id=d3390eee-8b33-4df0-a574-8d841d84cf68 task_id=a03cc2f5-8a1a-448c-922d-c98b21c5a933 attempt=1 max_retries=3 next_retry_at=2026-07-27T00:54:21.806Z reason="transient error: context deadline exceeded"
--- PASS: TestPool_TransientFailure_RetriesUnderCap (0.07s)
=== RUN   TestPool_TransientFailure_EscalatesAfterMaxRetries
2026/07/27 00:53:51 INFO pool: agent run starting component=pool run_id=a4f627a9-d236-41f4-a98c-4e0c961dd3dc task_id=10c51a62-0b81-4634-8eb4-822d36ac3872 provider=mock agent=mock-agent
2026/07/27 00:53:51 WARN pool: agent run transient error component=pool run_id=a4f627a9-d236-41f4-a98c-4e0c961dd3dc task_id=10c51a62-0b81-4634-8eb4-822d36ac3872 classification=transient err="transient error: context deadline exceeded"
2026/07/27 00:53:51 WARN pool: transient retry budget exhausted, escalating to waiting_human component=pool run_id=a4f627a9-d236-41f4-a98c-4e0c961dd3dc task_id=10c51a62-0b81-4634-8eb4-822d36ac3872 count=1 max_retries=1
--- PASS: TestPool_TransientFailure_EscalatesAfterMaxRetries (0.07s)
=== RUN   TestPool_GenuineFailure_DoesNotConsumeRetryBudget
2026/07/27 00:53:51 INFO pool: agent run starting component=pool run_id=404b900a-8ec8-4615-95cf-98140edea58e task_id=395fc2a3-0622-4b7f-8ccc-d99e9956c1b5 provider=mock agent=mock-agent
2026/07/27 00:53:51 WARN pool: agent run failed component=pool run_id=404b900a-8ec8-4615-95cf-98140edea58e task_id=395fc2a3-0622-4b7f-8ccc-d99e9956c1b5 classification=genuine final_status=failed
2026/07/27 00:53:51 INFO pool: agent run finished component=pool run_id=404b900a-8ec8-4615-95cf-98140edea58e task_id=395fc2a3-0622-4b7f-8ccc-d99e9956c1b5 status=failed
--- PASS: TestPool_GenuineFailure_DoesNotConsumeRetryBudget (0.07s)
=== RUN   TestPool_Success_ResetsRetryCount
2026/07/27 00:53:52 INFO pool: agent run starting component=pool run_id=7ff6e87e-b0fd-4b3c-88d8-3ac6aeac8167 task_id=17ba121c-4537-4643-8bb9-1921925da19d provider=mock agent=mock-agent
2026/07/27 00:53:52 WARN pool: safety-net commit failed component=pool run_id=7ff6e87e-b0fd-4b3c-88d8-3ac6aeac8167 task_id=17ba121c-4537-4643-8bb9-1921925da19d err="git status: exit status 128: fatal: not a git repository (or any of the parent directories): .git"
2026/07/27 00:53:52 INFO pool: agent run finished component=pool run_id=7ff6e87e-b0fd-4b3c-88d8-3ac6aeac8167 task_id=17ba121c-4537-4643-8bb9-1921925da19d status=completed
--- PASS: TestPool_Success_ResetsRetryCount (0.07s)
=== RUN   TestListAgentPickupTasks_ExcludesFutureNextRetryAt
--- PASS: TestListAgentPickupTasks_ExcludesFutureNextRetryAt (0.05s)
=== RUN   TestListAgentPickupTasks_OrdersByPriorityThenCreatedAt
--- PASS: TestListAgentPickupTasks_OrdersByPriorityThenCreatedAt (5.55s)
=== RUN   TestPool_SafetyNetCommit_HumanReadableMessage
2026/07/27 00:53:57 INFO pool: agent run starting component=pool run_id=f5159559-d366-4444-b2ec-ca529f871687 task_id=5b85f3a6-0a90-4df3-959f-ece5986e6e71 provider=mock agent=mock-agent
2026/07/27 00:53:57 INFO pool: agent run finished component=pool run_id=f5159559-d366-4444-b2ec-ca529f871687 task_id=5b85f3a6-0a90-4df3-959f-ece5986e6e71 status=completed
--- PASS: TestPool_SafetyNetCommit_HumanReadableMessage (0.11s)
PASS
ok  	github.com/myinisjap/agent-task-editor/backend/internal/agent	10.379s
=== RUN   TestAnthropicRunner_ExceedsConfiguredMaxTurns
--- PASS: TestAnthropicRunner_ExceedsConfiguredMaxTurns (0.00s)
=== RUN   TestAnthropicRunner_CapturesUsageAndCost
--- PASS: TestAnthropicRunner_CapturesUsageAndCost (0.00s)
=== RUN   TestAnthropicRunner_SignalCompleteReadsOutcome
--- PASS: TestAnthropicRunner_SignalCompleteReadsOutcome (0.00s)
=== RUN   TestAnthropicRunner_GetTaskTransitions
--- PASS: TestAnthropicRunner_GetTaskTransitions (0.00s)
=== RUN   TestNewChatMCPProvisioner_EmptyBinaryDisabled
--- PASS: TestNewChatMCPProvisioner_EmptyBinaryDisabled (0.00s)
=== RUN   TestChatMCPProvisioner_Claude_WritesMCPConfig
--- PASS: TestChatMCPProvisioner_Claude_WritesMCPConfig (0.00s)
=== RUN   TestChatMCPProvisioner_Claude_NoTokenOmitsHeader
--- PASS: TestChatMCPProvisioner_Claude_NoTokenOmitsHeader (0.00s)
=== RUN   TestChatMCPProvisioner_Gemini_WritesHomeAndSkipsTrust
--- PASS: TestChatMCPProvisioner_Gemini_WritesHomeAndSkipsTrust (0.00s)
=== RUN   TestChatMCPProvisioner_Codex_WritesConfigToml
--- PASS: TestChatMCPProvisioner_Codex_WritesConfigToml (0.00s)
=== RUN   TestChatMCPProvisioner_UnsupportedProvider_NoInjection
--- PASS: TestChatMCPProvisioner_UnsupportedProvider_NoInjection (0.00s)
=== RUN   TestClaudeOAuthToken_ValidTokenReturnedWithoutRefresh
--- PASS: TestClaudeOAuthToken_ValidTokenReturnedWithoutRefresh (0.00s)
=== RUN   TestClaudeOAuthToken_ExpiredTokenIsRefreshedAndPersisted
2026/07/27 00:53:47 INFO claude oauth: access token refreshed component=agent expires_at=2026-07-27T08:53:47Z
--- PASS: TestClaudeOAuthToken_ExpiredTokenIsRefreshedAndPersisted (0.00s)
=== RUN   TestClaudeOAuthToken_ExpiringSoonIsRefreshedProactively
2026/07/27 00:53:47 INFO claude oauth: access token refreshed component=agent expires_at=2026-07-27T01:53:47Z
--- PASS: TestClaudeOAuthToken_ExpiringSoonIsRefreshedProactively (0.00s)
=== RUN   TestClaudeOAuthToken_ProactiveRefreshFailureKeepsCurrentToken
2026/07/27 00:53:47 WARN claude oauth: token refresh failed component=agent error="refresh request failed: http 502: "
--- PASS: TestClaudeOAuthToken_ProactiveRefreshFailureKeepsCurrentToken (0.00s)
=== RUN   TestClaudeOAuthToken_ExpiredAndUnrefreshableReturnsEmpty
2026/07/27 00:53:47 WARN claude oauth: token refresh failed component=agent error="refresh request failed: http 401: "
--- PASS: TestClaudeOAuthToken_ExpiredAndUnrefreshableReturnsEmpty (0.00s)
=== RUN   TestClaudeOAuthToken_NoExpiryReturnsTokenAsIs
--- PASS: TestClaudeOAuthToken_NoExpiryReturnsTokenAsIs (0.00s)
=== RUN   TestClaudeOAuthToken_MissingFileReturnsEmpty
--- PASS: TestClaudeOAuthToken_MissingFileReturnsEmpty (0.00s)
=== RUN   TestListInstalledClaudePluginsFrom_Fixture
--- PASS: TestListInstalledClaudePluginsFrom_Fixture (0.00s)
=== RUN   TestListInstalledClaudePluginsFrom_MissingFile
--- PASS: TestListInstalledClaudePluginsFrom_MissingFile (0.00s)
=== RUN   TestListInstalledClaudePluginsFrom_UnparseableFile
--- PASS: TestListInstalledClaudePluginsFrom_UnparseableFile (0.00s)
=== RUN   TestListAvailableClaudeMCPServersFrom_Fixture
--- PASS: TestListAvailableClaudeMCPServersFrom_Fixture (0.00s)
=== RUN   TestListAvailableClaudeMCPServersFrom_MissingFile
--- PASS: TestListAvailableClaudeMCPServersFrom_MissingFile (0.00s)
=== RUN   TestRawMCPServerConfigsFrom_SkipsTaskEditorAndMissing
--- PASS: TestRawMCPServerConfigsFrom_SkipsTaskEditorAndMissing (0.00s)
=== RUN   TestParseClaudeResetTime_SessionLimitSample
=== RUN   TestParseClaudeResetTime_SessionLimitSample/before_6pm_same_day
=== RUN   TestParseClaudeResetTime_SessionLimitSample/after_6pm_rolls_to_next_day
=== RUN   TestParseClaudeResetTime_SessionLimitSample/exactly_at_6pm_rolls_to_next_day
--- PASS: TestParseClaudeResetTime_SessionLimitSample (0.00s)
    --- PASS: TestParseClaudeResetTime_SessionLimitSample/before_6pm_same_day (0.00s)
    --- PASS: TestParseClaudeResetTime_SessionLimitSample/after_6pm_rolls_to_next_day (0.00s)
    --- PASS: TestParseClaudeResetTime_SessionLimitSample/exactly_at_6pm_rolls_to_next_day (0.00s)
=== RUN   TestParseClaudeResetTime_WithMinutes
--- PASS: TestParseClaudeResetTime_WithMinutes (0.00s)
=== RUN   TestParseClaudeResetTime_NoReset
--- PASS: TestParseClaudeResetTime_NoReset (0.00s)
=== RUN   TestParseClaudeResetTime_UnrecognizedTimezoneFallsBackToUTC
--- PASS: TestParseClaudeResetTime_UnrecognizedTimezoneFallsBackToUTC (0.00s)
=== RUN   TestParseClaudeResetTime_NoTimezoneFallsBackToUTC
--- PASS: TestParseClaudeResetTime_NoTimezoneFallsBackToUTC (0.00s)
=== RUN   TestParseClaudeResetTime_CaseInsensitive
--- PASS: TestParseClaudeResetTime_CaseInsensitive (0.00s)
=== RUN   TestClaudeExitCode1_IsFailed
--- PASS: TestClaudeExitCode1_IsFailed (0.00s)
=== RUN   TestClaudeExitCode1_NoOutput_IsFailed
--- PASS: TestClaudeExitCode1_NoOutput_IsFailed (0.00s)
=== RUN   TestClaudeExitCode0_Success
--- PASS: TestClaudeExitCode0_Success (0.00s)
=== RUN   TestClaudeExitCode0_NoOutcome
--- PASS: TestClaudeExitCode0_NoOutcome (0.00s)
=== RUN   TestClaudeRunner_PropagatesUsageFromResultMessage
--- PASS: TestClaudeRunner_PropagatesUsageFromResultMessage (0.00s)
=== RUN   TestClaudeRunner_RateLimitResetAtFromResultText
--- PASS: TestClaudeRunner_RateLimitResetAtFromResultText (0.00s)
=== RUN   TestBuildClaudeArgs_MaxTurnsDefault
--- PASS: TestBuildClaudeArgs_MaxTurnsDefault (0.00s)
=== RUN   TestBuildClaudeArgs_MaxTurnsConfigured
--- PASS: TestBuildClaudeArgs_MaxTurnsConfigured (0.00s)
=== RUN   TestBuildClaudeSettingsJSON_FallbackNoInventory
--- PASS: TestBuildClaudeSettingsJSON_FallbackNoInventory (0.00s)
=== RUN   TestBuildClaudeSettingsJSON_NoSelection_EmptyMap
--- PASS: TestBuildClaudeSettingsJSON_NoSelection_EmptyMap (0.00s)
=== RUN   TestBuildClaudeSettingsJSON_CommandPermissions
=== RUN   TestBuildClaudeSettingsJSON_CommandPermissions/both_lists_populated
=== RUN   TestBuildClaudeSettingsJSON_CommandPermissions/denylist_only
=== RUN   TestBuildClaudeSettingsJSON_CommandPermissions/empty_lists_omit_permissions_key_entirely
--- PASS: TestBuildClaudeSettingsJSON_CommandPermissions (0.00s)
    --- PASS: TestBuildClaudeSettingsJSON_CommandPermissions/both_lists_populated (0.00s)
    --- PASS: TestBuildClaudeSettingsJSON_CommandPermissions/denylist_only (0.00s)
    --- PASS: TestBuildClaudeSettingsJSON_CommandPermissions/empty_lists_omit_permissions_key_entirely (0.00s)
=== RUN   TestBuildClaudeArgs_CommandPermissions
--- PASS: TestBuildClaudeArgs_CommandPermissions (0.00s)
=== RUN   TestBuildClaudeArgs_ResumeSession
--- PASS: TestBuildClaudeArgs_ResumeSession (0.00s)
=== RUN   TestBuildClaudeArgs_NoResumeFlagOnColdStart
--- PASS: TestBuildClaudeArgs_NoResumeFlagOnColdStart (0.00s)
=== RUN   TestFetchClaudeUsage_NoCredentials
--- PASS: TestFetchClaudeUsage_NoCredentials (0.00s)
=== RUN   TestFetchClaudeUsage_ParsesFiveHourAndSevenDay
--- PASS: TestFetchClaudeUsage_ParsesFiveHourAndSevenDay (0.00s)
=== RUN   TestFetchClaudeUsage_NonOKStatus
=== RUN   TestFetchClaudeUsage_NonOKStatus/rate_limited
=== RUN   TestFetchClaudeUsage_NonOKStatus/server_error
--- PASS: TestFetchClaudeUsage_NonOKStatus (0.00s)
    --- PASS: TestFetchClaudeUsage_NonOKStatus/rate_limited (0.00s)
    --- PASS: TestFetchClaudeUsage_NonOKStatus/server_error (0.00s)
=== RUN   TestBuildCodexArgs_Basic
--- PASS: TestBuildCodexArgs_Basic (0.00s)
=== RUN   TestBuildCodexArgs_Model
--- PASS: TestBuildCodexArgs_Model (0.00s)
=== RUN   TestBuildCodexArgs_NoModel
--- PASS: TestBuildCodexArgs_NoModel (0.00s)
=== RUN   TestBuildCodexArgs_Resume
--- PASS: TestBuildCodexArgs_Resume (0.00s)
=== RUN   TestBuildCodexArgs_NoResume
--- PASS: TestBuildCodexArgs_NoResume (0.00s)
=== RUN   TestRenderCodexMCPTOML
--- PASS: TestRenderCodexMCPTOML (0.00s)
=== RUN   TestRenderCodexMCPTOML_NoEnv
--- PASS: TestRenderCodexMCPTOML_NoEnv (0.00s)
=== RUN   TestClassifyCodexJSON_ThreadStarted
--- PASS: TestClassifyCodexJSON_ThreadStarted (0.00s)
=== RUN   TestClassifyCodexJSON_TurnCompleted
--- PASS: TestClassifyCodexJSON_TurnCompleted (0.00s)
=== RUN   TestClassifyCodexJSON_TurnFailed
--- PASS: TestClassifyCodexJSON_TurnFailed (0.00s)
=== RUN   TestClassifyCodexJSON_TurnFailedGenuine
--- PASS: TestClassifyCodexJSON_TurnFailedGenuine (0.00s)
=== RUN   TestClassifyCodexJSON_AgentMessageCompleted
--- PASS: TestClassifyCodexJSON_AgentMessageCompleted (0.00s)
=== RUN   TestClassifyCodexJSON_AgentMessageStartedNoOutcome
--- PASS: TestClassifyCodexJSON_AgentMessageStartedNoOutcome (0.00s)
=== RUN   TestClassifyCodexJSON_CommandExecution
--- PASS: TestClassifyCodexJSON_CommandExecution (0.00s)
=== RUN   TestClassifyCodexJSON_McpToolCall
--- PASS: TestClassifyCodexJSON_McpToolCall (0.00s)
=== RUN   TestClassifyCodexJSON_NonJSONLine
--- PASS: TestClassifyCodexJSON_NonJSONLine (0.00s)
=== RUN   TestBuildGeminiArgs_Resume
--- PASS: TestBuildGeminiArgs_Resume (0.00s)
=== RUN   TestBuildGeminiArgs_Basic
--- PASS: TestBuildGeminiArgs_Basic (0.00s)
=== RUN   TestBuildGeminiArgs_MCPConfigured
--- PASS: TestBuildGeminiArgs_MCPConfigured (0.00s)
=== RUN   TestBuildGeminiArgs_Model
--- PASS: TestBuildGeminiArgs_Model (0.00s)
=== RUN   TestBuildGeminiArgs_NoModel
--- PASS: TestBuildGeminiArgs_NoModel (0.00s)
=== RUN   TestClassifyGeminiJSON_Init
--- PASS: TestClassifyGeminiJSON_Init (0.00s)
=== RUN   TestClassifyGeminiJSON_AssistantMessage
--- PASS: TestClassifyGeminiJSON_AssistantMessage (0.00s)
=== RUN   TestClassifyGeminiJSON_UserMessageIgnored
--- PASS: TestClassifyGeminiJSON_UserMessageIgnored (0.00s)
=== RUN   TestClassifyGeminiJSON_Result
--- PASS: TestClassifyGeminiJSON_Result (0.00s)
=== RUN   TestClassifyGeminiJSON_ToolEvents
--- PASS: TestClassifyGeminiJSON_ToolEvents (0.00s)
=== RUN   TestClassifyGeminiJSON_NonJSONLine
--- PASS: TestClassifyGeminiJSON_NonJSONLine (0.00s)
=== RUN   TestLLMRunner_ExceedsConfiguredMaxTurns
--- PASS: TestLLMRunner_ExceedsConfiguredMaxTurns (0.00s)
=== RUN   TestLLMRunner_CapturesUsageAndCost
--- PASS: TestLLMRunner_CapturesUsageAndCost (0.00s)
=== RUN   TestLLMRunner_SignalCompleteReadsOutcome
--- PASS: TestLLMRunner_SignalCompleteReadsOutcome (0.00s)
=== RUN   TestLLMRunner_GetTaskTransitions
--- PASS: TestLLMRunner_GetTaskTransitions (0.00s)
=== RUN   TestShouldFallBackToColdStart
--- PASS: TestShouldFallBackToColdStart (0.00s)
=== RUN   TestIsResumeErrorLine
--- PASS: TestIsResumeErrorLine (0.00s)
=== RUN   TestClassifyStreamJSON_ResultUsage
--- PASS: TestClassifyStreamJSON_ResultUsage (0.00s)
=== RUN   TestClassifyStreamJSON_ResultNoUsage
--- PASS: TestClassifyStreamJSON_ResultNoUsage (0.00s)
=== RUN   TestClassifyStreamJSON_NonResultMessagesReturnNilUsage
--- PASS: TestClassifyStreamJSON_NonResultMessagesReturnNilUsage (0.00s)
=== RUN   TestClassifyStreamJSON_AssistantToolUse
--- PASS: TestClassifyStreamJSON_AssistantToolUse (0.00s)
=== RUN   TestClassifyStreamJSON_AssistantText
--- PASS: TestClassifyStreamJSON_AssistantText (0.00s)
=== RUN   TestClassifyStreamJSON_SessionID
--- PASS: TestClassifyStreamJSON_SessionID (0.00s)
=== RUN   TestIs429AndTransientWrappers
--- PASS: TestIs429AndTransientWrappers (0.00s)
=== RUN   TestClassifyResultMessage
=== RUN   TestClassifyResultMessage/clean_success
=== RUN   TestClassifyResultMessage/error_max_turns_is_genuine_(no_infra_signal)
=== RUN   TestClassifyResultMessage/error_with_rate-limit_text
=== RUN   TestClassifyResultMessage/error_with_transient_text
=== RUN   TestClassifyResultMessage/is_error_flag_without_error_subtype
=== RUN   TestClassifyResultMessage/session_limit_result_with_api_error_status_429
--- PASS: TestClassifyResultMessage (0.00s)
    --- PASS: TestClassifyResultMessage/clean_success (0.00s)
    --- PASS: TestClassifyResultMessage/error_max_turns_is_genuine_(no_infra_signal) (0.00s)
    --- PASS: TestClassifyResultMessage/error_with_rate-limit_text (0.00s)
    --- PASS: TestClassifyResultMessage/error_with_transient_text (0.00s)
    --- PASS: TestClassifyResultMessage/is_error_flag_without_error_subtype (0.00s)
    --- PASS: TestClassifyResultMessage/session_limit_result_with_api_error_status_429 (0.00s)
=== RUN   TestClassifyStreamJSON_NonResultNoClassification
--- PASS: TestClassifyStreamJSON_NonResultNoClassification (0.00s)
=== RUN   TestEstimateCostUSD_ExactMatch
--- PASS: TestEstimateCostUSD_ExactMatch (0.00s)
=== RUN   TestEstimateCostUSD_PrefixFallback
--- PASS: TestEstimateCostUSD_PrefixFallback (0.00s)
=== RUN   TestEstimateCostUSD_LongestPrefixWins
--- PASS: TestEstimateCostUSD_LongestPrefixWins (0.00s)
=== RUN   TestEstimateCostUSD_UnknownModel
--- PASS: TestEstimateCostUSD_UnknownModel (0.00s)
=== RUN   TestEstimateCostUSD_EmptyModel
--- PASS: TestEstimateCostUSD_EmptyModel (0.00s)
=== RUN   TestEstimateCostUSD_ZeroTokens
--- PASS: TestEstimateCostUSD_ZeroTokens (0.00s)
=== RUN   TestEstimateCostUSDWithResolver_NilFallsBackToMap
--- PASS: TestEstimateCostUSDWithResolver_NilFallsBackToMap (0.00s)
=== RUN   TestEstimateCostUSDWithResolver_UnknownFlagsCost
--- PASS: TestEstimateCostUSDWithResolver_UnknownFlagsCost (0.00s)
=== RUN   TestEstimateCostUSDWithResolver_UsesResolverPricing
--- PASS: TestEstimateCostUSDWithResolver_UsesResolverPricing (0.00s)
=== RUN   TestDBPriceResolver_DBRowTakesPrecedence
--- PASS: TestDBPriceResolver_DBRowTakesPrecedence (0.05s)
=== RUN   TestDBPriceResolver_FallsBackToMapWhenNotInDB
--- PASS: TestDBPriceResolver_FallsBackToMapWhenNotInDB (0.08s)
=== RUN   TestDBPriceResolver_PrefixMatchAgainstDBRow
--- PASS: TestDBPriceResolver_PrefixMatchAgainstDBRow (0.07s)
=== RUN   TestDBPriceResolver_UnknownEverywhere
--- PASS: TestDBPriceResolver_UnknownEverywhere (0.07s)
=== RUN   TestDBPriceResolver_NilQueriesFallsBackToMap
--- PASS: TestDBPriceResolver_NilQueriesFallsBackToMap (0.00s)
=== RUN   TestRunAccumulators_Attach_KnownModel
--- PASS: TestRunAccumulators_Attach_KnownModel (0.00s)
=== RUN   TestRunAccumulators_Attach_UnknownModelWithTokens
--- PASS: TestRunAccumulators_Attach_UnknownModelWithTokens (0.00s)
=== RUN   TestRunAccumulators_Attach_UnknownModelNoTokens
--- PASS: TestRunAccumulators_Attach_UnknownModelNoTokens (0.00s)
=== RUN   TestRunAccumulators_Attach_UsesPriceResolver
--- PASS: TestRunAccumulators_Attach_UsesPriceResolver (0.00s)
=== RUN   TestBuildPrompt_FeedbackInjected
--- PASS: TestBuildPrompt_FeedbackInjected (0.00s)
=== RUN   TestBuildPrompt_OpenReviewCommentsInjected
--- PASS: TestBuildPrompt_OpenReviewCommentsInjected (0.00s)
=== RUN   TestBuildPrompt_NoReviewComments
--- PASS: TestBuildPrompt_NoReviewComments (0.00s)
=== RUN   TestBuildResumePrompt_NoNewInfo
--- PASS: TestBuildResumePrompt_NoNewInfo (0.00s)
=== RUN   TestBuildPrompt_SourceCommentsInjected
--- PASS: TestBuildPrompt_SourceCommentsInjected (0.00s)
=== RUN   TestBuildPrompt_NoSourceComments
--- PASS: TestBuildPrompt_NoSourceComments (0.00s)
=== RUN   TestBuildPrompt_SourceCommentEndMarkerEscapeNeutralized
--- PASS: TestBuildPrompt_SourceCommentEndMarkerEscapeNeutralized (0.00s)
=== RUN   TestBuildResumePrompt_SourceCommentsInjected
--- PASS: TestBuildResumePrompt_SourceCommentsInjected (0.00s)
=== RUN   TestBuildQwenArgs_Resume
--- PASS: TestBuildQwenArgs_Resume (0.00s)
=== RUN   TestBuildQwenArgs_MaxTurnsDefault
--- PASS: TestBuildQwenArgs_MaxTurnsDefault (0.00s)
=== RUN   TestBuildQwenArgs_MaxTurnsConfigured
--- PASS: TestBuildQwenArgs_MaxTurnsConfigured (0.00s)
=== RUN   TestBuildQwenArgs_CommandAllowlist
--- PASS: TestBuildQwenArgs_CommandAllowlist (0.00s)
=== RUN   TestBuildQwenArgs_NoCommandAllowlist_NoExtraFlags
--- PASS: TestBuildQwenArgs_NoCommandAllowlist_NoExtraFlags (0.00s)
=== RUN   TestMatchCommandPattern
=== RUN   TestMatchCommandPattern/exact_match
=== RUN   TestMatchCommandPattern/exact_mismatch
=== RUN   TestMatchCommandPattern/empty_pattern_never_matches
=== RUN   TestMatchCommandPattern/prefix_wildcard
=== RUN   TestMatchCommandPattern/prefix_wildcard_no_match
=== RUN   TestMatchCommandPattern/suffix_wildcard
=== RUN   TestMatchCommandPattern/suffix_wildcard_no_match
=== RUN   TestMatchCommandPattern/middle_wildcard
=== RUN   TestMatchCommandPattern/leading_and_trailing_wildcard
=== RUN   TestMatchCommandPattern/bare_wildcard_matches_anything
=== RUN   TestMatchCommandPattern/no_wildcard_exact_only
--- PASS: TestMatchCommandPattern (0.00s)
    --- PASS: TestMatchCommandPattern/exact_match (0.00s)
    --- PASS: TestMatchCommandPattern/exact_mismatch (0.00s)
    --- PASS: TestMatchCommandPattern/empty_pattern_never_matches (0.00s)
    --- PASS: TestMatchCommandPattern/prefix_wildcard (0.00s)
    --- PASS: TestMatchCommandPattern/prefix_wildcard_no_match (0.00s)
    --- PASS: TestMatchCommandPattern/suffix_wildcard (0.00s)
    --- PASS: TestMatchCommandPattern/suffix_wildcard_no_match (0.00s)
    --- PASS: TestMatchCommandPattern/middle_wildcard (0.00s)
    --- PASS: TestMatchCommandPattern/leading_and_trailing_wildcard (0.00s)
    --- PASS: TestMatchCommandPattern/bare_wildcard_matches_anything (0.00s)
    --- PASS: TestMatchCommandPattern/no_wildcard_exact_only (0.00s)
=== RUN   TestCommandPolicy_Allowed
=== RUN   TestCommandPolicy_Allowed/empty_policy_allows_everything
=== RUN   TestCommandPolicy_Allowed/denylist_blocks_even_if_allowlist_would_allow
=== RUN   TestCommandPolicy_Allowed/allowlist-only_blocks_non-matching_commands
=== RUN   TestCommandPolicy_Allowed/allowlist_and_denylist_combined
=== RUN   TestCommandPolicy_Allowed/trims_whitespace_before_matching
--- PASS: TestCommandPolicy_Allowed (0.00s)
    --- PASS: TestCommandPolicy_Allowed/empty_policy_allows_everything (0.00s)
    --- PASS: TestCommandPolicy_Allowed/denylist_blocks_even_if_allowlist_would_allow (0.00s)
    --- PASS: TestCommandPolicy_Allowed/allowlist-only_blocks_non-matching_commands (0.00s)
    --- PASS: TestCommandPolicy_Allowed/allowlist_and_denylist_combined (0.00s)
    --- PASS: TestCommandPolicy_Allowed/trims_whitespace_before_matching (0.00s)
=== RUN   TestExecuteLLMTool_ListDir
=== RUN   TestExecuteLLMTool_ListDir/path_escape_rejected
--- PASS: TestExecuteLLMTool_ListDir (0.00s)
    --- PASS: TestExecuteLLMTool_ListDir/path_escape_rejected (0.00s)
=== RUN   TestExecuteLLMTool_StrReplace
=== RUN   TestExecuteLLMTool_StrReplace/zero_matches_errors
=== RUN   TestExecuteLLMTool_StrReplace/multiple_matches_errors
=== RUN   TestExecuteLLMTool_StrReplace/exact_match_replaces
=== RUN   TestExecuteLLMTool_StrReplace/path_escape_rejected
--- PASS: TestExecuteLLMTool_StrReplace (0.00s)
    --- PASS: TestExecuteLLMTool_StrReplace/zero_matches_errors (0.00s)
    --- PASS: TestExecuteLLMTool_StrReplace/multiple_matches_errors (0.00s)
    --- PASS: TestExecuteLLMTool_StrReplace/exact_match_replaces (0.00s)
    --- PASS: TestExecuteLLMTool_StrReplace/path_escape_rejected (0.00s)
=== RUN   TestExecuteLLMTool_Search_RgNotOnPath
--- PASS: TestExecuteLLMTool_Search_RgNotOnPath (0.00s)
=== RUN   TestExecuteLLMTool_Search
=== RUN   TestExecuteLLMTool_Search/glob_restricts_search
=== RUN   TestExecuteLLMTool_Search/no_matches
--- PASS: TestExecuteLLMTool_Search (0.02s)
    --- PASS: TestExecuteLLMTool_Search/glob_restricts_search (0.00s)
    --- PASS: TestExecuteLLMTool_Search/no_matches (0.00s)
=== RUN   TestExecuteLLMTool_GetTaskTransitions
=== RUN   TestExecuteLLMTool_GetTaskTransitions/empty_transitions
=== RUN   TestExecuteLLMTool_GetTaskTransitions/marshals_transitions_as_JSON
--- PASS: TestExecuteLLMTool_GetTaskTransitions (0.00s)
    --- PASS: TestExecuteLLMTool_GetTaskTransitions/empty_transitions (0.00s)
    --- PASS: TestExecuteLLMTool_GetTaskTransitions/marshals_transitions_as_JSON (0.00s)
=== RUN   TestExecuteLLMTool_SignalComplete_ReadsOutcome
--- PASS: TestExecuteLLMTool_SignalComplete_ReadsOutcome (0.00s)
PASS
ok  	github.com/myinisjap/agent-task-editor/backend/internal/agent/providers	0.334s
=== RUN   TestOpenAPISpecCoversAllRoutes
--- PASS: TestOpenAPISpecCoversAllRoutes (0.07s)
=== RUN   TestHealthzEndpoint_UnauthenticatedEvenWithAPIToken
2026/07/27 00:53:47 INFO request method=GET path=/healthz status=200 duration=43.911µs request_id=10a0c7cec2a5/zWcKHP7093-000001
--- PASS: TestHealthzEndpoint_UnauthenticatedEvenWithAPIToken (0.08s)
=== RUN   TestMetricsEndpoint_UnauthenticatedByDefault
2026/07/27 00:53:47 INFO request method=GET path=/metrics status=200 duration=1.077746ms request_id=10a0c7cec2a5/zWcKHP7093-000002
--- PASS: TestMetricsEndpoint_UnauthenticatedByDefault (0.07s)
=== RUN   TestMetricsEndpoint_GatedByMetricsToken
2026/07/27 00:53:47 INFO request method=GET path=/metrics status=401 duration=12.841µs request_id=10a0c7cec2a5/zWcKHP7093-000003
2026/07/27 00:53:47 INFO request method=GET path=/metrics status=200 duration=951.185µs request_id=10a0c7cec2a5/zWcKHP7093-000004
--- PASS: TestMetricsEndpoint_GatedByMetricsToken (0.07s)
PASS
ok  	github.com/myinisjap/agent-task-editor/backend/internal/api	0.296s
=== RUN   TestBuildPRBody
--- PASS: TestBuildPRBody (0.00s)
=== RUN   TestYamlWorkflow_Validate_CreatePR
=== RUN   TestYamlWorkflow_Validate_CreatePR/none
=== RUN   TestYamlWorkflow_Validate_CreatePR/one
=== RUN   TestYamlWorkflow_Validate_CreatePR/two
=== RUN   TestYamlWorkflow_Validate_CreatePR/all
--- PASS: TestYamlWorkflow_Validate_CreatePR (0.00s)
    --- PASS: TestYamlWorkflow_Validate_CreatePR/none (0.00s)
    --- PASS: TestYamlWorkflow_Validate_CreatePR/one (0.00s)
    --- PASS: TestYamlWorkflow_Validate_CreatePR/two (0.00s)
    --- PASS: TestYamlWorkflow_Validate_CreatePR/all (0.00s)
=== RUN   TestAgentsCreate_EnabledPluginsAndMCPServers_DefaultOff
--- PASS: TestAgentsCreate_EnabledPluginsAndMCPServers_DefaultOff (0.07s)
=== RUN   TestAgentsCreate_EnabledPluginsAndMCPServers_RoundTrip
--- PASS: TestAgentsCreate_EnabledPluginsAndMCPServers_RoundTrip (0.08s)
=== RUN   TestAgentsUpdate_EnabledPluginsAndMCPServers_RoundTrip
--- PASS: TestAgentsUpdate_EnabledPluginsAndMCPServers_RoundTrip (0.08s)
=== RUN   TestAgentsCreate_CommandFilters_DefaultOff
--- PASS: TestAgentsCreate_CommandFilters_DefaultOff (0.07s)
=== RUN   TestAgentsCreate_CommandFilters_RoundTrip
--- PASS: TestAgentsCreate_CommandFilters_RoundTrip (0.06s)
=== RUN   TestAgentsUpdate_CommandFilters_RoundTrip
--- PASS: TestAgentsUpdate_CommandFilters_RoundTrip (0.07s)
=== RUN   TestAgentsCreate_RetryPolicy_Defaults
--- PASS: TestAgentsCreate_RetryPolicy_Defaults (0.06s)
=== RUN   TestAgentsCreate_RetryPolicy_RoundTrip
--- PASS: TestAgentsCreate_RetryPolicy_RoundTrip (0.06s)
=== RUN   TestAgentsCreate_RetryPolicy_RejectsNegative
--- PASS: TestAgentsCreate_RetryPolicy_RejectsNegative (0.06s)
=== RUN   TestAgentsUpdate_RetryPolicy_RejectsNegative
--- PASS: TestAgentsUpdate_RetryPolicy_RejectsNegative (0.06s)
=== RUN   TestAgentsUpdate_RetryPolicy_RoundTrip
--- PASS: TestAgentsUpdate_RetryPolicy_RoundTrip (0.07s)
=== RUN   TestBackupSettingsHandler_GetDefaults
--- PASS: TestBackupSettingsHandler_GetDefaults (0.07s)
=== RUN   TestBackupSettingsHandler_UpdateRejectsBelowMinimum
--- PASS: TestBackupSettingsHandler_UpdateRejectsBelowMinimum (0.06s)
=== RUN   TestBackupSettingsHandler_UpdateRejectsInvalidKeep
--- PASS: TestBackupSettingsHandler_UpdateRejectsInvalidKeep (0.07s)
=== RUN   TestBackupSettingsHandler_UpdatePersists
--- PASS: TestBackupSettingsHandler_UpdatePersists (0.06s)
=== RUN   TestBackupSettingsHandler_UpdateRejectsMalformedBody
--- PASS: TestBackupSettingsHandler_UpdateRejectsMalformedBody (0.06s)
=== RUN   TestBackupHandler_StreamsValidSnapshot
--- PASS: TestBackupHandler_StreamsValidSnapshot (0.08s)
=== RUN   TestDashboardGet_ClaudeUsageUnavailableWithoutCredentials
--- PASS: TestDashboardGet_ClaudeUsageUnavailableWithoutCredentials (0.06s)
=== RUN   TestDashboardGet_AgentConfigStats
--- PASS: TestDashboardGet_AgentConfigStats (0.14s)
=== RUN   TestDashboardGet_InterventionQueueExcludesSupersededRuns
--- PASS: TestDashboardGet_InterventionQueueExcludesSupersededRuns (0.07s)
=== RUN   TestDashboardGet_RepoConcurrency
--- PASS: TestDashboardGet_RepoConcurrency (0.07s)
=== RUN   TestDependencies_DispatchGate
--- PASS: TestDependencies_DispatchGate (0.06s)
=== RUN   TestDependencies_ArchivedBlockerSatisfies
--- PASS: TestDependencies_ArchivedBlockerSatisfies (0.05s)
=== RUN   TestDependencies_Cycle_Rejected
--- PASS: TestDependencies_Cycle_Rejected (0.05s)
=== RUN   TestDependencies_SelfEdge_Rejected
--- PASS: TestDependencies_SelfEdge_Rejected (0.05s)
=== RUN   TestDependencies_Duplicate_Rejected
--- PASS: TestDependencies_Duplicate_Rejected (0.05s)
=== RUN   TestDependencies_List_And_Counts
--- PASS: TestDependencies_List_And_Counts (0.05s)
=== RUN   TestDependencies_CrossWorkflow_Rejected
--- PASS: TestDependencies_CrossWorkflow_Rejected (0.05s)
=== RUN   TestProvidersEndpoint_NoConfigs
--- PASS: TestProvidersEndpoint_NoConfigs (0.50s)
=== RUN   TestProvidersEndpoint_EmitsChecksForConfiguredProviders
--- PASS: TestProvidersEndpoint_EmitsChecksForConfiguredProviders (1.49s)
=== RUN   TestProvidersEndpoint_AutoBackupCheck
=== RUN   TestProvidersEndpoint_AutoBackupCheck/disabled_when_BackupDir_is_empty
=== RUN   TestProvidersEndpoint_AutoBackupCheck/ok_when_BackupDir_is_set
--- PASS: TestProvidersEndpoint_AutoBackupCheck (0.97s)
    --- PASS: TestProvidersEndpoint_AutoBackupCheck/disabled_when_BackupDir_is_empty (0.46s)
    --- PASS: TestProvidersEndpoint_AutoBackupCheck/ok_when_BackupDir_is_set (0.46s)
=== RUN   TestProvidersEndpoint_DBSizeCheck
--- PASS: TestProvidersEndpoint_DBSizeCheck (0.51s)
=== RUN   TestProvidersEndpoint_VersionCheck
=== RUN   TestProvidersEndpoint_VersionCheck/version_row_present_with_configured_version
=== RUN   TestProvidersEndpoint_VersionCheck/update_check_row_present_when_checkForUpdates_is_enabled
--- PASS: TestProvidersEndpoint_VersionCheck (1.28s)
    --- PASS: TestProvidersEndpoint_VersionCheck/version_row_present_with_configured_version (0.45s)
    --- PASS: TestProvidersEndpoint_VersionCheck/update_check_row_present_when_checkForUpdates_is_enabled (0.77s)
=== RUN   TestHealth_ReturnsOKJSON
--- PASS: TestHealth_ReturnsOKJSON (0.05s)
=== RUN   TestHealth_DefaultsVersionToDev
--- PASS: TestHealth_DefaultsVersionToDev (0.05s)
=== RUN   TestLogRetentionSettingsHandler_GetDefaults
--- PASS: TestLogRetentionSettingsHandler_GetDefaults (0.05s)
=== RUN   TestLogRetentionSettingsHandler_UpdateRejectsNegativeDays
--- PASS: TestLogRetentionSettingsHandler_UpdateRejectsNegativeDays (0.05s)
=== RUN   TestLogRetentionSettingsHandler_UpdateRejectsBelowMinimumInterval
--- PASS: TestLogRetentionSettingsHandler_UpdateRejectsBelowMinimumInterval (0.05s)
=== RUN   TestLogRetentionSettingsHandler_UpdateAllowsZeroDays
--- PASS: TestLogRetentionSettingsHandler_UpdateAllowsZeroDays (0.05s)
=== RUN   TestLogRetentionSettingsHandler_UpdatePersists
--- PASS: TestLogRetentionSettingsHandler_UpdatePersists (0.05s)
=== RUN   TestLogRetentionSettingsHandler_UpdateRejectsMalformedBody
--- PASS: TestLogRetentionSettingsHandler_UpdateRejectsMalformedBody (0.05s)
=== RUN   TestModelPricingHandler_ListSeeded
--- PASS: TestModelPricingHandler_ListSeeded (0.05s)
=== RUN   TestModelPricingHandler_UpdateReplacesTable
--- PASS: TestModelPricingHandler_UpdateReplacesTable (0.05s)
=== RUN   TestModelPricingHandler_UpdateRejectsInvalid
=== RUN   TestModelPricingHandler_UpdateRejectsInvalid/empty_model
=== RUN   TestModelPricingHandler_UpdateRejectsInvalid/duplicate_model
=== RUN   TestModelPricingHandler_UpdateRejectsInvalid/negative_input_price
=== RUN   TestModelPricingHandler_UpdateRejectsInvalid/negative_output_price
--- PASS: TestModelPricingHandler_UpdateRejectsInvalid (0.20s)
    --- PASS: TestModelPricingHandler_UpdateRejectsInvalid/empty_model (0.05s)
    --- PASS: TestModelPricingHandler_UpdateRejectsInvalid/duplicate_model (0.05s)
    --- PASS: TestModelPricingHandler_UpdateRejectsInvalid/negative_input_price (0.05s)
    --- PASS: TestModelPricingHandler_UpdateRejectsInvalid/negative_output_price (0.05s)
=== RUN   TestProviderConfigsCreate_RequiresNameAndProvider
--- PASS: TestProviderConfigsCreate_RequiresNameAndProvider (0.05s)
=== RUN   TestProviderConfigsCreate_RejectsUnknownProvider
--- PASS: TestProviderConfigsCreate_RejectsUnknownProvider (0.05s)
=== RUN   TestProviderConfigsCreate_RoundTrip
--- PASS: TestProviderConfigsCreate_RoundTrip (0.05s)
=== RUN   TestProviderConfigsGet_NotFound
--- PASS: TestProviderConfigsGet_NotFound (0.05s)
=== RUN   TestProviderConfigsList
--- PASS: TestProviderConfigsList (0.05s)
=== RUN   TestProviderConfigsUpdate_RoundTrip
--- PASS: TestProviderConfigsUpdate_RoundTrip (0.05s)
=== RUN   TestProviderConfigsUpdate_RejectsUnknownProvider
--- PASS: TestProviderConfigsUpdate_RejectsUnknownProvider (0.05s)
=== RUN   TestProviderConfigsDelete_OK
--- PASS: TestProviderConfigsDelete_OK (0.05s)
=== RUN   TestProviderConfigsDelete_BlockedWhenReferenced
--- PASS: TestProviderConfigsDelete_BlockedWhenReferenced (0.05s)
=== RUN   TestReposCreate_AutoNameFromGitHubHTTPS
2026/07/27 00:53:55 WARN failed to update claude trust dialog path=/tmp/TestReposCreate_AutoNameFromGitHubHTTPS3943833768/001/myorg/myrepo err="rename /home/node/..claude.json.tmp-47421821 /home/node/.claude.json: device or resource busy"
--- PASS: TestReposCreate_AutoNameFromGitHubHTTPS (0.06s)
=== RUN   TestReposCreate_AutoNameFromGitHubHTTPSdotGit
2026/07/27 00:53:55 WARN failed to update claude trust dialog path=/tmp/TestReposCreate_AutoNameFromGitHubHTTPSdotGit3522884670/001/acme/widget err="rename /home/node/..claude.json.tmp-2724304641 /home/node/.claude.json: device or resource busy"
--- PASS: TestReposCreate_AutoNameFromGitHubHTTPSdotGit (0.06s)
=== RUN   TestReposCreate_AutoNameFromGitHubSSH
2026/07/27 00:53:55 WARN failed to update claude trust dialog path=/tmp/TestReposCreate_AutoNameFromGitHubSSH94019768/001/corp/backend err="rename /home/node/..claude.json.tmp-1865580203 /home/node/.claude.json: device or resource busy"
--- PASS: TestReposCreate_AutoNameFromGitHubSSH (0.06s)
=== RUN   TestReposCreate_AutoNameFromGitHubSSHNoGit
2026/07/27 00:53:55 WARN failed to update claude trust dialog path=/tmp/TestReposCreate_AutoNameFromGitHubSSHNoGit1977444728/001/dev/frontend err="rename /home/node/..claude.json.tmp-2984476724 /home/node/.claude.json: device or resource busy"
--- PASS: TestReposCreate_AutoNameFromGitHubSSHNoGit (0.06s)
=== RUN   TestReposCreate_NonGitHubURLRequiresName
--- PASS: TestReposCreate_NonGitHubURLRequiresName (0.05s)
=== RUN   TestReposCreate_ExplicitNameNotOverwritten
2026/07/27 00:53:55 WARN failed to update claude trust dialog path=/tmp/TestReposCreate_ExplicitNameNotOverwritten2091543646/001/myorg/myrepo err="rename /home/node/..claude.json.tmp-1005504960 /home/node/.claude.json: device or resource busy"
--- PASS: TestReposCreate_ExplicitNameNotOverwritten (0.06s)
=== RUN   TestReposCreate_MissingPathAndRemoteURL
--- PASS: TestReposCreate_MissingPathAndRemoteURL (0.05s)
=== RUN   TestReposCreate_AutoCloneRequiresBaseDir
--- PASS: TestReposCreate_AutoCloneRequiresBaseDir (0.05s)
=== RUN   TestReposCreate_PathTraversalViaNamRejected
--- PASS: TestReposCreate_PathTraversalViaNamRejected (0.05s)
=== RUN   TestReposCreate_PathTraversalViaURLSegmentRejected
--- PASS: TestReposCreate_PathTraversalViaURLSegmentRejected (0.05s)
=== RUN   TestReposCreate_BadSchemeRejected
--- PASS: TestReposCreate_BadSchemeRejected (0.05s)
=== RUN   TestReposCreate_PathOutsideBaseDirRejected
--- PASS: TestReposCreate_PathOutsideBaseDirRejected (0.06s)
=== RUN   TestReposCreate_NotAGitRepo
--- PASS: TestReposCreate_NotAGitRepo (0.05s)
=== RUN   TestReposCreate_HappyPathWithExplicitPath
2026/07/27 00:53:55 WARN failed to update claude trust dialog path=/tmp/TestReposCreate_HappyPathWithExplicitPath2550084239/001/myrepo err="rename /home/node/..claude.json.tmp-2028111354 /home/node/.claude.json: device or resource busy"
--- PASS: TestReposCreate_HappyPathWithExplicitPath (0.06s)
=== RUN   TestReposCreate_IssueSyncRequiresRemoteAndWorkflow
--- PASS: TestReposCreate_IssueSyncRequiresRemoteAndWorkflow (0.06s)
=== RUN   TestReposUpdate_IssueSyncRoundTrip
2026/07/27 00:53:56 WARN failed to update claude trust dialog path=/tmp/TestReposUpdate_IssueSyncRoundTrip818182297/001/myorg/myrepo err="rename /home/node/..claude.json.tmp-693845843 /home/node/.claude.json: device or resource busy"
2026/07/27 00:53:56 WARN failed to update claude trust dialog path=/tmp/TestReposUpdate_IssueSyncRoundTrip818182297/001/myorg/myrepo err="rename /home/node/..claude.json.tmp-3194764088 /home/node/.claude.json: device or resource busy"
2026/07/27 00:53:56 WARN failed to update claude trust dialog path=/tmp/TestReposUpdate_IssueSyncRoundTrip818182297/001/myorg/myrepo err="rename /home/node/..claude.json.tmp-2862516392 /home/node/.claude.json: device or resource busy"
2026/07/27 00:53:56 WARN failed to update claude trust dialog path=/tmp/TestReposUpdate_IssueSyncRoundTrip818182297/001/myorg/myrepo err="rename /home/node/..claude.json.tmp-2043424491 /home/node/.claude.json: device or resource busy"
--- PASS: TestReposUpdate_IssueSyncRoundTrip (0.08s)
=== RUN   TestReposCreate_IssueWritebackRequiresRemote
2026/07/27 00:53:56 WARN failed to update claude trust dialog path=/tmp/TestReposCreate_IssueWritebackRequiresRemote612621670/001/myorg/myrepo err="rename /home/node/..claude.json.tmp-3914922915 /home/node/.claude.json: device or resource busy"
--- PASS: TestReposCreate_IssueWritebackRequiresRemote (0.06s)
=== RUN   TestReposUpdate_IssueWritebackRoundTrip
2026/07/27 00:53:56 WARN failed to update claude trust dialog path=/tmp/TestReposUpdate_IssueWritebackRoundTrip2153140587/001/myorg/myrepo err="rename /home/node/..claude.json.tmp-2533065338 /home/node/.claude.json: device or resource busy"
2026/07/27 00:53:56 WARN failed to update claude trust dialog path=/tmp/TestReposUpdate_IssueWritebackRoundTrip2153140587/001/myorg/myrepo err="rename /home/node/..claude.json.tmp-870101172 /home/node/.claude.json: device or resource busy"
2026/07/27 00:53:56 WARN failed to update claude trust dialog path=/tmp/TestReposUpdate_IssueWritebackRoundTrip2153140587/001/myorg/myrepo err="rename /home/node/..claude.json.tmp-2047340095 /home/node/.claude.json: device or resource busy"
2026/07/27 00:53:56 WARN failed to update claude trust dialog path=/tmp/TestReposUpdate_IssueWritebackRoundTrip2153140587/001/myorg/myrepo err="rename /home/node/..claude.json.tmp-1193197122 /home/node/.claude.json: device or resource busy"
--- PASS: TestReposUpdate_IssueWritebackRoundTrip (0.08s)
=== RUN   TestReposUpdate_IssueWritebackLabelRoundTrip
2026/07/27 00:53:56 WARN failed to update claude trust dialog path=/tmp/TestReposUpdate_IssueWritebackLabelRoundTrip2970355713/001/myorg/myrepo2 err="rename /home/node/..claude.json.tmp-175104929 /home/node/.claude.json: device or resource busy"
2026/07/27 00:53:56 WARN failed to update claude trust dialog path=/tmp/TestReposUpdate_IssueWritebackLabelRoundTrip2970355713/001/myorg/myrepo2 err="rename /home/node/..claude.json.tmp-3905097922 /home/node/.claude.json: device or resource busy"
2026/07/27 00:53:56 WARN failed to update claude trust dialog path=/tmp/TestReposUpdate_IssueWritebackLabelRoundTrip2970355713/001/myorg/myrepo2 err="rename /home/node/..claude.json.tmp-3207768101 /home/node/.claude.json: device or resource busy"
2026/07/27 00:53:56 WARN failed to update claude trust dialog path=/tmp/TestReposUpdate_IssueWritebackLabelRoundTrip2970355713/001/myorg/myrepo2 err="rename /home/node/..claude.json.tmp-1280325124 /home/node/.claude.json: device or resource busy"
--- PASS: TestReposUpdate_IssueWritebackLabelRoundTrip (0.08s)
=== RUN   TestReposCreate_PrReviewAutoTransitionRequiresRemote
2026/07/27 00:53:56 WARN failed to update claude trust dialog path=/tmp/TestReposCreate_PrReviewAutoTransitionRequiresRemote1234373694/001/myorg/myrepo err="rename /home/node/..claude.json.tmp-2906116242 /home/node/.claude.json: device or resource busy"
--- PASS: TestReposCreate_PrReviewAutoTransitionRequiresRemote (0.06s)
=== RUN   TestReposUpdate_PrReviewAutoTransitionRoundTrip
2026/07/27 00:53:56 WARN failed to update claude trust dialog path=/tmp/TestReposUpdate_PrReviewAutoTransitionRoundTrip1637270988/001/myorg/myrepo err="rename /home/node/..claude.json.tmp-4048379932 /home/node/.claude.json: device or resource busy"
2026/07/27 00:53:56 WARN failed to update claude trust dialog path=/tmp/TestReposUpdate_PrReviewAutoTransitionRoundTrip1637270988/001/myorg/myrepo err="rename /home/node/..claude.json.tmp-86684782 /home/node/.claude.json: device or resource busy"
2026/07/27 00:53:56 WARN failed to update claude trust dialog path=/tmp/TestReposUpdate_PrReviewAutoTransitionRoundTrip1637270988/001/myorg/myrepo err="rename /home/node/..claude.json.tmp-1140406185 /home/node/.claude.json: device or resource busy"
2026/07/27 00:53:56 WARN failed to update claude trust dialog path=/tmp/TestReposUpdate_PrReviewAutoTransitionRoundTrip1637270988/001/myorg/myrepo err="rename /home/node/..claude.json.tmp-3882685591 /home/node/.claude.json: device or resource busy"
--- PASS: TestReposUpdate_PrReviewAutoTransitionRoundTrip (0.08s)
=== RUN   TestReposList_Empty
--- PASS: TestReposList_Empty (0.05s)
=== RUN   TestReposCreate_IssueSyncPolicyFieldsRoundTrip
2026/07/27 00:53:56 WARN failed to update claude trust dialog path=/tmp/TestReposCreate_IssueSyncPolicyFieldsRoundTrip74850272/001/myorg/myrepo err="rename /home/node/..claude.json.tmp-446751634 /home/node/.claude.json: device or resource busy"
2026/07/27 00:53:56 WARN failed to update claude trust dialog path=/tmp/TestReposCreate_IssueSyncPolicyFieldsRoundTrip74850272/001/myorg/myrepo2 err="rename /home/node/..claude.json.tmp-2052546462 /home/node/.claude.json: device or resource busy"
--- PASS: TestReposCreate_IssueSyncPolicyFieldsRoundTrip (0.07s)
=== RUN   TestReposCreate_InvalidIssueSyncUpdatePolicyRejected
--- PASS: TestReposCreate_InvalidIssueSyncUpdatePolicyRejected (0.07s)
=== RUN   TestReposCreate_InvalidIssueSyncGoneActionRejected
--- PASS: TestReposCreate_InvalidIssueSyncGoneActionRejected (0.06s)
=== RUN   TestReposCreate_GoneActionMoveRequiresLabel
2026/07/27 00:53:56 WARN failed to update claude trust dialog path=/tmp/TestReposCreate_GoneActionMoveRequiresLabel972107752/001/myorg/myrepo err="rename /home/node/..claude.json.tmp-1421133796 /home/node/.claude.json: device or resource busy"
--- PASS: TestReposCreate_GoneActionMoveRequiresLabel (0.07s)
=== RUN   TestReposUpdate_IssueSyncPolicyFieldsRoundTripAndSurviveUnrelatedPatch
2026/07/27 00:53:56 WARN failed to update claude trust dialog path=/tmp/TestReposUpdate_IssueSyncPolicyFieldsRoundTripAndSurviveUnrelate4257153821/001/myorg/myrepo err="rename /home/node/..claude.json.tmp-2747228394 /home/node/.claude.json: device or resource busy"
2026/07/27 00:53:56 WARN failed to update claude trust dialog path=/tmp/TestReposUpdate_IssueSyncPolicyFieldsRoundTripAndSurviveUnrelate4257153821/001/myorg/myrepo err="rename /home/node/..claude.json.tmp-3103535608 /home/node/.claude.json: device or resource busy"
2026/07/27 00:53:56 WARN failed to update claude trust dialog path=/tmp/TestReposUpdate_IssueSyncPolicyFieldsRoundTripAndSurviveUnrelate4257153821/001/myorg/myrepo err="rename /home/node/..claude.json.tmp-3974617882 /home/node/.claude.json: device or resource busy"
--- PASS: TestReposUpdate_IssueSyncPolicyFieldsRoundTripAndSurviveUnrelatedPatch (0.07s)
=== RUN   TestReposUpdate_InvalidIssueSyncPolicyFieldsRejected
2026/07/27 00:53:56 WARN failed to update claude trust dialog path=/tmp/TestReposUpdate_InvalidIssueSyncPolicyFieldsRejected2456232435/001/myorg/myrepo err="rename /home/node/..claude.json.tmp-2486497260 /home/node/.claude.json: device or resource busy"
--- PASS: TestReposUpdate_InvalidIssueSyncPolicyFieldsRejected (0.06s)
=== RUN   TestReposCreate_MaxConcurrentRunsValidation
2026/07/27 00:53:56 WARN failed to update claude trust dialog path=/tmp/TestReposCreate_MaxConcurrentRunsValidation1879345257/001/omitted err="rename /home/node/..claude.json.tmp-1931549480 /home/node/.claude.json: device or resource busy"
2026/07/27 00:53:56 WARN failed to update claude trust dialog path=/tmp/TestReposCreate_MaxConcurrentRunsValidation1879345257/001/capped err="rename /home/node/..claude.json.tmp-2174373852 /home/node/.claude.json: device or resource busy"
--- PASS: TestReposCreate_MaxConcurrentRunsValidation (0.09s)
=== RUN   TestReposUpdate_MaxConcurrentRunsOmittedVsNullVsSet
2026/07/27 00:53:57 WARN failed to update claude trust dialog path=/tmp/TestReposUpdate_MaxConcurrentRunsOmittedVsNullVsSet1174845563/001/myrepo err="rename /home/node/..claude.json.tmp-1179754328 /home/node/.claude.json: device or resource busy"
2026/07/27 00:53:57 WARN failed to update claude trust dialog path=/tmp/TestReposUpdate_MaxConcurrentRunsOmittedVsNullVsSet1174845563/001/myrepo err="rename /home/node/..claude.json.tmp-223541996 /home/node/.claude.json: device or resource busy"
2026/07/27 00:53:57 WARN failed to update claude trust dialog path=/tmp/TestReposUpdate_MaxConcurrentRunsOmittedVsNullVsSet1174845563/001/myrepo err="rename /home/node/..claude.json.tmp-2571185731 /home/node/.claude.json: device or resource busy"
2026/07/27 00:53:57 WARN failed to update claude trust dialog path=/tmp/TestReposUpdate_MaxConcurrentRunsOmittedVsNullVsSet1174845563/001/myrepo err="rename /home/node/..claude.json.tmp-4145024633 /home/node/.claude.json: device or resource busy"
--- PASS: TestReposUpdate_MaxConcurrentRunsOmittedVsNullVsSet (0.08s)
=== RUN   TestReviewComments_CreateAndList
--- PASS: TestReviewComments_CreateAndList (0.05s)
=== RUN   TestReviewComments_Create_Validation
--- PASS: TestReviewComments_Create_Validation (0.05s)
=== RUN   TestReviewComments_ResolveAndReopen
--- PASS: TestReviewComments_ResolveAndReopen (0.05s)
=== RUN   TestReviewComments_Delete
--- PASS: TestReviewComments_Delete (0.05s)
=== RUN   TestSchedules_Create_And_List
--- PASS: TestSchedules_Create_And_List (0.05s)
=== RUN   TestSchedules_Create_MissingTemplateID_Returns400
--- PASS: TestSchedules_Create_MissingTemplateID_Returns400 (0.05s)
=== RUN   TestSchedules_Create_MissingRepoID_Returns400
--- PASS: TestSchedules_Create_MissingRepoID_Returns400 (0.05s)
=== RUN   TestSchedules_Create_UnknownTemplate_Returns404
--- PASS: TestSchedules_Create_UnknownTemplate_Returns404 (0.06s)
=== RUN   TestSchedules_Create_UnknownRepo_Returns404
--- PASS: TestSchedules_Create_UnknownRepo_Returns404 (0.05s)
=== RUN   TestSchedules_Create_InvalidCron_Returns400
--- PASS: TestSchedules_Create_InvalidCron_Returns400 (0.05s)
=== RUN   TestSchedules_Create_UnknownTargetLabel_Returns400
--- PASS: TestSchedules_Create_UnknownTargetLabel_Returns400 (0.05s)
=== RUN   TestSchedules_Create_ValidTargetLabel_Returns201
--- PASS: TestSchedules_Create_ValidTargetLabel_Returns201 (0.05s)
=== RUN   TestSchedules_Create_RepoWithoutWorkflow_Returns400
--- PASS: TestSchedules_Create_RepoWithoutWorkflow_Returns400 (0.05s)
=== RUN   TestSchedules_Update_UnknownTargetLabel_Returns400
--- PASS: TestSchedules_Update_UnknownTargetLabel_Returns400 (0.05s)
=== RUN   TestSchedules_Get
--- PASS: TestSchedules_Get (0.05s)
=== RUN   TestSchedules_Get_NotFound
--- PASS: TestSchedules_Get_NotFound (0.05s)
=== RUN   TestSchedules_Update
--- PASS: TestSchedules_Update (0.05s)
=== RUN   TestSchedules_Update_NotFound
--- PASS: TestSchedules_Update_NotFound (0.05s)
=== RUN   TestSchedules_Update_InvalidCron_Returns400
--- PASS: TestSchedules_Update_InvalidCron_Returns400 (0.05s)
=== RUN   TestSchedules_Delete
--- PASS: TestSchedules_Delete (0.05s)
=== RUN   TestListSourceComments_ReturnsThread
--- PASS: TestListSourceComments_ReturnsThread (0.05s)
=== RUN   TestListSourceComments_EmptyForTaskWithNoComments
--- PASS: TestListSourceComments_EmptyForTaskWithNoComments (0.05s)
=== RUN   TestListSourceComments_UnknownTask404s
--- PASS: TestListSourceComments_UnknownTask404s (0.05s)
=== RUN   TestSubtasks_Create_DefaultsAndEdge
--- PASS: TestSubtasks_Create_DefaultsAndEdge (0.05s)
=== RUN   TestSubtasks_DepthLimit
--- PASS: TestSubtasks_DepthLimit (0.07s)
=== RUN   TestSubtasks_NonGateLabelRejected
--- PASS: TestSubtasks_NonGateLabelRejected (0.05s)
=== RUN   TestSubtasks_Rollup
--- PASS: TestSubtasks_Rollup (0.05s)
=== RUN   TestSubtasks_OptInGate
--- PASS: TestSubtasks_OptInGate (0.05s)
=== RUN   TestTasks_CancelRun_OK
--- PASS: TestTasks_CancelRun_OK (0.05s)
=== RUN   TestTasks_CancelRun_NotRunning
--- PASS: TestTasks_CancelRun_NotRunning (0.05s)
=== RUN   TestTasks_CancelRun_NoLongerActive
--- PASS: TestTasks_CancelRun_NoLongerActive (0.05s)
=== RUN   TestTasks_CancelRun_WrongTask
--- PASS: TestTasks_CancelRun_WrongTask (0.05s)
=== RUN   TestTasks_Create_OK
--- PASS: TestTasks_Create_OK (0.05s)
=== RUN   TestTasks_Create_WithLabel_LandsDirectlyOnColumn
--- PASS: TestTasks_Create_WithLabel_LandsDirectlyOnColumn (0.05s)
=== RUN   TestTasks_Create_UnknownLabel_Returns400
--- PASS: TestTasks_Create_UnknownLabel_Returns400 (0.05s)
=== RUN   TestTasks_Create_MissingTitle_Returns400
--- PASS: TestTasks_Create_MissingTitle_Returns400 (0.05s)
=== RUN   TestTasks_Create_MissingRepo_Returns400
--- PASS: TestTasks_Create_MissingRepo_Returns400 (0.05s)
=== RUN   TestTasks_Create_OmittedWorkflowID_DefaultsToDefaultWorkflow
--- PASS: TestTasks_Create_OmittedWorkflowID_DefaultsToDefaultWorkflow (0.05s)
=== RUN   TestTasks_Create_OmittedWorkflowID_Multipart_DefaultsToDefaultWorkflow
--- PASS: TestTasks_Create_OmittedWorkflowID_Multipart_DefaultsToDefaultWorkflow (0.05s)
=== RUN   TestTasks_Create_WithPriority_OK
--- PASS: TestTasks_Create_WithPriority_OK (0.05s)
=== RUN   TestTasks_Create_DefaultPriority_IsNormal
--- PASS: TestTasks_Create_DefaultPriority_IsNormal (0.06s)
=== RUN   TestTasks_Create_InvalidPriority_Returns400
--- PASS: TestTasks_Create_InvalidPriority_Returns400 (0.05s)
=== RUN   TestTasks_List_Empty
--- PASS: TestTasks_List_Empty (0.05s)
=== RUN   TestTasks_List_WithLabel
--- PASS: TestTasks_List_WithLabel (0.05s)
=== RUN   TestTasks_Get_NotFound
--- PASS: TestTasks_Get_NotFound (0.05s)
=== RUN   TestTasks_Get_Found
--- PASS: TestTasks_Get_Found (0.05s)
=== RUN   TestTasks_Update_OK
--- PASS: TestTasks_Update_OK (0.06s)
=== RUN   TestTasks_Update_Priority_OK
--- PASS: TestTasks_Update_Priority_OK (0.05s)
=== RUN   TestTasks_Update_PriorityOmitted_Preserved
--- PASS: TestTasks_Update_PriorityOmitted_Preserved (0.06s)
=== RUN   TestTasks_Update_InvalidPriority_Returns400
--- PASS: TestTasks_Update_InvalidPriority_Returns400 (0.05s)
=== RUN   TestTasks_Delete_OK
--- PASS: TestTasks_Delete_OK (0.06s)
=== RUN   TestTasks_MoveLabel_ValidTransition
--- PASS: TestTasks_MoveLabel_ValidTransition (0.05s)
=== RUN   TestTasks_MoveLabel_MissingToLabel_Returns400
--- PASS: TestTasks_MoveLabel_MissingToLabel_Returns400 (0.05s)
=== RUN   TestTasks_MoveLabel_InvalidTransition_Returns400
--- PASS: TestTasks_MoveLabel_InvalidTransition_Returns400 (0.05s)
=== RUN   TestTasks_ListRuns_Empty
--- PASS: TestTasks_ListRuns_Empty (0.05s)
=== RUN   TestTasks_SetPaused_OK
--- PASS: TestTasks_SetPaused_OK (0.05s)
=== RUN   TestTasks_SetPaused_Unpause
--- PASS: TestTasks_SetPaused_Unpause (0.05s)
=== RUN   TestTasks_List_SearchAndFilters
--- PASS: TestTasks_List_SearchAndFilters (0.05s)
=== RUN   TestTasks_List_ArchivedFilter
--- PASS: TestTasks_List_ArchivedFilter (0.05s)
=== RUN   TestTasks_SetArchived_OK
--- PASS: TestTasks_SetArchived_OK (0.05s)
=== RUN   TestTasks_SetArchived_NotFound
--- PASS: TestTasks_SetArchived_NotFound (0.05s)
=== RUN   TestTasks_SetArchived_ReclaimsWorktree
--- PASS: TestTasks_SetArchived_ReclaimsWorktree (0.08s)
=== RUN   TestTasks_SetArchived_ThenUnarchive_LeavesWorktreePathEmpty
--- PASS: TestTasks_SetArchived_ThenUnarchive_LeavesWorktreePathEmpty (0.08s)
=== RUN   TestTasks_Archived_ExcludedFromAgentPickup
--- PASS: TestTasks_Archived_ExcludedFromAgentPickup (0.05s)
=== RUN   TestTasks_Bulk_Archive
--- PASS: TestTasks_Bulk_Archive (0.05s)
=== RUN   TestTasks_Bulk_Archive_ReclaimsWorktree
--- PASS: TestTasks_Bulk_Archive_ReclaimsWorktree (0.08s)
=== RUN   TestTasks_Bulk_Move_PartialFailure
--- PASS: TestTasks_Bulk_Move_PartialFailure (0.05s)
=== RUN   TestTasks_Bulk_Validation
--- PASS: TestTasks_Bulk_Validation (0.05s)
=== RUN   TestTasks_Bulk_Pause
--- PASS: TestTasks_Bulk_Pause (0.06s)
=== RUN   TestTasks_Paused_ExcludedFromAgentPickup
--- PASS: TestTasks_Paused_ExcludedFromAgentPickup (0.05s)
=== RUN   TestTasks_Get_QueuePosition
--- PASS: TestTasks_Get_QueuePosition (0.06s)
=== RUN   TestTasks_Get_QueuePosition_NotSaturated
--- PASS: TestTasks_Get_QueuePosition_NotSaturated (0.05s)
=== RUN   TestCreatePR_TaskNotFound_Returns404
--- PASS: TestCreatePR_TaskNotFound_Returns404 (0.05s)
=== RUN   TestCreatePR_NoBranch_Returns400
--- PASS: TestCreatePR_NoBranch_Returns400 (0.06s)
=== RUN   TestCreatePR_RepoWithoutRemote_Returns400
--- PASS: TestCreatePR_RepoWithoutRemote_Returns400 (0.06s)
=== RUN   TestTasks_List_Pagination
--- PASS: TestTasks_List_Pagination (0.05s)
=== RUN   TestTasks_List_LimitCapped
--- PASS: TestTasks_List_LimitCapped (0.05s)
=== RUN   TestTasks_RunLogs_Pagination
--- PASS: TestTasks_RunLogs_Pagination (0.05s)
=== RUN   TestTasks_ReplyRun_OK
--- PASS: TestTasks_ReplyRun_OK (0.05s)
=== RUN   TestTasks_ReplyRun_EmptyMessage
--- PASS: TestTasks_ReplyRun_EmptyMessage (0.05s)
=== RUN   TestTasks_ReplyRun_NotActiveRun
--- PASS: TestTasks_ReplyRun_NotActiveRun (0.05s)
=== RUN   TestTasks_ReplyRun_WrongTask
--- PASS: TestTasks_ReplyRun_WrongTask (0.05s)
=== RUN   TestTasks_ReplyRun_DispatcherNotWaiting
--- PASS: TestTasks_ReplyRun_DispatcherNotWaiting (0.05s)
=== RUN   TestUpdateGitState_PRMerged_TriggersWriteback
--- PASS: TestUpdateGitState_PRMerged_TriggersWriteback (0.05s)
=== RUN   TestUpdateGitState_PRMerged_WritebackDisabled_NoOp
--- PASS: TestUpdateGitState_PRMerged_WritebackDisabled_NoOp (0.06s)
=== RUN   TestUpdateGitState_NonMergedState_NoWriteback
--- PASS: TestUpdateGitState_NonMergedState_NoWriteback (0.05s)
=== RUN   TestTemplates_Create_And_List
--- PASS: TestTemplates_Create_And_List (0.05s)
=== RUN   TestTemplates_Create_MissingName_Returns400
--- PASS: TestTemplates_Create_MissingName_Returns400 (0.05s)
=== RUN   TestTemplates_Create_DuplicateName_Returns409
--- PASS: TestTemplates_Create_DuplicateName_Returns409 (0.06s)
=== RUN   TestTemplates_Update_OK
--- PASS: TestTemplates_Update_OK (0.05s)
=== RUN   TestTemplates_Update_NotFound
--- PASS: TestTemplates_Update_NotFound (0.05s)
=== RUN   TestTemplates_Delete_OK
--- PASS: TestTemplates_Delete_OK (0.05s)
=== RUN   TestWorkflows_List_ContainsSeeded
--- PASS: TestWorkflows_List_ContainsSeeded (0.05s)
=== RUN   TestWorkflows_Create_OK
--- PASS: TestWorkflows_Create_OK (0.05s)
=== RUN   TestWorkflows_Create_MissingName_Returns400
--- PASS: TestWorkflows_Create_MissingName_Returns400 (0.05s)
=== RUN   TestWorkflows_Get_Found
--- PASS: TestWorkflows_Get_Found (0.05s)
=== RUN   TestWorkflows_Get_NotFound
--- PASS: TestWorkflows_Get_NotFound (0.05s)
=== RUN   TestWorkflows_Delete_OK
--- PASS: TestWorkflows_Delete_OK (0.05s)
=== RUN   TestWSTicketHandler_IssueTicket_ReturnsTicket
--- PASS: TestWSTicketHandler_IssueTicket_ReturnsTicket (0.00s)
=== RUN   TestWSTicketHandler_IssueTicket_ReturnsUniqueTickets
--- PASS: TestWSTicketHandler_IssueTicket_ReturnsUniqueTickets (0.00s)
PASS
ok  	github.com/myinisjap/agent-task-editor/backend/internal/api/handlers	14.763s
=== RUN   TestBearerAuth_EmptyToken_IsNoOp
--- PASS: TestBearerAuth_EmptyToken_IsNoOp (0.00s)
=== RUN   TestBearerAuth_ValidToken
--- PASS: TestBearerAuth_ValidToken (0.00s)
=== RUN   TestBearerAuth_WrongToken_Rejects
--- PASS: TestBearerAuth_WrongToken_Rejects (0.00s)
=== RUN   TestBearerAuth_NoHeader_Rejects
--- PASS: TestBearerAuth_NoHeader_Rejects (0.00s)
=== RUN   TestBearerAuth_WebSocketUpgrade_DoesNotBypass
--- PASS: TestBearerAuth_WebSocketUpgrade_DoesNotBypass (0.00s)
=== RUN   TestBearerAuth_TokenCaseSensitive
--- PASS: TestBearerAuth_TokenCaseSensitive (0.00s)
=== RUN   TestBearerAuth_NamedToken_ResolvesActor
--- PASS: TestBearerAuth_NamedToken_ResolvesActor (0.00s)
=== RUN   TestBearerAuth_NamedToken_OtherName
--- PASS: TestBearerAuth_NamedToken_OtherName (0.00s)
=== RUN   TestBearerAuth_LegacyToken_FallsBackToAnonymousActor
--- PASS: TestBearerAuth_LegacyToken_FallsBackToAnonymousActor (0.00s)
=== RUN   TestBearerAuth_UnknownToken_Rejects
--- PASS: TestBearerAuth_UnknownToken_Rejects (0.00s)
=== RUN   TestBearerAuth_NamedTokensOnly_NoLegacyToken_IsNotNoOp
--- PASS: TestBearerAuth_NamedTokensOnly_NoLegacyToken_IsNotNoOp (0.00s)
=== RUN   TestBearerAuth_NoTokensAtAll_IsNoOp
--- PASS: TestBearerAuth_NoTokensAtAll_IsNoOp (0.00s)
=== RUN   TestActorFromContext_NoValue_ReturnsEmpty
--- PASS: TestActorFromContext_NoValue_ReturnsEmpty (0.00s)
=== RUN   TestCORS_Wildcard_SetsLiteralStar
--- PASS: TestCORS_Wildcard_SetsLiteralStar (0.00s)
=== RUN   TestCORS_SpecificOrigin_Allowed
--- PASS: TestCORS_SpecificOrigin_Allowed (0.00s)
=== RUN   TestCORS_SpecificOrigin_Blocked
--- PASS: TestCORS_SpecificOrigin_Blocked (0.00s)
=== RUN   TestCORS_MultipleOrigins
--- PASS: TestCORS_MultipleOrigins (0.00s)
=== RUN   TestCORS_Preflight_Returns204
--- PASS: TestCORS_Preflight_Returns204 (0.00s)
=== RUN   TestCORS_MethodsHeaderAlwaysSet
--- PASS: TestCORS_MethodsHeaderAlwaysSet (0.00s)
PASS
ok  	github.com/myinisjap/agent-task-editor/backend/internal/api/middleware	0.012s
=== RUN   TestRunOnce_WritesSnapshot
2026/07/27 00:53:47 INFO backup written path=/tmp/TestRunOnce_WritesSnapshot974462986/002/agent-task-editor-20260727-005347.db
--- PASS: TestRunOnce_WritesSnapshot (0.07s)
=== RUN   TestRunOnce_PrunesOldSnapshotsKeepingNewest
2026/07/27 00:53:47 INFO backup written path=/tmp/TestRunOnce_PrunesOldSnapshotsKeepingNewest3593109980/002/agent-task-editor-20260727-005347.db
--- PASS: TestRunOnce_PrunesOldSnapshotsKeepingNewest (0.08s)
=== RUN   TestRunOnce_WithSettingsFunc_UsesLatestKeep
2026/07/27 00:53:47 INFO backup written path=/tmp/TestRunOnce_WithSettingsFunc_UsesLatestKeep3628859342/002/agent-task-editor-20260727-005347.db
--- PASS: TestRunOnce_WithSettingsFunc_UsesLatestKeep (0.08s)
=== RUN   TestScheduler_MinInterval_FloorsSubMinimumInterval
2026/07/27 00:53:47 INFO backup written path=/tmp/TestScheduler_MinInterval_FloorsSubMinimumInterval3240428018/002/agent-task-editor-20260727-005347.db
--- PASS: TestScheduler_MinInterval_FloorsSubMinimumInterval (0.07s)
=== RUN   TestRunOnce_KeepZeroOrNegative_DisablesPruning
2026/07/27 00:53:47 INFO backup written path=/tmp/TestRunOnce_KeepZeroOrNegative_DisablesPruning1471877453/002/agent-task-editor-20260727-005347.db
--- PASS: TestRunOnce_KeepZeroOrNegative_DisablesPruning (0.07s)
PASS
ok  	github.com/myinisjap/agent-task-editor/backend/internal/backup	0.379s
=== RUN   TestDefaults_PopulatesRequiredFields
--- PASS: TestDefaults_PopulatesRequiredFields (0.00s)
=== RUN   TestDefaults_CORSOriginsDefaultsToLocalOrigins
--- PASS: TestDefaults_CORSOriginsDefaultsToLocalOrigins (0.00s)
=== RUN   TestLoad_CORSOriginsWildcard_ExplicitOverride
--- PASS: TestLoad_CORSOriginsWildcard_ExplicitOverride (0.00s)
=== RUN   TestDefaults_LogRetentionDisabledByDefault
--- PASS: TestDefaults_LogRetentionDisabledByDefault (0.00s)
=== RUN   TestLoad_EmptyPath_ReturnsDefaults
--- PASS: TestLoad_EmptyPath_ReturnsDefaults (0.00s)
=== RUN   TestLoad_MissingFile_ReturnsDefaults
--- PASS: TestLoad_MissingFile_ReturnsDefaults (0.00s)
=== RUN   TestLoad_FromYAML
--- PASS: TestLoad_FromYAML (0.00s)
=== RUN   TestLoad_EnvVarsOverrideDefaults
--- PASS: TestLoad_EnvVarsOverrideDefaults (0.00s)
=== RUN   TestLoad_EnvVarsOverrideYAML
--- PASS: TestLoad_EnvVarsOverrideYAML (0.00s)
=== RUN   TestLoad_BackupEnvVarsOverrideDefaults
--- PASS: TestLoad_BackupEnvVarsOverrideDefaults (0.00s)
=== RUN   TestLoad_BackupFromYAML
--- PASS: TestLoad_BackupFromYAML (0.00s)
=== RUN   TestLoad_InvalidBackupInterval_UsesDefault
2026/07/27 00:53:47 WARN invalid BACKUP_INTERVAL; using default value=not-a-duration default=24h0m0s
--- PASS: TestLoad_InvalidBackupInterval_UsesDefault (0.00s)
=== RUN   TestLoad_ScheduleIntervalEnvVarOverridesDefault
--- PASS: TestLoad_ScheduleIntervalEnvVarOverridesDefault (0.00s)
=== RUN   TestLoad_InvalidScheduleInterval_UsesDefault
2026/07/27 00:53:47 WARN invalid SCHEDULE_INTERVAL; using default value=not-a-duration default=30s
--- PASS: TestLoad_InvalidScheduleInterval_UsesDefault (0.00s)
=== RUN   TestLoad_LogRetentionEnvVarsOverrideDefaults
--- PASS: TestLoad_LogRetentionEnvVarsOverrideDefaults (0.00s)
=== RUN   TestLoad_LogRetentionDaysZero_ExplicitlyDisables
--- PASS: TestLoad_LogRetentionDaysZero_ExplicitlyDisables (0.00s)
=== RUN   TestLoad_InvalidLogRetentionDays_UsesDefault
2026/07/27 00:53:47 WARN invalid LOG_RETENTION_DAYS; using default value=not-a-number default=0
--- PASS: TestLoad_InvalidLogRetentionDays_UsesDefault (0.00s)
=== RUN   TestLoad_InvalidLogRetentionInterval_UsesDefault
2026/07/27 00:53:47 WARN invalid LOG_RETENTION_INTERVAL; using default value=not-a-duration default=1h0m0s
--- PASS: TestLoad_InvalidLogRetentionInterval_UsesDefault (0.00s)
=== RUN   TestLoad_WorktreeSweepIntervalEnvVarOverridesDefault
--- PASS: TestLoad_WorktreeSweepIntervalEnvVarOverridesDefault (0.00s)
=== RUN   TestLoad_InvalidWorktreeSweepInterval_UsesDefault
2026/07/27 00:53:47 WARN invalid WORKTREE_SWEEP_INTERVAL; using default value=not-a-duration default=10m0s
--- PASS: TestLoad_InvalidWorktreeSweepInterval_UsesDefault (0.00s)
=== RUN   TestLoad_ChatMaxSessionsEnvVarOverridesDefault
--- PASS: TestLoad_ChatMaxSessionsEnvVarOverridesDefault (0.00s)
=== RUN   TestLoad_ChatMaxSessionsZero_ExplicitlyUnlimited
--- PASS: TestLoad_ChatMaxSessionsZero_ExplicitlyUnlimited (0.00s)
=== RUN   TestLoad_InvalidChatMaxSessions_UsesDefault
2026/07/27 00:53:47 WARN invalid CHAT_MAX_SESSIONS; using default value=not-a-number default=0
--- PASS: TestLoad_InvalidChatMaxSessions_UsesDefault (0.00s)
=== RUN   TestLoad_ChatIdleTimeoutEnvVarOverridesDefault
--- PASS: TestLoad_ChatIdleTimeoutEnvVarOverridesDefault (0.00s)
=== RUN   TestLoad_InvalidChatIdleTimeout_UsesDefault
2026/07/27 00:53:47 WARN invalid CHAT_IDLE_TIMEOUT; using default value=not-a-duration default=0s
--- PASS: TestLoad_InvalidChatIdleTimeout_UsesDefault (0.00s)
=== RUN   TestLoad_LogRetentionFromYAML
--- PASS: TestLoad_LogRetentionFromYAML (0.00s)
=== RUN   TestLoad_NoTokens_DefaultsToEmpty
--- PASS: TestLoad_NoTokens_DefaultsToEmpty (0.00s)
=== RUN   TestLoad_APITokensEnvVar_Parsed
--- PASS: TestLoad_APITokensEnvVar_Parsed (0.00s)
=== RUN   TestLoad_APITokensEnvVar_TrimsWhitespaceAndSkipsMalformed
2026/07/27 00:53:47 WARN skipping malformed API_TOKENS entry entry=malformed-entry
--- PASS: TestLoad_APITokensEnvVar_TrimsWhitespaceAndSkipsMalformed (0.00s)
=== RUN   TestLoad_APITokensEnvVar_OverridesYAML
--- PASS: TestLoad_APITokensEnvVar_OverridesYAML (0.00s)
=== RUN   TestLoad_APITokensFromYAML
--- PASS: TestLoad_APITokensFromYAML (0.00s)
=== RUN   TestLoad_InvalidYAML_ReturnsError
--- PASS: TestLoad_InvalidYAML_ReturnsError (0.00s)
PASS
ok  	github.com/myinisjap/agent-task-editor/backend/internal/config	0.013s
=== RUN   TestParse_Presets
--- PASS: TestParse_Presets (0.00s)
=== RUN   TestParse_Invalid
--- PASS: TestParse_Invalid (0.00s)
=== RUN   TestNext_Hourly
--- PASS: TestNext_Hourly (0.00s)
=== RUN   TestNext_DailyAt0600
--- PASS: TestNext_DailyAt0600 (0.00s)
=== RUN   TestNext_WeeklyOnMonday0600
--- PASS: TestNext_WeeklyOnMonday0600 (0.00s)
=== RUN   TestNext_EveryFifteenMinutes
--- PASS: TestNext_EveryFifteenMinutes (0.00s)
=== RUN   TestString_ReturnsTrimmedExpr
--- PASS: TestString_ReturnsTrimmedExpr (0.00s)
PASS
ok  	github.com/myinisjap/agent-task-editor/backend/internal/cronexpr	0.013s
=== RUN   TestGetPRForBranch_StateNormalization
=== RUN   TestGetPRForBranch_StateNormalization/open
=== RUN   TestGetPRForBranch_StateNormalization/merged
=== RUN   TestGetPRForBranch_StateNormalization/closed
--- PASS: TestGetPRForBranch_StateNormalization (0.00s)
    --- PASS: TestGetPRForBranch_StateNormalization/open (0.00s)
    --- PASS: TestGetPRForBranch_StateNormalization/merged (0.00s)
    --- PASS: TestGetPRForBranch_StateNormalization/closed (0.00s)
=== RUN   TestGetPRForBranch_NoPR_BranchExists
--- PASS: TestGetPRForBranch_NoPR_BranchExists (0.00s)
=== RUN   TestGetPRForBranch_NoPR_BranchNotExists
--- PASS: TestGetPRForBranch_NoPR_BranchNotExists (0.00s)
=== RUN   TestCreatePR_ExistingPRShortCircuit
--- PASS: TestCreatePR_ExistingPRShortCircuit (0.00s)
=== RUN   TestCreatePR_CreatesNew
--- PASS: TestCreatePR_CreatesNew (0.00s)
=== RUN   TestCreatePR_RaceAlreadyExists
--- PASS: TestCreatePR_RaceAlreadyExists (0.00s)
=== RUN   TestGetPRHead
--- PASS: TestGetPRHead (0.00s)
=== RUN   TestGetPRHead_NoPR
--- PASS: TestGetPRHead_NoPR (0.00s)
=== RUN   TestGetPRHead_Mergeability
=== RUN   TestGetPRHead_Mergeability/conflicting
=== RUN   TestGetPRHead_Mergeability/mergeable
=== RUN   TestGetPRHead_Mergeability/unknown
=== RUN   TestGetPRHead_Mergeability/absent
=== RUN   TestGetPRHead_Mergeability/unrecognised
--- PASS: TestGetPRHead_Mergeability (0.00s)
    --- PASS: TestGetPRHead_Mergeability/conflicting (0.00s)
    --- PASS: TestGetPRHead_Mergeability/mergeable (0.00s)
    --- PASS: TestGetPRHead_Mergeability/unknown (0.00s)
    --- PASS: TestGetPRHead_Mergeability/absent (0.00s)
    --- PASS: TestGetPRHead_Mergeability/unrecognised (0.00s)
=== RUN   TestGetPRReviews
--- PASS: TestGetPRReviews (0.00s)
=== RUN   TestGetPRReviewComments_Paginated
--- PASS: TestGetPRReviewComments_Paginated (0.00s)
=== RUN   TestGetFailedChecks_FiltersToFailures
--- PASS: TestGetFailedChecks_FiltersToFailures (0.00s)
=== RUN   TestGetFailedChecks_HardFailureNoOutput
--- PASS: TestGetFailedChecks_HardFailureNoOutput (0.00s)
=== RUN   TestListOpenIssues_LabelFiltering
=== RUN   TestListOpenIssues_LabelFiltering/no_label
=== RUN   TestListOpenIssues_LabelFiltering/with_label
=== RUN   TestListOpenIssues_LabelFiltering/label_with_space_and_ampersand_is_URL-encoded
--- PASS: TestListOpenIssues_LabelFiltering (0.00s)
    --- PASS: TestListOpenIssues_LabelFiltering/no_label (0.00s)
    --- PASS: TestListOpenIssues_LabelFiltering/with_label (0.00s)
    --- PASS: TestListOpenIssues_LabelFiltering/label_with_space_and_ampersand_is_URL-encoded (0.00s)
=== RUN   TestListOpenIssues_Paginated
--- PASS: TestListOpenIssues_Paginated (0.00s)
=== RUN   TestListOpenIssues_SkipsPullRequests
--- PASS: TestListOpenIssues_SkipsPullRequests (0.00s)
=== RUN   TestGetIssueComments_Decodes
--- PASS: TestGetIssueComments_Decodes (0.00s)
=== RUN   TestGetIssueComments_Paginated
--- PASS: TestGetIssueComments_Paginated (0.00s)
=== RUN   TestAddIssueLabel
--- PASS: TestAddIssueLabel (0.00s)
=== RUN   TestAddIssueLabel_Error
--- PASS: TestAddIssueLabel_Error (0.00s)
=== RUN   TestCommentOnIssue
--- PASS: TestCommentOnIssue (0.00s)
=== RUN   TestCommentOnIssue_Error
--- PASS: TestCommentOnIssue_Error (0.00s)
=== RUN   TestCloseIssueWithComment
--- PASS: TestCloseIssueWithComment (0.00s)
=== RUN   TestCloseIssueWithComment_Error
--- PASS: TestCloseIssueWithComment_Error (0.00s)
=== RUN   TestParseGitHubName
=== RUN   TestParseGitHubName/https
=== RUN   TestParseGitHubName/https_with_.git
=== RUN   TestParseGitHubName/ssh
=== RUN   TestParseGitHubName/ssh_with_.git
=== RUN   TestParseGitHubName/empty
=== RUN   TestParseGitHubName/junk
=== RUN   TestParseGitHubName/gitlab
=== RUN   TestParseGitHubName/missing_repo
--- PASS: TestParseGitHubName (0.00s)
    --- PASS: TestParseGitHubName/https (0.00s)
    --- PASS: TestParseGitHubName/https_with_.git (0.00s)
    --- PASS: TestParseGitHubName/ssh (0.00s)
    --- PASS: TestParseGitHubName/ssh_with_.git (0.00s)
    --- PASS: TestParseGitHubName/empty (0.00s)
    --- PASS: TestParseGitHubName/junk (0.00s)
    --- PASS: TestParseGitHubName/gitlab (0.00s)
    --- PASS: TestParseGitHubName/missing_repo (0.00s)
=== RUN   TestArgsContainHelper
--- PASS: TestArgsContainHelper (0.00s)
PASS
ok  	github.com/myinisjap/agent-task-editor/backend/internal/ghclient	0.019s
=== RUN   TestIngestMergeConflict_SurfacesOncePerHeadCommit
2026/07/27 00:53:47 INFO ghsync: PR conflicts with base branch component=ghsync task_id=b6b6cb0e-3b1e-4a33-ac1a-fa0ddff80dbb pr_number=1 base_ref=main head_sha=sha1
--- PASS: TestIngestMergeConflict_SurfacesOncePerHeadCommit (0.08s)
=== RUN   TestIngestMergeConflict_ResurfacesAfterPush
2026/07/27 00:53:47 INFO ghsync: PR conflicts with base branch component=ghsync task_id=a838c3c7-2d5c-4a75-af8d-31ed7b8af02e pr_number=1 base_ref=main head_sha=sha1
2026/07/27 00:53:47 INFO ghsync: PR conflicts with base branch component=ghsync task_id=a838c3c7-2d5c-4a75-af8d-31ed7b8af02e pr_number=1 base_ref=main head_sha=sha2
--- PASS: TestIngestMergeConflict_ResurfacesAfterPush (0.10s)
=== RUN   TestIngestMergeConflict_MergeableClearsCursor
2026/07/27 00:53:47 INFO ghsync: PR conflicts with base branch component=ghsync task_id=32cbe907-94c9-4cdf-9e5f-1a650b599a14 pr_number=1 base_ref=main head_sha=sha1
2026/07/27 00:53:47 INFO ghsync: PR conflicts with base branch component=ghsync task_id=32cbe907-94c9-4cdf-9e5f-1a650b599a14 pr_number=1 base_ref=main head_sha=sha1
--- PASS: TestIngestMergeConflict_MergeableClearsCursor (0.08s)
=== RUN   TestIngestMergeConflict_UnknownIsRecordedButQuiet
2026/07/27 00:53:47 INFO ghsync: PR conflicts with base branch component=ghsync task_id=4148d777-d88b-475d-b8c9-c1a01af37bc9 pr_number=1 base_ref=main head_sha=sha1
--- PASS: TestIngestMergeConflict_UnknownIsRecordedButQuiet (0.07s)
=== RUN   TestIngestMergeConflict_IgnoredWhenPRNotOpen
--- PASS: TestIngestMergeConflict_IgnoredWhenPRNotOpen (0.07s)
=== RUN   TestIngestMergeConflict_AutoTransitionsWhenRepoOptedIn
2026/07/27 00:53:47 INFO ghsync: PR conflicts with base branch component=ghsync task_id=214b91a2-a47d-426f-9569-38ed204bdfc0 pr_number=1 base_ref=main head_sha=sha1
2026/07/27 00:53:47 INFO ghsync: auto-transitioned task on PR feedback component=ghsync task_id=214b91a2-a47d-426f-9569-38ed204bdfc0 pr_number=1 to_label=work
--- PASS: TestIngestMergeConflict_AutoTransitionsWhenRepoOptedIn (0.07s)
=== RUN   TestIngestPRFeedback_ChangesRequestedReview_AppendsFeedback
--- PASS: TestIngestPRFeedback_ChangesRequestedReview_AppendsFeedback (0.07s)
=== RUN   TestIngestPRFeedback_FailedChecks_AppendsFeedback
--- PASS: TestIngestPRFeedback_FailedChecks_AppendsFeedback (0.06s)
=== RUN   TestIngestPRFeedback_InlineComments_DedupedAcrossSweeps
--- PASS: TestIngestPRFeedback_InlineComments_DedupedAcrossSweeps (0.06s)
=== RUN   TestIngestPRFeedback_HeadSHAChange_ResetsReviewCursor
--- PASS: TestIngestPRFeedback_HeadSHAChange_ResetsReviewCursor (0.06s)
=== RUN   TestIngestPRFeedback_AutoTransition_EnabledOnRepo
2026/07/27 00:53:48 INFO ghsync: auto-transitioned task on PR feedback component=ghsync task_id=aa90d180-06ec-4c83-81dd-d7dfcb0e5b8b pr_number=1 to_label=work
--- PASS: TestIngestPRFeedback_AutoTransition_EnabledOnRepo (0.06s)
=== RUN   TestIngestPRFeedback_AutoTransition_DisabledOnRepo_NoOp
--- PASS: TestIngestPRFeedback_AutoTransition_DisabledOnRepo_NoOp (0.07s)
=== RUN   TestSyncTask_MergedTriggersCleanup
2026/07/27 00:53:48 INFO ghsync: git state updated component=ghsync task_id=7e9c66fb-3d3a-446f-8c03-805726ac06a1 old_state=pr_open new_state=pr_merged
2026/07/27 00:53:48 INFO ghsync: deleted local branch after merge component=ghsync task_id=7e9c66fb-3d3a-446f-8c03-805726ac06a1 branch=feature-branch
--- PASS: TestSyncTask_MergedTriggersCleanup (0.08s)
=== RUN   TestSyncTask_ClosedWithoutMerge_NoCleanup
2026/07/27 00:53:48 INFO ghsync: git state updated component=ghsync task_id=98bb2759-9049-4d1c-ace1-b5c63ba7db3e old_state=pr_open new_state=pr_closed
--- PASS: TestSyncTask_ClosedWithoutMerge_NoCleanup (0.08s)
=== RUN   TestSyncTask_NoStateChange_NoOp
--- PASS: TestSyncTask_NoStateChange_NoOp (0.08s)
=== RUN   TestSyncTask_PreservesExistingPRURLOnRegression
2026/07/27 00:53:48 INFO ghsync: git state updated component=ghsync task_id=791f02ff-5ae2-4a4a-b2f2-cfb82b44fda0 old_state=pr_open new_state=pushed
--- PASS: TestSyncTask_PreservesExistingPRURLOnRegression (0.08s)
=== RUN   TestCleanupMergedBranch_NoWorktreePath
2026/07/27 00:53:48 INFO ghsync: deleted local branch after merge component=ghsync task_id=76c64b51-653f-431f-a401-c0cec309376d branch=feature-branch
--- PASS: TestCleanupMergedBranch_NoWorktreePath (0.08s)
=== RUN   TestSweep_SkipsNonGitHubRepo
2026/07/27 00:53:48 INFO ghsync: sweep start component=ghsync
2026/07/27 00:53:48 INFO ghsync: sweep done component=ghsync total_tasks=1 checked=0
--- PASS: TestSweep_SkipsNonGitHubRepo (0.08s)
=== RUN   TestSyncTask_Writeback_PROpened
2026/07/27 00:53:48 INFO ghsync: git state updated component=ghsync task_id=879255f8-dd70-4bc4-bca1-7e4d20984f40 old_state=pushed new_state=pr_open
--- PASS: TestSyncTask_Writeback_PROpened (0.08s)
=== RUN   TestSyncTask_Writeback_PRMerged
2026/07/27 00:53:48 INFO ghsync: git state updated component=ghsync task_id=09238d3a-95df-499a-b3ba-7ef4a3f84e32 old_state=pr_open new_state=pr_merged
2026/07/27 00:53:48 INFO ghsync: deleted local branch after merge component=ghsync task_id=09238d3a-95df-499a-b3ba-7ef4a3f84e32 branch=feature-branch
--- PASS: TestSyncTask_Writeback_PRMerged (0.07s)
=== RUN   TestSyncTask_Writeback_DisabledRepo_NoOp
2026/07/27 00:53:49 INFO ghsync: git state updated component=ghsync task_id=824115ab-1b32-4b9b-a5da-f412ec4c99fb old_state=pushed new_state=pr_open
--- PASS: TestSyncTask_Writeback_DisabledRepo_NoOp (0.07s)
PASS
ok  	github.com/myinisjap/agent-task-editor/backend/internal/ghsync	1.570s
=== RUN   TestClaudeCheck_MissingBinary
--- PASS: TestClaudeCheck_MissingBinary (0.00s)
=== RUN   TestClaudeCheck_InstalledButNoCreds
--- PASS: TestClaudeCheck_InstalledButNoCreds (0.00s)
=== RUN   TestClaudeCheck_AuthViaCredentialsFile
--- PASS: TestClaudeCheck_AuthViaCredentialsFile (0.00s)
=== RUN   TestClaudeCheck_AuthViaEnv
--- PASS: TestClaudeCheck_AuthViaEnv (0.00s)
=== RUN   TestProviderChecks_OnlyEmittedWhenUsed
--- PASS: TestProviderChecks_OnlyEmittedWhenUsed (0.00s)
=== RUN   TestGeminiCheck_MissingBinary
--- PASS: TestGeminiCheck_MissingBinary (0.00s)
=== RUN   TestGeminiCheck_InstalledButNoCreds
--- PASS: TestGeminiCheck_InstalledButNoCreds (0.00s)
=== RUN   TestGeminiCheck_AuthViaEnv
--- PASS: TestGeminiCheck_AuthViaEnv (0.00s)
=== RUN   TestGeminiCheck_AuthViaCredentialsFile
--- PASS: TestGeminiCheck_AuthViaCredentialsFile (0.00s)
=== RUN   TestCodexCheck_MissingBinary
--- PASS: TestCodexCheck_MissingBinary (0.00s)
=== RUN   TestCodexCheck_InstalledButNoCreds
--- PASS: TestCodexCheck_InstalledButNoCreds (0.00s)
=== RUN   TestCodexCheck_AuthViaEnv
--- PASS: TestCodexCheck_AuthViaEnv (0.00s)
=== RUN   TestCodexCheck_AuthViaCredentialsFile
--- PASS: TestCodexCheck_AuthViaCredentialsFile (0.00s)
=== RUN   TestBinaryCheck_Present
--- PASS: TestBinaryCheck_Present (0.00s)
=== RUN   TestAnthropicCheck_KeyPresence
--- PASS: TestAnthropicCheck_KeyPresence (0.00s)
=== RUN   TestLLMCheck_KeyAndBaseURL
--- PASS: TestLLMCheck_KeyAndBaseURL (0.00s)
=== RUN   TestMCPCheck
--- PASS: TestMCPCheck (0.00s)
=== RUN   TestGHCheck
--- PASS: TestGHCheck (0.00s)
=== RUN   TestDBSizeCheck
--- PASS: TestDBSizeCheck (0.00s)
=== RUN   TestFormatBytes
--- PASS: TestFormatBytes (0.00s)
=== RUN   TestFormatCount
--- PASS: TestFormatCount (0.00s)
=== RUN   TestVersionCheck
--- PASS: TestVersionCheck (0.00s)
=== RUN   TestUpdateCheck_DisabledByDefault
--- PASS: TestUpdateCheck_DisabledByDefault (0.00s)
=== RUN   TestUpdateCheck_UpToDate
--- PASS: TestUpdateCheck_UpToDate (0.00s)
=== RUN   TestUpdateCheck_UpdateAvailable
--- PASS: TestUpdateCheck_UpdateAvailable (0.00s)
=== RUN   TestUpdateCheck_FailsSoft
--- PASS: TestUpdateCheck_FailsSoft (0.00s)
=== RUN   TestUpdateCheck_DevBuildIsInformationalOnly
--- PASS: TestUpdateCheck_DevBuildIsInformationalOnly (0.00s)
=== RUN   TestSemverCompare
--- PASS: TestSemverCompare (0.00s)
=== RUN   TestRepoBaseDirCheck
--- PASS: TestRepoBaseDirCheck (0.00s)
PASS
ok  	github.com/myinisjap/agent-task-editor/backend/internal/health	0.018s
=== RUN   TestRunOnce_PrunesOldTerminalRunLogs
2026/07/27 00:53:47 INFO logretention: pruned old agent logs deleted=1 retention_days=30
--- PASS: TestRunOnce_PrunesOldTerminalRunLogs (0.11s)
=== RUN   TestRunOnce_DaysZeroOrNegative_DisablesPruning
--- PASS: TestRunOnce_DaysZeroOrNegative_DisablesPruning (0.08s)
=== RUN   TestRunOnce_WithSettingsFunc_UsesLatestDays
2026/07/27 00:53:47 INFO logretention: pruned old agent logs deleted=1 retention_days=30
--- PASS: TestRunOnce_WithSettingsFunc_UsesLatestDays (0.08s)
PASS
ok  	github.com/myinisjap/agent-task-editor/backend/internal/logretention	0.276s
=== RUN   TestHandler_ServesPrometheusFormat
--- PASS: TestHandler_ServesPrometheusFormat (0.00s)
PASS
ok  	github.com/myinisjap/agent-task-editor/backend/internal/metrics	0.019s
=== RUN   TestSweepFiresDueSchedule
2026/07/27 00:53:47 INFO schedule sweep: task created component=schedule schedule_id=e371666e-e178-41c5-bdfa-0b33821bb2e9 task_id=88d53a2b-057d-4c4b-a612-6be440a12f64 template_id=689b1fba-156c-4929-8353-174981ebec7c repo_id=ffe8bf96-c8d7-4f72-bd8a-3b8e12a97d76
2026/07/27 00:53:47 INFO schedule sweep: done component=schedule fired=1 checked=1
--- PASS: TestSweepFiresDueSchedule (0.10s)
=== RUN   TestSweepSkipsWhenNotDue
--- PASS: TestSweepSkipsWhenNotDue (0.08s)
=== RUN   TestSweepSkipsWhenOpenTaskExists
2026/07/27 00:53:47 INFO schedule sweep: task created component=schedule schedule_id=e4f78829-6c81-4ff4-a994-96afcbdeabbe task_id=84585d4f-45b8-455f-b51e-e21774a9700d template_id=4d14f476-f224-4659-bb3d-04cdba72ba85 repo_id=98d1be58-3569-4452-93a1-9f50fa350dd9
2026/07/27 00:53:47 INFO schedule sweep: done component=schedule fired=1 checked=1
2026/07/27 00:53:47 INFO schedule sweep: skipping, open task from this schedule already exists component=schedule schedule_id=e4f78829-6c81-4ff4-a994-96afcbdeabbe
--- PASS: TestSweepSkipsWhenOpenTaskExists (0.07s)
=== RUN   TestSweepFiresAgainOnceTaskClosed
2026/07/27 00:53:47 INFO schedule sweep: task created component=schedule schedule_id=cf9c3d3e-cbc0-49aa-8857-b0aa683c1279 task_id=781e5311-4ca3-44a0-9388-521ce4f422bf template_id=9e00ab02-e7de-4e33-b038-1e4d8e8bc360 repo_id=96b91890-fb7a-4d91-bb2a-653d48634083
2026/07/27 00:53:47 INFO schedule sweep: done component=schedule fired=1 checked=1
2026/07/27 00:53:47 INFO schedule sweep: task created component=schedule schedule_id=cf9c3d3e-cbc0-49aa-8857-b0aa683c1279 task_id=2c792842-5942-47e1-b181-97f40e47ba58 template_id=9e00ab02-e7de-4e33-b038-1e4d8e8bc360 repo_id=96b91890-fb7a-4d91-bb2a-653d48634083
2026/07/27 00:53:47 INFO schedule sweep: done component=schedule fired=1 checked=1
--- PASS: TestSweepFiresAgainOnceTaskClosed (0.07s)
=== RUN   TestSweepIgnoresDisabledSchedules
--- PASS: TestSweepIgnoresDisabledSchedules (0.07s)
=== RUN   TestSweepSkipsRepoWithoutWorkflow
2026/07/27 00:53:47 WARN schedule sweep: repo has no workflow assigned; skipping component=schedule schedule_id=5faf53db-747f-4f13-a6fe-d02ee1aae3b6
--- PASS: TestSweepSkipsRepoWithoutWorkflow (0.06s)
PASS
ok  	github.com/myinisjap/agent-task-editor/backend/internal/schedule	0.474s
=== RUN   TestDBBackup
    backup_test.go:22: seed insert skipped: FOREIGN KEY constraint failed
--- PASS: TestDBBackup (0.12s)
=== RUN   TestDBPath
--- PASS: TestDBPath (0.07s)
=== RUN   TestMigration039ProviderConfigsRoundTrip
--- PASS: TestMigration039ProviderConfigsRoundTrip (0.18s)
=== RUN   TestMigration040PRReviewFeedback
--- PASS: TestMigration040PRReviewFeedback (0.06s)
=== RUN   TestMigration040DownStep
--- PASS: TestMigration040DownStep (0.11s)
=== RUN   TestMigration018DownStep
--- PASS: TestMigration018DownStep (0.15s)
=== RUN   TestMigration042DownStep
--- PASS: TestMigration042DownStep (0.08s)
=== RUN   TestMigration046DownStep
--- PASS: TestMigration046DownStep (0.06s)
PASS
ok  	github.com/myinisjap/agent-task-editor/backend/internal/storage	0.835s
?   	github.com/myinisjap/agent-task-editor/backend/internal/storage/gen	[no test files]
=== RUN   TestSweepImportsAndDedupes
2026/07/27 00:53:47 INFO issue import: sweep start component=tasksource repos=1
2026/07/27 00:53:47 INFO issue import: task created component=tasksource repo=acme/widgets task_id=adccc1a5-4477-401f-924e-c7724b7bd9d9 ref=acme/widgets#1
2026/07/27 00:53:47 INFO issue import: task created component=tasksource repo=acme/widgets task_id=a1aaf2e1-bd79-41e5-8724-66e9bf78565d ref=acme/widgets#2
2026/07/27 00:53:47 INFO issue import: sweep done component=tasksource created=2 updated=0 comments_ingested=0 flagged_gone=0
2026/07/27 00:53:47 INFO issue import: sweep start component=tasksource repos=1
2026/07/27 00:53:47 INFO issue import: sweep done component=tasksource created=0 updated=0 comments_ingested=0 flagged_gone=0
--- PASS: TestSweepImportsAndDedupes (0.08s)
=== RUN   TestSweepCreateTransactionSurvivesMidBatchConflict
2026/07/27 00:53:47 INFO issue import: sweep start component=tasksource repos=1
2026/07/27 00:53:47 INFO issue import: task updated from source component=tasksource repo=acme/widgets task_id=ec2f682c-0ceb-4c6a-8177-71a11ed6d0dd ref=acme/widgets#2
2026/07/27 00:53:47 INFO issue import: task created component=tasksource repo=acme/widgets task_id=d9469066-4312-4ae3-af39-0ef27b11416d ref=acme/widgets#1
2026/07/27 00:53:47 INFO issue import: task created component=tasksource repo=acme/widgets task_id=5f363c2c-f3f5-43ab-b853-63938adcd707 ref=acme/widgets#3
2026/07/27 00:53:47 INFO issue import: sweep done component=tasksource created=2 updated=1 comments_ingested=0 flagged_gone=0
--- PASS: TestSweepCreateTransactionSurvivesMidBatchConflict (0.09s)
=== RUN   TestCreateNewTasksSkipsConflictingRowWithoutAbortingBatch
2026/07/27 00:53:47 WARN issue import: create task failed ref=acme/widgets#1 err="UNIQUE constraint failed: tasks.source, tasks.source_ref"
2026/07/27 00:53:47 INFO issue import: task created task_id=1f972241-24b3-422a-88a0-78e105495af0 ref=acme/widgets#1
2026/07/27 00:53:47 INFO issue import: task created task_id=31de63c4-0b26-481e-8ef1-98b43c690484 ref=acme/widgets#2
--- PASS: TestCreateNewTasksSkipsConflictingRowWithoutAbortingBatch (0.07s)
=== RUN   TestSweepSkipsRepoWithoutWorkflow
2026/07/27 00:53:47 INFO issue import: sweep start component=tasksource repos=1
2026/07/27 00:53:47 WARN issue import: repo has issue sync enabled but no workflow assigned; skipping component=tasksource repo=acme/widgets
2026/07/27 00:53:47 INFO issue import: sweep done component=tasksource created=0 updated=0 comments_ingested=0 flagged_gone=0
--- PASS: TestSweepSkipsRepoWithoutWorkflow (0.07s)
=== RUN   TestSweepIgnoresDisabledRepos
--- PASS: TestSweepIgnoresDisabledRepos (0.06s)
=== RUN   TestSweepSurvivesFetchError
2026/07/27 00:53:47 INFO issue import: sweep start component=tasksource repos=1
2026/07/27 00:53:47 WARN issue import: fetch failed component=tasksource repo=acme/widgets err="gh exploded"
2026/07/27 00:53:47 INFO issue import: sweep done component=tasksource created=0 updated=0 comments_ingested=0 flagged_gone=0
--- PASS: TestSweepSurvivesFetchError (0.06s)
=== RUN   TestTaskTypeFromLabels
--- PASS: TestTaskTypeFromLabels (0.00s)
=== RUN   TestMapIssueCommentsFiltersMarkerAndUntrusted
--- PASS: TestMapIssueCommentsFiltersMarkerAndUntrusted (0.00s)
=== RUN   TestSweepUpdatesTitleOnGateLabel
2026/07/27 00:53:47 INFO issue import: sweep start component=tasksource repos=1
2026/07/27 00:53:47 INFO issue import: task created component=tasksource repo=acme/widgets task_id=51e22b56-67d2-4aaf-8d0f-989eb438bbc5 ref=acme/widgets#1
2026/07/27 00:53:47 INFO issue import: sweep done component=tasksource created=1 updated=0 comments_ingested=0 flagged_gone=0
2026/07/27 00:53:47 INFO issue import: sweep start component=tasksource repos=1
2026/07/27 00:53:47 INFO issue import: task updated from source component=tasksource repo=acme/widgets task_id=51e22b56-67d2-4aaf-8d0f-989eb438bbc5 ref=acme/widgets#1
2026/07/27 00:53:47 INFO issue import: sweep done component=tasksource created=0 updated=1 comments_ingested=0 flagged_gone=0
--- PASS: TestSweepUpdatesTitleOnGateLabel (0.06s)
=== RUN   TestSweepUpdatesTypeOnLabelChange
2026/07/27 00:53:48 INFO issue import: sweep start component=tasksource repos=1
2026/07/27 00:53:48 INFO issue import: task created component=tasksource repo=acme/widgets task_id=572c475e-e574-4f72-bc9c-a9f586ed274b ref=acme/widgets#1
2026/07/27 00:53:48 INFO issue import: sweep done component=tasksource created=1 updated=0 comments_ingested=0 flagged_gone=0
2026/07/27 00:53:48 INFO issue import: sweep start component=tasksource repos=1
2026/07/27 00:53:48 INFO issue import: task updated from source component=tasksource repo=acme/widgets task_id=572c475e-e574-4f72-bc9c-a9f586ed274b ref=acme/widgets#1
2026/07/27 00:53:48 INFO issue import: sweep done component=tasksource created=0 updated=1 comments_ingested=0 flagged_gone=0
--- PASS: TestSweepUpdatesTypeOnLabelChange (0.06s)
=== RUN   TestSweepNoOpWhenNothingChanged
2026/07/27 00:53:48 INFO issue import: sweep start component=tasksource repos=1
2026/07/27 00:53:48 INFO issue import: task created component=tasksource repo=acme/widgets task_id=405e06f8-93d5-43c7-978c-f7127dc22b50 ref=acme/widgets#1
2026/07/27 00:53:48 INFO issue import: sweep done component=tasksource created=1 updated=0 comments_ingested=0 flagged_gone=0
2026/07/27 00:53:48 INFO issue import: sweep start component=tasksource repos=1
2026/07/27 00:53:48 INFO issue import: sweep done component=tasksource created=0 updated=0 comments_ingested=0 flagged_gone=0
--- PASS: TestSweepNoOpWhenNothingChanged (0.06s)
=== RUN   TestSweepGatePolicyBlocksUpdateOffGate
2026/07/27 00:53:48 INFO issue import: sweep start component=tasksource repos=1
2026/07/27 00:53:48 INFO issue import: task created component=tasksource repo=acme/widgets task_id=39af5659-bb3a-4285-8715-106e99a5c8d8 ref=acme/widgets#1
2026/07/27 00:53:48 INFO issue import: sweep done component=tasksource created=1 updated=0 comments_ingested=0 flagged_gone=0
2026/07/27 00:53:48 INFO issue import: sweep start component=tasksource repos=1
2026/07/27 00:53:48 INFO issue import: sweep done component=tasksource created=0 updated=0 comments_ingested=0 flagged_gone=0
--- PASS: TestSweepGatePolicyBlocksUpdateOffGate (0.06s)
=== RUN   TestSweepAlwaysPolicyUpdatesOffGate
2026/07/27 00:53:48 INFO issue import: sweep start component=tasksource repos=1
2026/07/27 00:53:48 INFO issue import: task created component=tasksource repo=acme/widgets task_id=417828ec-8b05-4589-be78-b82bb3248f48 ref=acme/widgets#1
2026/07/27 00:53:48 INFO issue import: sweep done component=tasksource created=1 updated=0 comments_ingested=0 flagged_gone=0
2026/07/27 00:53:48 INFO issue import: sweep start component=tasksource repos=1
2026/07/27 00:53:48 INFO issue import: task updated from source component=tasksource repo=acme/widgets task_id=417828ec-8b05-4589-be78-b82bb3248f48 ref=acme/widgets#1
2026/07/27 00:53:48 INFO issue import: sweep done component=tasksource created=0 updated=1 comments_ingested=0 flagged_gone=0
--- PASS: TestSweepAlwaysPolicyUpdatesOffGate (0.06s)
=== RUN   TestSweepNeverPolicyBlocksUpdateOnGate
2026/07/27 00:53:48 INFO issue import: sweep start component=tasksource repos=1
2026/07/27 00:53:48 INFO issue import: task created component=tasksource repo=acme/widgets task_id=c2bcb354-5667-4e69-91b2-e7eb24820c68 ref=acme/widgets#1
2026/07/27 00:53:48 INFO issue import: sweep done component=tasksource created=1 updated=0 comments_ingested=0 flagged_gone=0
2026/07/27 00:53:48 INFO issue import: sweep start component=tasksource repos=1
2026/07/27 00:53:48 INFO issue import: sweep done component=tasksource created=0 updated=0 comments_ingested=0 flagged_gone=0
--- PASS: TestSweepNeverPolicyBlocksUpdateOnGate (0.06s)
=== RUN   TestSweepFlagsMissingIssueAsGone
2026/07/27 00:53:48 INFO issue import: sweep start component=tasksource repos=1
2026/07/27 00:53:48 INFO issue import: task created component=tasksource repo=acme/widgets task_id=5905a6c6-e879-4ee4-9dcf-c2701ae84f87 ref=acme/widgets#1
2026/07/27 00:53:48 INFO issue import: sweep done component=tasksource created=1 updated=0 comments_ingested=0 flagged_gone=0
2026/07/27 00:53:48 INFO issue import: sweep start component=tasksource repos=1
2026/07/27 00:53:48 INFO issue import: task flagged gone component=tasksource repo=acme/widgets task_id=5905a6c6-e879-4ee4-9dcf-c2701ae84f87 ref=acme/widgets#1
2026/07/27 00:53:48 INFO issue import: sweep done component=tasksource created=0 updated=0 comments_ingested=0 flagged_gone=1
--- PASS: TestSweepFlagsMissingIssueAsGone (0.06s)
=== RUN   TestSweepGoneActionArchive
2026/07/27 00:53:48 INFO issue import: sweep start component=tasksource repos=1
2026/07/27 00:53:48 INFO issue import: task created component=tasksource repo=acme/widgets task_id=7512c11c-4ae3-4222-901e-2ff7d1e8acbf ref=acme/widgets#1
2026/07/27 00:53:48 INFO issue import: sweep done component=tasksource created=1 updated=0 comments_ingested=0 flagged_gone=0
2026/07/27 00:53:48 INFO issue import: sweep start component=tasksource repos=1
2026/07/27 00:53:48 INFO issue import: task flagged gone component=tasksource repo=acme/widgets task_id=7512c11c-4ae3-4222-901e-2ff7d1e8acbf ref=acme/widgets#1
2026/07/27 00:53:48 INFO issue import: archived gone task component=tasksource repo=acme/widgets task_id=7512c11c-4ae3-4222-901e-2ff7d1e8acbf
2026/07/27 00:53:48 INFO issue import: sweep done component=tasksource created=0 updated=0 comments_ingested=0 flagged_gone=1
--- PASS: TestSweepGoneActionArchive (0.06s)
=== RUN   TestSweepGoneActionArchiveSkippedWithActiveRun
2026/07/27 00:53:48 INFO issue import: sweep start component=tasksource repos=1
2026/07/27 00:53:48 INFO issue import: task created component=tasksource repo=acme/widgets task_id=38a73906-e32c-45eb-be1e-febac787c907 ref=acme/widgets#1
2026/07/27 00:53:48 INFO issue import: sweep done component=tasksource created=1 updated=0 comments_ingested=0 flagged_gone=0
2026/07/27 00:53:48 INFO issue import: sweep start component=tasksource repos=1
2026/07/27 00:53:48 INFO issue import: task flagged gone component=tasksource repo=acme/widgets task_id=38a73906-e32c-45eb-be1e-febac787c907 ref=acme/widgets#1
2026/07/27 00:53:48 INFO issue import: gone task has an active agent run; flagging only, not archiving component=tasksource repo=acme/widgets task_id=38a73906-e32c-45eb-be1e-febac787c907
2026/07/27 00:53:48 INFO issue import: sweep done component=tasksource created=0 updated=0 comments_ingested=0 flagged_gone=1
--- PASS: TestSweepGoneActionArchiveSkippedWithActiveRun (0.06s)
=== RUN   TestSweepGoneActionMove
2026/07/27 00:53:48 INFO issue import: sweep start component=tasksource repos=1
2026/07/27 00:53:48 INFO issue import: task created component=tasksource repo=acme/widgets task_id=45c2ba27-bed6-478a-ab96-917df8f3b7eb ref=acme/widgets#1
2026/07/27 00:53:48 INFO issue import: sweep done component=tasksource created=1 updated=0 comments_ingested=0 flagged_gone=0
2026/07/27 00:53:48 INFO issue import: sweep start component=tasksource repos=1
2026/07/27 00:53:48 INFO issue import: task flagged gone component=tasksource repo=acme/widgets task_id=45c2ba27-bed6-478a-ab96-917df8f3b7eb ref=acme/widgets#1
2026/07/27 00:53:48 INFO issue import: moved gone task component=tasksource repo=acme/widgets task_id=45c2ba27-bed6-478a-ab96-917df8f3b7eb to_label=shelved
2026/07/27 00:53:48 INFO issue import: sweep done component=tasksource created=0 updated=0 comments_ingested=0 flagged_gone=1
--- PASS: TestSweepGoneActionMove (0.07s)
=== RUN   TestSweepGoneActionMoveFallsBackToFlagWithNilEngine
2026/07/27 00:53:48 INFO issue import: sweep start component=tasksource repos=1
2026/07/27 00:53:48 INFO issue import: task created component=tasksource repo=acme/widgets task_id=48717570-53a5-4975-9c09-8ef83d9aa28b ref=acme/widgets#1
2026/07/27 00:53:48 INFO issue import: sweep done component=tasksource created=1 updated=0 comments_ingested=0 flagged_gone=0
2026/07/27 00:53:48 INFO issue import: sweep start component=tasksource repos=1
2026/07/27 00:53:48 INFO issue import: task flagged gone component=tasksource repo=acme/widgets task_id=48717570-53a5-4975-9c09-8ef83d9aa28b ref=acme/widgets#1
2026/07/27 00:53:48 INFO issue import: sweep done component=tasksource created=0 updated=0 comments_ingested=0 flagged_gone=1
--- PASS: TestSweepGoneActionMoveFallsBackToFlagWithNilEngine (0.06s)
=== RUN   TestSweepGoneActionMoveFallsBackToFlagWithEmptyLabel
2026/07/27 00:53:48 INFO issue import: sweep start component=tasksource repos=1
2026/07/27 00:53:48 INFO issue import: task created component=tasksource repo=acme/widgets task_id=e81eb45a-f752-4ca2-ae80-1d4cc0e042de ref=acme/widgets#1
2026/07/27 00:53:48 INFO issue import: sweep done component=tasksource created=1 updated=0 comments_ingested=0 flagged_gone=0
2026/07/27 00:53:48 INFO issue import: sweep start component=tasksource repos=1
2026/07/27 00:53:48 INFO issue import: task flagged gone component=tasksource repo=acme/widgets task_id=e81eb45a-f752-4ca2-ae80-1d4cc0e042de ref=acme/widgets#1
2026/07/27 00:53:48 INFO issue import: sweep done component=tasksource created=0 updated=0 comments_ingested=0 flagged_gone=1
--- PASS: TestSweepGoneActionMoveFallsBackToFlagWithEmptyLabel (0.05s)
=== RUN   TestSweepGoneTaskStaysUntouchedOnLaterSweep
2026/07/27 00:53:48 INFO issue import: sweep start component=tasksource repos=1
2026/07/27 00:53:48 INFO issue import: task created component=tasksource repo=acme/widgets task_id=dd008666-51cc-40c7-a549-20a7f10581cf ref=acme/widgets#1
2026/07/27 00:53:48 INFO issue import: sweep done component=tasksource created=1 updated=0 comments_ingested=0 flagged_gone=0
2026/07/27 00:53:48 INFO issue import: sweep start component=tasksource repos=1
2026/07/27 00:53:48 INFO issue import: task flagged gone component=tasksource repo=acme/widgets task_id=dd008666-51cc-40c7-a549-20a7f10581cf ref=acme/widgets#1
2026/07/27 00:53:48 INFO issue import: sweep done component=tasksource created=0 updated=0 comments_ingested=0 flagged_gone=1
2026/07/27 00:53:48 INFO issue import: sweep start component=tasksource repos=1
2026/07/27 00:53:48 INFO issue import: sweep done component=tasksource created=0 updated=0 comments_ingested=0 flagged_gone=0
--- PASS: TestSweepGoneTaskStaysUntouchedOnLaterSweep (0.05s)
=== RUN   TestSweepReappearingIssueClearsGoneState
2026/07/27 00:53:48 INFO issue import: sweep start component=tasksource repos=1
2026/07/27 00:53:48 INFO issue import: task created component=tasksource repo=acme/widgets task_id=87790038-be01-4433-9a3b-909af9069b70 ref=acme/widgets#1
2026/07/27 00:53:48 INFO issue import: sweep done component=tasksource created=1 updated=0 comments_ingested=0 flagged_gone=0
2026/07/27 00:53:48 INFO issue import: sweep start component=tasksource repos=1
2026/07/27 00:53:48 INFO issue import: task flagged gone component=tasksource repo=acme/widgets task_id=87790038-be01-4433-9a3b-909af9069b70 ref=acme/widgets#1
2026/07/27 00:53:48 INFO issue import: sweep done component=tasksource created=0 updated=0 comments_ingested=0 flagged_gone=1
2026/07/27 00:53:48 INFO issue import: sweep start component=tasksource repos=1
2026/07/27 00:53:48 INFO issue import: sweep done component=tasksource created=0 updated=0 comments_ingested=0 flagged_gone=0
--- PASS: TestSweepReappearingIssueClearsGoneState (0.05s)
=== RUN   TestSweepIngestsCommentsFromTrustedAuthors
2026/07/27 00:53:48 INFO issue import: sweep start component=tasksource repos=1
2026/07/27 00:53:48 INFO issue import: task created component=tasksource repo=acme/widgets task_id=bd0206b8-9d8d-420f-aaf1-42206576c39a ref=acme/widgets#1
2026/07/27 00:53:48 INFO issue import: sweep done component=tasksource created=1 updated=0 comments_ingested=0 flagged_gone=0
2026/07/27 00:53:48 INFO issue import: sweep start component=tasksource repos=1
2026/07/27 00:53:48 INFO issue import: comments ingested component=tasksource repo=acme/widgets task_id=bd0206b8-9d8d-420f-aaf1-42206576c39a count=1
2026/07/27 00:53:48 INFO issue import: sweep done component=tasksource created=0 updated=0 comments_ingested=1 flagged_gone=0
2026/07/27 00:53:48 INFO issue import: sweep start component=tasksource repos=1
2026/07/27 00:53:48 INFO issue import: sweep done component=tasksource created=0 updated=0 comments_ingested=0 flagged_gone=0
--- PASS: TestSweepIngestsCommentsFromTrustedAuthors (0.05s)
=== RUN   TestSweepCommentIngestionRespectsUpdatePolicy
2026/07/27 00:53:48 INFO issue import: sweep start component=tasksource repos=1
2026/07/27 00:53:48 INFO issue import: task created component=tasksource repo=acme/widgets task_id=2a2508fb-b216-4c0f-b20e-21f7d63c6b78 ref=acme/widgets#1
2026/07/27 00:53:48 INFO issue import: sweep done component=tasksource created=1 updated=0 comments_ingested=0 flagged_gone=0
2026/07/27 00:53:48 INFO issue import: sweep start component=tasksource repos=1
2026/07/27 00:53:48 INFO issue import: sweep done component=tasksource created=0 updated=0 comments_ingested=0 flagged_gone=0
--- PASS: TestSweepCommentIngestionRespectsUpdatePolicy (0.06s)
=== RUN   TestSweepCommentSyncDisabledIngestsNothing
2026/07/27 00:53:48 INFO issue import: sweep start component=tasksource repos=1
2026/07/27 00:53:48 INFO issue import: task created component=tasksource repo=acme/widgets task_id=0e394547-6b37-4a88-8715-53a42cdda67e ref=acme/widgets#1
2026/07/27 00:53:48 INFO issue import: sweep done component=tasksource created=1 updated=0 comments_ingested=0 flagged_gone=0
2026/07/27 00:53:48 INFO issue import: sweep start component=tasksource repos=1
2026/07/27 00:53:48 INFO issue import: sweep done component=tasksource created=0 updated=0 comments_ingested=0 flagged_gone=0
--- PASS: TestSweepCommentSyncDisabledIngestsNothing (0.06s)
PASS
ok  	github.com/myinisjap/agent-task-editor/backend/internal/tasksource	1.441s
=== RUN   TestTransition_HappyPath
--- PASS: TestTransition_HappyPath (0.11s)
=== RUN   TestTransition_ConcurrentSameLabel_OnlyOneSucceeds
--- PASS: TestTransition_ConcurrentSameLabel_OnlyOneSucceeds (0.07s)
=== RUN   TestTransition_NoTransitionDefined
--- PASS: TestTransition_NoTransitionDefined (0.08s)
=== RUN   TestTransition_GateRequired
--- PASS: TestTransition_GateRequired (0.07s)
=== RUN   TestTransition_HumanCanBypassGate
--- PASS: TestTransition_HumanCanBypassGate (0.07s)
=== RUN   TestTransition_AgentCannotMoveToAgentIgnoredLabel
--- PASS: TestTransition_AgentCannotMoveToAgentIgnoredLabel (0.07s)
=== RUN   TestAvailableTransitions_Agent
--- PASS: TestAvailableTransitions_Agent (0.06s)
=== RUN   TestAvailableTransitions_Human
--- PASS: TestAvailableTransitions_Human (0.07s)
=== RUN   TestAgentPickupLabels
--- PASS: TestAgentPickupLabels (0.07s)
=== RUN   TestFeedbackLoop_ReviewToWork
--- PASS: TestFeedbackLoop_ReviewToWork (0.06s)
=== RUN   TestTransition_OnLeaveNotReady_FiresOnceWhenLeavingNotReady
--- PASS: TestTransition_OnLeaveNotReady_FiresOnceWhenLeavingNotReady (0.06s)
=== RUN   TestTransition_OnLeaveNotReady_DoesNotFireOnOtherTransitions
--- PASS: TestTransition_OnLeaveNotReady_DoesNotFireOnOtherTransitions (0.06s)
=== RUN   TestTransition_OnLeaveNotReady_NilCallbackIsSafe
--- PASS: TestTransition_OnLeaveNotReady_NilCallbackIsSafe (0.06s)
=== RUN   TestTransition_OnCreatePR_FiresWhenEnteringCreatePRLabel
--- PASS: TestTransition_OnCreatePR_FiresWhenEnteringCreatePRLabel (0.06s)
=== RUN   TestTransition_OnCreatePR_DoesNotFireForNonCreatePRLabel
--- PASS: TestTransition_OnCreatePR_DoesNotFireForNonCreatePRLabel (0.06s)
=== RUN   TestTransition_OnCreatePR_NilCallbackIsSafe
--- PASS: TestTransition_OnCreatePR_NilCallbackIsSafe (0.05s)
=== RUN   TestGateLabel
=== RUN   TestGateLabel/empty
=== RUN   TestGateLabel/custom-named_agent_ignore_gate_wins
=== RUN   TestGateLabel/lowest_sort_order_agent_ignore_wins_over_higher
=== RUN   TestGateLabel/no_agent_ignore_falls_back_to_first
=== RUN   TestGateLabel/first_is_lowest_sort_order_overall
--- PASS: TestGateLabel (0.00s)
    --- PASS: TestGateLabel/empty (0.00s)
    --- PASS: TestGateLabel/custom-named_agent_ignore_gate_wins (0.00s)
    --- PASS: TestGateLabel/lowest_sort_order_agent_ignore_wins_over_higher (0.00s)
    --- PASS: TestGateLabel/no_agent_ignore_falls_back_to_first (0.00s)
    --- PASS: TestGateLabel/first_is_lowest_sort_order_overall (0.00s)
PASS
ok  	github.com/myinisjap/agent-task-editor/backend/internal/workflow	1.098s
=== RUN   TestRunOnce_ReclaimsArchivedTaskWorktree
2026/07/27 00:53:47 INFO worktreesweep: reclaimed orphaned worktree repo=/tmp/TestRunOnce_ReclaimsArchivedTaskWorktree1812140994/001 id=fca96fec-a202-4608-a41c-5a6ab2d9ce72
--- PASS: TestRunOnce_ReclaimsArchivedTaskWorktree (0.11s)
=== RUN   TestRunOnce_KeepsChatSessionWorktree
2026/07/27 00:53:47 INFO worktreesweep: reclaimed orphaned worktree repo=/tmp/TestRunOnce_KeepsChatSessionWorktree3766899672/001 id=905e7bb8-6f88-4b8e-9d06-a7db594444b1
--- PASS: TestRunOnce_KeepsChatSessionWorktree (0.11s)
=== RUN   TestRunOnce_RemovesCrashOrphanedDirNotRegisteredAsWorktree
2026/07/27 00:53:47 WARN worktreesweep: git worktree remove failed; falling back to direct removal path=/tmp/TestRunOnce_RemovesCrashOrphanedDirNotRegisteredAsWorktree3726155316/001/.ate-worktrees/a7bf0648-1dc9-4d3c-aa26-1833f4b496ba err="exit status 128" out="fatal: '/tmp/TestRunOnce_RemovesCrashOrphanedDirNotRegisteredAsWorktree3726155316/001/.ate-worktrees/a7bf0648-1dc9-4d3c-aa26-1833f4b496ba' is not a working tree\n"
2026/07/27 00:53:47 INFO worktreesweep: reclaimed orphaned worktree repo=/tmp/TestRunOnce_RemovesCrashOrphanedDirNotRegisteredAsWorktree3726155316/001 id=a7bf0648-1dc9-4d3c-aa26-1833f4b496ba
--- PASS: TestRunOnce_RemovesCrashOrphanedDirNotRegisteredAsWorktree (0.09s)
=== RUN   TestRunOnce_NoDeletionOnListError
--- PASS: TestRunOnce_NoDeletionOnListError (0.07s)
PASS
ok  	github.com/myinisjap/agent-task-editor/backend/internal/worktreesweep	0.395s
=== RUN   TestParseSourceRef
=== RUN   TestParseSourceRef/valid
=== RUN   TestParseSourceRef/missing_hash
=== RUN   TestParseSourceRef/missing_slash
=== RUN   TestParseSourceRef/non_numeric_suffix
=== RUN   TestParseSourceRef/empty
=== RUN   TestParseSourceRef/trailing_hash_no_number
=== RUN   TestParseSourceRef/zero_issue_number
=== RUN   TestParseSourceRef/negative_issue_number
=== RUN   TestParseSourceRef/nested_org_path
--- PASS: TestParseSourceRef (0.00s)
    --- PASS: TestParseSourceRef/valid (0.00s)
    --- PASS: TestParseSourceRef/missing_hash (0.00s)
    --- PASS: TestParseSourceRef/missing_slash (0.00s)
    --- PASS: TestParseSourceRef/non_numeric_suffix (0.00s)
    --- PASS: TestParseSourceRef/empty (0.00s)
    --- PASS: TestParseSourceRef/trailing_hash_no_number (0.00s)
    --- PASS: TestParseSourceRef/zero_issue_number (0.00s)
    --- PASS: TestParseSourceRef/negative_issue_number (0.00s)
    --- PASS: TestParseSourceRef/nested_org_path (0.00s)
=== RUN   TestOnLeaveNotReady_Disabled
--- PASS: TestOnLeaveNotReady_Disabled (0.08s)
=== RUN   TestOnLeaveNotReady_NoSource
--- PASS: TestOnLeaveNotReady_NoSource (0.09s)
=== RUN   TestOnLeaveNotReady_FirstCallAppliesLabelAndMarksDone
--- PASS: TestOnLeaveNotReady_FirstCallAppliesLabelAndMarksDone (0.07s)
=== RUN   TestOnLeaveNotReady_Idempotent
--- PASS: TestOnLeaveNotReady_Idempotent (0.07s)
=== RUN   TestOnLeaveNotReady_MarksDoneEvenOnGHFailure
2026/07/27 00:53:47 WARN writeback: add in-progress label failed component=writeback task_id=4f5f5dba-2d36-4e0b-949e-d3587ec7dcb7 ref=acme/widgets#1 label=agent-in-progress err="label not found"
--- PASS: TestOnLeaveNotReady_MarksDoneEvenOnGHFailure (0.08s)
=== RUN   TestOnLeaveNotReady_CustomLabel
--- PASS: TestOnLeaveNotReady_CustomLabel (0.05s)
=== RUN   TestOnLeaveNotReady_BlankLabelFallsBackToDefault
--- PASS: TestOnLeaveNotReady_BlankLabelFallsBackToDefault (0.06s)
=== RUN   TestOnPROpened_Disabled
--- PASS: TestOnPROpened_Disabled (0.05s)
=== RUN   TestOnPROpened_NoPRURL
--- PASS: TestOnPROpened_NoPRURL (0.05s)
=== RUN   TestOnPROpened_FirstCallCommentsAndMarksDone
--- PASS: TestOnPROpened_FirstCallCommentsAndMarksDone (0.07s)
=== RUN   TestOnPROpened_Idempotent
--- PASS: TestOnPROpened_Idempotent (0.06s)
=== RUN   TestOnPROpened_LeavesFlagUnsetOnGHFailure
2026/07/27 00:53:48 WARN writeback: PR-opened comment failed component=writeback task_id=c8843978-cd71-44e9-b08e-478b8b322311 ref=acme/widgets#1 err="rate limited"
--- PASS: TestOnPROpened_LeavesFlagUnsetOnGHFailure (0.06s)
=== RUN   TestOnPRMerged_NotMergedYet
--- PASS: TestOnPRMerged_NotMergedYet (0.05s)
=== RUN   TestOnPRMerged_FirstCallClosesAndMarksDone
--- PASS: TestOnPRMerged_FirstCallClosesAndMarksDone (0.07s)
=== RUN   TestOnPRMerged_Idempotent
--- PASS: TestOnPRMerged_Idempotent (0.05s)
=== RUN   TestOnPRMerged_NoSourceRef
--- PASS: TestOnPRMerged_NoSourceRef (0.06s)
PASS
ok  	github.com/myinisjap/agent-task-editor/backend/internal/writeback	1.049s
=== RUN   TestHub_Publish_BroadcastToAll
--- PASS: TestHub_Publish_BroadcastToAll (0.00s)
=== RUN   TestHub_Publish_AgentLog_OnlyToSubscribed
--- PASS: TestHub_Publish_AgentLog_OnlyToSubscribed (0.00s)
=== RUN   TestHub_Publish_AgentLog_NoTaskID_Broadcasts
--- PASS: TestHub_Publish_AgentLog_NoTaskID_Broadcasts (0.00s)
=== RUN   TestHub_Unregister_StopsDelivery
--- PASS: TestHub_Unregister_StopsDelivery (0.00s)
=== RUN   TestHub_Publish_FullBuffer_DoesNotBlock
2026/07/27 00:53:47 WARN ws client send buffer full, dropping event type=task.label_changed
--- PASS: TestHub_Publish_FullBuffer_DoesNotBlock (0.00s)
=== RUN   TestHub_EventPayload_Roundtrips
--- PASS: TestHub_EventPayload_Roundtrips (0.00s)
=== RUN   TestTicketStore_IssueReturnsUniqueNonEmptyTickets
--- PASS: TestTicketStore_IssueReturnsUniqueNonEmptyTickets (0.00s)
=== RUN   TestTicketStore_ConsumeIsSingleUse
--- PASS: TestTicketStore_ConsumeIsSingleUse (0.00s)
=== RUN   TestTicketStore_ConsumeUnknownTicketFails
--- PASS: TestTicketStore_ConsumeUnknownTicketFails (0.00s)
=== RUN   TestTicketStore_ConsumeExpiredTicketFails
--- PASS: TestTicketStore_ConsumeExpiredTicketFails (0.02s)
=== RUN   TestTicketStore_IssueSweepsExpiredEntries
--- PASS: TestTicketStore_IssueSweepsExpiredEntries (0.02s)
=== RUN   TestHub_IssueAndConsumeTicket
--- PASS: TestHub_IssueAndConsumeTicket (0.00s)
PASS
ok  	github.com/myinisjap/agent-task-editor/backend/internal/ws	0.060s
