=== RUN   TestToolsList
--- PASS: TestToolsList (0.00s)
=== RUN   TestCreateTask_DefaultsToWork_OmitsWorkflowID
--- PASS: TestCreateTask_DefaultsToWork_OmitsWorkflowID (0.00s)
=== RUN   TestCreateTask_ExplicitLabelAndWorkflow
--- PASS: TestCreateTask_ExplicitLabelAndWorkflow (0.01s)
=== RUN   TestCreateTask_MissingTitle
--- PASS: TestCreateTask_MissingTitle (0.00s)
=== RUN   TestCreateTask_BackendErrorSurfaced
--- PASS: TestCreateTask_BackendErrorSurfaced (0.00s)
=== RUN   TestListRepos_SendsBearerToken
--- PASS: TestListRepos_SendsBearerToken (0.01s)
PASS
ok  	github.com/myinisjap/agent-task-editor/backend/cmd/mcp-board	0.026s
=== RUN   TestResolveComment_AccumulatesAndPersistsPartialResult
--- PASS: TestResolveComment_AccumulatesAndPersistsPartialResult (0.00s)
=== RUN   TestResolveComment_RejectsUnknownID
--- PASS: TestResolveComment_RejectsUnknownID (0.00s)
=== RUN   TestSignalComplete_IncludesResolutions
--- PASS: TestSignalComplete_IncludesResolutions (0.00s)
=== RUN   TestResolveComment_AfterSignalComplete_RewritesTerminalResult
--- PASS: TestResolveComment_AfterSignalComplete_RewritesTerminalResult (0.00s)
PASS
ok  	github.com/myinisjap/agent-task-editor/backend/cmd/mcp-server	0.003s
?   	github.com/myinisjap/agent-task-editor/backend/cmd/server	[no test files]
=== RUN   TestE2E_CostBudget
=== RUN   TestE2E_CostBudget/no_budget_set:_dispatches_normally
2026/07/26 22:14:02 INFO dispatcher: agent dispatched component=dispatcher task_id=6aae4006-9714-47a7-90ac-5bf848d07711 run_id=2cf22d78-39be-4e1f-9068-61521ae44f8f label=ready agent=fake-agent provider=fake agent_id=a0dbccce-3930-4ac9-9110-f3599dc72ea5 agent_enabled=1 resume_session=false human_reply=false
2026/07/26 22:14:02 INFO pool: agent run starting component=pool run_id=2cf22d78-39be-4e1f-9068-61521ae44f8f task_id=6aae4006-9714-47a7-90ac-5bf848d07711 provider=fake agent=fake-agent
2026/07/26 22:14:02 INFO pool: agent run finished component=pool run_id=2cf22d78-39be-4e1f-9068-61521ae44f8f task_id=6aae4006-9714-47a7-90ac-5bf848d07711 status=completed
2026/07/26 22:14:02 ERROR dispatcher sweep failed component=dispatcher err="context canceled"
=== RUN   TestE2E_CostBudget/agent_config_budget_exceeded:_escalates_without_dispatching
2026/07/26 22:14:02 WARN dispatcher: skipping dispatch, cost budget exhausted component=dispatcher task_id=d1b65a78-5164-4ecd-9412-57c389752e28 spent=1.5 budget=1
=== RUN   TestE2E_CostBudget/task_budget_exceeded:_escalates_without_dispatching
2026/07/26 22:14:02 WARN dispatcher: skipping dispatch, cost budget exhausted component=dispatcher task_id=db30f76e-f091-45e4-b91c-9421722a7d71 spent=2 budget=2
=== RUN   TestE2E_CostBudget/min_of_both_nonzero_budgets_wins
2026/07/26 22:14:02 WARN dispatcher: skipping dispatch, cost budget exhausted component=dispatcher task_id=7ce8814b-bd72-4058-8945-0055f4c35d77 spent=1 budget=1
=== RUN   TestE2E_CostBudget/budget_not_yet_exceeded:_dispatches_normally
2026/07/26 22:14:02 INFO dispatcher: agent dispatched component=dispatcher task_id=8198c022-aebc-4651-9998-41fff47398ce run_id=edb5d7b0-fb36-4f5f-ab38-83858688311a label=ready agent=fake-agent provider=fake agent_id=b47ad894-6f39-4f91-8414-d0e220f2575d agent_enabled=1 resume_session=false human_reply=false
2026/07/26 22:14:02 INFO pool: agent run starting component=pool run_id=edb5d7b0-fb36-4f5f-ab38-83858688311a task_id=8198c022-aebc-4651-9998-41fff47398ce provider=fake agent=fake-agent
2026/07/26 22:14:02 INFO pool: agent run finished component=pool run_id=edb5d7b0-fb36-4f5f-ab38-83858688311a task_id=8198c022-aebc-4651-9998-41fff47398ce status=completed
2026/07/26 22:14:02 ERROR dispatcher sweep failed component=dispatcher err="context canceled"
--- PASS: TestE2E_CostBudget (0.58s)
    --- PASS: TestE2E_CostBudget/no_budget_set:_dispatches_normally (0.15s)
    --- PASS: TestE2E_CostBudget/agent_config_budget_exceeded:_escalates_without_dispatching (0.11s)
    --- PASS: TestE2E_CostBudget/task_budget_exceeded:_escalates_without_dispatching (0.11s)
    --- PASS: TestE2E_CostBudget/min_of_both_nonzero_budgets_wins (0.09s)
    --- PASS: TestE2E_CostBudget/budget_not_yet_exceeded:_dispatches_normally (0.12s)
=== RUN   TestE2E_GoldenPath
2026/07/26 22:14:02 INFO dispatcher: agent dispatched component=dispatcher task_id=6c8e9b61-988a-4094-ac20-b83723dedfea run_id=8fd0acb4-30ae-4c3d-9311-fda5f3b01f87 label=ready agent=fake-agent provider=fake agent_id=3dbd3c7a-b4d6-4b6c-b9ef-abe3da88544f agent_enabled=1 resume_session=false human_reply=false
2026/07/26 22:14:02 INFO pool: agent run starting component=pool run_id=8fd0acb4-30ae-4c3d-9311-fda5f3b01f87 task_id=6c8e9b61-988a-4094-ac20-b83723dedfea provider=fake agent=fake-agent
2026/07/26 22:14:02 INFO pool: agent run finished component=pool run_id=8fd0acb4-30ae-4c3d-9311-fda5f3b01f87 task_id=6c8e9b61-988a-4094-ac20-b83723dedfea status=completed
--- PASS: TestE2E_GoldenPath (0.12s)
=== RUN   TestE2E_TransientRetryThenEscalate
2026/07/26 22:14:02 INFO dispatcher: agent dispatched component=dispatcher task_id=e0f2dd1e-5da4-4d9c-81b0-e6cad9649960 run_id=4232aabf-c258-46ae-b787-2edc75863498 label=ready agent=fake-agent provider=fake agent_id=a1cb07e3-518c-4e63-8909-e69dd8fefcc6 agent_enabled=1 resume_session=false human_reply=false
2026/07/26 22:14:02 INFO pool: agent run starting component=pool run_id=4232aabf-c258-46ae-b787-2edc75863498 task_id=e0f2dd1e-5da4-4d9c-81b0-e6cad9649960 provider=fake agent=fake-agent
2026/07/26 22:14:02 WARN pool: agent run transient error component=pool run_id=4232aabf-c258-46ae-b787-2edc75863498 task_id=e0f2dd1e-5da4-4d9c-81b0-e6cad9649960 classification=transient err="transient error: context deadline exceeded"
2026/07/26 22:14:02 INFO pool: transient failure, scheduling auto-retry component=pool run_id=4232aabf-c258-46ae-b787-2edc75863498 task_id=e0f2dd1e-5da4-4d9c-81b0-e6cad9649960 attempt=1 max_retries=1 next_retry_at=2026-07-26T22:14:03.674Z reason="transient error: context deadline exceeded"
2026/07/26 22:14:03 INFO dispatcher: agent dispatched component=dispatcher task_id=e0f2dd1e-5da4-4d9c-81b0-e6cad9649960 run_id=79c74d51-2497-4e72-bfb6-8351a76d2560 label=ready agent=fake-agent provider=fake agent_id=a1cb07e3-518c-4e63-8909-e69dd8fefcc6 agent_enabled=1 resume_session=false human_reply=false
2026/07/26 22:14:03 INFO pool: agent run starting component=pool run_id=79c74d51-2497-4e72-bfb6-8351a76d2560 task_id=e0f2dd1e-5da4-4d9c-81b0-e6cad9649960 provider=fake agent=fake-agent
2026/07/26 22:14:03 WARN pool: agent run transient error component=pool run_id=79c74d51-2497-4e72-bfb6-8351a76d2560 task_id=e0f2dd1e-5da4-4d9c-81b0-e6cad9649960 classification=transient err="transient error: context deadline exceeded"
2026/07/26 22:14:03 WARN pool: transient retry budget exhausted, escalating to waiting_human component=pool run_id=79c74d51-2497-4e72-bfb6-8351a76d2560 task_id=e0f2dd1e-5da4-4d9c-81b0-e6cad9649960 count=1 max_retries=1
--- PASS: TestE2E_TransientRetryThenEscalate (0.42s)
=== RUN   TestE2E_TerminalLabelTearsDownWorktree
2026/07/26 22:14:03 INFO dispatcher: agent dispatched component=dispatcher task_id=5a785b51-d8cc-44b0-afcf-9e17326c385b run_id=933f61c1-c5ba-4f6c-acdd-8a41b4c05b1b label=ready agent=fake-agent provider=fake agent_id=00585679-8508-48a1-adec-52299b935eb1 agent_enabled=1 resume_session=false human_reply=false
2026/07/26 22:14:03 INFO pool: agent run starting component=pool run_id=933f61c1-c5ba-4f6c-acdd-8a41b4c05b1b task_id=5a785b51-d8cc-44b0-afcf-9e17326c385b provider=fake agent=fake-agent
2026/07/26 22:14:03 INFO pool: agent run finished component=pool run_id=933f61c1-c5ba-4f6c-acdd-8a41b4c05b1b task_id=5a785b51-d8cc-44b0-afcf-9e17326c385b status=completed
--- PASS: TestE2E_TerminalLabelTearsDownWorktree (0.11s)
=== RUN   TestE2E_WaitingHumanStaysLocked
2026/07/26 22:14:03 INFO dispatcher: agent dispatched component=dispatcher task_id=ccfa062e-1c7c-4511-92fe-838077c30ea1 run_id=fa6daf5f-6689-4833-b662-9d6318623647 label=ready agent=fake-agent provider=fake agent_id=d441c388-3702-4f9c-9c1b-04f4927ece74 agent_enabled=1 resume_session=false human_reply=false
2026/07/26 22:14:03 INFO pool: agent run starting component=pool run_id=fa6daf5f-6689-4833-b662-9d6318623647 task_id=ccfa062e-1c7c-4511-92fe-838077c30ea1 provider=fake agent=fake-agent
2026/07/26 22:14:03 INFO pool: agent run finished component=pool run_id=fa6daf5f-6689-4833-b662-9d6318623647 task_id=ccfa062e-1c7c-4511-92fe-838077c30ea1 status=waiting_human
--- PASS: TestE2E_WaitingHumanStaysLocked (0.30s)
=== RUN   TestE2E_ReplyResumesSession
2026/07/26 22:14:03 INFO dispatcher: agent dispatched component=dispatcher task_id=ebf4d669-8b7f-47a9-bb28-268273253b42 run_id=1eb02cf1-d69f-4ea4-ba34-976148f8899e label=ready agent=fake-agent provider=claude agent_id=3f8419e0-249c-4590-80e8-81a3c8f65d4d agent_enabled=1 resume_session=false human_reply=false
2026/07/26 22:14:03 INFO pool: agent run starting component=pool run_id=1eb02cf1-d69f-4ea4-ba34-976148f8899e task_id=ebf4d669-8b7f-47a9-bb28-268273253b42 provider=claude agent=fake-agent
2026/07/26 22:14:03 INFO pool: agent run finished component=pool run_id=1eb02cf1-d69f-4ea4-ba34-976148f8899e task_id=ebf4d669-8b7f-47a9-bb28-268273253b42 status=waiting_human
2026/07/26 22:14:03 INFO dispatcher: agent dispatched component=dispatcher task_id=ebf4d669-8b7f-47a9-bb28-268273253b42 run_id=19140be8-b650-43d3-b2c6-b95b777fe4a6 label=ready agent=fake-agent provider=claude agent_id=3f8419e0-249c-4590-80e8-81a3c8f65d4d agent_enabled=1 resume_session=true human_reply=true
2026/07/26 22:14:03 INFO pool: agent run starting component=pool run_id=19140be8-b650-43d3-b2c6-b95b777fe4a6 task_id=ebf4d669-8b7f-47a9-bb28-268273253b42 provider=claude agent=fake-agent
2026/07/26 22:14:03 INFO pool: agent run finished component=pool run_id=19140be8-b650-43d3-b2c6-b95b777fe4a6 task_id=ebf4d669-8b7f-47a9-bb28-268273253b42 status=completed
--- PASS: TestE2E_ReplyResumesSession (0.09s)
=== RUN   TestE2E_FailoverToBackupConfig
2026/07/26 22:14:03 INFO dispatcher: skipping rate-limited config, trying next component=dispatcher task_id=256e1e35-77a4-411f-b201-e0b46733ac35 agent_config_id=ac230525-6c76-4ad0-9d6e-536b9ae4a79b unblocked_at=2026-07-26T23:14:03.578Z
2026/07/26 22:14:03 INFO dispatcher: agent dispatched component=dispatcher task_id=256e1e35-77a4-411f-b201-e0b46733ac35 run_id=d634b0fc-99f3-4317-9851-5d447404af80 label=ready agent=backup provider=fake agent_id=554f9cca-c6a3-4b5f-8141-5e545c7baf78 agent_enabled=1 resume_session=false human_reply=false
2026/07/26 22:14:03 INFO pool: agent run starting component=pool run_id=d634b0fc-99f3-4317-9851-5d447404af80 task_id=256e1e35-77a4-411f-b201-e0b46733ac35 provider=fake agent=backup
2026/07/26 22:14:03 WARN pool: reset transient retry count component=pool run_id=d634b0fc-99f3-4317-9851-5d447404af80 task_id=256e1e35-77a4-411f-b201-e0b46733ac35 err="context canceled"
2026/07/26 22:14:03 ERROR pool: set run completed component=pool run_id=d634b0fc-99f3-4317-9851-5d447404af80 task_id=256e1e35-77a4-411f-b201-e0b46733ac35 err="context canceled"
2026/07/26 22:14:03 WARN pool: safety-net commit failed component=pool run_id=d634b0fc-99f3-4317-9851-5d447404af80 task_id=256e1e35-77a4-411f-b201-e0b46733ac35 err="git status: context canceled: "
2026/07/26 22:14:03 ERROR pool: resolve outcome: list transitions component=pool task_id=256e1e35-77a4-411f-b201-e0b46733ac35 err="context canceled"
2026/07/26 22:14:03 INFO pool: agent run finished component=pool run_id=d634b0fc-99f3-4317-9851-5d447404af80 task_id=256e1e35-77a4-411f-b201-e0b46733ac35 status=completed
--- PASS: TestE2E_FailoverToBackupConfig (0.08s)
=== RUN   TestE2E_FailoverAllBlocked_NoDispatch
2026/07/26 22:14:03 INFO dispatcher: skipping rate-limited config, trying next component=dispatcher task_id=f68b5e05-8c42-4ac7-87b1-dad34d5b5dd0 agent_config_id=f78c9a93-795b-45de-84a3-966be74114de unblocked_at=2026-07-26T23:14:03.653Z
2026/07/26 22:14:03 INFO dispatcher: skipping rate-limited config, trying next component=dispatcher task_id=f68b5e05-8c42-4ac7-87b1-dad34d5b5dd0 agent_config_id=aad91773-f737-4370-a56f-2fe4a20a3e4b unblocked_at=2026-07-26T23:14:03.653Z
2026/07/26 22:14:03 INFO dispatcher: all matching configs rate-limited, skipping dispatch component=dispatcher task_id=f68b5e05-8c42-4ac7-87b1-dad34d5b5dd0 label=ready
2026/07/26 22:14:03 INFO dispatcher: skipping rate-limited config, trying next component=dispatcher task_id=f68b5e05-8c42-4ac7-87b1-dad34d5b5dd0 agent_config_id=f78c9a93-795b-45de-84a3-966be74114de unblocked_at=2026-07-26T23:14:03.653Z
2026/07/26 22:14:03 INFO dispatcher: skipping rate-limited config, trying next component=dispatcher task_id=f68b5e05-8c42-4ac7-87b1-dad34d5b5dd0 agent_config_id=aad91773-f737-4370-a56f-2fe4a20a3e4b unblocked_at=2026-07-26T23:14:03.653Z
2026/07/26 22:14:03 INFO dispatcher: all matching configs rate-limited, skipping dispatch component=dispatcher task_id=f68b5e05-8c42-4ac7-87b1-dad34d5b5dd0 label=ready
2026/07/26 22:14:03 INFO dispatcher: skipping rate-limited config, trying next component=dispatcher task_id=f68b5e05-8c42-4ac7-87b1-dad34d5b5dd0 agent_config_id=f78c9a93-795b-45de-84a3-966be74114de unblocked_at=2026-07-26T23:14:03.653Z
2026/07/26 22:14:03 INFO dispatcher: skipping rate-limited config, trying next component=dispatcher task_id=f68b5e05-8c42-4ac7-87b1-dad34d5b5dd0 agent_config_id=aad91773-f737-4370-a56f-2fe4a20a3e4b unblocked_at=2026-07-26T23:14:03.653Z
2026/07/26 22:14:03 INFO dispatcher: all matching configs rate-limited, skipping dispatch component=dispatcher task_id=f68b5e05-8c42-4ac7-87b1-dad34d5b5dd0 label=ready
2026/07/26 22:14:03 INFO dispatcher: skipping rate-limited config, trying next component=dispatcher task_id=f68b5e05-8c42-4ac7-87b1-dad34d5b5dd0 agent_config_id=f78c9a93-795b-45de-84a3-966be74114de unblocked_at=2026-07-26T23:14:03.653Z
2026/07/26 22:14:03 INFO dispatcher: skipping rate-limited config, trying next component=dispatcher task_id=f68b5e05-8c42-4ac7-87b1-dad34d5b5dd0 agent_config_id=aad91773-f737-4370-a56f-2fe4a20a3e4b unblocked_at=2026-07-26T23:14:03.653Z
2026/07/26 22:14:03 INFO dispatcher: all matching configs rate-limited, skipping dispatch component=dispatcher task_id=f68b5e05-8c42-4ac7-87b1-dad34d5b5dd0 label=ready
2026/07/26 22:14:03 INFO dispatcher: skipping rate-limited config, trying next component=dispatcher task_id=f68b5e05-8c42-4ac7-87b1-dad34d5b5dd0 agent_config_id=f78c9a93-795b-45de-84a3-966be74114de unblocked_at=2026-07-26T23:14:03.653Z
2026/07/26 22:14:03 INFO dispatcher: skipping rate-limited config, trying next component=dispatcher task_id=f68b5e05-8c42-4ac7-87b1-dad34d5b5dd0 agent_config_id=aad91773-f737-4370-a56f-2fe4a20a3e4b unblocked_at=2026-07-26T23:14:03.653Z
2026/07/26 22:14:03 INFO dispatcher: all matching configs rate-limited, skipping dispatch component=dispatcher task_id=f68b5e05-8c42-4ac7-87b1-dad34d5b5dd0 label=ready
2026/07/26 22:14:03 INFO dispatcher: skipping rate-limited config, trying next component=dispatcher task_id=f68b5e05-8c42-4ac7-87b1-dad34d5b5dd0 agent_config_id=f78c9a93-795b-45de-84a3-966be74114de unblocked_at=2026-07-26T23:14:03.653Z
2026/07/26 22:14:03 INFO dispatcher: skipping rate-limited config, trying next component=dispatcher task_id=f68b5e05-8c42-4ac7-87b1-dad34d5b5dd0 agent_config_id=aad91773-f737-4370-a56f-2fe4a20a3e4b unblocked_at=2026-07-26T23:14:03.653Z
2026/07/26 22:14:03 INFO dispatcher: all matching configs rate-limited, skipping dispatch component=dispatcher task_id=f68b5e05-8c42-4ac7-87b1-dad34d5b5dd0 label=ready
2026/07/26 22:14:03 INFO dispatcher: skipping rate-limited config, trying next component=dispatcher task_id=f68b5e05-8c42-4ac7-87b1-dad34d5b5dd0 agent_config_id=f78c9a93-795b-45de-84a3-966be74114de unblocked_at=2026-07-26T23:14:03.653Z
2026/07/26 22:14:03 INFO dispatcher: skipping rate-limited config, trying next component=dispatcher task_id=f68b5e05-8c42-4ac7-87b1-dad34d5b5dd0 agent_config_id=aad91773-f737-4370-a56f-2fe4a20a3e4b unblocked_at=2026-07-26T23:14:03.653Z
2026/07/26 22:14:03 INFO dispatcher: all matching configs rate-limited, skipping dispatch component=dispatcher task_id=f68b5e05-8c42-4ac7-87b1-dad34d5b5dd0 label=ready
2026/07/26 22:14:03 INFO dispatcher: skipping rate-limited config, trying next component=dispatcher task_id=f68b5e05-8c42-4ac7-87b1-dad34d5b5dd0 agent_config_id=f78c9a93-795b-45de-84a3-966be74114de unblocked_at=2026-07-26T23:14:03.653Z
2026/07/26 22:14:03 INFO dispatcher: skipping rate-limited config, trying next component=dispatcher task_id=f68b5e05-8c42-4ac7-87b1-dad34d5b5dd0 agent_config_id=aad91773-f737-4370-a56f-2fe4a20a3e4b unblocked_at=2026-07-26T23:14:03.653Z
2026/07/26 22:14:03 INFO dispatcher: all matching configs rate-limited, skipping dispatch component=dispatcher task_id=f68b5e05-8c42-4ac7-87b1-dad34d5b5dd0 label=ready
2026/07/26 22:14:03 INFO dispatcher: skipping rate-limited config, trying next component=dispatcher task_id=f68b5e05-8c42-4ac7-87b1-dad34d5b5dd0 agent_config_id=f78c9a93-795b-45de-84a3-966be74114de unblocked_at=2026-07-26T23:14:03.653Z
2026/07/26 22:14:03 INFO dispatcher: skipping rate-limited config, trying next component=dispatcher task_id=f68b5e05-8c42-4ac7-87b1-dad34d5b5dd0 agent_config_id=aad91773-f737-4370-a56f-2fe4a20a3e4b unblocked_at=2026-07-26T23:14:03.653Z
2026/07/26 22:14:03 INFO dispatcher: all matching configs rate-limited, skipping dispatch component=dispatcher task_id=f68b5e05-8c42-4ac7-87b1-dad34d5b5dd0 label=ready
2026/07/26 22:14:03 INFO dispatcher: skipping rate-limited config, trying next component=dispatcher task_id=f68b5e05-8c42-4ac7-87b1-dad34d5b5dd0 agent_config_id=f78c9a93-795b-45de-84a3-966be74114de unblocked_at=2026-07-26T23:14:03.653Z
2026/07/26 22:14:03 INFO dispatcher: skipping rate-limited config, trying next component=dispatcher task_id=f68b5e05-8c42-4ac7-87b1-dad34d5b5dd0 agent_config_id=aad91773-f737-4370-a56f-2fe4a20a3e4b unblocked_at=2026-07-26T23:14:03.653Z
2026/07/26 22:14:03 INFO dispatcher: all matching configs rate-limited, skipping dispatch component=dispatcher task_id=f68b5e05-8c42-4ac7-87b1-dad34d5b5dd0 label=ready
2026/07/26 22:14:03 INFO dispatcher: skipping rate-limited config, trying next component=dispatcher task_id=f68b5e05-8c42-4ac7-87b1-dad34d5b5dd0 agent_config_id=f78c9a93-795b-45de-84a3-966be74114de unblocked_at=2026-07-26T23:14:03.653Z
2026/07/26 22:14:03 INFO dispatcher: skipping rate-limited config, trying next component=dispatcher task_id=f68b5e05-8c42-4ac7-87b1-dad34d5b5dd0 agent_config_id=aad91773-f737-4370-a56f-2fe4a20a3e4b unblocked_at=2026-07-26T23:14:03.653Z
2026/07/26 22:14:03 INFO dispatcher: all matching configs rate-limited, skipping dispatch component=dispatcher task_id=f68b5e05-8c42-4ac7-87b1-dad34d5b5dd0 label=ready
2026/07/26 22:14:03 INFO dispatcher: skipping rate-limited config, trying next component=dispatcher task_id=f68b5e05-8c42-4ac7-87b1-dad34d5b5dd0 agent_config_id=f78c9a93-795b-45de-84a3-966be74114de unblocked_at=2026-07-26T23:14:03.653Z
2026/07/26 22:14:03 INFO dispatcher: skipping rate-limited config, trying next component=dispatcher task_id=f68b5e05-8c42-4ac7-87b1-dad34d5b5dd0 agent_config_id=aad91773-f737-4370-a56f-2fe4a20a3e4b unblocked_at=2026-07-26T23:14:03.653Z
2026/07/26 22:14:03 INFO dispatcher: all matching configs rate-limited, skipping dispatch component=dispatcher task_id=f68b5e05-8c42-4ac7-87b1-dad34d5b5dd0 label=ready
2026/07/26 22:14:03 INFO dispatcher: skipping rate-limited config, trying next component=dispatcher task_id=f68b5e05-8c42-4ac7-87b1-dad34d5b5dd0 agent_config_id=f78c9a93-795b-45de-84a3-966be74114de unblocked_at=2026-07-26T23:14:03.653Z
2026/07/26 22:14:03 INFO dispatcher: skipping rate-limited config, trying next component=dispatcher task_id=f68b5e05-8c42-4ac7-87b1-dad34d5b5dd0 agent_config_id=aad91773-f737-4370-a56f-2fe4a20a3e4b unblocked_at=2026-07-26T23:14:03.653Z
2026/07/26 22:14:03 INFO dispatcher: all matching configs rate-limited, skipping dispatch component=dispatcher task_id=f68b5e05-8c42-4ac7-87b1-dad34d5b5dd0 label=ready
2026/07/26 22:14:03 INFO dispatcher: skipping rate-limited config, trying next component=dispatcher task_id=f68b5e05-8c42-4ac7-87b1-dad34d5b5dd0 agent_config_id=f78c9a93-795b-45de-84a3-966be74114de unblocked_at=2026-07-26T23:14:03.653Z
2026/07/26 22:14:03 INFO dispatcher: skipping rate-limited config, trying next component=dispatcher task_id=f68b5e05-8c42-4ac7-87b1-dad34d5b5dd0 agent_config_id=aad91773-f737-4370-a56f-2fe4a20a3e4b unblocked_at=2026-07-26T23:14:03.653Z
2026/07/26 22:14:03 INFO dispatcher: all matching configs rate-limited, skipping dispatch component=dispatcher task_id=f68b5e05-8c42-4ac7-87b1-dad34d5b5dd0 label=ready
--- PASS: TestE2E_FailoverAllBlocked_NoDispatch (0.26s)
=== RUN   TestE2E_RepoConcurrencyLimit
2026/07/26 22:14:03 INFO dispatcher: agent dispatched component=dispatcher task_id=00d0b6d7-dfde-498f-8d44-35012c9f20c4 run_id=70914665-42c4-4354-94be-4efd01ad76b3 label=ready agent=fake-agent provider=fake agent_id=7aff1abc-49f7-418d-9405-ece3d7f8ee18 agent_enabled=1 resume_session=false human_reply=false
2026/07/26 22:14:03 INFO pool: agent run starting component=pool run_id=70914665-42c4-4354-94be-4efd01ad76b3 task_id=00d0b6d7-dfde-498f-8d44-35012c9f20c4 provider=fake agent=fake-agent
2026/07/26 22:14:04 INFO pool: agent run finished component=pool run_id=70914665-42c4-4354-94be-4efd01ad76b3 task_id=00d0b6d7-dfde-498f-8d44-35012c9f20c4 status=completed
2026/07/26 22:14:04 INFO dispatcher: agent dispatched component=dispatcher task_id=28913bb1-2b54-4d0f-8533-e29506baff3b run_id=36ec28e1-0044-4379-bbaf-bb246aa9f5f7 label=ready agent=fake-agent provider=fake agent_id=7aff1abc-49f7-418d-9405-ece3d7f8ee18 agent_enabled=1 resume_session=false human_reply=false
2026/07/26 22:14:04 INFO pool: agent run starting component=pool run_id=36ec28e1-0044-4379-bbaf-bb246aa9f5f7 task_id=28913bb1-2b54-4d0f-8533-e29506baff3b provider=fake agent=fake-agent
2026/07/26 22:14:04 INFO pool: agent run finished component=pool run_id=36ec28e1-0044-4379-bbaf-bb246aa9f5f7 task_id=28913bb1-2b54-4d0f-8533-e29506baff3b status=completed
--- PASS: TestE2E_RepoConcurrencyLimit (0.31s)
=== RUN   TestE2E_RepoConcurrencyLimit_UnsetFallsBackToPool
2026/07/26 22:14:04 INFO dispatcher: agent dispatched component=dispatcher task_id=86b5293b-be04-4fc0-aaa9-9939cebfa282 run_id=0489022b-a6ba-43d0-9223-8e2b6bdedf38 label=ready agent=fake-agent provider=fake agent_id=1191cfbb-5963-4ecb-bcfe-41ee45db8cb2 agent_enabled=1 resume_session=false human_reply=false
2026/07/26 22:14:04 INFO pool: agent run starting component=pool run_id=0489022b-a6ba-43d0-9223-8e2b6bdedf38 task_id=86b5293b-be04-4fc0-aaa9-9939cebfa282 provider=fake agent=fake-agent
2026/07/26 22:14:04 INFO dispatcher: agent dispatched component=dispatcher task_id=3dccbf32-c22f-4d83-bf93-59f3bf2210fc run_id=9cf40049-7c93-4cde-9aa1-89b66b457e75 label=ready agent=fake-agent provider=fake agent_id=1191cfbb-5963-4ecb-bcfe-41ee45db8cb2 agent_enabled=1 resume_session=false human_reply=false
2026/07/26 22:14:04 INFO pool: agent run starting component=pool run_id=9cf40049-7c93-4cde-9aa1-89b66b457e75 task_id=3dccbf32-c22f-4d83-bf93-59f3bf2210fc provider=fake agent=fake-agent
2026/07/26 22:14:04 WARN pool: reset transient retry count component=pool run_id=0489022b-a6ba-43d0-9223-8e2b6bdedf38 task_id=86b5293b-be04-4fc0-aaa9-9939cebfa282 err="context canceled"
2026/07/26 22:14:04 ERROR pool: set run completed component=pool run_id=0489022b-a6ba-43d0-9223-8e2b6bdedf38 task_id=86b5293b-be04-4fc0-aaa9-9939cebfa282 err="context canceled"
2026/07/26 22:14:04 WARN pool: safety-net commit failed component=pool run_id=0489022b-a6ba-43d0-9223-8e2b6bdedf38 task_id=86b5293b-be04-4fc0-aaa9-9939cebfa282 err="git status: context canceled: "
2026/07/26 22:14:04 ERROR pool: resolve outcome: list transitions component=pool task_id=86b5293b-be04-4fc0-aaa9-9939cebfa282 err="context canceled"
2026/07/26 22:14:04 INFO pool: agent run finished component=pool run_id=0489022b-a6ba-43d0-9223-8e2b6bdedf38 task_id=86b5293b-be04-4fc0-aaa9-9939cebfa282 status=completed
2026/07/26 22:14:04 WARN pool: reset transient retry count component=pool run_id=9cf40049-7c93-4cde-9aa1-89b66b457e75 task_id=3dccbf32-c22f-4d83-bf93-59f3bf2210fc err="context canceled"
2026/07/26 22:14:04 ERROR pool: set run completed component=pool run_id=9cf40049-7c93-4cde-9aa1-89b66b457e75 task_id=3dccbf32-c22f-4d83-bf93-59f3bf2210fc err="context canceled"
2026/07/26 22:14:04 WARN pool: safety-net commit failed component=pool run_id=9cf40049-7c93-4cde-9aa1-89b66b457e75 task_id=3dccbf32-c22f-4d83-bf93-59f3bf2210fc err="git status: context canceled: "
2026/07/26 22:14:04 ERROR pool: resolve outcome: list transitions component=pool task_id=3dccbf32-c22f-4d83-bf93-59f3bf2210fc err="context canceled"
2026/07/26 22:14:04 INFO pool: agent run finished component=pool run_id=9cf40049-7c93-4cde-9aa1-89b66b457e75 task_id=3dccbf32-c22f-4d83-bf93-59f3bf2210fc status=completed
--- PASS: TestE2E_RepoConcurrencyLimit_UnsetFallsBackToPool (0.10s)
=== RUN   TestMatchConfigs
=== RUN   TestMatchConfigs/no_match
=== RUN   TestMatchConfigs/single_match
=== RUN   TestMatchConfigs/multiple_matches_returned_in_order
=== RUN   TestMatchConfigs/skips_bad_json
2026/07/26 22:14:04 ERROR dispatcher: skipping config with unparseable labels component=dispatcher config_id=broken config_name=broken err="invalid character 'o' in literal null (expecting 'u')"
=== RUN   TestMatchConfigs/all_bad_json
2026/07/26 22:14:04 ERROR dispatcher: skipping config with unparseable labels component=dispatcher config_id=broken config_name=broken err="unexpected end of JSON input"
=== RUN   TestMatchConfigs/skips_disabled
=== RUN   TestMatchConfigs/disabled_then_enabled
--- PASS: TestMatchConfigs (0.00s)
    --- PASS: TestMatchConfigs/no_match (0.00s)
    --- PASS: TestMatchConfigs/single_match (0.00s)
    --- PASS: TestMatchConfigs/multiple_matches_returned_in_order (0.00s)
    --- PASS: TestMatchConfigs/skips_bad_json (0.00s)
    --- PASS: TestMatchConfigs/all_bad_json (0.00s)
    --- PASS: TestMatchConfigs/skips_disabled (0.00s)
    --- PASS: TestMatchConfigs/disabled_then_enabled (0.00s)
=== RUN   TestMatchConfigs_PriorityOrdering
--- PASS: TestMatchConfigs_PriorityOrdering (0.00s)
=== RUN   TestEffectiveBudget
=== RUN   TestEffectiveBudget/both_zero:_unlimited
=== RUN   TestEffectiveBudget/only_task_set
=== RUN   TestEffectiveBudget/only_config_set
=== RUN   TestEffectiveBudget/both_set,_task_lower_wins
=== RUN   TestEffectiveBudget/both_set,_config_lower_wins
=== RUN   TestEffectiveBudget/both_set,_equal
--- PASS: TestEffectiveBudget (0.00s)
    --- PASS: TestEffectiveBudget/both_zero:_unlimited (0.00s)
    --- PASS: TestEffectiveBudget/only_task_set (0.00s)
    --- PASS: TestEffectiveBudget/only_config_set (0.00s)
    --- PASS: TestEffectiveBudget/both_set,_task_lower_wins (0.00s)
    --- PASS: TestEffectiveBudget/both_set,_config_lower_wins (0.00s)
    --- PASS: TestEffectiveBudget/both_set,_equal (0.00s)
=== RUN   TestToAgentConfig_CommandFilters
=== RUN   TestToAgentConfig_CommandFilters/populated_lists_round-trip
=== RUN   TestToAgentConfig_CommandFilters/default_empty-array_JSON_yields_nil_slices
=== RUN   TestToAgentConfig_CommandFilters/malformed_JSON_falls_back_to_nil,_not_an_error
--- PASS: TestToAgentConfig_CommandFilters (0.00s)
    --- PASS: TestToAgentConfig_CommandFilters/populated_lists_round-trip (0.00s)
    --- PASS: TestToAgentConfig_CommandFilters/default_empty-array_JSON_yields_nil_slices (0.00s)
    --- PASS: TestToAgentConfig_CommandFilters/malformed_JSON_falls_back_to_nil,_not_an_error (0.00s)
=== RUN   TestDispatcher_repoAtLimit
=== RUN   TestDispatcher_repoAtLimit/unset_limit,_under_global_cap
=== RUN   TestDispatcher_repoAtLimit/unset_limit,_at_global_cap
=== RUN   TestDispatcher_repoAtLimit/unset_limit,_no_in-flight_runs
=== RUN   TestDispatcher_repoAtLimit/repo_limit_under_repo_cap
=== RUN   TestDispatcher_repoAtLimit/repo_limit_at_repo_cap,_below_global_cap
=== RUN   TestDispatcher_repoAtLimit/zero_repo_limit_treated_as_unset_(falls_back_to_global)
=== RUN   TestDispatcher_repoAtLimit/different_repo's_in-use_count_doesn't_affect_this_repo
--- PASS: TestDispatcher_repoAtLimit (0.00s)
    --- PASS: TestDispatcher_repoAtLimit/unset_limit,_under_global_cap (0.00s)
    --- PASS: TestDispatcher_repoAtLimit/unset_limit,_at_global_cap (0.00s)
    --- PASS: TestDispatcher_repoAtLimit/unset_limit,_no_in-flight_runs (0.00s)
    --- PASS: TestDispatcher_repoAtLimit/repo_limit_under_repo_cap (0.00s)
    --- PASS: TestDispatcher_repoAtLimit/repo_limit_at_repo_cap,_below_global_cap (0.00s)
    --- PASS: TestDispatcher_repoAtLimit/zero_repo_limit_treated_as_unset_(falls_back_to_global) (0.00s)
    --- PASS: TestDispatcher_repoAtLimit/different_repo's_in-use_count_doesn't_affect_this_repo (0.00s)
=== RUN   TestClassifyLine
=== RUN   TestClassifyLine/http_429
=== RUN   TestClassifyLine/request_rejected
=== RUN   TestClassifyLine/rate_limit_words
=== RUN   TestClassifyLine/rate_limit_token
=== RUN   TestClassifyLine/gemini_resource_exhausted
=== RUN   TestClassifyLine/claude_session_limit
=== RUN   TestClassifyLine/claude_usage_limit
=== RUN   TestClassifyLine/not_logged_in
=== RUN   TestClassifyLine/please_run_login
=== RUN   TestClassifyLine/gemini_invalid_api_key
=== RUN   TestClassifyLine/gemini_no_auth_method
=== RUN   TestClassifyLine/codex_missing_bearer
=== RUN   TestClassifyLine/codex_401
=== RUN   TestClassifyLine/connection_reset
=== RUN   TestClassifyLine/econnreset
=== RUN   TestClassifyLine/econnrefused
=== RUN   TestClassifyLine/etimedout
=== RUN   TestClassifyLine/enotfound
=== RUN   TestClassifyLine/eai_again
=== RUN   TestClassifyLine/timeout
=== RUN   TestClassifyLine/timed_out
=== RUN   TestClassifyLine/temporary_failure
=== RUN   TestClassifyLine/network_error
=== RUN   TestClassifyLine/network_unreachable
=== RUN   TestClassifyLine/socket_hang_up
=== RUN   TestClassifyLine/eof
=== RUN   TestClassifyLine/502
=== RUN   TestClassifyLine/503
=== RUN   TestClassifyLine/504
=== RUN   TestClassifyLine/bad_gateway
=== RUN   TestClassifyLine/service_unavailable
=== RUN   TestClassifyLine/gateway_timeout
=== RUN   TestClassifyLine/plain_text
=== RUN   TestClassifyLine/empty
=== RUN   TestClassifyLine/upper_rate_limit
=== RUN   TestClassifyLine/upper_not_logged_in
=== RUN   TestClassifyLine/429_wins_over_timeout
=== RUN   TestClassifyLine/auth_wins_over_transient
--- PASS: TestClassifyLine (0.00s)
    --- PASS: TestClassifyLine/http_429 (0.00s)
    --- PASS: TestClassifyLine/request_rejected (0.00s)
    --- PASS: TestClassifyLine/rate_limit_words (0.00s)
    --- PASS: TestClassifyLine/rate_limit_token (0.00s)
    --- PASS: TestClassifyLine/gemini_resource_exhausted (0.00s)
    --- PASS: TestClassifyLine/claude_session_limit (0.00s)
    --- PASS: TestClassifyLine/claude_usage_limit (0.00s)
    --- PASS: TestClassifyLine/not_logged_in (0.00s)
    --- PASS: TestClassifyLine/please_run_login (0.00s)
    --- PASS: TestClassifyLine/gemini_invalid_api_key (0.00s)
    --- PASS: TestClassifyLine/gemini_no_auth_method (0.00s)
    --- PASS: TestClassifyLine/codex_missing_bearer (0.00s)
    --- PASS: TestClassifyLine/codex_401 (0.00s)
    --- PASS: TestClassifyLine/connection_reset (0.00s)
    --- PASS: TestClassifyLine/econnreset (0.00s)
    --- PASS: TestClassifyLine/econnrefused (0.00s)
    --- PASS: TestClassifyLine/etimedout (0.00s)
    --- PASS: TestClassifyLine/enotfound (0.00s)
    --- PASS: TestClassifyLine/eai_again (0.00s)
    --- PASS: TestClassifyLine/timeout (0.00s)
    --- PASS: TestClassifyLine/timed_out (0.00s)
    --- PASS: TestClassifyLine/temporary_failure (0.00s)
    --- PASS: TestClassifyLine/network_error (0.00s)
    --- PASS: TestClassifyLine/network_unreachable (0.00s)
    --- PASS: TestClassifyLine/socket_hang_up (0.00s)
    --- PASS: TestClassifyLine/eof (0.00s)
    --- PASS: TestClassifyLine/502 (0.00s)
    --- PASS: TestClassifyLine/503 (0.00s)
    --- PASS: TestClassifyLine/504 (0.00s)
    --- PASS: TestClassifyLine/bad_gateway (0.00s)
    --- PASS: TestClassifyLine/service_unavailable (0.00s)
    --- PASS: TestClassifyLine/gateway_timeout (0.00s)
    --- PASS: TestClassifyLine/plain_text (0.00s)
    --- PASS: TestClassifyLine/empty (0.00s)
    --- PASS: TestClassifyLine/upper_rate_limit (0.00s)
    --- PASS: TestClassifyLine/upper_not_logged_in (0.00s)
    --- PASS: TestClassifyLine/429_wins_over_timeout (0.00s)
    --- PASS: TestClassifyLine/auth_wins_over_transient (0.00s)
=== RUN   TestBackoffDuration
--- PASS: TestBackoffDuration (0.00s)
=== RUN   TestBackoffDurationWithBase
--- PASS: TestBackoffDurationWithBase (0.00s)
=== RUN   TestRateLimitRegistry_NotBlocked
--- PASS: TestRateLimitRegistry_NotBlocked (0.00s)
=== RUN   TestRateLimitRegistry_Block
--- PASS: TestRateLimitRegistry_Block (0.00s)
=== RUN   TestRateLimitRegistry_BlockExpired
--- PASS: TestRateLimitRegistry_BlockExpired (0.00s)
=== RUN   TestRateLimitRegistry_BlockWithBackoff
--- PASS: TestRateLimitRegistry_BlockWithBackoff (0.00s)
=== RUN   TestRateLimitRegistry_BlockWithBackoffIncreases
--- PASS: TestRateLimitRegistry_BlockWithBackoffIncreases (0.00s)
=== RUN   TestRateLimitRegistry_Unblock
--- PASS: TestRateLimitRegistry_Unblock (0.00s)
=== RUN   TestRateLimitRegistry_BlockedUntil
--- PASS: TestRateLimitRegistry_BlockedUntil (0.00s)
=== RUN   TestCoordinator_CleanMergeAndAutoAdvance
--- PASS: TestCoordinator_CleanMergeAndAutoAdvance (0.11s)
=== RUN   TestCoordinator_ConflictFlagsChildNoAdvance
2026/07/26 22:14:04 INFO subtasks: merge-back conflict component=subtasks task_id=42b0818c-4f66-4417-89d6-ed9ee67d1fa4 parent_id=3cdb7081-f3f5-474b-a84c-61a8f828a25f files=[clash.txt]
--- PASS: TestCoordinator_ConflictFlagsChildNoAdvance (0.12s)
=== RUN   TestE2E_SubtaskFlow
2026/07/26 22:14:04 INFO dispatcher: agent dispatched component=dispatcher task_id=d9f80408-c77b-4eb6-93ef-e972609ba8b3 run_id=f22cc263-f272-4f36-a58d-1e7db766280e label=work agent=fake provider=fake agent_id=1f9ce167-68bc-4ae1-bd70-39a2f244af70 agent_enabled=1 resume_session=false human_reply=false
2026/07/26 22:14:04 INFO pool: agent run starting component=pool run_id=f22cc263-f272-4f36-a58d-1e7db766280e task_id=d9f80408-c77b-4eb6-93ef-e972609ba8b3 provider=fake agent=fake
2026/07/26 22:14:04 INFO dispatcher: agent dispatched component=dispatcher task_id=a9f6f41a-ae59-4e11-8bb7-c90609a43ce8 run_id=fd27fc99-ccbe-4513-9f76-fa9ac861aa08 label=work agent=fake provider=fake agent_id=1f9ce167-68bc-4ae1-bd70-39a2f244af70 agent_enabled=1 resume_session=false human_reply=false
2026/07/26 22:14:04 INFO pool: agent run starting component=pool run_id=fd27fc99-ccbe-4513-9f76-fa9ac861aa08 task_id=a9f6f41a-ae59-4e11-8bb7-c90609a43ce8 provider=fake agent=fake
2026/07/26 22:14:04 INFO pool: agent run finished component=pool run_id=f22cc263-f272-4f36-a58d-1e7db766280e task_id=d9f80408-c77b-4eb6-93ef-e972609ba8b3 status=completed
2026/07/26 22:14:04 INFO pool: agent run finished component=pool run_id=fd27fc99-ccbe-4513-9f76-fa9ac861aa08 task_id=a9f6f41a-ae59-4e11-8bb7-c90609a43ce8 status=completed
--- PASS: TestE2E_SubtaskFlow (0.15s)
=== RUN   TestTerminalCommand
--- PASS: TestTerminalCommand (0.00s)
=== RUN   TestTerminalManagerAttachStreams
--- PASS: TestTerminalManagerAttachStreams (0.04s)
=== RUN   TestTerminalManager_ChatMCPInjectsEnv
--- PASS: TestTerminalManager_ChatMCPInjectsEnv (0.00s)
=== RUN   TestBranchNameIsSlugOnly
--- PASS: TestBranchNameIsSlugOnly (0.00s)
=== RUN   TestProvisionRejectsUnsafeTaskID
--- PASS: TestProvisionRejectsUnsafeTaskID (0.01s)
=== RUN   TestProvisionIsIdempotentAndDiffsTaskWork
--- PASS: TestProvisionIsIdempotentAndDiffsTaskWork (0.05s)
=== RUN   TestDeleteLocalBranch
--- PASS: TestDeleteLocalBranch (0.03s)
=== RUN   TestReDispatch_PicksUpConfigChanges
--- PASS: TestReDispatch_PicksUpConfigChanges (0.06s)
=== RUN   TestPool_CompletedResult_TransitionsLabel
2026/07/26 22:14:04 INFO pool: agent run starting component=pool run_id=270de5e9-df16-4567-a4de-5ebb40093c0e task_id=8017566f-7e6e-44ae-a17d-b171ff73b5f6 provider=mock agent=mock-agent
2026/07/26 22:14:04 WARN pool: safety-net commit failed component=pool run_id=270de5e9-df16-4567-a4de-5ebb40093c0e task_id=8017566f-7e6e-44ae-a17d-b171ff73b5f6 err="git status: exit status 128: fatal: not a git repository (or any of the parent directories): .git"
2026/07/26 22:14:04 INFO pool: agent run finished component=pool run_id=270de5e9-df16-4567-a4de-5ebb40093c0e task_id=8017566f-7e6e-44ae-a17d-b171ff73b5f6 status=completed
--- PASS: TestPool_CompletedResult_TransitionsLabel (0.07s)
=== RUN   TestPool_ResolvedComments_MarkedResolved
2026/07/26 22:14:04 INFO pool: agent run starting component=pool run_id=02426bc3-4a4d-4cac-ad1e-7eb6d3775f99 task_id=ace9fdbe-6375-47f4-9cba-53cb232317a6 provider=mock agent=mock-agent
2026/07/26 22:14:04 WARN pool: resolve review comment component=pool run_id=02426bc3-4a4d-4cac-ad1e-7eb6d3775f99 task_id=ace9fdbe-6375-47f4-9cba-53cb232317a6 comment_id=not-a-real-comment err="sql: no rows in result set"
2026/07/26 22:14:04 WARN pool: safety-net commit failed component=pool run_id=02426bc3-4a4d-4cac-ad1e-7eb6d3775f99 task_id=ace9fdbe-6375-47f4-9cba-53cb232317a6 err="git status: exit status 128: fatal: not a git repository (or any of the parent directories): .git"
2026/07/26 22:14:04 INFO pool: agent run finished component=pool run_id=02426bc3-4a4d-4cac-ad1e-7eb6d3775f99 task_id=ace9fdbe-6375-47f4-9cba-53cb232317a6 status=completed
--- PASS: TestPool_ResolvedComments_MarkedResolved (0.09s)
=== RUN   TestPool_ResolvedComments_IgnoredOnFailure
2026/07/26 22:14:05 INFO pool: agent run starting component=pool run_id=001d087f-3036-4656-9b96-f911e20d07f9 task_id=568100d4-1af7-4232-9e7c-83c47c7e4bf3 provider=mock agent=mock-agent
2026/07/26 22:14:05 WARN pool: agent run failed component=pool run_id=001d087f-3036-4656-9b96-f911e20d07f9 task_id=568100d4-1af7-4232-9e7c-83c47c7e4bf3 classification=genuine final_status=failed
2026/07/26 22:14:05 INFO pool: agent run finished component=pool run_id=001d087f-3036-4656-9b96-f911e20d07f9 task_id=568100d4-1af7-4232-9e7c-83c47c7e4bf3 status=failed
--- PASS: TestPool_ResolvedComments_IgnoredOnFailure (0.07s)
=== RUN   TestPool_FailedResult_SetsStatusFailed
2026/07/26 22:14:05 INFO pool: agent run starting component=pool run_id=b16e8cf7-a827-4501-8a65-b1ea79bec3c4 task_id=04b5e4f6-52fa-46fd-bbf8-ddb3d5a0719e provider=mock agent=mock-agent
2026/07/26 22:14:05 WARN pool: agent run failed component=pool run_id=b16e8cf7-a827-4501-8a65-b1ea79bec3c4 task_id=04b5e4f6-52fa-46fd-bbf8-ddb3d5a0719e classification=genuine final_status=failed
2026/07/26 22:14:05 INFO pool: agent run finished component=pool run_id=b16e8cf7-a827-4501-8a65-b1ea79bec3c4 task_id=04b5e4f6-52fa-46fd-bbf8-ddb3d5a0719e status=failed
--- PASS: TestPool_FailedResult_SetsStatusFailed (0.07s)
=== RUN   TestPool_FailureLoop_RoutesFeedbackAndTransitions
2026/07/26 22:14:05 INFO pool: agent run starting component=pool run_id=c48819ff-2c8f-4cd7-a3bb-d7c116c0a455 task_id=934de4c1-faea-4514-830a-6cbab426125f provider=mock agent=mock-agent
2026/07/26 22:14:05 WARN pool: safety-net commit failed component=pool run_id=c48819ff-2c8f-4cd7-a3bb-d7c116c0a455 task_id=934de4c1-faea-4514-830a-6cbab426125f err="git status: exit status 128: fatal: not a git repository (or any of the parent directories): .git"
2026/07/26 22:14:05 INFO pool: agent run finished component=pool run_id=c48819ff-2c8f-4cd7-a3bb-d7c116c0a455 task_id=934de4c1-faea-4514-830a-6cbab426125f status=completed
--- PASS: TestPool_FailureLoop_RoutesFeedbackAndTransitions (0.07s)
=== RUN   TestPool_FailureLoop_EscalatesAfterThreshold
2026/07/26 22:14:05 INFO pool: agent run starting component=pool run_id=09861764-8ede-43f6-987e-be184ac97d05 task_id=c40722c4-883d-4ab8-9f1f-c172ad93d50f provider=mock agent=mock-agent
2026/07/26 22:14:05 WARN pool: safety-net commit failed component=pool run_id=09861764-8ede-43f6-987e-be184ac97d05 task_id=c40722c4-883d-4ab8-9f1f-c172ad93d50f err="git status: exit status 128: fatal: not a git repository (or any of the parent directories): .git"
2026/07/26 22:14:05 WARN pool: failure loop exceeded threshold, escalating to waiting_human component=pool run_id=09861764-8ede-43f6-987e-be184ac97d05 task_id=c40722c4-883d-4ab8-9f1f-c172ad93d50f from=agent-review to=work threshold=3
2026/07/26 22:14:05 INFO pool: agent run finished component=pool run_id=09861764-8ede-43f6-987e-be184ac97d05 task_id=c40722c4-883d-4ab8-9f1f-c172ad93d50f status=completed
--- PASS: TestPool_FailureLoop_EscalatesAfterThreshold (0.07s)
=== RUN   TestPool_FailureLoop_EscalationPreservesCostUnknown
2026/07/26 22:14:05 INFO pool: agent run starting component=pool run_id=027ae498-93f4-4c42-992a-a38e7fdcec83 task_id=3b54c6a2-b0be-47a6-9735-cdfd05db1901 provider=mock agent=mock-agent
2026/07/26 22:14:05 WARN pool: safety-net commit failed component=pool run_id=027ae498-93f4-4c42-992a-a38e7fdcec83 task_id=3b54c6a2-b0be-47a6-9735-cdfd05db1901 err="git status: exit status 128: fatal: not a git repository (or any of the parent directories): .git"
2026/07/26 22:14:05 WARN pool: failure loop exceeded threshold, escalating to waiting_human component=pool run_id=027ae498-93f4-4c42-992a-a38e7fdcec83 task_id=3b54c6a2-b0be-47a6-9735-cdfd05db1901 from=agent-review to=work threshold=3
2026/07/26 22:14:05 INFO pool: agent run finished component=pool run_id=027ae498-93f4-4c42-992a-a38e7fdcec83 task_id=3b54c6a2-b0be-47a6-9735-cdfd05db1901 status=completed
--- PASS: TestPool_FailureLoop_EscalationPreservesCostUnknown (0.07s)
=== RUN   TestPool_Cancel_MarksCancelledAndPauses
2026/07/26 22:14:05 INFO pool: agent run starting component=pool run_id=364e1a97-4f17-4db7-8a75-42b27a67b2cb task_id=9660647e-d37e-4b3f-b6b8-c9689ca51665 provider=mock agent=mock-agent
2026/07/26 22:14:05 INFO pool: agent run cancelled by user component=pool run_id=364e1a97-4f17-4db7-8a75-42b27a67b2cb task_id=9660647e-d37e-4b3f-b6b8-c9689ca51665
--- PASS: TestPool_Cancel_MarksCancelledAndPauses (0.09s)
=== RUN   TestPool_Saturated
2026/07/26 22:14:05 INFO pool: agent run starting component=pool run_id=364944e6-07c7-45e7-9da4-6863f5dcea66 task_id=7916643d-fa9f-4f28-a8ff-575acc85fddf provider=mock agent=mock-agent
2026/07/26 22:14:05 INFO pool: agent run cancelled by user component=pool run_id=364944e6-07c7-45e7-9da4-6863f5dcea66 task_id=7916643d-fa9f-4f28-a8ff-575acc85fddf
--- PASS: TestPool_Saturated (0.09s)
=== RUN   TestPool_WaitingHuman_PublishesEvent
2026/07/26 22:14:05 INFO pool: agent run starting component=pool run_id=66f93cee-b7b2-45cc-a105-dff99ae8b098 task_id=e76e34ad-c499-412d-8fa5-ef20ce9a8ea6 provider=mock agent=mock-agent
2026/07/26 22:14:05 INFO pool: agent run finished component=pool run_id=66f93cee-b7b2-45cc-a105-dff99ae8b098 task_id=e76e34ad-c499-412d-8fa5-ef20ce9a8ea6 status=waiting_human
--- PASS: TestPool_WaitingHuman_PublishesEvent (0.07s)
=== RUN   TestPool_Submit_DoesNotBlockWhenFull
2026/07/26 22:14:05 WARN pool: queue full, dropping job component=pool run_id=bbb3697c-610c-481a-9949-8c47918b8eab
2026/07/26 22:14:05 WARN pool: queue full, dropping job component=pool run_id=bbb3697c-610c-481a-9949-8c47918b8eab
2026/07/26 22:14:05 WARN pool: queue full, dropping job component=pool run_id=bbb3697c-610c-481a-9949-8c47918b8eab
2026/07/26 22:14:05 WARN pool: queue full, dropping job component=pool run_id=bbb3697c-610c-481a-9949-8c47918b8eab
2026/07/26 22:14:05 WARN pool: queue full, dropping job component=pool run_id=bbb3697c-610c-481a-9949-8c47918b8eab
2026/07/26 22:14:05 WARN pool: queue full, dropping job component=pool run_id=bbb3697c-610c-481a-9949-8c47918b8eab
2026/07/26 22:14:05 WARN pool: queue full, dropping job component=pool run_id=bbb3697c-610c-481a-9949-8c47918b8eab
2026/07/26 22:14:05 WARN pool: queue full, dropping job component=pool run_id=bbb3697c-610c-481a-9949-8c47918b8eab
2026/07/26 22:14:05 WARN pool: queue full, dropping job component=pool run_id=bbb3697c-610c-481a-9949-8c47918b8eab
2026/07/26 22:14:05 WARN pool: queue full, dropping job component=pool run_id=bbb3697c-610c-481a-9949-8c47918b8eab
2026/07/26 22:14:05 WARN pool: queue full, dropping job component=pool run_id=bbb3697c-610c-481a-9949-8c47918b8eab
2026/07/26 22:14:05 WARN pool: queue full, dropping job component=pool run_id=bbb3697c-610c-481a-9949-8c47918b8eab
2026/07/26 22:14:05 WARN pool: queue full, dropping job component=pool run_id=bbb3697c-610c-481a-9949-8c47918b8eab
2026/07/26 22:14:05 WARN pool: queue full, dropping job component=pool run_id=bbb3697c-610c-481a-9949-8c47918b8eab
2026/07/26 22:14:05 WARN pool: queue full, dropping job component=pool run_id=bbb3697c-610c-481a-9949-8c47918b8eab
2026/07/26 22:14:05 WARN pool: queue full, dropping job component=pool run_id=bbb3697c-610c-481a-9949-8c47918b8eab
2026/07/26 22:14:05 WARN pool: queue full, dropping job component=pool run_id=bbb3697c-610c-481a-9949-8c47918b8eab
2026/07/26 22:14:05 WARN pool: queue full, dropping job component=pool run_id=bbb3697c-610c-481a-9949-8c47918b8eab
2026/07/26 22:14:05 WARN pool: queue full, dropping job component=pool run_id=bbb3697c-610c-481a-9949-8c47918b8eab
2026/07/26 22:14:05 WARN pool: queue full, dropping job component=pool run_id=bbb3697c-610c-481a-9949-8c47918b8eab
2026/07/26 22:14:05 WARN pool: queue full, dropping job component=pool run_id=bbb3697c-610c-481a-9949-8c47918b8eab
2026/07/26 22:14:05 WARN pool: queue full, dropping job component=pool run_id=bbb3697c-610c-481a-9949-8c47918b8eab
2026/07/26 22:14:05 WARN pool: queue full, dropping job component=pool run_id=bbb3697c-610c-481a-9949-8c47918b8eab
2026/07/26 22:14:05 WARN pool: queue full, dropping job component=pool run_id=bbb3697c-610c-481a-9949-8c47918b8eab
2026/07/26 22:14:05 WARN pool: queue full, dropping job component=pool run_id=bbb3697c-610c-481a-9949-8c47918b8eab
2026/07/26 22:14:05 WARN pool: queue full, dropping job component=pool run_id=bbb3697c-610c-481a-9949-8c47918b8eab
2026/07/26 22:14:05 WARN pool: queue full, dropping job component=pool run_id=bbb3697c-610c-481a-9949-8c47918b8eab
2026/07/26 22:14:05 WARN pool: queue full, dropping job component=pool run_id=bbb3697c-610c-481a-9949-8c47918b8eab
2026/07/26 22:14:05 WARN pool: queue full, dropping job component=pool run_id=bbb3697c-610c-481a-9949-8c47918b8eab
2026/07/26 22:14:05 WARN pool: queue full, dropping job component=pool run_id=bbb3697c-610c-481a-9949-8c47918b8eab
2026/07/26 22:14:05 WARN pool: queue full, dropping job component=pool run_id=bbb3697c-610c-481a-9949-8c47918b8eab
2026/07/26 22:14:05 WARN pool: queue full, dropping job component=pool run_id=bbb3697c-610c-481a-9949-8c47918b8eab
2026/07/26 22:14:05 WARN pool: queue full, dropping job component=pool run_id=bbb3697c-610c-481a-9949-8c47918b8eab
2026/07/26 22:14:05 WARN pool: queue full, dropping job component=pool run_id=bbb3697c-610c-481a-9949-8c47918b8eab
2026/07/26 22:14:05 WARN pool: queue full, dropping job component=pool run_id=bbb3697c-610c-481a-9949-8c47918b8eab
2026/07/26 22:14:05 WARN pool: queue full, dropping job component=pool run_id=bbb3697c-610c-481a-9949-8c47918b8eab
2026/07/26 22:14:05 WARN pool: queue full, dropping job component=pool run_id=bbb3697c-610c-481a-9949-8c47918b8eab
2026/07/26 22:14:05 WARN pool: queue full, dropping job component=pool run_id=bbb3697c-610c-481a-9949-8c47918b8eab
2026/07/26 22:14:05 WARN pool: queue full, dropping job component=pool run_id=bbb3697c-610c-481a-9949-8c47918b8eab
2026/07/26 22:14:05 WARN pool: queue full, dropping job component=pool run_id=bbb3697c-610c-481a-9949-8c47918b8eab
2026/07/26 22:14:05 WARN pool: queue full, dropping job component=pool run_id=bbb3697c-610c-481a-9949-8c47918b8eab
2026/07/26 22:14:05 WARN pool: queue full, dropping job component=pool run_id=bbb3697c-610c-481a-9949-8c47918b8eab
2026/07/26 22:14:05 WARN pool: queue full, dropping job component=pool run_id=bbb3697c-610c-481a-9949-8c47918b8eab
2026/07/26 22:14:05 WARN pool: queue full, dropping job component=pool run_id=bbb3697c-610c-481a-9949-8c47918b8eab
2026/07/26 22:14:05 WARN pool: queue full, dropping job component=pool run_id=bbb3697c-610c-481a-9949-8c47918b8eab
2026/07/26 22:14:05 WARN pool: queue full, dropping job component=pool run_id=bbb3697c-610c-481a-9949-8c47918b8eab
2026/07/26 22:14:05 WARN pool: queue full, dropping job component=pool run_id=bbb3697c-610c-481a-9949-8c47918b8eab
2026/07/26 22:14:05 WARN pool: queue full, dropping job component=pool run_id=bbb3697c-610c-481a-9949-8c47918b8eab
2026/07/26 22:14:05 WARN pool: queue full, dropping job component=pool run_id=bbb3697c-610c-481a-9949-8c47918b8eab
2026/07/26 22:14:05 WARN pool: queue full, dropping job component=pool run_id=bbb3697c-610c-481a-9949-8c47918b8eab
2026/07/26 22:14:05 WARN pool: queue full, dropping job component=pool run_id=bbb3697c-610c-481a-9949-8c47918b8eab
2026/07/26 22:14:05 WARN pool: queue full, dropping job component=pool run_id=bbb3697c-610c-481a-9949-8c47918b8eab
2026/07/26 22:14:05 WARN pool: queue full, dropping job component=pool run_id=bbb3697c-610c-481a-9949-8c47918b8eab
2026/07/26 22:14:05 WARN pool: queue full, dropping job component=pool run_id=bbb3697c-610c-481a-9949-8c47918b8eab
2026/07/26 22:14:05 WARN pool: queue full, dropping job component=pool run_id=bbb3697c-610c-481a-9949-8c47918b8eab
2026/07/26 22:14:05 WARN pool: queue full, dropping job component=pool run_id=bbb3697c-610c-481a-9949-8c47918b8eab
2026/07/26 22:14:05 WARN pool: queue full, dropping job component=pool run_id=bbb3697c-610c-481a-9949-8c47918b8eab
2026/07/26 22:14:05 WARN pool: queue full, dropping job component=pool run_id=bbb3697c-610c-481a-9949-8c47918b8eab
2026/07/26 22:14:05 WARN pool: queue full, dropping job component=pool run_id=bbb3697c-610c-481a-9949-8c47918b8eab
2026/07/26 22:14:05 WARN pool: queue full, dropping job component=pool run_id=bbb3697c-610c-481a-9949-8c47918b8eab
2026/07/26 22:14:05 WARN pool: queue full, dropping job component=pool run_id=bbb3697c-610c-481a-9949-8c47918b8eab
2026/07/26 22:14:05 WARN pool: queue full, dropping job component=pool run_id=bbb3697c-610c-481a-9949-8c47918b8eab
2026/07/26 22:14:05 WARN pool: queue full, dropping job component=pool run_id=bbb3697c-610c-481a-9949-8c47918b8eab
2026/07/26 22:14:05 WARN pool: queue full, dropping job component=pool run_id=bbb3697c-610c-481a-9949-8c47918b8eab
2026/07/26 22:14:05 WARN pool: queue full, dropping job component=pool run_id=bbb3697c-610c-481a-9949-8c47918b8eab
2026/07/26 22:14:05 WARN pool: queue full, dropping job component=pool run_id=bbb3697c-610c-481a-9949-8c47918b8eab
2026/07/26 22:14:05 WARN pool: queue full, dropping job component=pool run_id=bbb3697c-610c-481a-9949-8c47918b8eab
2026/07/26 22:14:05 WARN pool: queue full, dropping job component=pool run_id=bbb3697c-610c-481a-9949-8c47918b8eab
2026/07/26 22:14:05 WARN pool: queue full, dropping job component=pool run_id=bbb3697c-610c-481a-9949-8c47918b8eab
2026/07/26 22:14:05 WARN pool: queue full, dropping job component=pool run_id=bbb3697c-610c-481a-9949-8c47918b8eab
2026/07/26 22:14:05 WARN pool: queue full, dropping job component=pool run_id=bbb3697c-610c-481a-9949-8c47918b8eab
2026/07/26 22:14:05 WARN pool: queue full, dropping job component=pool run_id=bbb3697c-610c-481a-9949-8c47918b8eab
2026/07/26 22:14:05 WARN pool: queue full, dropping job component=pool run_id=bbb3697c-610c-481a-9949-8c47918b8eab
2026/07/26 22:14:05 WARN pool: queue full, dropping job component=pool run_id=bbb3697c-610c-481a-9949-8c47918b8eab
2026/07/26 22:14:05 WARN pool: queue full, dropping job component=pool run_id=bbb3697c-610c-481a-9949-8c47918b8eab
2026/07/26 22:14:05 WARN pool: queue full, dropping job component=pool run_id=bbb3697c-610c-481a-9949-8c47918b8eab
2026/07/26 22:14:05 WARN pool: queue full, dropping job component=pool run_id=bbb3697c-610c-481a-9949-8c47918b8eab
2026/07/26 22:14:05 WARN pool: queue full, dropping job component=pool run_id=bbb3697c-610c-481a-9949-8c47918b8eab
2026/07/26 22:14:05 WARN pool: queue full, dropping job component=pool run_id=bbb3697c-610c-481a-9949-8c47918b8eab
2026/07/26 22:14:05 WARN pool: queue full, dropping job component=pool run_id=bbb3697c-610c-481a-9949-8c47918b8eab
2026/07/26 22:14:05 WARN pool: queue full, dropping job component=pool run_id=bbb3697c-610c-481a-9949-8c47918b8eab
2026/07/26 22:14:05 WARN pool: queue full, dropping job component=pool run_id=bbb3697c-610c-481a-9949-8c47918b8eab
2026/07/26 22:14:05 WARN pool: queue full, dropping job component=pool run_id=bbb3697c-610c-481a-9949-8c47918b8eab
2026/07/26 22:14:05 WARN pool: queue full, dropping job component=pool run_id=bbb3697c-610c-481a-9949-8c47918b8eab
2026/07/26 22:14:05 WARN pool: queue full, dropping job component=pool run_id=bbb3697c-610c-481a-9949-8c47918b8eab
2026/07/26 22:14:05 WARN pool: queue full, dropping job component=pool run_id=bbb3697c-610c-481a-9949-8c47918b8eab
2026/07/26 22:14:05 WARN pool: queue full, dropping job component=pool run_id=bbb3697c-610c-481a-9949-8c47918b8eab
2026/07/26 22:14:05 WARN pool: queue full, dropping job component=pool run_id=bbb3697c-610c-481a-9949-8c47918b8eab
2026/07/26 22:14:05 WARN pool: queue full, dropping job component=pool run_id=bbb3697c-610c-481a-9949-8c47918b8eab
2026/07/26 22:14:05 WARN pool: queue full, dropping job component=pool run_id=bbb3697c-610c-481a-9949-8c47918b8eab
2026/07/26 22:14:05 WARN pool: queue full, dropping job component=pool run_id=bbb3697c-610c-481a-9949-8c47918b8eab
2026/07/26 22:14:05 WARN pool: queue full, dropping job component=pool run_id=bbb3697c-610c-481a-9949-8c47918b8eab
2026/07/26 22:14:05 WARN pool: queue full, dropping job component=pool run_id=bbb3697c-610c-481a-9949-8c47918b8eab
2026/07/26 22:14:05 WARN pool: queue full, dropping job component=pool run_id=bbb3697c-610c-481a-9949-8c47918b8eab
2026/07/26 22:14:05 WARN pool: queue full, dropping job component=pool run_id=bbb3697c-610c-481a-9949-8c47918b8eab
2026/07/26 22:14:05 WARN pool: queue full, dropping job component=pool run_id=bbb3697c-610c-481a-9949-8c47918b8eab
2026/07/26 22:14:05 WARN pool: queue full, dropping job component=pool run_id=bbb3697c-610c-481a-9949-8c47918b8eab
2026/07/26 22:14:05 WARN pool: queue full, dropping job component=pool run_id=bbb3697c-610c-481a-9949-8c47918b8eab
2026/07/26 22:14:05 WARN pool: queue full, dropping job component=pool run_id=bbb3697c-610c-481a-9949-8c47918b8eab
2026/07/26 22:14:05 WARN pool: queue full, dropping job component=pool run_id=bbb3697c-610c-481a-9949-8c47918b8eab
2026/07/26 22:14:05 WARN pool: queue full, dropping job component=pool run_id=bbb3697c-610c-481a-9949-8c47918b8eab
2026/07/26 22:14:05 WARN pool: queue full, dropping job component=pool run_id=bbb3697c-610c-481a-9949-8c47918b8eab
2026/07/26 22:14:05 WARN pool: queue full, dropping job component=pool run_id=bbb3697c-610c-481a-9949-8c47918b8eab
2026/07/26 22:14:05 WARN pool: queue full, dropping job component=pool run_id=bbb3697c-610c-481a-9949-8c47918b8eab
2026/07/26 22:14:05 WARN pool: queue full, dropping job component=pool run_id=bbb3697c-610c-481a-9949-8c47918b8eab
2026/07/26 22:14:05 WARN pool: queue full, dropping job component=pool run_id=bbb3697c-610c-481a-9949-8c47918b8eab
2026/07/26 22:14:05 WARN pool: queue full, dropping job component=pool run_id=bbb3697c-610c-481a-9949-8c47918b8eab
2026/07/26 22:14:05 WARN pool: queue full, dropping job component=pool run_id=bbb3697c-610c-481a-9949-8c47918b8eab
2026/07/26 22:14:05 WARN pool: queue full, dropping job component=pool run_id=bbb3697c-610c-481a-9949-8c47918b8eab
2026/07/26 22:14:05 WARN pool: queue full, dropping job component=pool run_id=bbb3697c-610c-481a-9949-8c47918b8eab
2026/07/26 22:14:05 WARN pool: queue full, dropping job component=pool run_id=bbb3697c-610c-481a-9949-8c47918b8eab
2026/07/26 22:14:05 WARN pool: queue full, dropping job component=pool run_id=bbb3697c-610c-481a-9949-8c47918b8eab
2026/07/26 22:14:05 WARN pool: queue full, dropping job component=pool run_id=bbb3697c-610c-481a-9949-8c47918b8eab
2026/07/26 22:14:05 WARN pool: queue full, dropping job component=pool run_id=bbb3697c-610c-481a-9949-8c47918b8eab
2026/07/26 22:14:05 WARN pool: queue full, dropping job component=pool run_id=bbb3697c-610c-481a-9949-8c47918b8eab
2026/07/26 22:14:05 WARN pool: queue full, dropping job component=pool run_id=bbb3697c-610c-481a-9949-8c47918b8eab
2026/07/26 22:14:05 WARN pool: queue full, dropping job component=pool run_id=bbb3697c-610c-481a-9949-8c47918b8eab
2026/07/26 22:14:05 WARN pool: queue full, dropping job component=pool run_id=bbb3697c-610c-481a-9949-8c47918b8eab
2026/07/26 22:14:05 WARN pool: queue full, dropping job component=pool run_id=bbb3697c-610c-481a-9949-8c47918b8eab
2026/07/26 22:14:05 WARN pool: queue full, dropping job component=pool run_id=bbb3697c-610c-481a-9949-8c47918b8eab
2026/07/26 22:14:05 WARN pool: queue full, dropping job component=pool run_id=bbb3697c-610c-481a-9949-8c47918b8eab
2026/07/26 22:14:05 WARN pool: queue full, dropping job component=pool run_id=bbb3697c-610c-481a-9949-8c47918b8eab
2026/07/26 22:14:05 WARN pool: queue full, dropping job component=pool run_id=bbb3697c-610c-481a-9949-8c47918b8eab
2026/07/26 22:14:05 WARN pool: queue full, dropping job component=pool run_id=bbb3697c-610c-481a-9949-8c47918b8eab
2026/07/26 22:14:05 WARN pool: queue full, dropping job component=pool run_id=bbb3697c-610c-481a-9949-8c47918b8eab
2026/07/26 22:14:05 WARN pool: queue full, dropping job component=pool run_id=bbb3697c-610c-481a-9949-8c47918b8eab
2026/07/26 22:14:05 WARN pool: queue full, dropping job component=pool run_id=bbb3697c-610c-481a-9949-8c47918b8eab
2026/07/26 22:14:05 WARN pool: queue full, dropping job component=pool run_id=bbb3697c-610c-481a-9949-8c47918b8eab
2026/07/26 22:14:05 WARN pool: queue full, dropping job component=pool run_id=bbb3697c-610c-481a-9949-8c47918b8eab
2026/07/26 22:14:05 WARN pool: queue full, dropping job component=pool run_id=bbb3697c-610c-481a-9949-8c47918b8eab
2026/07/26 22:14:05 WARN pool: queue full, dropping job component=pool run_id=bbb3697c-610c-481a-9949-8c47918b8eab
2026/07/26 22:14:05 WARN pool: queue full, dropping job component=pool run_id=bbb3697c-610c-481a-9949-8c47918b8eab
2026/07/26 22:14:05 WARN pool: queue full, dropping job component=pool run_id=bbb3697c-610c-481a-9949-8c47918b8eab
2026/07/26 22:14:05 WARN pool: queue full, dropping job component=pool run_id=bbb3697c-610c-481a-9949-8c47918b8eab
2026/07/26 22:14:05 WARN pool: queue full, dropping job component=pool run_id=bbb3697c-610c-481a-9949-8c47918b8eab
2026/07/26 22:14:05 WARN pool: queue full, dropping job component=pool run_id=bbb3697c-610c-481a-9949-8c47918b8eab
2026/07/26 22:14:05 WARN pool: queue full, dropping job component=pool run_id=bbb3697c-610c-481a-9949-8c47918b8eab
2026/07/26 22:14:05 WARN pool: queue full, dropping job component=pool run_id=bbb3697c-610c-481a-9949-8c47918b8eab
2026/07/26 22:14:05 WARN pool: queue full, dropping job component=pool run_id=bbb3697c-610c-481a-9949-8c47918b8eab
2026/07/26 22:14:05 WARN pool: queue full, dropping job component=pool run_id=bbb3697c-610c-481a-9949-8c47918b8eab
2026/07/26 22:14:05 WARN pool: queue full, dropping job component=pool run_id=bbb3697c-610c-481a-9949-8c47918b8eab
2026/07/26 22:14:05 WARN pool: queue full, dropping job component=pool run_id=bbb3697c-610c-481a-9949-8c47918b8eab
2026/07/26 22:14:05 WARN pool: queue full, dropping job component=pool run_id=bbb3697c-610c-481a-9949-8c47918b8eab
2026/07/26 22:14:05 WARN pool: queue full, dropping job component=pool run_id=bbb3697c-610c-481a-9949-8c47918b8eab
2026/07/26 22:14:05 WARN pool: queue full, dropping job component=pool run_id=bbb3697c-610c-481a-9949-8c47918b8eab
2026/07/26 22:14:05 WARN pool: queue full, dropping job component=pool run_id=bbb3697c-610c-481a-9949-8c47918b8eab
2026/07/26 22:14:05 WARN pool: queue full, dropping job component=pool run_id=bbb3697c-610c-481a-9949-8c47918b8eab
2026/07/26 22:14:05 WARN pool: queue full, dropping job component=pool run_id=bbb3697c-610c-481a-9949-8c47918b8eab
2026/07/26 22:14:05 WARN pool: queue full, dropping job component=pool run_id=bbb3697c-610c-481a-9949-8c47918b8eab
2026/07/26 22:14:05 WARN pool: queue full, dropping job component=pool run_id=bbb3697c-610c-481a-9949-8c47918b8eab
2026/07/26 22:14:05 WARN pool: queue full, dropping job component=pool run_id=bbb3697c-610c-481a-9949-8c47918b8eab
2026/07/26 22:14:05 WARN pool: queue full, dropping job component=pool run_id=bbb3697c-610c-481a-9949-8c47918b8eab
2026/07/26 22:14:05 WARN pool: queue full, dropping job component=pool run_id=bbb3697c-610c-481a-9949-8c47918b8eab
2026/07/26 22:14:05 WARN pool: queue full, dropping job component=pool run_id=bbb3697c-610c-481a-9949-8c47918b8eab
2026/07/26 22:14:05 WARN pool: queue full, dropping job component=pool run_id=bbb3697c-610c-481a-9949-8c47918b8eab
2026/07/26 22:14:05 WARN pool: queue full, dropping job component=pool run_id=bbb3697c-610c-481a-9949-8c47918b8eab
2026/07/26 22:14:05 WARN pool: queue full, dropping job component=pool run_id=bbb3697c-610c-481a-9949-8c47918b8eab
2026/07/26 22:14:05 WARN pool: queue full, dropping job component=pool run_id=bbb3697c-610c-481a-9949-8c47918b8eab
2026/07/26 22:14:05 WARN pool: queue full, dropping job component=pool run_id=bbb3697c-610c-481a-9949-8c47918b8eab
2026/07/26 22:14:05 WARN pool: queue full, dropping job component=pool run_id=bbb3697c-610c-481a-9949-8c47918b8eab
2026/07/26 22:14:05 WARN pool: queue full, dropping job component=pool run_id=bbb3697c-610c-481a-9949-8c47918b8eab
2026/07/26 22:14:05 WARN pool: queue full, dropping job component=pool run_id=bbb3697c-610c-481a-9949-8c47918b8eab
2026/07/26 22:14:05 WARN pool: queue full, dropping job component=pool run_id=bbb3697c-610c-481a-9949-8c47918b8eab
2026/07/26 22:14:05 WARN pool: queue full, dropping job component=pool run_id=bbb3697c-610c-481a-9949-8c47918b8eab
2026/07/26 22:14:05 WARN pool: queue full, dropping job component=pool run_id=bbb3697c-610c-481a-9949-8c47918b8eab
2026/07/26 22:14:05 WARN pool: queue full, dropping job component=pool run_id=bbb3697c-610c-481a-9949-8c47918b8eab
2026/07/26 22:14:05 WARN pool: queue full, dropping job component=pool run_id=bbb3697c-610c-481a-9949-8c47918b8eab
2026/07/26 22:14:05 WARN pool: queue full, dropping job component=pool run_id=bbb3697c-610c-481a-9949-8c47918b8eab
2026/07/26 22:14:05 WARN pool: queue full, dropping job component=pool run_id=bbb3697c-610c-481a-9949-8c47918b8eab
2026/07/26 22:14:05 WARN pool: queue full, dropping job component=pool run_id=bbb3697c-610c-481a-9949-8c47918b8eab
2026/07/26 22:14:05 WARN pool: queue full, dropping job component=pool run_id=bbb3697c-610c-481a-9949-8c47918b8eab
2026/07/26 22:14:05 WARN pool: queue full, dropping job component=pool run_id=bbb3697c-610c-481a-9949-8c47918b8eab
2026/07/26 22:14:05 WARN pool: queue full, dropping job component=pool run_id=bbb3697c-610c-481a-9949-8c47918b8eab
2026/07/26 22:14:05 WARN pool: queue full, dropping job component=pool run_id=bbb3697c-610c-481a-9949-8c47918b8eab
2026/07/26 22:14:05 WARN pool: queue full, dropping job component=pool run_id=bbb3697c-610c-481a-9949-8c47918b8eab
2026/07/26 22:14:05 WARN pool: queue full, dropping job component=pool run_id=bbb3697c-610c-481a-9949-8c47918b8eab
2026/07/26 22:14:05 WARN pool: queue full, dropping job component=pool run_id=bbb3697c-610c-481a-9949-8c47918b8eab
2026/07/26 22:14:05 WARN pool: queue full, dropping job component=pool run_id=bbb3697c-610c-481a-9949-8c47918b8eab
2026/07/26 22:14:05 WARN pool: queue full, dropping job component=pool run_id=bbb3697c-610c-481a-9949-8c47918b8eab
2026/07/26 22:14:05 WARN pool: queue full, dropping job component=pool run_id=bbb3697c-610c-481a-9949-8c47918b8eab
2026/07/26 22:14:05 WARN pool: queue full, dropping job component=pool run_id=bbb3697c-610c-481a-9949-8c47918b8eab
2026/07/26 22:14:05 WARN pool: queue full, dropping job component=pool run_id=bbb3697c-610c-481a-9949-8c47918b8eab
2026/07/26 22:14:05 WARN pool: queue full, dropping job component=pool run_id=bbb3697c-610c-481a-9949-8c47918b8eab
2026/07/26 22:14:05 WARN pool: queue full, dropping job component=pool run_id=bbb3697c-610c-481a-9949-8c47918b8eab
2026/07/26 22:14:05 WARN pool: queue full, dropping job component=pool run_id=bbb3697c-610c-481a-9949-8c47918b8eab
2026/07/26 22:14:05 WARN pool: queue full, dropping job component=pool run_id=bbb3697c-610c-481a-9949-8c47918b8eab
2026/07/26 22:14:05 WARN pool: queue full, dropping job component=pool run_id=bbb3697c-610c-481a-9949-8c47918b8eab
2026/07/26 22:14:05 WARN pool: queue full, dropping job component=pool run_id=bbb3697c-610c-481a-9949-8c47918b8eab
2026/07/26 22:14:05 WARN pool: queue full, dropping job component=pool run_id=bbb3697c-610c-481a-9949-8c47918b8eab
2026/07/26 22:14:05 WARN pool: queue full, dropping job component=pool run_id=bbb3697c-610c-481a-9949-8c47918b8eab
2026/07/26 22:14:05 WARN pool: queue full, dropping job component=pool run_id=bbb3697c-610c-481a-9949-8c47918b8eab
2026/07/26 22:14:05 WARN pool: queue full, dropping job component=pool run_id=bbb3697c-610c-481a-9949-8c47918b8eab
2026/07/26 22:14:05 WARN pool: queue full, dropping job component=pool run_id=bbb3697c-610c-481a-9949-8c47918b8eab
2026/07/26 22:14:05 WARN pool: queue full, dropping job component=pool run_id=bbb3697c-610c-481a-9949-8c47918b8eab
2026/07/26 22:14:05 WARN pool: queue full, dropping job component=pool run_id=bbb3697c-610c-481a-9949-8c47918b8eab
2026/07/26 22:14:05 WARN pool: queue full, dropping job component=pool run_id=bbb3697c-610c-481a-9949-8c47918b8eab
2026/07/26 22:14:05 WARN pool: queue full, dropping job component=pool run_id=bbb3697c-610c-481a-9949-8c47918b8eab
2026/07/26 22:14:05 WARN pool: queue full, dropping job component=pool run_id=bbb3697c-610c-481a-9949-8c47918b8eab
2026/07/26 22:14:05 WARN pool: queue full, dropping job component=pool run_id=bbb3697c-610c-481a-9949-8c47918b8eab
2026/07/26 22:14:05 WARN pool: queue full, dropping job component=pool run_id=bbb3697c-610c-481a-9949-8c47918b8eab
--- PASS: TestPool_Submit_DoesNotBlockWhenFull (0.05s)
=== RUN   TestPool_TransientFailure_RetriesUnderCap
2026/07/26 22:14:05 INFO pool: agent run starting component=pool run_id=c3cf525d-f640-4136-95f6-d9462055cc51 task_id=d9f863db-cce4-4e65-a5b9-935da0277397 provider=mock agent=mock-agent
2026/07/26 22:14:05 WARN pool: agent run transient error component=pool run_id=c3cf525d-f640-4136-95f6-d9462055cc51 task_id=d9f863db-cce4-4e65-a5b9-935da0277397 classification=transient err="transient error: context deadline exceeded"
2026/07/26 22:14:05 INFO pool: transient failure, scheduling auto-retry component=pool run_id=c3cf525d-f640-4136-95f6-d9462055cc51 task_id=d9f863db-cce4-4e65-a5b9-935da0277397 attempt=1 max_retries=3 next_retry_at=2026-07-26T22:14:35.735Z reason="transient error: context deadline exceeded"
--- PASS: TestPool_TransientFailure_RetriesUnderCap (0.08s)
=== RUN   TestPool_TransientFailure_EscalatesAfterMaxRetries
2026/07/26 22:14:05 INFO pool: agent run starting component=pool run_id=3e97e190-c667-4877-87a9-9857d4f3dbc4 task_id=9509632b-598c-4b4b-a1de-6abd14bb777f provider=mock agent=mock-agent
2026/07/26 22:14:05 WARN pool: agent run transient error component=pool run_id=3e97e190-c667-4877-87a9-9857d4f3dbc4 task_id=9509632b-598c-4b4b-a1de-6abd14bb777f classification=transient err="transient error: context deadline exceeded"
2026/07/26 22:14:05 WARN pool: transient retry budget exhausted, escalating to waiting_human component=pool run_id=3e97e190-c667-4877-87a9-9857d4f3dbc4 task_id=9509632b-598c-4b4b-a1de-6abd14bb777f count=1 max_retries=1
--- PASS: TestPool_TransientFailure_EscalatesAfterMaxRetries (0.07s)
=== RUN   TestPool_GenuineFailure_DoesNotConsumeRetryBudget
2026/07/26 22:14:05 INFO pool: agent run starting component=pool run_id=31ce9f9a-b0ca-4d74-a12a-3f7f3d067723 task_id=1a50f87f-38fa-43a6-82be-a5aaf684eb5c provider=mock agent=mock-agent
2026/07/26 22:14:05 WARN pool: agent run failed component=pool run_id=31ce9f9a-b0ca-4d74-a12a-3f7f3d067723 task_id=1a50f87f-38fa-43a6-82be-a5aaf684eb5c classification=genuine final_status=failed
2026/07/26 22:14:05 INFO pool: agent run finished component=pool run_id=31ce9f9a-b0ca-4d74-a12a-3f7f3d067723 task_id=1a50f87f-38fa-43a6-82be-a5aaf684eb5c status=failed
--- PASS: TestPool_GenuineFailure_DoesNotConsumeRetryBudget (0.07s)
=== RUN   TestPool_Success_ResetsRetryCount
2026/07/26 22:14:05 INFO pool: agent run starting component=pool run_id=d906728a-e8a2-4615-87a4-5bb540b4f6f1 task_id=53aa5ba7-cbd1-408a-b790-82c111c5e744 provider=mock agent=mock-agent
2026/07/26 22:14:05 WARN pool: safety-net commit failed component=pool run_id=d906728a-e8a2-4615-87a4-5bb540b4f6f1 task_id=53aa5ba7-cbd1-408a-b790-82c111c5e744 err="git status: exit status 128: fatal: not a git repository (or any of the parent directories): .git"
2026/07/26 22:14:05 INFO pool: agent run finished component=pool run_id=d906728a-e8a2-4615-87a4-5bb540b4f6f1 task_id=53aa5ba7-cbd1-408a-b790-82c111c5e744 status=completed
--- PASS: TestPool_Success_ResetsRetryCount (0.07s)
=== RUN   TestListAgentPickupTasks_ExcludesFutureNextRetryAt
--- PASS: TestListAgentPickupTasks_ExcludesFutureNextRetryAt (0.06s)
=== RUN   TestListAgentPickupTasks_OrdersByPriorityThenCreatedAt
--- PASS: TestListAgentPickupTasks_OrdersByPriorityThenCreatedAt (5.55s)
=== RUN   TestPool_SafetyNetCommit_HumanReadableMessage
2026/07/26 22:14:11 INFO pool: agent run starting component=pool run_id=5191ee48-106c-4384-b5f6-c03abc2926c9 task_id=09007956-2609-4d7b-a46e-b71f9b5ca7f6 provider=mock agent=mock-agent
2026/07/26 22:14:11 INFO pool: agent run finished component=pool run_id=5191ee48-106c-4384-b5f6-c03abc2926c9 task_id=09007956-2609-4d7b-a46e-b71f9b5ca7f6 status=completed
--- PASS: TestPool_SafetyNetCommit_HumanReadableMessage (0.10s)
PASS
ok  	github.com/myinisjap/agent-task-editor/backend/internal/agent	9.799s
=== RUN   TestAnthropicRunner_ExceedsConfiguredMaxTurns
--- PASS: TestAnthropicRunner_ExceedsConfiguredMaxTurns (0.00s)
=== RUN   TestAnthropicRunner_CapturesUsageAndCost
--- PASS: TestAnthropicRunner_CapturesUsageAndCost (0.00s)
=== RUN   TestAnthropicRunner_SignalCompleteReadsOutcome
--- PASS: TestAnthropicRunner_SignalCompleteReadsOutcome (0.00s)
=== RUN   TestAnthropicRunner_GetTaskTransitions
--- PASS: TestAnthropicRunner_GetTaskTransitions (0.00s)
=== RUN   TestNewChatMCPProvisioner_EmptyBinaryDisabled
--- PASS: TestNewChatMCPProvisioner_EmptyBinaryDisabled (0.00s)
=== RUN   TestChatMCPProvisioner_Claude_WritesMCPConfig
--- PASS: TestChatMCPProvisioner_Claude_WritesMCPConfig (0.00s)
=== RUN   TestChatMCPProvisioner_Claude_NoTokenOmitsHeader
--- PASS: TestChatMCPProvisioner_Claude_NoTokenOmitsHeader (0.00s)
=== RUN   TestChatMCPProvisioner_Gemini_WritesHomeAndSkipsTrust
--- PASS: TestChatMCPProvisioner_Gemini_WritesHomeAndSkipsTrust (0.00s)
=== RUN   TestChatMCPProvisioner_Codex_WritesConfigToml
--- PASS: TestChatMCPProvisioner_Codex_WritesConfigToml (0.00s)
=== RUN   TestChatMCPProvisioner_UnsupportedProvider_NoInjection
--- PASS: TestChatMCPProvisioner_UnsupportedProvider_NoInjection (0.00s)
=== RUN   TestClaudeOAuthToken_ValidTokenReturnedWithoutRefresh
--- PASS: TestClaudeOAuthToken_ValidTokenReturnedWithoutRefresh (0.00s)
=== RUN   TestClaudeOAuthToken_ExpiredTokenIsRefreshedAndPersisted
2026/07/26 22:14:01 INFO claude oauth: access token refreshed component=agent expires_at=2026-07-27T06:14:01Z
--- PASS: TestClaudeOAuthToken_ExpiredTokenIsRefreshedAndPersisted (0.00s)
=== RUN   TestClaudeOAuthToken_ExpiringSoonIsRefreshedProactively
2026/07/26 22:14:01 INFO claude oauth: access token refreshed component=agent expires_at=2026-07-26T23:14:01Z
--- PASS: TestClaudeOAuthToken_ExpiringSoonIsRefreshedProactively (0.00s)
=== RUN   TestClaudeOAuthToken_ProactiveRefreshFailureKeepsCurrentToken
2026/07/26 22:14:01 WARN claude oauth: token refresh failed component=agent error="refresh request failed: http 502: "
--- PASS: TestClaudeOAuthToken_ProactiveRefreshFailureKeepsCurrentToken (0.00s)
=== RUN   TestClaudeOAuthToken_ExpiredAndUnrefreshableReturnsEmpty
2026/07/26 22:14:01 WARN claude oauth: token refresh failed component=agent error="refresh request failed: http 401: "
--- PASS: TestClaudeOAuthToken_ExpiredAndUnrefreshableReturnsEmpty (0.00s)
=== RUN   TestClaudeOAuthToken_NoExpiryReturnsTokenAsIs
--- PASS: TestClaudeOAuthToken_NoExpiryReturnsTokenAsIs (0.00s)
=== RUN   TestClaudeOAuthToken_MissingFileReturnsEmpty
--- PASS: TestClaudeOAuthToken_MissingFileReturnsEmpty (0.00s)
=== RUN   TestListInstalledClaudePluginsFrom_Fixture
--- PASS: TestListInstalledClaudePluginsFrom_Fixture (0.00s)
=== RUN   TestListInstalledClaudePluginsFrom_MissingFile
--- PASS: TestListInstalledClaudePluginsFrom_MissingFile (0.00s)
=== RUN   TestListInstalledClaudePluginsFrom_UnparseableFile
--- PASS: TestListInstalledClaudePluginsFrom_UnparseableFile (0.00s)
=== RUN   TestListAvailableClaudeMCPServersFrom_Fixture
--- PASS: TestListAvailableClaudeMCPServersFrom_Fixture (0.00s)
=== RUN   TestListAvailableClaudeMCPServersFrom_MissingFile
--- PASS: TestListAvailableClaudeMCPServersFrom_MissingFile (0.00s)
=== RUN   TestRawMCPServerConfigsFrom_SkipsTaskEditorAndMissing
--- PASS: TestRawMCPServerConfigsFrom_SkipsTaskEditorAndMissing (0.00s)
=== RUN   TestParseClaudeResetTime_SessionLimitSample
=== RUN   TestParseClaudeResetTime_SessionLimitSample/before_6pm_same_day
=== RUN   TestParseClaudeResetTime_SessionLimitSample/after_6pm_rolls_to_next_day
=== RUN   TestParseClaudeResetTime_SessionLimitSample/exactly_at_6pm_rolls_to_next_day
--- PASS: TestParseClaudeResetTime_SessionLimitSample (0.00s)
    --- PASS: TestParseClaudeResetTime_SessionLimitSample/before_6pm_same_day (0.00s)
    --- PASS: TestParseClaudeResetTime_SessionLimitSample/after_6pm_rolls_to_next_day (0.00s)
    --- PASS: TestParseClaudeResetTime_SessionLimitSample/exactly_at_6pm_rolls_to_next_day (0.00s)
=== RUN   TestParseClaudeResetTime_WithMinutes
--- PASS: TestParseClaudeResetTime_WithMinutes (0.00s)
=== RUN   TestParseClaudeResetTime_NoReset
--- PASS: TestParseClaudeResetTime_NoReset (0.00s)
=== RUN   TestParseClaudeResetTime_UnrecognizedTimezoneFallsBackToUTC
--- PASS: TestParseClaudeResetTime_UnrecognizedTimezoneFallsBackToUTC (0.00s)
=== RUN   TestParseClaudeResetTime_NoTimezoneFallsBackToUTC
--- PASS: TestParseClaudeResetTime_NoTimezoneFallsBackToUTC (0.00s)
=== RUN   TestParseClaudeResetTime_CaseInsensitive
--- PASS: TestParseClaudeResetTime_CaseInsensitive (0.00s)
=== RUN   TestClaudeExitCode1_IsFailed
--- PASS: TestClaudeExitCode1_IsFailed (0.00s)
=== RUN   TestClaudeExitCode1_NoOutput_IsFailed
--- PASS: TestClaudeExitCode1_NoOutput_IsFailed (0.00s)
=== RUN   TestClaudeExitCode0_Success
--- PASS: TestClaudeExitCode0_Success (0.01s)
=== RUN   TestClaudeExitCode0_NoOutcome
--- PASS: TestClaudeExitCode0_NoOutcome (0.01s)
=== RUN   TestClaudeRunner_PropagatesUsageFromResultMessage
--- PASS: TestClaudeRunner_PropagatesUsageFromResultMessage (0.00s)
=== RUN   TestClaudeRunner_RateLimitResetAtFromResultText
--- PASS: TestClaudeRunner_RateLimitResetAtFromResultText (0.00s)
=== RUN   TestBuildClaudeArgs_MaxTurnsDefault
--- PASS: TestBuildClaudeArgs_MaxTurnsDefault (0.00s)
=== RUN   TestBuildClaudeArgs_MaxTurnsConfigured
--- PASS: TestBuildClaudeArgs_MaxTurnsConfigured (0.00s)
=== RUN   TestBuildClaudeSettingsJSON_FallbackNoInventory
--- PASS: TestBuildClaudeSettingsJSON_FallbackNoInventory (0.00s)
=== RUN   TestBuildClaudeSettingsJSON_NoSelection_EmptyMap
--- PASS: TestBuildClaudeSettingsJSON_NoSelection_EmptyMap (0.00s)
=== RUN   TestBuildClaudeSettingsJSON_CommandPermissions
=== RUN   TestBuildClaudeSettingsJSON_CommandPermissions/both_lists_populated
=== RUN   TestBuildClaudeSettingsJSON_CommandPermissions/denylist_only
=== RUN   TestBuildClaudeSettingsJSON_CommandPermissions/empty_lists_omit_permissions_key_entirely
--- PASS: TestBuildClaudeSettingsJSON_CommandPermissions (0.00s)
    --- PASS: TestBuildClaudeSettingsJSON_CommandPermissions/both_lists_populated (0.00s)
    --- PASS: TestBuildClaudeSettingsJSON_CommandPermissions/denylist_only (0.00s)
    --- PASS: TestBuildClaudeSettingsJSON_CommandPermissions/empty_lists_omit_permissions_key_entirely (0.00s)
=== RUN   TestBuildClaudeArgs_CommandPermissions
--- PASS: TestBuildClaudeArgs_CommandPermissions (0.00s)
=== RUN   TestBuildClaudeArgs_ResumeSession
--- PASS: TestBuildClaudeArgs_ResumeSession (0.00s)
=== RUN   TestBuildClaudeArgs_NoResumeFlagOnColdStart
--- PASS: TestBuildClaudeArgs_NoResumeFlagOnColdStart (0.00s)
=== RUN   TestFetchClaudeUsage_NoCredentials
--- PASS: TestFetchClaudeUsage_NoCredentials (0.00s)
=== RUN   TestFetchClaudeUsage_ParsesFiveHourAndSevenDay
--- PASS: TestFetchClaudeUsage_ParsesFiveHourAndSevenDay (0.00s)
=== RUN   TestFetchClaudeUsage_NonOKStatus
=== RUN   TestFetchClaudeUsage_NonOKStatus/rate_limited
=== RUN   TestFetchClaudeUsage_NonOKStatus/server_error
--- PASS: TestFetchClaudeUsage_NonOKStatus (0.00s)
    --- PASS: TestFetchClaudeUsage_NonOKStatus/rate_limited (0.00s)
    --- PASS: TestFetchClaudeUsage_NonOKStatus/server_error (0.00s)
=== RUN   TestBuildCodexArgs_Basic
--- PASS: TestBuildCodexArgs_Basic (0.00s)
=== RUN   TestBuildCodexArgs_Model
--- PASS: TestBuildCodexArgs_Model (0.00s)
=== RUN   TestBuildCodexArgs_NoModel
--- PASS: TestBuildCodexArgs_NoModel (0.00s)
=== RUN   TestBuildCodexArgs_Resume
--- PASS: TestBuildCodexArgs_Resume (0.00s)
=== RUN   TestBuildCodexArgs_NoResume
--- PASS: TestBuildCodexArgs_NoResume (0.00s)
=== RUN   TestRenderCodexMCPTOML
--- PASS: TestRenderCodexMCPTOML (0.00s)
=== RUN   TestRenderCodexMCPTOML_NoEnv
--- PASS: TestRenderCodexMCPTOML_NoEnv (0.00s)
=== RUN   TestClassifyCodexJSON_ThreadStarted
--- PASS: TestClassifyCodexJSON_ThreadStarted (0.00s)
=== RUN   TestClassifyCodexJSON_TurnCompleted
--- PASS: TestClassifyCodexJSON_TurnCompleted (0.00s)
=== RUN   TestClassifyCodexJSON_TurnFailed
--- PASS: TestClassifyCodexJSON_TurnFailed (0.00s)
=== RUN   TestClassifyCodexJSON_TurnFailedGenuine
--- PASS: TestClassifyCodexJSON_TurnFailedGenuine (0.00s)
=== RUN   TestClassifyCodexJSON_AgentMessageCompleted
--- PASS: TestClassifyCodexJSON_AgentMessageCompleted (0.00s)
=== RUN   TestClassifyCodexJSON_AgentMessageStartedNoOutcome
--- PASS: TestClassifyCodexJSON_AgentMessageStartedNoOutcome (0.00s)
=== RUN   TestClassifyCodexJSON_CommandExecution
--- PASS: TestClassifyCodexJSON_CommandExecution (0.00s)
=== RUN   TestClassifyCodexJSON_McpToolCall
--- PASS: TestClassifyCodexJSON_McpToolCall (0.00s)
=== RUN   TestClassifyCodexJSON_NonJSONLine
--- PASS: TestClassifyCodexJSON_NonJSONLine (0.00s)
=== RUN   TestBuildGeminiArgs_Resume
--- PASS: TestBuildGeminiArgs_Resume (0.00s)
=== RUN   TestBuildGeminiArgs_Basic
--- PASS: TestBuildGeminiArgs_Basic (0.00s)
=== RUN   TestBuildGeminiArgs_MCPConfigured
--- PASS: TestBuildGeminiArgs_MCPConfigured (0.00s)
=== RUN   TestBuildGeminiArgs_Model
--- PASS: TestBuildGeminiArgs_Model (0.00s)
=== RUN   TestBuildGeminiArgs_NoModel
--- PASS: TestBuildGeminiArgs_NoModel (0.00s)
=== RUN   TestClassifyGeminiJSON_Init
--- PASS: TestClassifyGeminiJSON_Init (0.00s)
=== RUN   TestClassifyGeminiJSON_AssistantMessage
--- PASS: TestClassifyGeminiJSON_AssistantMessage (0.00s)
=== RUN   TestClassifyGeminiJSON_UserMessageIgnored
--- PASS: TestClassifyGeminiJSON_UserMessageIgnored (0.00s)
=== RUN   TestClassifyGeminiJSON_Result
--- PASS: TestClassifyGeminiJSON_Result (0.00s)
=== RUN   TestClassifyGeminiJSON_ToolEvents
--- PASS: TestClassifyGeminiJSON_ToolEvents (0.00s)
=== RUN   TestClassifyGeminiJSON_NonJSONLine
--- PASS: TestClassifyGeminiJSON_NonJSONLine (0.00s)
=== RUN   TestLLMRunner_ExceedsConfiguredMaxTurns
--- PASS: TestLLMRunner_ExceedsConfiguredMaxTurns (0.00s)
=== RUN   TestLLMRunner_CapturesUsageAndCost
--- PASS: TestLLMRunner_CapturesUsageAndCost (0.00s)
=== RUN   TestLLMRunner_SignalCompleteReadsOutcome
--- PASS: TestLLMRunner_SignalCompleteReadsOutcome (0.00s)
=== RUN   TestLLMRunner_GetTaskTransitions
--- PASS: TestLLMRunner_GetTaskTransitions (0.00s)
=== RUN   TestShouldFallBackToColdStart
--- PASS: TestShouldFallBackToColdStart (0.00s)
=== RUN   TestIsResumeErrorLine
--- PASS: TestIsResumeErrorLine (0.00s)
=== RUN   TestClassifyStreamJSON_ResultUsage
--- PASS: TestClassifyStreamJSON_ResultUsage (0.00s)
=== RUN   TestClassifyStreamJSON_ResultNoUsage
--- PASS: TestClassifyStreamJSON_ResultNoUsage (0.00s)
=== RUN   TestClassifyStreamJSON_NonResultMessagesReturnNilUsage
--- PASS: TestClassifyStreamJSON_NonResultMessagesReturnNilUsage (0.00s)
=== RUN   TestClassifyStreamJSON_AssistantToolUse
--- PASS: TestClassifyStreamJSON_AssistantToolUse (0.00s)
=== RUN   TestClassifyStreamJSON_AssistantText
--- PASS: TestClassifyStreamJSON_AssistantText (0.00s)
=== RUN   TestClassifyStreamJSON_SessionID
--- PASS: TestClassifyStreamJSON_SessionID (0.00s)
=== RUN   TestIs429AndTransientWrappers
--- PASS: TestIs429AndTransientWrappers (0.00s)
=== RUN   TestClassifyResultMessage
=== RUN   TestClassifyResultMessage/clean_success
=== RUN   TestClassifyResultMessage/error_max_turns_is_genuine_(no_infra_signal)
=== RUN   TestClassifyResultMessage/error_with_rate-limit_text
=== RUN   TestClassifyResultMessage/error_with_transient_text
=== RUN   TestClassifyResultMessage/is_error_flag_without_error_subtype
=== RUN   TestClassifyResultMessage/session_limit_result_with_api_error_status_429
--- PASS: TestClassifyResultMessage (0.00s)
    --- PASS: TestClassifyResultMessage/clean_success (0.00s)
    --- PASS: TestClassifyResultMessage/error_max_turns_is_genuine_(no_infra_signal) (0.00s)
    --- PASS: TestClassifyResultMessage/error_with_rate-limit_text (0.00s)
    --- PASS: TestClassifyResultMessage/error_with_transient_text (0.00s)
    --- PASS: TestClassifyResultMessage/is_error_flag_without_error_subtype (0.00s)
    --- PASS: TestClassifyResultMessage/session_limit_result_with_api_error_status_429 (0.00s)
=== RUN   TestClassifyStreamJSON_NonResultNoClassification
--- PASS: TestClassifyStreamJSON_NonResultNoClassification (0.00s)
=== RUN   TestEstimateCostUSD_ExactMatch
--- PASS: TestEstimateCostUSD_ExactMatch (0.00s)
=== RUN   TestEstimateCostUSD_PrefixFallback
--- PASS: TestEstimateCostUSD_PrefixFallback (0.00s)
=== RUN   TestEstimateCostUSD_LongestPrefixWins
--- PASS: TestEstimateCostUSD_LongestPrefixWins (0.00s)
=== RUN   TestEstimateCostUSD_UnknownModel
--- PASS: TestEstimateCostUSD_UnknownModel (0.00s)
=== RUN   TestEstimateCostUSD_EmptyModel
--- PASS: TestEstimateCostUSD_EmptyModel (0.00s)
=== RUN   TestEstimateCostUSD_ZeroTokens
--- PASS: TestEstimateCostUSD_ZeroTokens (0.00s)
=== RUN   TestEstimateCostUSDWithResolver_NilFallsBackToMap
--- PASS: TestEstimateCostUSDWithResolver_NilFallsBackToMap (0.00s)
=== RUN   TestEstimateCostUSDWithResolver_UnknownFlagsCost
--- PASS: TestEstimateCostUSDWithResolver_UnknownFlagsCost (0.00s)
=== RUN   TestEstimateCostUSDWithResolver_UsesResolverPricing
--- PASS: TestEstimateCostUSDWithResolver_UsesResolverPricing (0.00s)
=== RUN   TestDBPriceResolver_DBRowTakesPrecedence
--- PASS: TestDBPriceResolver_DBRowTakesPrecedence (0.07s)
=== RUN   TestDBPriceResolver_FallsBackToMapWhenNotInDB
--- PASS: TestDBPriceResolver_FallsBackToMapWhenNotInDB (0.08s)
=== RUN   TestDBPriceResolver_PrefixMatchAgainstDBRow
--- PASS: TestDBPriceResolver_PrefixMatchAgainstDBRow (0.07s)
=== RUN   TestDBPriceResolver_UnknownEverywhere
--- PASS: TestDBPriceResolver_UnknownEverywhere (0.08s)
=== RUN   TestDBPriceResolver_NilQueriesFallsBackToMap
--- PASS: TestDBPriceResolver_NilQueriesFallsBackToMap (0.00s)
=== RUN   TestRunAccumulators_Attach_KnownModel
--- PASS: TestRunAccumulators_Attach_KnownModel (0.00s)
=== RUN   TestRunAccumulators_Attach_UnknownModelWithTokens
--- PASS: TestRunAccumulators_Attach_UnknownModelWithTokens (0.00s)
=== RUN   TestRunAccumulators_Attach_UnknownModelNoTokens
--- PASS: TestRunAccumulators_Attach_UnknownModelNoTokens (0.00s)
=== RUN   TestRunAccumulators_Attach_UsesPriceResolver
--- PASS: TestRunAccumulators_Attach_UsesPriceResolver (0.00s)
=== RUN   TestBuildPrompt_FeedbackInjected
--- PASS: TestBuildPrompt_FeedbackInjected (0.00s)
=== RUN   TestBuildPrompt_OpenReviewCommentsInjected
--- PASS: TestBuildPrompt_OpenReviewCommentsInjected (0.00s)
=== RUN   TestBuildPrompt_NoReviewComments
--- PASS: TestBuildPrompt_NoReviewComments (0.00s)
=== RUN   TestBuildResumePrompt_NoNewInfo
--- PASS: TestBuildResumePrompt_NoNewInfo (0.00s)
=== RUN   TestBuildPrompt_SourceCommentsInjected
--- PASS: TestBuildPrompt_SourceCommentsInjected (0.00s)
=== RUN   TestBuildPrompt_NoSourceComments
--- PASS: TestBuildPrompt_NoSourceComments (0.00s)
=== RUN   TestBuildPrompt_SourceCommentEndMarkerEscapeNeutralized
--- PASS: TestBuildPrompt_SourceCommentEndMarkerEscapeNeutralized (0.00s)
=== RUN   TestBuildResumePrompt_SourceCommentsInjected
--- PASS: TestBuildResumePrompt_SourceCommentsInjected (0.00s)
=== RUN   TestBuildQwenArgs_Resume
--- PASS: TestBuildQwenArgs_Resume (0.00s)
=== RUN   TestBuildQwenArgs_MaxTurnsDefault
--- PASS: TestBuildQwenArgs_MaxTurnsDefault (0.00s)
=== RUN   TestBuildQwenArgs_MaxTurnsConfigured
--- PASS: TestBuildQwenArgs_MaxTurnsConfigured (0.00s)
=== RUN   TestBuildQwenArgs_CommandAllowlist
--- PASS: TestBuildQwenArgs_CommandAllowlist (0.00s)
=== RUN   TestBuildQwenArgs_NoCommandAllowlist_NoExtraFlags
--- PASS: TestBuildQwenArgs_NoCommandAllowlist_NoExtraFlags (0.00s)
=== RUN   TestMatchCommandPattern
=== RUN   TestMatchCommandPattern/exact_match
=== RUN   TestMatchCommandPattern/exact_mismatch
=== RUN   TestMatchCommandPattern/empty_pattern_never_matches
=== RUN   TestMatchCommandPattern/prefix_wildcard
=== RUN   TestMatchCommandPattern/prefix_wildcard_no_match
=== RUN   TestMatchCommandPattern/suffix_wildcard
=== RUN   TestMatchCommandPattern/suffix_wildcard_no_match
=== RUN   TestMatchCommandPattern/middle_wildcard
=== RUN   TestMatchCommandPattern/leading_and_trailing_wildcard
=== RUN   TestMatchCommandPattern/bare_wildcard_matches_anything
=== RUN   TestMatchCommandPattern/no_wildcard_exact_only
--- PASS: TestMatchCommandPattern (0.00s)
    --- PASS: TestMatchCommandPattern/exact_match (0.00s)
    --- PASS: TestMatchCommandPattern/exact_mismatch (0.00s)
    --- PASS: TestMatchCommandPattern/empty_pattern_never_matches (0.00s)
    --- PASS: TestMatchCommandPattern/prefix_wildcard (0.00s)
    --- PASS: TestMatchCommandPattern/prefix_wildcard_no_match (0.00s)
    --- PASS: TestMatchCommandPattern/suffix_wildcard (0.00s)
    --- PASS: TestMatchCommandPattern/suffix_wildcard_no_match (0.00s)
    --- PASS: TestMatchCommandPattern/middle_wildcard (0.00s)
    --- PASS: TestMatchCommandPattern/leading_and_trailing_wildcard (0.00s)
    --- PASS: TestMatchCommandPattern/bare_wildcard_matches_anything (0.00s)
    --- PASS: TestMatchCommandPattern/no_wildcard_exact_only (0.00s)
=== RUN   TestCommandPolicy_Allowed
=== RUN   TestCommandPolicy_Allowed/empty_policy_allows_everything
=== RUN   TestCommandPolicy_Allowed/denylist_blocks_even_if_allowlist_would_allow
=== RUN   TestCommandPolicy_Allowed/allowlist-only_blocks_non-matching_commands
=== RUN   TestCommandPolicy_Allowed/allowlist_and_denylist_combined
=== RUN   TestCommandPolicy_Allowed/trims_whitespace_before_matching
--- PASS: TestCommandPolicy_Allowed (0.00s)
    --- PASS: TestCommandPolicy_Allowed/empty_policy_allows_everything (0.00s)
    --- PASS: TestCommandPolicy_Allowed/denylist_blocks_even_if_allowlist_would_allow (0.00s)
    --- PASS: TestCommandPolicy_Allowed/allowlist-only_blocks_non-matching_commands (0.00s)
    --- PASS: TestCommandPolicy_Allowed/allowlist_and_denylist_combined (0.00s)
    --- PASS: TestCommandPolicy_Allowed/trims_whitespace_before_matching (0.00s)
=== RUN   TestExecuteLLMTool_ListDir
=== RUN   TestExecuteLLMTool_ListDir/path_escape_rejected
--- PASS: TestExecuteLLMTool_ListDir (0.00s)
    --- PASS: TestExecuteLLMTool_ListDir/path_escape_rejected (0.00s)
=== RUN   TestExecuteLLMTool_StrReplace
=== RUN   TestExecuteLLMTool_StrReplace/zero_matches_errors
=== RUN   TestExecuteLLMTool_StrReplace/multiple_matches_errors
=== RUN   TestExecuteLLMTool_StrReplace/exact_match_replaces
=== RUN   TestExecuteLLMTool_StrReplace/path_escape_rejected
--- PASS: TestExecuteLLMTool_StrReplace (0.00s)
    --- PASS: TestExecuteLLMTool_StrReplace/zero_matches_errors (0.00s)
    --- PASS: TestExecuteLLMTool_StrReplace/multiple_matches_errors (0.00s)
    --- PASS: TestExecuteLLMTool_StrReplace/exact_match_replaces (0.00s)
    --- PASS: TestExecuteLLMTool_StrReplace/path_escape_rejected (0.00s)
=== RUN   TestExecuteLLMTool_Search_RgNotOnPath
--- PASS: TestExecuteLLMTool_Search_RgNotOnPath (0.00s)
=== RUN   TestExecuteLLMTool_Search
=== RUN   TestExecuteLLMTool_Search/glob_restricts_search
=== RUN   TestExecuteLLMTool_Search/no_matches
--- PASS: TestExecuteLLMTool_Search (0.02s)
    --- PASS: TestExecuteLLMTool_Search/glob_restricts_search (0.00s)
    --- PASS: TestExecuteLLMTool_Search/no_matches (0.00s)
=== RUN   TestExecuteLLMTool_GetTaskTransitions
=== RUN   TestExecuteLLMTool_GetTaskTransitions/empty_transitions
=== RUN   TestExecuteLLMTool_GetTaskTransitions/marshals_transitions_as_JSON
--- PASS: TestExecuteLLMTool_GetTaskTransitions (0.00s)
    --- PASS: TestExecuteLLMTool_GetTaskTransitions/empty_transitions (0.00s)
    --- PASS: TestExecuteLLMTool_GetTaskTransitions/marshals_transitions_as_JSON (0.00s)
=== RUN   TestExecuteLLMTool_SignalComplete_ReadsOutcome
--- PASS: TestExecuteLLMTool_SignalComplete_ReadsOutcome (0.00s)
PASS
ok  	github.com/myinisjap/agent-task-editor/backend/internal/agent/providers	0.364s
=== RUN   TestOpenAPISpecCoversAllRoutes
--- PASS: TestOpenAPISpecCoversAllRoutes (0.09s)
=== RUN   TestHealthzEndpoint_UnauthenticatedEvenWithAPIToken
2026/07/26 22:14:02 INFO request method=GET path=/healthz status=200 duration=30.421µs request_id=284c718fa8eb/DVlKTWNpbG-000001
--- PASS: TestHealthzEndpoint_UnauthenticatedEvenWithAPIToken (0.08s)
=== RUN   TestMetricsEndpoint_UnauthenticatedByDefault
2026/07/26 22:14:02 INFO request method=GET path=/metrics status=200 duration=899.375µs request_id=284c718fa8eb/DVlKTWNpbG-000002
--- PASS: TestMetricsEndpoint_UnauthenticatedByDefault (0.07s)
=== RUN   TestMetricsEndpoint_GatedByMetricsToken
2026/07/26 22:14:02 INFO request method=GET path=/metrics status=401 duration=12.08µs request_id=284c718fa8eb/DVlKTWNpbG-000003
2026/07/26 22:14:02 INFO request method=GET path=/metrics status=200 duration=1.351552ms request_id=284c718fa8eb/DVlKTWNpbG-000004
--- PASS: TestMetricsEndpoint_GatedByMetricsToken (0.08s)
PASS
ok  	github.com/myinisjap/agent-task-editor/backend/internal/api	0.332s
=== RUN   TestBuildPRBody
--- PASS: TestBuildPRBody (0.00s)
=== RUN   TestYamlWorkflow_Validate_CreatePR
=== RUN   TestYamlWorkflow_Validate_CreatePR/none
=== RUN   TestYamlWorkflow_Validate_CreatePR/one
=== RUN   TestYamlWorkflow_Validate_CreatePR/two
=== RUN   TestYamlWorkflow_Validate_CreatePR/all
--- PASS: TestYamlWorkflow_Validate_CreatePR (0.00s)
    --- PASS: TestYamlWorkflow_Validate_CreatePR/none (0.00s)
    --- PASS: TestYamlWorkflow_Validate_CreatePR/one (0.00s)
    --- PASS: TestYamlWorkflow_Validate_CreatePR/two (0.00s)
    --- PASS: TestYamlWorkflow_Validate_CreatePR/all (0.00s)
=== RUN   TestAgentsCreate_EnabledPluginsAndMCPServers_DefaultOff
--- PASS: TestAgentsCreate_EnabledPluginsAndMCPServers_DefaultOff (0.08s)
=== RUN   TestAgentsCreate_EnabledPluginsAndMCPServers_RoundTrip
--- PASS: TestAgentsCreate_EnabledPluginsAndMCPServers_RoundTrip (0.08s)
=== RUN   TestAgentsUpdate_EnabledPluginsAndMCPServers_RoundTrip
--- PASS: TestAgentsUpdate_EnabledPluginsAndMCPServers_RoundTrip (0.08s)
=== RUN   TestAgentsCreate_CommandFilters_DefaultOff
--- PASS: TestAgentsCreate_CommandFilters_DefaultOff (0.08s)
=== RUN   TestAgentsCreate_CommandFilters_RoundTrip
--- PASS: TestAgentsCreate_CommandFilters_RoundTrip (0.07s)
=== RUN   TestAgentsUpdate_CommandFilters_RoundTrip
--- PASS: TestAgentsUpdate_CommandFilters_RoundTrip (0.07s)
=== RUN   TestAgentsCreate_RetryPolicy_Defaults
--- PASS: TestAgentsCreate_RetryPolicy_Defaults (0.07s)
=== RUN   TestAgentsCreate_RetryPolicy_RoundTrip
--- PASS: TestAgentsCreate_RetryPolicy_RoundTrip (0.07s)
=== RUN   TestAgentsCreate_RetryPolicy_RejectsNegative
--- PASS: TestAgentsCreate_RetryPolicy_RejectsNegative (0.06s)
=== RUN   TestAgentsUpdate_RetryPolicy_RejectsNegative
--- PASS: TestAgentsUpdate_RetryPolicy_RejectsNegative (0.07s)
=== RUN   TestAgentsUpdate_RetryPolicy_RoundTrip
--- PASS: TestAgentsUpdate_RetryPolicy_RoundTrip (0.06s)
=== RUN   TestBackupSettingsHandler_GetDefaults
--- PASS: TestBackupSettingsHandler_GetDefaults (0.06s)
=== RUN   TestBackupSettingsHandler_UpdateRejectsBelowMinimum
--- PASS: TestBackupSettingsHandler_UpdateRejectsBelowMinimum (0.07s)
=== RUN   TestBackupSettingsHandler_UpdateRejectsInvalidKeep
--- PASS: TestBackupSettingsHandler_UpdateRejectsInvalidKeep (0.06s)
=== RUN   TestBackupSettingsHandler_UpdatePersists
--- PASS: TestBackupSettingsHandler_UpdatePersists (0.06s)
=== RUN   TestBackupSettingsHandler_UpdateRejectsMalformedBody
--- PASS: TestBackupSettingsHandler_UpdateRejectsMalformedBody (0.07s)
=== RUN   TestBackupHandler_StreamsValidSnapshot
--- PASS: TestBackupHandler_StreamsValidSnapshot (0.08s)
=== RUN   TestDashboardGet_ClaudeUsageUnavailableWithoutCredentials
--- PASS: TestDashboardGet_ClaudeUsageUnavailableWithoutCredentials (0.06s)
=== RUN   TestDashboardGet_AgentConfigStats
--- PASS: TestDashboardGet_AgentConfigStats (0.64s)
=== RUN   TestDashboardGet_InterventionQueueExcludesSupersededRuns
--- PASS: TestDashboardGet_InterventionQueueExcludesSupersededRuns (0.31s)
=== RUN   TestDashboardGet_RepoConcurrency
--- PASS: TestDashboardGet_RepoConcurrency (0.32s)
=== RUN   TestDependencies_DispatchGate
--- PASS: TestDependencies_DispatchGate (0.06s)
=== RUN   TestDependencies_ArchivedBlockerSatisfies
--- PASS: TestDependencies_ArchivedBlockerSatisfies (0.05s)
=== RUN   TestDependencies_Cycle_Rejected
--- PASS: TestDependencies_Cycle_Rejected (0.05s)
=== RUN   TestDependencies_SelfEdge_Rejected
--- PASS: TestDependencies_SelfEdge_Rejected (0.05s)
=== RUN   TestDependencies_Duplicate_Rejected
--- PASS: TestDependencies_Duplicate_Rejected (0.05s)
=== RUN   TestDependencies_List_And_Counts
--- PASS: TestDependencies_List_And_Counts (0.05s)
=== RUN   TestDependencies_CrossWorkflow_Rejected
--- PASS: TestDependencies_CrossWorkflow_Rejected (0.06s)
=== RUN   TestProvidersEndpoint_NoConfigs
--- PASS: TestProvidersEndpoint_NoConfigs (0.55s)
=== RUN   TestProvidersEndpoint_EmitsChecksForConfiguredProviders
--- PASS: TestProvidersEndpoint_EmitsChecksForConfiguredProviders (1.52s)
=== RUN   TestProvidersEndpoint_AutoBackupCheck
=== RUN   TestProvidersEndpoint_AutoBackupCheck/disabled_when_BackupDir_is_empty
=== RUN   TestProvidersEndpoint_AutoBackupCheck/ok_when_BackupDir_is_set
--- PASS: TestProvidersEndpoint_AutoBackupCheck (1.13s)
    --- PASS: TestProvidersEndpoint_AutoBackupCheck/disabled_when_BackupDir_is_empty (0.50s)
    --- PASS: TestProvidersEndpoint_AutoBackupCheck/ok_when_BackupDir_is_set (0.58s)
=== RUN   TestProvidersEndpoint_DBSizeCheck
--- PASS: TestProvidersEndpoint_DBSizeCheck (0.53s)
=== RUN   TestProvidersEndpoint_VersionCheck
=== RUN   TestProvidersEndpoint_VersionCheck/version_row_present_with_configured_version
=== RUN   TestProvidersEndpoint_VersionCheck/update_check_row_present_when_checkForUpdates_is_enabled
--- PASS: TestProvidersEndpoint_VersionCheck (1.40s)
    --- PASS: TestProvidersEndpoint_VersionCheck/version_row_present_with_configured_version (0.50s)
    --- PASS: TestProvidersEndpoint_VersionCheck/update_check_row_present_when_checkForUpdates_is_enabled (0.85s)
=== RUN   TestHealth_ReturnsOKJSON
--- PASS: TestHealth_ReturnsOKJSON (0.05s)
=== RUN   TestHealth_DefaultsVersionToDev
--- PASS: TestHealth_DefaultsVersionToDev (0.06s)
=== RUN   TestLogRetentionSettingsHandler_GetDefaults
--- PASS: TestLogRetentionSettingsHandler_GetDefaults (0.05s)
=== RUN   TestLogRetentionSettingsHandler_UpdateRejectsNegativeDays
--- PASS: TestLogRetentionSettingsHandler_UpdateRejectsNegativeDays (0.05s)
=== RUN   TestLogRetentionSettingsHandler_UpdateRejectsBelowMinimumInterval
--- PASS: TestLogRetentionSettingsHandler_UpdateRejectsBelowMinimumInterval (0.05s)
=== RUN   TestLogRetentionSettingsHandler_UpdateAllowsZeroDays
--- PASS: TestLogRetentionSettingsHandler_UpdateAllowsZeroDays (0.05s)
=== RUN   TestLogRetentionSettingsHandler_UpdatePersists
--- PASS: TestLogRetentionSettingsHandler_UpdatePersists (0.05s)
=== RUN   TestLogRetentionSettingsHandler_UpdateRejectsMalformedBody
--- PASS: TestLogRetentionSettingsHandler_UpdateRejectsMalformedBody (0.05s)
=== RUN   TestModelPricingHandler_ListSeeded
--- PASS: TestModelPricingHandler_ListSeeded (0.05s)
=== RUN   TestModelPricingHandler_UpdateReplacesTable
--- PASS: TestModelPricingHandler_UpdateReplacesTable (0.05s)
=== RUN   TestModelPricingHandler_UpdateRejectsInvalid
=== RUN   TestModelPricingHandler_UpdateRejectsInvalid/empty_model
=== RUN   TestModelPricingHandler_UpdateRejectsInvalid/duplicate_model
=== RUN   TestModelPricingHandler_UpdateRejectsInvalid/negative_input_price
=== RUN   TestModelPricingHandler_UpdateRejectsInvalid/negative_output_price
--- PASS: TestModelPricingHandler_UpdateRejectsInvalid (0.19s)
    --- PASS: TestModelPricingHandler_UpdateRejectsInvalid/empty_model (0.05s)
    --- PASS: TestModelPricingHandler_UpdateRejectsInvalid/duplicate_model (0.05s)
    --- PASS: TestModelPricingHandler_UpdateRejectsInvalid/negative_input_price (0.05s)
    --- PASS: TestModelPricingHandler_UpdateRejectsInvalid/negative_output_price (0.05s)
=== RUN   TestProviderConfigsCreate_RequiresNameAndProvider
--- PASS: TestProviderConfigsCreate_RequiresNameAndProvider (0.05s)
=== RUN   TestProviderConfigsCreate_RejectsUnknownProvider
--- PASS: TestProviderConfigsCreate_RejectsUnknownProvider (0.05s)
=== RUN   TestProviderConfigsCreate_RoundTrip
--- PASS: TestProviderConfigsCreate_RoundTrip (0.05s)
=== RUN   TestProviderConfigsGet_NotFound
--- PASS: TestProviderConfigsGet_NotFound (0.05s)
=== RUN   TestProviderConfigsList
--- PASS: TestProviderConfigsList (0.05s)
=== RUN   TestProviderConfigsUpdate_RoundTrip
--- PASS: TestProviderConfigsUpdate_RoundTrip (0.05s)
=== RUN   TestProviderConfigsUpdate_RejectsUnknownProvider
--- PASS: TestProviderConfigsUpdate_RejectsUnknownProvider (0.05s)
=== RUN   TestProviderConfigsDelete_OK
--- PASS: TestProviderConfigsDelete_OK (0.05s)
=== RUN   TestProviderConfigsDelete_BlockedWhenReferenced
--- PASS: TestProviderConfigsDelete_BlockedWhenReferenced (0.05s)
=== RUN   TestReposCreate_AutoNameFromGitHubHTTPS
2026/07/26 22:14:11 WARN failed to update claude trust dialog path=/tmp/TestReposCreate_AutoNameFromGitHubHTTPS943596974/001/myorg/myrepo err="rename /home/node/..claude.json.tmp-1442409659 /home/node/.claude.json: device or resource busy"
--- PASS: TestReposCreate_AutoNameFromGitHubHTTPS (0.06s)
=== RUN   TestReposCreate_AutoNameFromGitHubHTTPSdotGit
2026/07/26 22:14:11 WARN failed to update claude trust dialog path=/tmp/TestReposCreate_AutoNameFromGitHubHTTPSdotGit1836511996/001/acme/widget err="rename /home/node/..claude.json.tmp-4255069029 /home/node/.claude.json: device or resource busy"
--- PASS: TestReposCreate_AutoNameFromGitHubHTTPSdotGit (0.06s)
=== RUN   TestReposCreate_AutoNameFromGitHubSSH
2026/07/26 22:14:11 WARN failed to update claude trust dialog path=/tmp/TestReposCreate_AutoNameFromGitHubSSH286090525/001/corp/backend err="rename /home/node/..claude.json.tmp-3408270913 /home/node/.claude.json: device or resource busy"
--- PASS: TestReposCreate_AutoNameFromGitHubSSH (0.06s)
=== RUN   TestReposCreate_AutoNameFromGitHubSSHNoGit
2026/07/26 22:14:11 WARN failed to update claude trust dialog path=/tmp/TestReposCreate_AutoNameFromGitHubSSHNoGit299411750/001/dev/frontend err="rename /home/node/..claude.json.tmp-2886021053 /home/node/.claude.json: device or resource busy"
--- PASS: TestReposCreate_AutoNameFromGitHubSSHNoGit (0.06s)
=== RUN   TestReposCreate_NonGitHubURLRequiresName
--- PASS: TestReposCreate_NonGitHubURLRequiresName (0.05s)
=== RUN   TestReposCreate_ExplicitNameNotOverwritten
2026/07/26 22:14:11 WARN failed to update claude trust dialog path=/tmp/TestReposCreate_ExplicitNameNotOverwritten4155104409/001/myorg/myrepo err="rename /home/node/..claude.json.tmp-1486262791 /home/node/.claude.json: device or resource busy"
--- PASS: TestReposCreate_ExplicitNameNotOverwritten (0.06s)
=== RUN   TestReposCreate_MissingPathAndRemoteURL
--- PASS: TestReposCreate_MissingPathAndRemoteURL (0.05s)
=== RUN   TestReposCreate_AutoCloneRequiresBaseDir
--- PASS: TestReposCreate_AutoCloneRequiresBaseDir (0.05s)
=== RUN   TestReposCreate_PathTraversalViaNamRejected
--- PASS: TestReposCreate_PathTraversalViaNamRejected (0.05s)
=== RUN   TestReposCreate_PathTraversalViaURLSegmentRejected
--- PASS: TestReposCreate_PathTraversalViaURLSegmentRejected (0.05s)
=== RUN   TestReposCreate_BadSchemeRejected
--- PASS: TestReposCreate_BadSchemeRejected (0.05s)
=== RUN   TestReposCreate_PathOutsideBaseDirRejected
--- PASS: TestReposCreate_PathOutsideBaseDirRejected (0.05s)
=== RUN   TestReposCreate_NotAGitRepo
--- PASS: TestReposCreate_NotAGitRepo (0.05s)
=== RUN   TestReposCreate_HappyPathWithExplicitPath
2026/07/26 22:14:11 WARN failed to update claude trust dialog path=/tmp/TestReposCreate_HappyPathWithExplicitPath23288981/001/myrepo err="rename /home/node/..claude.json.tmp-2528956403 /home/node/.claude.json: device or resource busy"
--- PASS: TestReposCreate_HappyPathWithExplicitPath (0.07s)
=== RUN   TestReposCreate_IssueSyncRequiresRemoteAndWorkflow
--- PASS: TestReposCreate_IssueSyncRequiresRemoteAndWorkflow (0.05s)
=== RUN   TestReposUpdate_IssueSyncRoundTrip
2026/07/26 22:14:11 WARN failed to update claude trust dialog path=/tmp/TestReposUpdate_IssueSyncRoundTrip3519579699/001/myorg/myrepo err="rename /home/node/..claude.json.tmp-3001588934 /home/node/.claude.json: device or resource busy"
2026/07/26 22:14:11 WARN failed to update claude trust dialog path=/tmp/TestReposUpdate_IssueSyncRoundTrip3519579699/001/myorg/myrepo err="rename /home/node/..claude.json.tmp-858329796 /home/node/.claude.json: device or resource busy"
2026/07/26 22:14:11 WARN failed to update claude trust dialog path=/tmp/TestReposUpdate_IssueSyncRoundTrip3519579699/001/myorg/myrepo err="rename /home/node/..claude.json.tmp-1942661009 /home/node/.claude.json: device or resource busy"
2026/07/26 22:14:11 WARN failed to update claude trust dialog path=/tmp/TestReposUpdate_IssueSyncRoundTrip3519579699/001/myorg/myrepo err="rename /home/node/..claude.json.tmp-735450571 /home/node/.claude.json: device or resource busy"
--- PASS: TestReposUpdate_IssueSyncRoundTrip (0.08s)
=== RUN   TestReposCreate_IssueWritebackRequiresRemote
2026/07/26 22:14:11 WARN failed to update claude trust dialog path=/tmp/TestReposCreate_IssueWritebackRequiresRemote3719911321/001/myorg/myrepo err="rename /home/node/..claude.json.tmp-1891902791 /home/node/.claude.json: device or resource busy"
--- PASS: TestReposCreate_IssueWritebackRequiresRemote (0.06s)
=== RUN   TestReposUpdate_IssueWritebackRoundTrip
2026/07/26 22:14:12 WARN failed to update claude trust dialog path=/tmp/TestReposUpdate_IssueWritebackRoundTrip4051671771/001/myorg/myrepo err="rename /home/node/..claude.json.tmp-1119992226 /home/node/.claude.json: device or resource busy"
2026/07/26 22:14:12 WARN failed to update claude trust dialog path=/tmp/TestReposUpdate_IssueWritebackRoundTrip4051671771/001/myorg/myrepo err="rename /home/node/..claude.json.tmp-3157436653 /home/node/.claude.json: device or resource busy"
2026/07/26 22:14:12 WARN failed to update claude trust dialog path=/tmp/TestReposUpdate_IssueWritebackRoundTrip4051671771/001/myorg/myrepo err="rename /home/node/..claude.json.tmp-1893225854 /home/node/.claude.json: device or resource busy"
2026/07/26 22:14:12 WARN failed to update claude trust dialog path=/tmp/TestReposUpdate_IssueWritebackRoundTrip4051671771/001/myorg/myrepo err="rename /home/node/..claude.json.tmp-1109533472 /home/node/.claude.json: device or resource busy"
--- PASS: TestReposUpdate_IssueWritebackRoundTrip (0.08s)
=== RUN   TestReposCreate_PrReviewAutoTransitionRequiresRemote
2026/07/26 22:14:12 WARN failed to update claude trust dialog path=/tmp/TestReposCreate_PrReviewAutoTransitionRequiresRemote1563172331/001/myorg/myrepo err="rename /home/node/..claude.json.tmp-430154445 /home/node/.claude.json: device or resource busy"
--- PASS: TestReposCreate_PrReviewAutoTransitionRequiresRemote (0.06s)
=== RUN   TestReposUpdate_PrReviewAutoTransitionRoundTrip
2026/07/26 22:14:12 WARN failed to update claude trust dialog path=/tmp/TestReposUpdate_PrReviewAutoTransitionRoundTrip1106375016/001/myorg/myrepo err="rename /home/node/..claude.json.tmp-3495704039 /home/node/.claude.json: device or resource busy"
2026/07/26 22:14:12 WARN failed to update claude trust dialog path=/tmp/TestReposUpdate_PrReviewAutoTransitionRoundTrip1106375016/001/myorg/myrepo err="rename /home/node/..claude.json.tmp-4081270348 /home/node/.claude.json: device or resource busy"
2026/07/26 22:14:12 WARN failed to update claude trust dialog path=/tmp/TestReposUpdate_PrReviewAutoTransitionRoundTrip1106375016/001/myorg/myrepo err="rename /home/node/..claude.json.tmp-3218131611 /home/node/.claude.json: device or resource busy"
2026/07/26 22:14:12 WARN failed to update claude trust dialog path=/tmp/TestReposUpdate_PrReviewAutoTransitionRoundTrip1106375016/001/myorg/myrepo err="rename /home/node/..claude.json.tmp-1305687328 /home/node/.claude.json: device or resource busy"
--- PASS: TestReposUpdate_PrReviewAutoTransitionRoundTrip (0.08s)
=== RUN   TestReposList_Empty
--- PASS: TestReposList_Empty (0.05s)
=== RUN   TestReposCreate_IssueSyncPolicyFieldsRoundTrip
2026/07/26 22:14:12 WARN failed to update claude trust dialog path=/tmp/TestReposCreate_IssueSyncPolicyFieldsRoundTrip3737528567/001/myorg/myrepo err="rename /home/node/..claude.json.tmp-913045340 /home/node/.claude.json: device or resource busy"
2026/07/26 22:14:12 WARN failed to update claude trust dialog path=/tmp/TestReposCreate_IssueSyncPolicyFieldsRoundTrip3737528567/001/myorg/myrepo2 err="rename /home/node/..claude.json.tmp-2725165257 /home/node/.claude.json: device or resource busy"
--- PASS: TestReposCreate_IssueSyncPolicyFieldsRoundTrip (0.07s)
=== RUN   TestReposCreate_InvalidIssueSyncUpdatePolicyRejected
--- PASS: TestReposCreate_InvalidIssueSyncUpdatePolicyRejected (0.05s)
=== RUN   TestReposCreate_InvalidIssueSyncGoneActionRejected
--- PASS: TestReposCreate_InvalidIssueSyncGoneActionRejected (0.05s)
=== RUN   TestReposCreate_GoneActionMoveRequiresLabel
2026/07/26 22:14:12 WARN failed to update claude trust dialog path=/tmp/TestReposCreate_GoneActionMoveRequiresLabel2046808475/001/myorg/myrepo err="rename /home/node/..claude.json.tmp-3220725772 /home/node/.claude.json: device or resource busy"
--- PASS: TestReposCreate_GoneActionMoveRequiresLabel (0.07s)
=== RUN   TestReposUpdate_IssueSyncPolicyFieldsRoundTripAndSurviveUnrelatedPatch
2026/07/26 22:14:12 WARN failed to update claude trust dialog path=/tmp/TestReposUpdate_IssueSyncPolicyFieldsRoundTripAndSurviveUnrelate3139709683/001/myorg/myrepo err="rename /home/node/..claude.json.tmp-2963648073 /home/node/.claude.json: device or resource busy"
2026/07/26 22:14:12 WARN failed to update claude trust dialog path=/tmp/TestReposUpdate_IssueSyncPolicyFieldsRoundTripAndSurviveUnrelate3139709683/001/myorg/myrepo err="rename /home/node/..claude.json.tmp-662005144 /home/node/.claude.json: device or resource busy"
2026/07/26 22:14:12 WARN failed to update claude trust dialog path=/tmp/TestReposUpdate_IssueSyncPolicyFieldsRoundTripAndSurviveUnrelate3139709683/001/myorg/myrepo err="rename /home/node/..claude.json.tmp-3987261562 /home/node/.claude.json: device or resource busy"
--- PASS: TestReposUpdate_IssueSyncPolicyFieldsRoundTripAndSurviveUnrelatedPatch (0.07s)
=== RUN   TestReposUpdate_InvalidIssueSyncPolicyFieldsRejected
2026/07/26 22:14:12 WARN failed to update claude trust dialog path=/tmp/TestReposUpdate_InvalidIssueSyncPolicyFieldsRejected652590098/001/myorg/myrepo err="rename /home/node/..claude.json.tmp-1777411189 /home/node/.claude.json: device or resource busy"
--- PASS: TestReposUpdate_InvalidIssueSyncPolicyFieldsRejected (0.06s)
=== RUN   TestReposCreate_MaxConcurrentRunsValidation
2026/07/26 22:14:12 WARN failed to update claude trust dialog path=/tmp/TestReposCreate_MaxConcurrentRunsValidation2102709927/001/omitted err="rename /home/node/..claude.json.tmp-3489463606 /home/node/.claude.json: device or resource busy"
2026/07/26 22:14:12 WARN failed to update claude trust dialog path=/tmp/TestReposCreate_MaxConcurrentRunsValidation2102709927/001/capped err="rename /home/node/..claude.json.tmp-3945657143 /home/node/.claude.json: device or resource busy"
--- PASS: TestReposCreate_MaxConcurrentRunsValidation (0.08s)
=== RUN   TestReposUpdate_MaxConcurrentRunsOmittedVsNullVsSet
2026/07/26 22:14:12 WARN failed to update claude trust dialog path=/tmp/TestReposUpdate_MaxConcurrentRunsOmittedVsNullVsSet59244250/001/myrepo err="rename /home/node/..claude.json.tmp-3411938818 /home/node/.claude.json: device or resource busy"
2026/07/26 22:14:12 WARN failed to update claude trust dialog path=/tmp/TestReposUpdate_MaxConcurrentRunsOmittedVsNullVsSet59244250/001/myrepo err="rename /home/node/..claude.json.tmp-101519111 /home/node/.claude.json: device or resource busy"
2026/07/26 22:14:12 WARN failed to update claude trust dialog path=/tmp/TestReposUpdate_MaxConcurrentRunsOmittedVsNullVsSet59244250/001/myrepo err="rename /home/node/..claude.json.tmp-2399127048 /home/node/.claude.json: device or resource busy"
2026/07/26 22:14:12 WARN failed to update claude trust dialog path=/tmp/TestReposUpdate_MaxConcurrentRunsOmittedVsNullVsSet59244250/001/myrepo err="rename /home/node/..claude.json.tmp-704617616 /home/node/.claude.json: device or resource busy"
--- PASS: TestReposUpdate_MaxConcurrentRunsOmittedVsNullVsSet (0.08s)
=== RUN   TestReviewComments_CreateAndList
--- PASS: TestReviewComments_CreateAndList (0.05s)
=== RUN   TestReviewComments_Create_Validation
--- PASS: TestReviewComments_Create_Validation (0.05s)
=== RUN   TestReviewComments_ResolveAndReopen
--- PASS: TestReviewComments_ResolveAndReopen (0.05s)
=== RUN   TestReviewComments_Delete
--- PASS: TestReviewComments_Delete (0.05s)
=== RUN   TestSchedules_Create_And_List
--- PASS: TestSchedules_Create_And_List (0.05s)
=== RUN   TestSchedules_Create_MissingTemplateID_Returns400
--- PASS: TestSchedules_Create_MissingTemplateID_Returns400 (0.05s)
=== RUN   TestSchedules_Create_MissingRepoID_Returns400
--- PASS: TestSchedules_Create_MissingRepoID_Returns400 (0.05s)
=== RUN   TestSchedules_Create_UnknownTemplate_Returns404
--- PASS: TestSchedules_Create_UnknownTemplate_Returns404 (0.05s)
=== RUN   TestSchedules_Create_UnknownRepo_Returns404
--- PASS: TestSchedules_Create_UnknownRepo_Returns404 (0.06s)
=== RUN   TestSchedules_Create_InvalidCron_Returns400
--- PASS: TestSchedules_Create_InvalidCron_Returns400 (0.05s)
=== RUN   TestSchedules_Create_UnknownTargetLabel_Returns400
--- PASS: TestSchedules_Create_UnknownTargetLabel_Returns400 (0.05s)
=== RUN   TestSchedules_Create_ValidTargetLabel_Returns201
--- PASS: TestSchedules_Create_ValidTargetLabel_Returns201 (0.05s)
=== RUN   TestSchedules_Create_RepoWithoutWorkflow_Returns400
--- PASS: TestSchedules_Create_RepoWithoutWorkflow_Returns400 (0.05s)
=== RUN   TestSchedules_Update_UnknownTargetLabel_Returns400
--- PASS: TestSchedules_Update_UnknownTargetLabel_Returns400 (0.05s)
=== RUN   TestSchedules_Get
--- PASS: TestSchedules_Get (0.05s)
=== RUN   TestSchedules_Get_NotFound
--- PASS: TestSchedules_Get_NotFound (0.05s)
=== RUN   TestSchedules_Update
--- PASS: TestSchedules_Update (0.05s)
=== RUN   TestSchedules_Update_NotFound
--- PASS: TestSchedules_Update_NotFound (0.05s)
=== RUN   TestSchedules_Update_InvalidCron_Returns400
--- PASS: TestSchedules_Update_InvalidCron_Returns400 (0.05s)
=== RUN   TestSchedules_Delete
--- PASS: TestSchedules_Delete (0.05s)
=== RUN   TestListSourceComments_ReturnsThread
--- PASS: TestListSourceComments_ReturnsThread (0.05s)
=== RUN   TestListSourceComments_EmptyForTaskWithNoComments
--- PASS: TestListSourceComments_EmptyForTaskWithNoComments (0.05s)
=== RUN   TestListSourceComments_UnknownTask404s
--- PASS: TestListSourceComments_UnknownTask404s (0.05s)
=== RUN   TestSubtasks_Create_DefaultsAndEdge
--- PASS: TestSubtasks_Create_DefaultsAndEdge (0.05s)
=== RUN   TestSubtasks_DepthLimit
--- PASS: TestSubtasks_DepthLimit (0.05s)
=== RUN   TestSubtasks_NonGateLabelRejected
--- PASS: TestSubtasks_NonGateLabelRejected (0.05s)
=== RUN   TestSubtasks_Rollup
--- PASS: TestSubtasks_Rollup (0.05s)
=== RUN   TestSubtasks_OptInGate
--- PASS: TestSubtasks_OptInGate (0.05s)
=== RUN   TestTasks_CancelRun_OK
--- PASS: TestTasks_CancelRun_OK (0.05s)
=== RUN   TestTasks_CancelRun_NotRunning
--- PASS: TestTasks_CancelRun_NotRunning (0.05s)
=== RUN   TestTasks_CancelRun_NoLongerActive
--- PASS: TestTasks_CancelRun_NoLongerActive (0.05s)
=== RUN   TestTasks_CancelRun_WrongTask
--- PASS: TestTasks_CancelRun_WrongTask (0.05s)
=== RUN   TestTasks_Create_OK
--- PASS: TestTasks_Create_OK (0.05s)
=== RUN   TestTasks_Create_WithLabel_LandsDirectlyOnColumn
--- PASS: TestTasks_Create_WithLabel_LandsDirectlyOnColumn (0.05s)
=== RUN   TestTasks_Create_UnknownLabel_Returns400
--- PASS: TestTasks_Create_UnknownLabel_Returns400 (0.05s)
=== RUN   TestTasks_Create_MissingTitle_Returns400
--- PASS: TestTasks_Create_MissingTitle_Returns400 (0.05s)
=== RUN   TestTasks_Create_MissingRepo_Returns400
--- PASS: TestTasks_Create_MissingRepo_Returns400 (0.06s)
=== RUN   TestTasks_Create_OmittedWorkflowID_DefaultsToDefaultWorkflow
--- PASS: TestTasks_Create_OmittedWorkflowID_DefaultsToDefaultWorkflow (0.05s)
=== RUN   TestTasks_Create_OmittedWorkflowID_Multipart_DefaultsToDefaultWorkflow
--- PASS: TestTasks_Create_OmittedWorkflowID_Multipart_DefaultsToDefaultWorkflow (0.05s)
=== RUN   TestTasks_Create_WithPriority_OK
--- PASS: TestTasks_Create_WithPriority_OK (0.05s)
=== RUN   TestTasks_Create_DefaultPriority_IsNormal
--- PASS: TestTasks_Create_DefaultPriority_IsNormal (0.05s)
=== RUN   TestTasks_Create_InvalidPriority_Returns400
--- PASS: TestTasks_Create_InvalidPriority_Returns400 (0.05s)
=== RUN   TestTasks_List_Empty
--- PASS: TestTasks_List_Empty (0.05s)
=== RUN   TestTasks_List_WithLabel
--- PASS: TestTasks_List_WithLabel (0.05s)
=== RUN   TestTasks_Get_NotFound
--- PASS: TestTasks_Get_NotFound (0.05s)
=== RUN   TestTasks_Get_Found
--- PASS: TestTasks_Get_Found (0.05s)
=== RUN   TestTasks_Update_OK
--- PASS: TestTasks_Update_OK (0.05s)
=== RUN   TestTasks_Update_Priority_OK
--- PASS: TestTasks_Update_Priority_OK (0.05s)
=== RUN   TestTasks_Update_PriorityOmitted_Preserved
--- PASS: TestTasks_Update_PriorityOmitted_Preserved (0.05s)
=== RUN   TestTasks_Update_InvalidPriority_Returns400
--- PASS: TestTasks_Update_InvalidPriority_Returns400 (0.06s)
=== RUN   TestTasks_Delete_OK
--- PASS: TestTasks_Delete_OK (0.05s)
=== RUN   TestTasks_MoveLabel_ValidTransition
--- PASS: TestTasks_MoveLabel_ValidTransition (0.05s)
=== RUN   TestTasks_MoveLabel_MissingToLabel_Returns400
--- PASS: TestTasks_MoveLabel_MissingToLabel_Returns400 (0.05s)
=== RUN   TestTasks_MoveLabel_InvalidTransition_Returns400
--- PASS: TestTasks_MoveLabel_InvalidTransition_Returns400 (0.05s)
=== RUN   TestTasks_ListRuns_Empty
--- PASS: TestTasks_ListRuns_Empty (0.05s)
=== RUN   TestTasks_SetPaused_OK
--- PASS: TestTasks_SetPaused_OK (0.05s)
=== RUN   TestTasks_SetPaused_Unpause
--- PASS: TestTasks_SetPaused_Unpause (0.05s)
=== RUN   TestTasks_List_SearchAndFilters
--- PASS: TestTasks_List_SearchAndFilters (0.05s)
=== RUN   TestTasks_List_ArchivedFilter
--- PASS: TestTasks_List_ArchivedFilter (0.05s)
=== RUN   TestTasks_SetArchived_OK
--- PASS: TestTasks_SetArchived_OK (0.06s)
=== RUN   TestTasks_SetArchived_NotFound
--- PASS: TestTasks_SetArchived_NotFound (0.05s)
=== RUN   TestTasks_Archived_ExcludedFromAgentPickup
--- PASS: TestTasks_Archived_ExcludedFromAgentPickup (0.05s)
=== RUN   TestTasks_Bulk_Archive
--- PASS: TestTasks_Bulk_Archive (0.05s)
=== RUN   TestTasks_Bulk_Move_PartialFailure
--- PASS: TestTasks_Bulk_Move_PartialFailure (0.05s)
=== RUN   TestTasks_Bulk_Validation
--- PASS: TestTasks_Bulk_Validation (0.05s)
=== RUN   TestTasks_Bulk_Pause
--- PASS: TestTasks_Bulk_Pause (0.05s)
=== RUN   TestTasks_Paused_ExcludedFromAgentPickup
--- PASS: TestTasks_Paused_ExcludedFromAgentPickup (0.05s)
=== RUN   TestTasks_Get_QueuePosition
--- PASS: TestTasks_Get_QueuePosition (0.05s)
=== RUN   TestTasks_Get_QueuePosition_NotSaturated
--- PASS: TestTasks_Get_QueuePosition_NotSaturated (0.05s)
=== RUN   TestCreatePR_TaskNotFound_Returns404
--- PASS: TestCreatePR_TaskNotFound_Returns404 (0.05s)
=== RUN   TestCreatePR_NoBranch_Returns400
--- PASS: TestCreatePR_NoBranch_Returns400 (0.05s)
=== RUN   TestCreatePR_RepoWithoutRemote_Returns400
--- PASS: TestCreatePR_RepoWithoutRemote_Returns400 (0.05s)
=== RUN   TestTasks_List_Pagination
--- PASS: TestTasks_List_Pagination (0.05s)
=== RUN   TestTasks_List_LimitCapped
--- PASS: TestTasks_List_LimitCapped (0.05s)
=== RUN   TestTasks_RunLogs_Pagination
--- PASS: TestTasks_RunLogs_Pagination (0.05s)
=== RUN   TestTasks_ReplyRun_OK
--- PASS: TestTasks_ReplyRun_OK (0.05s)
=== RUN   TestTasks_ReplyRun_EmptyMessage
--- PASS: TestTasks_ReplyRun_EmptyMessage (0.05s)
=== RUN   TestTasks_ReplyRun_NotActiveRun
--- PASS: TestTasks_ReplyRun_NotActiveRun (0.05s)
=== RUN   TestTasks_ReplyRun_WrongTask
--- PASS: TestTasks_ReplyRun_WrongTask (0.05s)
=== RUN   TestTasks_ReplyRun_DispatcherNotWaiting
--- PASS: TestTasks_ReplyRun_DispatcherNotWaiting (0.05s)
=== RUN   TestUpdateGitState_PRMerged_TriggersWriteback
--- PASS: TestUpdateGitState_PRMerged_TriggersWriteback (0.05s)
=== RUN   TestUpdateGitState_PRMerged_WritebackDisabled_NoOp
--- PASS: TestUpdateGitState_PRMerged_WritebackDisabled_NoOp (0.05s)
=== RUN   TestUpdateGitState_NonMergedState_NoWriteback
--- PASS: TestUpdateGitState_NonMergedState_NoWriteback (0.05s)
=== RUN   TestTemplates_Create_And_List
--- PASS: TestTemplates_Create_And_List (0.05s)
=== RUN   TestTemplates_Create_MissingName_Returns400
--- PASS: TestTemplates_Create_MissingName_Returns400 (0.05s)
=== RUN   TestTemplates_Create_DuplicateName_Returns409
--- PASS: TestTemplates_Create_DuplicateName_Returns409 (0.05s)
=== RUN   TestTemplates_Update_OK
--- PASS: TestTemplates_Update_OK (0.05s)
=== RUN   TestTemplates_Update_NotFound
--- PASS: TestTemplates_Update_NotFound (0.05s)
=== RUN   TestTemplates_Delete_OK
--- PASS: TestTemplates_Delete_OK (0.05s)
=== RUN   TestWorkflows_List_ContainsSeeded
--- PASS: TestWorkflows_List_ContainsSeeded (0.05s)
=== RUN   TestWorkflows_Create_OK
--- PASS: TestWorkflows_Create_OK (0.05s)
=== RUN   TestWorkflows_Create_MissingName_Returns400
--- PASS: TestWorkflows_Create_MissingName_Returns400 (0.05s)
=== RUN   TestWorkflows_Get_Found
--- PASS: TestWorkflows_Get_Found (0.05s)
=== RUN   TestWorkflows_Get_NotFound
--- PASS: TestWorkflows_Get_NotFound (0.05s)
=== RUN   TestWorkflows_Delete_OK
--- PASS: TestWorkflows_Delete_OK (0.06s)
=== RUN   TestWSTicketHandler_IssueTicket_ReturnsTicket
--- PASS: TestWSTicketHandler_IssueTicket_ReturnsTicket (0.00s)
=== RUN   TestWSTicketHandler_IssueTicket_ReturnsUniqueTickets
--- PASS: TestWSTicketHandler_IssueTicket_ReturnsUniqueTickets (0.00s)
PASS
ok  	github.com/myinisjap/agent-task-editor/backend/internal/api/handlers	15.499s
=== RUN   TestBearerAuth_EmptyToken_IsNoOp
--- PASS: TestBearerAuth_EmptyToken_IsNoOp (0.00s)
=== RUN   TestBearerAuth_ValidToken
--- PASS: TestBearerAuth_ValidToken (0.00s)
=== RUN   TestBearerAuth_WrongToken_Rejects
--- PASS: TestBearerAuth_WrongToken_Rejects (0.00s)
=== RUN   TestBearerAuth_NoHeader_Rejects
--- PASS: TestBearerAuth_NoHeader_Rejects (0.00s)
=== RUN   TestBearerAuth_WebSocketUpgrade_DoesNotBypass
--- PASS: TestBearerAuth_WebSocketUpgrade_DoesNotBypass (0.00s)
=== RUN   TestBearerAuth_TokenCaseSensitive
--- PASS: TestBearerAuth_TokenCaseSensitive (0.00s)
=== RUN   TestBearerAuth_NamedToken_ResolvesActor
--- PASS: TestBearerAuth_NamedToken_ResolvesActor (0.00s)
=== RUN   TestBearerAuth_NamedToken_OtherName
--- PASS: TestBearerAuth_NamedToken_OtherName (0.00s)
=== RUN   TestBearerAuth_LegacyToken_FallsBackToAnonymousActor
--- PASS: TestBearerAuth_LegacyToken_FallsBackToAnonymousActor (0.00s)
=== RUN   TestBearerAuth_UnknownToken_Rejects
--- PASS: TestBearerAuth_UnknownToken_Rejects (0.00s)
=== RUN   TestBearerAuth_NamedTokensOnly_NoLegacyToken_IsNotNoOp
--- PASS: TestBearerAuth_NamedTokensOnly_NoLegacyToken_IsNotNoOp (0.00s)
=== RUN   TestBearerAuth_NoTokensAtAll_IsNoOp
--- PASS: TestBearerAuth_NoTokensAtAll_IsNoOp (0.00s)
=== RUN   TestActorFromContext_NoValue_ReturnsEmpty
--- PASS: TestActorFromContext_NoValue_ReturnsEmpty (0.00s)
=== RUN   TestCORS_Wildcard_SetsLiteralStar
--- PASS: TestCORS_Wildcard_SetsLiteralStar (0.00s)
=== RUN   TestCORS_SpecificOrigin_Allowed
--- PASS: TestCORS_SpecificOrigin_Allowed (0.00s)
=== RUN   TestCORS_SpecificOrigin_Blocked
--- PASS: TestCORS_SpecificOrigin_Blocked (0.00s)
=== RUN   TestCORS_MultipleOrigins
--- PASS: TestCORS_MultipleOrigins (0.00s)
=== RUN   TestCORS_Preflight_Returns204
--- PASS: TestCORS_Preflight_Returns204 (0.00s)
=== RUN   TestCORS_MethodsHeaderAlwaysSet
--- PASS: TestCORS_MethodsHeaderAlwaysSet (0.00s)
PASS
ok  	github.com/myinisjap/agent-task-editor/backend/internal/api/middleware	0.010s
=== RUN   TestRunOnce_WritesSnapshot
2026/07/26 22:14:02 INFO backup written path=/tmp/TestRunOnce_WritesSnapshot3583876264/002/agent-task-editor-20260726-221401.db
--- PASS: TestRunOnce_WritesSnapshot (0.09s)
=== RUN   TestRunOnce_PrunesOldSnapshotsKeepingNewest
2026/07/26 22:14:02 INFO backup written path=/tmp/TestRunOnce_PrunesOldSnapshotsKeepingNewest325514417/002/agent-task-editor-20260726-221402.db
--- PASS: TestRunOnce_PrunesOldSnapshotsKeepingNewest (0.09s)
=== RUN   TestRunOnce_WithSettingsFunc_UsesLatestKeep
2026/07/26 22:14:02 INFO backup written path=/tmp/TestRunOnce_WithSettingsFunc_UsesLatestKeep3962615673/002/agent-task-editor-20260726-221402.db
--- PASS: TestRunOnce_WithSettingsFunc_UsesLatestKeep (0.08s)
=== RUN   TestScheduler_MinInterval_FloorsSubMinimumInterval
2026/07/26 22:14:02 INFO backup written path=/tmp/TestScheduler_MinInterval_FloorsSubMinimumInterval502002418/002/agent-task-editor-20260726-221402.db
--- PASS: TestScheduler_MinInterval_FloorsSubMinimumInterval (0.08s)
=== RUN   TestRunOnce_KeepZeroOrNegative_DisablesPruning
2026/07/26 22:14:02 INFO backup written path=/tmp/TestRunOnce_KeepZeroOrNegative_DisablesPruning1533678895/002/agent-task-editor-20260726-221402.db
--- PASS: TestRunOnce_KeepZeroOrNegative_DisablesPruning (0.07s)
PASS
ok  	github.com/myinisjap/agent-task-editor/backend/internal/backup	0.409s
=== RUN   TestDefaults_PopulatesRequiredFields
--- PASS: TestDefaults_PopulatesRequiredFields (0.00s)
=== RUN   TestDefaults_CORSOriginsDefaultsToLocalOrigins
--- PASS: TestDefaults_CORSOriginsDefaultsToLocalOrigins (0.00s)
=== RUN   TestLoad_CORSOriginsWildcard_ExplicitOverride
--- PASS: TestLoad_CORSOriginsWildcard_ExplicitOverride (0.00s)
=== RUN   TestDefaults_LogRetentionDisabledByDefault
--- PASS: TestDefaults_LogRetentionDisabledByDefault (0.00s)
=== RUN   TestLoad_EmptyPath_ReturnsDefaults
--- PASS: TestLoad_EmptyPath_ReturnsDefaults (0.00s)
=== RUN   TestLoad_MissingFile_ReturnsDefaults
--- PASS: TestLoad_MissingFile_ReturnsDefaults (0.00s)
=== RUN   TestLoad_FromYAML
--- PASS: TestLoad_FromYAML (0.00s)
=== RUN   TestLoad_EnvVarsOverrideDefaults
--- PASS: TestLoad_EnvVarsOverrideDefaults (0.00s)
=== RUN   TestLoad_EnvVarsOverrideYAML
--- PASS: TestLoad_EnvVarsOverrideYAML (0.00s)
=== RUN   TestLoad_BackupEnvVarsOverrideDefaults
--- PASS: TestLoad_BackupEnvVarsOverrideDefaults (0.00s)
=== RUN   TestLoad_BackupFromYAML
--- PASS: TestLoad_BackupFromYAML (0.00s)
=== RUN   TestLoad_InvalidBackupInterval_UsesDefault
2026/07/26 22:14:01 WARN invalid BACKUP_INTERVAL; using default value=not-a-duration default=24h0m0s
--- PASS: TestLoad_InvalidBackupInterval_UsesDefault (0.00s)
=== RUN   TestLoad_ScheduleIntervalEnvVarOverridesDefault
--- PASS: TestLoad_ScheduleIntervalEnvVarOverridesDefault (0.00s)
=== RUN   TestLoad_InvalidScheduleInterval_UsesDefault
2026/07/26 22:14:01 WARN invalid SCHEDULE_INTERVAL; using default value=not-a-duration default=30s
--- PASS: TestLoad_InvalidScheduleInterval_UsesDefault (0.00s)
=== RUN   TestLoad_LogRetentionEnvVarsOverrideDefaults
--- PASS: TestLoad_LogRetentionEnvVarsOverrideDefaults (0.00s)
=== RUN   TestLoad_LogRetentionDaysZero_ExplicitlyDisables
--- PASS: TestLoad_LogRetentionDaysZero_ExplicitlyDisables (0.00s)
=== RUN   TestLoad_InvalidLogRetentionDays_UsesDefault
2026/07/26 22:14:01 WARN invalid LOG_RETENTION_DAYS; using default value=not-a-number default=0
--- PASS: TestLoad_InvalidLogRetentionDays_UsesDefault (0.00s)
=== RUN   TestLoad_InvalidLogRetentionInterval_UsesDefault
2026/07/26 22:14:01 WARN invalid LOG_RETENTION_INTERVAL; using default value=not-a-duration default=1h0m0s
--- PASS: TestLoad_InvalidLogRetentionInterval_UsesDefault (0.00s)
=== RUN   TestLoad_LogRetentionFromYAML
--- PASS: TestLoad_LogRetentionFromYAML (0.00s)
=== RUN   TestLoad_NoTokens_DefaultsToEmpty
--- PASS: TestLoad_NoTokens_DefaultsToEmpty (0.00s)
=== RUN   TestLoad_APITokensEnvVar_Parsed
--- PASS: TestLoad_APITokensEnvVar_Parsed (0.00s)
=== RUN   TestLoad_APITokensEnvVar_TrimsWhitespaceAndSkipsMalformed
2026/07/26 22:14:01 WARN skipping malformed API_TOKENS entry entry=malformed-entry
--- PASS: TestLoad_APITokensEnvVar_TrimsWhitespaceAndSkipsMalformed (0.00s)
=== RUN   TestLoad_APITokensEnvVar_OverridesYAML
--- PASS: TestLoad_APITokensEnvVar_OverridesYAML (0.00s)
=== RUN   TestLoad_APITokensFromYAML
--- PASS: TestLoad_APITokensFromYAML (0.00s)
=== RUN   TestLoad_InvalidYAML_ReturnsError
--- PASS: TestLoad_InvalidYAML_ReturnsError (0.00s)
PASS
ok  	github.com/myinisjap/agent-task-editor/backend/internal/config	0.013s
=== RUN   TestParse_Presets
--- PASS: TestParse_Presets (0.00s)
=== RUN   TestParse_Invalid
--- PASS: TestParse_Invalid (0.00s)
=== RUN   TestNext_Hourly
--- PASS: TestNext_Hourly (0.00s)
=== RUN   TestNext_DailyAt0600
--- PASS: TestNext_DailyAt0600 (0.00s)
=== RUN   TestNext_WeeklyOnMonday0600
--- PASS: TestNext_WeeklyOnMonday0600 (0.00s)
=== RUN   TestNext_EveryFifteenMinutes
--- PASS: TestNext_EveryFifteenMinutes (0.00s)
=== RUN   TestString_ReturnsTrimmedExpr
--- PASS: TestString_ReturnsTrimmedExpr (0.00s)
PASS
ok  	github.com/myinisjap/agent-task-editor/backend/internal/cronexpr	0.013s
=== RUN   TestGetPRForBranch_StateNormalization
=== RUN   TestGetPRForBranch_StateNormalization/open
=== RUN   TestGetPRForBranch_StateNormalization/merged
=== RUN   TestGetPRForBranch_StateNormalization/closed
--- PASS: TestGetPRForBranch_StateNormalization (0.00s)
    --- PASS: TestGetPRForBranch_StateNormalization/open (0.00s)
    --- PASS: TestGetPRForBranch_StateNormalization/merged (0.00s)
    --- PASS: TestGetPRForBranch_StateNormalization/closed (0.00s)
=== RUN   TestGetPRForBranch_NoPR_BranchExists
--- PASS: TestGetPRForBranch_NoPR_BranchExists (0.00s)
=== RUN   TestGetPRForBranch_NoPR_BranchNotExists
--- PASS: TestGetPRForBranch_NoPR_BranchNotExists (0.00s)
=== RUN   TestCreatePR_ExistingPRShortCircuit
--- PASS: TestCreatePR_ExistingPRShortCircuit (0.00s)
=== RUN   TestCreatePR_CreatesNew
--- PASS: TestCreatePR_CreatesNew (0.00s)
=== RUN   TestCreatePR_RaceAlreadyExists
--- PASS: TestCreatePR_RaceAlreadyExists (0.00s)
=== RUN   TestGetPRHead
--- PASS: TestGetPRHead (0.00s)
=== RUN   TestGetPRHead_NoPR
--- PASS: TestGetPRHead_NoPR (0.00s)
=== RUN   TestGetPRReviews
--- PASS: TestGetPRReviews (0.00s)
=== RUN   TestGetPRReviewComments_Paginated
--- PASS: TestGetPRReviewComments_Paginated (0.00s)
=== RUN   TestGetFailedChecks_FiltersToFailures
--- PASS: TestGetFailedChecks_FiltersToFailures (0.00s)
=== RUN   TestGetFailedChecks_HardFailureNoOutput
--- PASS: TestGetFailedChecks_HardFailureNoOutput (0.00s)
=== RUN   TestListOpenIssues_LabelFiltering
=== RUN   TestListOpenIssues_LabelFiltering/no_label
=== RUN   TestListOpenIssues_LabelFiltering/with_label
=== RUN   TestListOpenIssues_LabelFiltering/label_with_space_and_ampersand_is_URL-encoded
--- PASS: TestListOpenIssues_LabelFiltering (0.00s)
    --- PASS: TestListOpenIssues_LabelFiltering/no_label (0.00s)
    --- PASS: TestListOpenIssues_LabelFiltering/with_label (0.00s)
    --- PASS: TestListOpenIssues_LabelFiltering/label_with_space_and_ampersand_is_URL-encoded (0.00s)
=== RUN   TestListOpenIssues_Paginated
--- PASS: TestListOpenIssues_Paginated (0.00s)
=== RUN   TestListOpenIssues_SkipsPullRequests
--- PASS: TestListOpenIssues_SkipsPullRequests (0.00s)
=== RUN   TestGetIssueComments_Decodes
--- PASS: TestGetIssueComments_Decodes (0.00s)
=== RUN   TestGetIssueComments_Paginated
--- PASS: TestGetIssueComments_Paginated (0.00s)
=== RUN   TestAddIssueLabel
--- PASS: TestAddIssueLabel (0.00s)
=== RUN   TestAddIssueLabel_Error
--- PASS: TestAddIssueLabel_Error (0.00s)
=== RUN   TestCommentOnIssue
--- PASS: TestCommentOnIssue (0.00s)
=== RUN   TestCommentOnIssue_Error
--- PASS: TestCommentOnIssue_Error (0.00s)
=== RUN   TestCloseIssueWithComment
--- PASS: TestCloseIssueWithComment (0.00s)
=== RUN   TestCloseIssueWithComment_Error
--- PASS: TestCloseIssueWithComment_Error (0.00s)
=== RUN   TestParseGitHubName
=== RUN   TestParseGitHubName/https
=== RUN   TestParseGitHubName/https_with_.git
=== RUN   TestParseGitHubName/ssh
=== RUN   TestParseGitHubName/ssh_with_.git
=== RUN   TestParseGitHubName/empty
=== RUN   TestParseGitHubName/junk
=== RUN   TestParseGitHubName/gitlab
=== RUN   TestParseGitHubName/missing_repo
--- PASS: TestParseGitHubName (0.00s)
    --- PASS: TestParseGitHubName/https (0.00s)
    --- PASS: TestParseGitHubName/https_with_.git (0.00s)
    --- PASS: TestParseGitHubName/ssh (0.00s)
    --- PASS: TestParseGitHubName/ssh_with_.git (0.00s)
    --- PASS: TestParseGitHubName/empty (0.00s)
    --- PASS: TestParseGitHubName/junk (0.00s)
    --- PASS: TestParseGitHubName/gitlab (0.00s)
    --- PASS: TestParseGitHubName/missing_repo (0.00s)
=== RUN   TestArgsContainHelper
--- PASS: TestArgsContainHelper (0.00s)
PASS
ok  	github.com/myinisjap/agent-task-editor/backend/internal/ghclient	0.010s
=== RUN   TestIngestPRFeedback_ChangesRequestedReview_AppendsFeedback
--- PASS: TestIngestPRFeedback_ChangesRequestedReview_AppendsFeedback (0.07s)
=== RUN   TestIngestPRFeedback_FailedChecks_AppendsFeedback
--- PASS: TestIngestPRFeedback_FailedChecks_AppendsFeedback (0.08s)
=== RUN   TestIngestPRFeedback_InlineComments_DedupedAcrossSweeps
--- PASS: TestIngestPRFeedback_InlineComments_DedupedAcrossSweeps (0.08s)
=== RUN   TestIngestPRFeedback_HeadSHAChange_ResetsReviewCursor
--- PASS: TestIngestPRFeedback_HeadSHAChange_ResetsReviewCursor (0.07s)
=== RUN   TestIngestPRFeedback_AutoTransition_EnabledOnRepo
2026/07/26 22:14:02 INFO ghsync: auto-transitioned task on PR feedback component=ghsync task_id=af03ad94-671f-4fca-9dfa-356b11f54eef pr_number=1 to_label=work
--- PASS: TestIngestPRFeedback_AutoTransition_EnabledOnRepo (0.06s)
=== RUN   TestIngestPRFeedback_AutoTransition_DisabledOnRepo_NoOp
--- PASS: TestIngestPRFeedback_AutoTransition_DisabledOnRepo_NoOp (0.07s)
=== RUN   TestSyncTask_MergedTriggersCleanup
2026/07/26 22:14:02 INFO ghsync: git state updated component=ghsync task_id=512cf3ac-5b71-42e2-ad50-6b4ebaf3a06e old_state=pr_open new_state=pr_merged
2026/07/26 22:14:02 INFO ghsync: deleted local branch after merge component=ghsync task_id=512cf3ac-5b71-42e2-ad50-6b4ebaf3a06e branch=feature-branch
--- PASS: TestSyncTask_MergedTriggersCleanup (0.09s)
=== RUN   TestSyncTask_ClosedWithoutMerge_NoCleanup
2026/07/26 22:14:02 INFO ghsync: git state updated component=ghsync task_id=0d9229aa-29b1-4b73-b160-2c7edbc6c9c0 old_state=pr_open new_state=pr_closed
--- PASS: TestSyncTask_ClosedWithoutMerge_NoCleanup (0.08s)
=== RUN   TestSyncTask_NoStateChange_NoOp
--- PASS: TestSyncTask_NoStateChange_NoOp (0.10s)
=== RUN   TestSyncTask_PreservesExistingPRURLOnRegression
2026/07/26 22:14:02 INFO ghsync: git state updated component=ghsync task_id=2875de54-7349-4da5-88b5-7443943507c3 old_state=pr_open new_state=pushed
--- PASS: TestSyncTask_PreservesExistingPRURLOnRegression (0.08s)
=== RUN   TestCleanupMergedBranch_NoWorktreePath
2026/07/26 22:14:02 INFO ghsync: deleted local branch after merge component=ghsync task_id=7d998f65-3bb7-48d6-aff0-a1df2ae3dcde branch=feature-branch
--- PASS: TestCleanupMergedBranch_NoWorktreePath (0.08s)
=== RUN   TestSweep_SkipsNonGitHubRepo
2026/07/26 22:14:02 INFO ghsync: sweep start component=ghsync
2026/07/26 22:14:02 INFO ghsync: sweep done component=ghsync total_tasks=1 checked=0
--- PASS: TestSweep_SkipsNonGitHubRepo (0.07s)
=== RUN   TestSyncTask_Writeback_PROpened
2026/07/26 22:14:02 INFO ghsync: git state updated component=ghsync task_id=4e09a0bb-a146-44d3-bb67-d30010916fee old_state=pushed new_state=pr_open
--- PASS: TestSyncTask_Writeback_PROpened (0.08s)
=== RUN   TestSyncTask_Writeback_PRMerged
2026/07/26 22:14:03 INFO ghsync: git state updated component=ghsync task_id=a080eb8b-f464-40f7-929f-42ace2c886d1 old_state=pr_open new_state=pr_merged
2026/07/26 22:14:03 INFO ghsync: deleted local branch after merge component=ghsync task_id=a080eb8b-f464-40f7-929f-42ace2c886d1 branch=feature-branch
--- PASS: TestSyncTask_Writeback_PRMerged (0.08s)
=== RUN   TestSyncTask_Writeback_DisabledRepo_NoOp
2026/07/26 22:14:03 INFO ghsync: git state updated component=ghsync task_id=46304702-bc7a-4988-8c2c-ecad5b4aa166 old_state=pushed new_state=pr_open
--- PASS: TestSyncTask_Writeback_DisabledRepo_NoOp (0.08s)
PASS
ok  	github.com/myinisjap/agent-task-editor/backend/internal/ghsync	1.198s
=== RUN   TestClaudeCheck_MissingBinary
--- PASS: TestClaudeCheck_MissingBinary (0.00s)
=== RUN   TestClaudeCheck_InstalledButNoCreds
--- PASS: TestClaudeCheck_InstalledButNoCreds (0.00s)
=== RUN   TestClaudeCheck_AuthViaCredentialsFile
--- PASS: TestClaudeCheck_AuthViaCredentialsFile (0.00s)
=== RUN   TestClaudeCheck_AuthViaEnv
--- PASS: TestClaudeCheck_AuthViaEnv (0.00s)
=== RUN   TestProviderChecks_OnlyEmittedWhenUsed
--- PASS: TestProviderChecks_OnlyEmittedWhenUsed (0.00s)
=== RUN   TestGeminiCheck_MissingBinary
--- PASS: TestGeminiCheck_MissingBinary (0.00s)
=== RUN   TestGeminiCheck_InstalledButNoCreds
--- PASS: TestGeminiCheck_InstalledButNoCreds (0.00s)
=== RUN   TestGeminiCheck_AuthViaEnv
--- PASS: TestGeminiCheck_AuthViaEnv (0.00s)
=== RUN   TestGeminiCheck_AuthViaCredentialsFile
--- PASS: TestGeminiCheck_AuthViaCredentialsFile (0.00s)
=== RUN   TestCodexCheck_MissingBinary
--- PASS: TestCodexCheck_MissingBinary (0.00s)
=== RUN   TestCodexCheck_InstalledButNoCreds
--- PASS: TestCodexCheck_InstalledButNoCreds (0.00s)
=== RUN   TestCodexCheck_AuthViaEnv
--- PASS: TestCodexCheck_AuthViaEnv (0.00s)
=== RUN   TestCodexCheck_AuthViaCredentialsFile
--- PASS: TestCodexCheck_AuthViaCredentialsFile (0.00s)
=== RUN   TestBinaryCheck_Present
--- PASS: TestBinaryCheck_Present (0.00s)
=== RUN   TestAnthropicCheck_KeyPresence
--- PASS: TestAnthropicCheck_KeyPresence (0.00s)
=== RUN   TestLLMCheck_KeyAndBaseURL
--- PASS: TestLLMCheck_KeyAndBaseURL (0.00s)
=== RUN   TestMCPCheck
--- PASS: TestMCPCheck (0.00s)
=== RUN   TestGHCheck
--- PASS: TestGHCheck (0.00s)
=== RUN   TestDBSizeCheck
--- PASS: TestDBSizeCheck (0.00s)
=== RUN   TestFormatBytes
--- PASS: TestFormatBytes (0.00s)
=== RUN   TestFormatCount
--- PASS: TestFormatCount (0.00s)
=== RUN   TestVersionCheck
--- PASS: TestVersionCheck (0.00s)
=== RUN   TestUpdateCheck_DisabledByDefault
--- PASS: TestUpdateCheck_DisabledByDefault (0.00s)
=== RUN   TestUpdateCheck_UpToDate
--- PASS: TestUpdateCheck_UpToDate (0.00s)
=== RUN   TestUpdateCheck_UpdateAvailable
--- PASS: TestUpdateCheck_UpdateAvailable (0.00s)
=== RUN   TestUpdateCheck_FailsSoft
--- PASS: TestUpdateCheck_FailsSoft (0.00s)
=== RUN   TestUpdateCheck_DevBuildIsInformationalOnly
--- PASS: TestUpdateCheck_DevBuildIsInformationalOnly (0.00s)
=== RUN   TestSemverCompare
--- PASS: TestSemverCompare (0.00s)
=== RUN   TestRepoBaseDirCheck
--- PASS: TestRepoBaseDirCheck (0.00s)
PASS
ok  	github.com/myinisjap/agent-task-editor/backend/internal/health	0.014s
=== RUN   TestRunOnce_PrunesOldTerminalRunLogs
2026/07/26 22:14:02 INFO logretention: pruned old agent logs deleted=1 retention_days=30
--- PASS: TestRunOnce_PrunesOldTerminalRunLogs (0.09s)
=== RUN   TestRunOnce_DaysZeroOrNegative_DisablesPruning
--- PASS: TestRunOnce_DaysZeroOrNegative_DisablesPruning (0.08s)
=== RUN   TestRunOnce_WithSettingsFunc_UsesLatestDays
2026/07/26 22:14:02 INFO logretention: pruned old agent logs deleted=1 retention_days=30
--- PASS: TestRunOnce_WithSettingsFunc_UsesLatestDays (0.07s)
PASS
ok  	github.com/myinisjap/agent-task-editor/backend/internal/logretention	0.251s
=== RUN   TestHandler_ServesPrometheusFormat
--- PASS: TestHandler_ServesPrometheusFormat (0.00s)
PASS
ok  	github.com/myinisjap/agent-task-editor/backend/internal/metrics	0.015s
=== RUN   TestSweepFiresDueSchedule
2026/07/26 22:14:01 INFO schedule sweep: task created component=schedule schedule_id=a2e6fdff-a3c9-4810-8972-69e0ffab851b task_id=a026f88d-7bdf-4878-b7d7-70311573cad7 template_id=03670656-c320-424f-83b3-edfaaf478038 repo_id=c6fef48f-e7e0-4835-ab50-42e1c4cd3b77
2026/07/26 22:14:01 INFO schedule sweep: done component=schedule fired=1 checked=1
--- PASS: TestSweepFiresDueSchedule (0.07s)
=== RUN   TestSweepSkipsWhenNotDue
--- PASS: TestSweepSkipsWhenNotDue (0.09s)
=== RUN   TestSweepSkipsWhenOpenTaskExists
2026/07/26 22:14:02 INFO schedule sweep: task created component=schedule schedule_id=1c35f392-09c8-4cdb-857d-2a7be60c7f45 task_id=89cc89bd-9879-47b8-afc8-9d087005f6fb template_id=603ce456-eb18-4758-9eee-bd63eaa46b41 repo_id=97f1ea6c-7903-417e-987d-ff03a1d423a3
2026/07/26 22:14:02 INFO schedule sweep: done component=schedule fired=1 checked=1
2026/07/26 22:14:02 INFO schedule sweep: skipping, open task from this schedule already exists component=schedule schedule_id=1c35f392-09c8-4cdb-857d-2a7be60c7f45
--- PASS: TestSweepSkipsWhenOpenTaskExists (0.07s)
=== RUN   TestSweepFiresAgainOnceTaskClosed
2026/07/26 22:14:02 INFO schedule sweep: task created component=schedule schedule_id=15d7dc34-5c32-4b65-b399-5bd3bb2bf996 task_id=3457ca5f-78ee-4671-9cf9-9338f3a09f1c template_id=acc5be21-2109-4799-9b66-8c38127cd882 repo_id=5a7adff1-74e0-4a4f-b178-76466b8ef35b
2026/07/26 22:14:02 INFO schedule sweep: done component=schedule fired=1 checked=1
2026/07/26 22:14:02 INFO schedule sweep: task created component=schedule schedule_id=15d7dc34-5c32-4b65-b399-5bd3bb2bf996 task_id=14a4add3-52ac-4a03-96d5-5cbc13c2a193 template_id=acc5be21-2109-4799-9b66-8c38127cd882 repo_id=5a7adff1-74e0-4a4f-b178-76466b8ef35b
2026/07/26 22:14:02 INFO schedule sweep: done component=schedule fired=1 checked=1
--- PASS: TestSweepFiresAgainOnceTaskClosed (0.08s)
=== RUN   TestSweepIgnoresDisabledSchedules
--- PASS: TestSweepIgnoresDisabledSchedules (0.06s)
=== RUN   TestSweepSkipsRepoWithoutWorkflow
2026/07/26 22:14:02 WARN schedule sweep: repo has no workflow assigned; skipping component=schedule schedule_id=c44a2bea-7d94-4e92-9e65-bcf03f897e0e
--- PASS: TestSweepSkipsRepoWithoutWorkflow (0.06s)
PASS
ok  	github.com/myinisjap/agent-task-editor/backend/internal/schedule	0.453s
=== RUN   TestDBBackup
    backup_test.go:22: seed insert skipped: FOREIGN KEY constraint failed
--- PASS: TestDBBackup (0.10s)
=== RUN   TestDBPath
--- PASS: TestDBPath (0.07s)
=== RUN   TestMigration039ProviderConfigsRoundTrip
--- PASS: TestMigration039ProviderConfigsRoundTrip (0.16s)
=== RUN   TestMigration040PRReviewFeedback
--- PASS: TestMigration040PRReviewFeedback (0.06s)
=== RUN   TestMigration040DownStep
--- PASS: TestMigration040DownStep (0.08s)
=== RUN   TestMigration018DownStep
--- PASS: TestMigration018DownStep (0.15s)
=== RUN   TestMigration042DownStep
--- PASS: TestMigration042DownStep (0.08s)
PASS
ok  	github.com/myinisjap/agent-task-editor/backend/internal/storage	0.722s
?   	github.com/myinisjap/agent-task-editor/backend/internal/storage/gen	[no test files]
=== RUN   TestSweepImportsAndDedupes
2026/07/26 22:14:02 INFO issue import: sweep start component=tasksource repos=1
2026/07/26 22:14:02 INFO issue import: task created component=tasksource repo=acme/widgets task_id=c5d85ff9-8501-4d0b-a2ea-d7e36147a24e ref=acme/widgets#1
2026/07/26 22:14:02 INFO issue import: task created component=tasksource repo=acme/widgets task_id=d6e30cfd-c855-41f3-891b-255d5798d358 ref=acme/widgets#2
2026/07/26 22:14:02 INFO issue import: sweep done component=tasksource created=2 updated=0 comments_ingested=0 flagged_gone=0
2026/07/26 22:14:02 INFO issue import: sweep start component=tasksource repos=1
2026/07/26 22:14:02 INFO issue import: sweep done component=tasksource created=0 updated=0 comments_ingested=0 flagged_gone=0
--- PASS: TestSweepImportsAndDedupes (0.09s)
=== RUN   TestSweepSkipsRepoWithoutWorkflow
2026/07/26 22:14:02 INFO issue import: sweep start component=tasksource repos=1
2026/07/26 22:14:02 WARN issue import: repo has issue sync enabled but no workflow assigned; skipping component=tasksource repo=acme/widgets
2026/07/26 22:14:02 INFO issue import: sweep done component=tasksource created=0 updated=0 comments_ingested=0 flagged_gone=0
--- PASS: TestSweepSkipsRepoWithoutWorkflow (0.07s)
=== RUN   TestSweepIgnoresDisabledRepos
--- PASS: TestSweepIgnoresDisabledRepos (0.07s)
=== RUN   TestSweepSurvivesFetchError
2026/07/26 22:14:02 INFO issue import: sweep start component=tasksource repos=1
2026/07/26 22:14:02 WARN issue import: fetch failed component=tasksource repo=acme/widgets err="gh exploded"
2026/07/26 22:14:02 INFO issue import: sweep done component=tasksource created=0 updated=0 comments_ingested=0 flagged_gone=0
--- PASS: TestSweepSurvivesFetchError (0.07s)
=== RUN   TestTaskTypeFromLabels
--- PASS: TestTaskTypeFromLabels (0.00s)
=== RUN   TestMapIssueCommentsFiltersMarkerAndUntrusted
--- PASS: TestMapIssueCommentsFiltersMarkerAndUntrusted (0.00s)
=== RUN   TestSweepUpdatesTitleOnGateLabel
2026/07/26 22:14:02 INFO issue import: sweep start component=tasksource repos=1
2026/07/26 22:14:02 INFO issue import: task created component=tasksource repo=acme/widgets task_id=77dce8e9-8d62-4401-8fbf-2ebe8e5fc933 ref=acme/widgets#1
2026/07/26 22:14:02 INFO issue import: sweep done component=tasksource created=1 updated=0 comments_ingested=0 flagged_gone=0
2026/07/26 22:14:02 INFO issue import: sweep start component=tasksource repos=1
2026/07/26 22:14:02 INFO issue import: task updated from source component=tasksource repo=acme/widgets task_id=77dce8e9-8d62-4401-8fbf-2ebe8e5fc933 ref=acme/widgets#1
2026/07/26 22:14:02 INFO issue import: sweep done component=tasksource created=0 updated=1 comments_ingested=0 flagged_gone=0
--- PASS: TestSweepUpdatesTitleOnGateLabel (0.07s)
=== RUN   TestSweepUpdatesTypeOnLabelChange
2026/07/26 22:14:02 INFO issue import: sweep start component=tasksource repos=1
2026/07/26 22:14:02 INFO issue import: task created component=tasksource repo=acme/widgets task_id=4143f6fd-c3a9-4a04-9942-3d33cfdcfbd4 ref=acme/widgets#1
2026/07/26 22:14:02 INFO issue import: sweep done component=tasksource created=1 updated=0 comments_ingested=0 flagged_gone=0
2026/07/26 22:14:02 INFO issue import: sweep start component=tasksource repos=1
2026/07/26 22:14:02 INFO issue import: task updated from source component=tasksource repo=acme/widgets task_id=4143f6fd-c3a9-4a04-9942-3d33cfdcfbd4 ref=acme/widgets#1
2026/07/26 22:14:02 INFO issue import: sweep done component=tasksource created=0 updated=1 comments_ingested=0 flagged_gone=0
--- PASS: TestSweepUpdatesTypeOnLabelChange (0.07s)
=== RUN   TestSweepNoOpWhenNothingChanged
2026/07/26 22:14:02 INFO issue import: sweep start component=tasksource repos=1
2026/07/26 22:14:02 INFO issue import: task created component=tasksource repo=acme/widgets task_id=335a2ff9-0ea6-455f-b0f9-979baa7b9f68 ref=acme/widgets#1
2026/07/26 22:14:02 INFO issue import: sweep done component=tasksource created=1 updated=0 comments_ingested=0 flagged_gone=0
2026/07/26 22:14:02 INFO issue import: sweep start component=tasksource repos=1
2026/07/26 22:14:02 INFO issue import: sweep done component=tasksource created=0 updated=0 comments_ingested=0 flagged_gone=0
--- PASS: TestSweepNoOpWhenNothingChanged (0.06s)
=== RUN   TestSweepGatePolicyBlocksUpdateOffGate
2026/07/26 22:14:02 INFO issue import: sweep start component=tasksource repos=1
2026/07/26 22:14:02 INFO issue import: task created component=tasksource repo=acme/widgets task_id=d889b7d4-5186-4a03-a73d-d616afc1b4c8 ref=acme/widgets#1
2026/07/26 22:14:02 INFO issue import: sweep done component=tasksource created=1 updated=0 comments_ingested=0 flagged_gone=0
2026/07/26 22:14:02 INFO issue import: sweep start component=tasksource repos=1
2026/07/26 22:14:02 INFO issue import: sweep done component=tasksource created=0 updated=0 comments_ingested=0 flagged_gone=0
--- PASS: TestSweepGatePolicyBlocksUpdateOffGate (0.06s)
=== RUN   TestSweepAlwaysPolicyUpdatesOffGate
2026/07/26 22:14:02 INFO issue import: sweep start component=tasksource repos=1
2026/07/26 22:14:02 INFO issue import: task created component=tasksource repo=acme/widgets task_id=f2e3902b-a611-4f66-9e63-7eec369312d3 ref=acme/widgets#1
2026/07/26 22:14:02 INFO issue import: sweep done component=tasksource created=1 updated=0 comments_ingested=0 flagged_gone=0
2026/07/26 22:14:02 INFO issue import: sweep start component=tasksource repos=1
2026/07/26 22:14:02 INFO issue import: task updated from source component=tasksource repo=acme/widgets task_id=f2e3902b-a611-4f66-9e63-7eec369312d3 ref=acme/widgets#1
2026/07/26 22:14:02 INFO issue import: sweep done component=tasksource created=0 updated=1 comments_ingested=0 flagged_gone=0
--- PASS: TestSweepAlwaysPolicyUpdatesOffGate (0.06s)
=== RUN   TestSweepNeverPolicyBlocksUpdateOnGate
2026/07/26 22:14:02 INFO issue import: sweep start component=tasksource repos=1
2026/07/26 22:14:02 INFO issue import: task created component=tasksource repo=acme/widgets task_id=5e945018-272f-413b-af1c-e1fb0115395e ref=acme/widgets#1
2026/07/26 22:14:02 INFO issue import: sweep done component=tasksource created=1 updated=0 comments_ingested=0 flagged_gone=0
2026/07/26 22:14:02 INFO issue import: sweep start component=tasksource repos=1
2026/07/26 22:14:02 INFO issue import: sweep done component=tasksource created=0 updated=0 comments_ingested=0 flagged_gone=0
--- PASS: TestSweepNeverPolicyBlocksUpdateOnGate (0.06s)
=== RUN   TestSweepFlagsMissingIssueAsGone
2026/07/26 22:14:02 INFO issue import: sweep start component=tasksource repos=1
2026/07/26 22:14:02 INFO issue import: task created component=tasksource repo=acme/widgets task_id=7a6d4e05-5085-4270-8e16-e16f7aa14234 ref=acme/widgets#1
2026/07/26 22:14:02 INFO issue import: sweep done component=tasksource created=1 updated=0 comments_ingested=0 flagged_gone=0
2026/07/26 22:14:02 INFO issue import: sweep start component=tasksource repos=1
2026/07/26 22:14:02 INFO issue import: task flagged gone component=tasksource repo=acme/widgets task_id=7a6d4e05-5085-4270-8e16-e16f7aa14234 ref=acme/widgets#1
2026/07/26 22:14:02 INFO issue import: sweep done component=tasksource created=0 updated=0 comments_ingested=0 flagged_gone=1
--- PASS: TestSweepFlagsMissingIssueAsGone (0.06s)
=== RUN   TestSweepGoneActionArchive
2026/07/26 22:14:02 INFO issue import: sweep start component=tasksource repos=1
2026/07/26 22:14:02 INFO issue import: task created component=tasksource repo=acme/widgets task_id=e148a255-bdd6-4807-858a-2144349aa2fa ref=acme/widgets#1
2026/07/26 22:14:02 INFO issue import: sweep done component=tasksource created=1 updated=0 comments_ingested=0 flagged_gone=0
2026/07/26 22:14:02 INFO issue import: sweep start component=tasksource repos=1
2026/07/26 22:14:02 INFO issue import: task flagged gone component=tasksource repo=acme/widgets task_id=e148a255-bdd6-4807-858a-2144349aa2fa ref=acme/widgets#1
2026/07/26 22:14:02 INFO issue import: archived gone task component=tasksource repo=acme/widgets task_id=e148a255-bdd6-4807-858a-2144349aa2fa
2026/07/26 22:14:02 INFO issue import: sweep done component=tasksource created=0 updated=0 comments_ingested=0 flagged_gone=1
--- PASS: TestSweepGoneActionArchive (0.05s)
=== RUN   TestSweepGoneActionArchiveSkippedWithActiveRun
2026/07/26 22:14:02 INFO issue import: sweep start component=tasksource repos=1
2026/07/26 22:14:02 INFO issue import: task created component=tasksource repo=acme/widgets task_id=e85006c6-d1dc-4e9b-8ba2-133b0b6d9820 ref=acme/widgets#1
2026/07/26 22:14:02 INFO issue import: sweep done component=tasksource created=1 updated=0 comments_ingested=0 flagged_gone=0
2026/07/26 22:14:02 INFO issue import: sweep start component=tasksource repos=1
2026/07/26 22:14:02 INFO issue import: task flagged gone component=tasksource repo=acme/widgets task_id=e85006c6-d1dc-4e9b-8ba2-133b0b6d9820 ref=acme/widgets#1
2026/07/26 22:14:02 INFO issue import: gone task has an active agent run; flagging only, not archiving component=tasksource repo=acme/widgets task_id=e85006c6-d1dc-4e9b-8ba2-133b0b6d9820
2026/07/26 22:14:02 INFO issue import: sweep done component=tasksource created=0 updated=0 comments_ingested=0 flagged_gone=1
--- PASS: TestSweepGoneActionArchiveSkippedWithActiveRun (0.05s)
=== RUN   TestSweepGoneActionMove
2026/07/26 22:14:02 INFO issue import: sweep start component=tasksource repos=1
2026/07/26 22:14:02 INFO issue import: task created component=tasksource repo=acme/widgets task_id=a819579d-4fec-49f6-a752-7ba1ba2a09bd ref=acme/widgets#1
2026/07/26 22:14:02 INFO issue import: sweep done component=tasksource created=1 updated=0 comments_ingested=0 flagged_gone=0
2026/07/26 22:14:02 INFO issue import: sweep start component=tasksource repos=1
2026/07/26 22:14:02 INFO issue import: task flagged gone component=tasksource repo=acme/widgets task_id=a819579d-4fec-49f6-a752-7ba1ba2a09bd ref=acme/widgets#1
2026/07/26 22:14:02 INFO issue import: moved gone task component=tasksource repo=acme/widgets task_id=a819579d-4fec-49f6-a752-7ba1ba2a09bd to_label=shelved
2026/07/26 22:14:02 INFO issue import: sweep done component=tasksource created=0 updated=0 comments_ingested=0 flagged_gone=1
--- PASS: TestSweepGoneActionMove (0.05s)
=== RUN   TestSweepGoneActionMoveFallsBackToFlagWithNilEngine
2026/07/26 22:14:02 INFO issue import: sweep start component=tasksource repos=1
2026/07/26 22:14:02 INFO issue import: task created component=tasksource repo=acme/widgets task_id=1924213c-05f6-49bc-b12d-55f0d9d59874 ref=acme/widgets#1
2026/07/26 22:14:02 INFO issue import: sweep done component=tasksource created=1 updated=0 comments_ingested=0 flagged_gone=0
2026/07/26 22:14:02 INFO issue import: sweep start component=tasksource repos=1
2026/07/26 22:14:02 INFO issue import: task flagged gone component=tasksource repo=acme/widgets task_id=1924213c-05f6-49bc-b12d-55f0d9d59874 ref=acme/widgets#1
2026/07/26 22:14:02 INFO issue import: sweep done component=tasksource created=0 updated=0 comments_ingested=0 flagged_gone=1
--- PASS: TestSweepGoneActionMoveFallsBackToFlagWithNilEngine (0.05s)
=== RUN   TestSweepGoneActionMoveFallsBackToFlagWithEmptyLabel
2026/07/26 22:14:02 INFO issue import: sweep start component=tasksource repos=1
2026/07/26 22:14:02 INFO issue import: task created component=tasksource repo=acme/widgets task_id=e25ba0c1-06e3-4527-8300-c8ab2b07f58f ref=acme/widgets#1
2026/07/26 22:14:02 INFO issue import: sweep done component=tasksource created=1 updated=0 comments_ingested=0 flagged_gone=0
2026/07/26 22:14:02 INFO issue import: sweep start component=tasksource repos=1
2026/07/26 22:14:02 INFO issue import: task flagged gone component=tasksource repo=acme/widgets task_id=e25ba0c1-06e3-4527-8300-c8ab2b07f58f ref=acme/widgets#1
2026/07/26 22:14:02 INFO issue import: sweep done component=tasksource created=0 updated=0 comments_ingested=0 flagged_gone=1
--- PASS: TestSweepGoneActionMoveFallsBackToFlagWithEmptyLabel (0.05s)
=== RUN   TestSweepGoneTaskStaysUntouchedOnLaterSweep
2026/07/26 22:14:03 INFO issue import: sweep start component=tasksource repos=1
2026/07/26 22:14:03 INFO issue import: task created component=tasksource repo=acme/widgets task_id=03428dce-82f1-41ed-a4bd-3f21f3cba382 ref=acme/widgets#1
2026/07/26 22:14:03 INFO issue import: sweep done component=tasksource created=1 updated=0 comments_ingested=0 flagged_gone=0
2026/07/26 22:14:03 INFO issue import: sweep start component=tasksource repos=1
2026/07/26 22:14:03 INFO issue import: task flagged gone component=tasksource repo=acme/widgets task_id=03428dce-82f1-41ed-a4bd-3f21f3cba382 ref=acme/widgets#1
2026/07/26 22:14:03 INFO issue import: sweep done component=tasksource created=0 updated=0 comments_ingested=0 flagged_gone=1
2026/07/26 22:14:03 INFO issue import: sweep start component=tasksource repos=1
2026/07/26 22:14:03 INFO issue import: sweep done component=tasksource created=0 updated=0 comments_ingested=0 flagged_gone=0
--- PASS: TestSweepGoneTaskStaysUntouchedOnLaterSweep (0.05s)
=== RUN   TestSweepReappearingIssueClearsGoneState
2026/07/26 22:14:03 INFO issue import: sweep start component=tasksource repos=1
2026/07/26 22:14:03 INFO issue import: task created component=tasksource repo=acme/widgets task_id=6a99f0e5-3107-40be-ba04-913ab5df0c29 ref=acme/widgets#1
2026/07/26 22:14:03 INFO issue import: sweep done component=tasksource created=1 updated=0 comments_ingested=0 flagged_gone=0
2026/07/26 22:14:03 INFO issue import: sweep start component=tasksource repos=1
2026/07/26 22:14:03 INFO issue import: task flagged gone component=tasksource repo=acme/widgets task_id=6a99f0e5-3107-40be-ba04-913ab5df0c29 ref=acme/widgets#1
2026/07/26 22:14:03 INFO issue import: sweep done component=tasksource created=0 updated=0 comments_ingested=0 flagged_gone=1
2026/07/26 22:14:03 INFO issue import: sweep start component=tasksource repos=1
2026/07/26 22:14:03 INFO issue import: sweep done component=tasksource created=0 updated=0 comments_ingested=0 flagged_gone=0
--- PASS: TestSweepReappearingIssueClearsGoneState (0.07s)
=== RUN   TestSweepIngestsCommentsFromTrustedAuthors
2026/07/26 22:14:03 INFO issue import: sweep start component=tasksource repos=1
2026/07/26 22:14:03 INFO issue import: task created component=tasksource repo=acme/widgets task_id=38e644df-4814-4265-a519-1394f7f69596 ref=acme/widgets#1
2026/07/26 22:14:03 INFO issue import: sweep done component=tasksource created=1 updated=0 comments_ingested=0 flagged_gone=0
2026/07/26 22:14:03 INFO issue import: sweep start component=tasksource repos=1
2026/07/26 22:14:03 INFO issue import: comments ingested component=tasksource repo=acme/widgets task_id=38e644df-4814-4265-a519-1394f7f69596 count=1
2026/07/26 22:14:03 INFO issue import: sweep done component=tasksource created=0 updated=0 comments_ingested=1 flagged_gone=0
2026/07/26 22:14:03 INFO issue import: sweep start component=tasksource repos=1
2026/07/26 22:14:03 INFO issue import: sweep done component=tasksource created=0 updated=0 comments_ingested=0 flagged_gone=0
--- PASS: TestSweepIngestsCommentsFromTrustedAuthors (0.05s)
=== RUN   TestSweepCommentIngestionRespectsUpdatePolicy
2026/07/26 22:14:03 INFO issue import: sweep start component=tasksource repos=1
2026/07/26 22:14:03 INFO issue import: task created component=tasksource repo=acme/widgets task_id=343d2198-0aa0-45ea-9314-d502d7b86dd3 ref=acme/widgets#1
2026/07/26 22:14:03 INFO issue import: sweep done component=tasksource created=1 updated=0 comments_ingested=0 flagged_gone=0
2026/07/26 22:14:03 INFO issue import: sweep start component=tasksource repos=1
2026/07/26 22:14:03 INFO issue import: sweep done component=tasksource created=0 updated=0 comments_ingested=0 flagged_gone=0
--- PASS: TestSweepCommentIngestionRespectsUpdatePolicy (0.05s)
=== RUN   TestSweepCommentSyncDisabledIngestsNothing
2026/07/26 22:14:03 INFO issue import: sweep start component=tasksource repos=1
2026/07/26 22:14:03 INFO issue import: task created component=tasksource repo=acme/widgets task_id=c614ebab-a442-48f1-bc66-ed4f357c2cd4 ref=acme/widgets#1
2026/07/26 22:14:03 INFO issue import: sweep done component=tasksource created=1 updated=0 comments_ingested=0 flagged_gone=0
2026/07/26 22:14:03 INFO issue import: sweep start component=tasksource repos=1
2026/07/26 22:14:03 INFO issue import: sweep done component=tasksource created=0 updated=0 comments_ingested=0 flagged_gone=0
--- PASS: TestSweepCommentSyncDisabledIngestsNothing (0.05s)
PASS
ok  	github.com/myinisjap/agent-task-editor/backend/internal/tasksource	1.313s
=== RUN   TestTransition_HappyPath
--- PASS: TestTransition_HappyPath (0.09s)
=== RUN   TestTransition_ConcurrentSameLabel_OnlyOneSucceeds
--- PASS: TestTransition_ConcurrentSameLabel_OnlyOneSucceeds (0.08s)
=== RUN   TestTransition_NoTransitionDefined
--- PASS: TestTransition_NoTransitionDefined (0.07s)
=== RUN   TestTransition_GateRequired
--- PASS: TestTransition_GateRequired (0.07s)
=== RUN   TestTransition_HumanCanBypassGate
--- PASS: TestTransition_HumanCanBypassGate (0.08s)
=== RUN   TestTransition_AgentCannotMoveToAgentIgnoredLabel
--- PASS: TestTransition_AgentCannotMoveToAgentIgnoredLabel (0.07s)
=== RUN   TestAvailableTransitions_Agent
--- PASS: TestAvailableTransitions_Agent (0.07s)
=== RUN   TestAvailableTransitions_Human
--- PASS: TestAvailableTransitions_Human (0.06s)
=== RUN   TestAgentPickupLabels
--- PASS: TestAgentPickupLabels (0.06s)
=== RUN   TestFeedbackLoop_ReviewToWork
--- PASS: TestFeedbackLoop_ReviewToWork (0.06s)
=== RUN   TestTransition_OnLeaveNotReady_FiresOnceWhenLeavingNotReady
--- PASS: TestTransition_OnLeaveNotReady_FiresOnceWhenLeavingNotReady (0.06s)
=== RUN   TestTransition_OnLeaveNotReady_DoesNotFireOnOtherTransitions
--- PASS: TestTransition_OnLeaveNotReady_DoesNotFireOnOtherTransitions (0.06s)
=== RUN   TestTransition_OnLeaveNotReady_NilCallbackIsSafe
--- PASS: TestTransition_OnLeaveNotReady_NilCallbackIsSafe (0.06s)
=== RUN   TestTransition_OnCreatePR_FiresWhenEnteringCreatePRLabel
--- PASS: TestTransition_OnCreatePR_FiresWhenEnteringCreatePRLabel (0.06s)
=== RUN   TestTransition_OnCreatePR_DoesNotFireForNonCreatePRLabel
--- PASS: TestTransition_OnCreatePR_DoesNotFireForNonCreatePRLabel (0.05s)
=== RUN   TestTransition_OnCreatePR_NilCallbackIsSafe
--- PASS: TestTransition_OnCreatePR_NilCallbackIsSafe (0.05s)
=== RUN   TestGateLabel
=== RUN   TestGateLabel/empty
=== RUN   TestGateLabel/custom-named_agent_ignore_gate_wins
=== RUN   TestGateLabel/lowest_sort_order_agent_ignore_wins_over_higher
=== RUN   TestGateLabel/no_agent_ignore_falls_back_to_first
=== RUN   TestGateLabel/first_is_lowest_sort_order_overall
--- PASS: TestGateLabel (0.00s)
    --- PASS: TestGateLabel/empty (0.00s)
    --- PASS: TestGateLabel/custom-named_agent_ignore_gate_wins (0.00s)
    --- PASS: TestGateLabel/lowest_sort_order_agent_ignore_wins_over_higher (0.00s)
    --- PASS: TestGateLabel/no_agent_ignore_falls_back_to_first (0.00s)
    --- PASS: TestGateLabel/first_is_lowest_sort_order_overall (0.00s)
PASS
ok  	github.com/myinisjap/agent-task-editor/backend/internal/workflow	1.061s
=== RUN   TestParseSourceRef
=== RUN   TestParseSourceRef/valid
=== RUN   TestParseSourceRef/missing_hash
=== RUN   TestParseSourceRef/missing_slash
=== RUN   TestParseSourceRef/non_numeric_suffix
=== RUN   TestParseSourceRef/empty
=== RUN   TestParseSourceRef/trailing_hash_no_number
=== RUN   TestParseSourceRef/zero_issue_number
=== RUN   TestParseSourceRef/negative_issue_number
=== RUN   TestParseSourceRef/nested_org_path
--- PASS: TestParseSourceRef (0.00s)
    --- PASS: TestParseSourceRef/valid (0.00s)
    --- PASS: TestParseSourceRef/missing_hash (0.00s)
    --- PASS: TestParseSourceRef/missing_slash (0.00s)
    --- PASS: TestParseSourceRef/non_numeric_suffix (0.00s)
    --- PASS: TestParseSourceRef/empty (0.00s)
    --- PASS: TestParseSourceRef/trailing_hash_no_number (0.00s)
    --- PASS: TestParseSourceRef/zero_issue_number (0.00s)
    --- PASS: TestParseSourceRef/negative_issue_number (0.00s)
    --- PASS: TestParseSourceRef/nested_org_path (0.00s)
=== RUN   TestOnLeaveNotReady_Disabled
--- PASS: TestOnLeaveNotReady_Disabled (0.07s)
=== RUN   TestOnLeaveNotReady_NoSource
--- PASS: TestOnLeaveNotReady_NoSource (0.07s)
=== RUN   TestOnLeaveNotReady_FirstCallAppliesLabelAndMarksDone
--- PASS: TestOnLeaveNotReady_FirstCallAppliesLabelAndMarksDone (0.07s)
=== RUN   TestOnLeaveNotReady_Idempotent
--- PASS: TestOnLeaveNotReady_Idempotent (0.07s)
=== RUN   TestOnLeaveNotReady_MarksDoneEvenOnGHFailure
2026/07/26 22:14:02 WARN writeback: add in-progress label failed component=writeback task_id=d8dff72e-8b0c-4047-becf-3f43e45f40fd ref=acme/widgets#1 err="label not found"
--- PASS: TestOnLeaveNotReady_MarksDoneEvenOnGHFailure (0.06s)
=== RUN   TestOnPROpened_Disabled
--- PASS: TestOnPROpened_Disabled (0.06s)
=== RUN   TestOnPROpened_NoPRURL
--- PASS: TestOnPROpened_NoPRURL (0.06s)
=== RUN   TestOnPROpened_FirstCallCommentsAndMarksDone
--- PASS: TestOnPROpened_FirstCallCommentsAndMarksDone (0.07s)
=== RUN   TestOnPROpened_Idempotent
--- PASS: TestOnPROpened_Idempotent (0.06s)
=== RUN   TestOnPROpened_LeavesFlagUnsetOnGHFailure
2026/07/26 22:14:02 WARN writeback: PR-opened comment failed component=writeback task_id=ba4a2815-cd73-41a3-9654-b63b548ae081 ref=acme/widgets#1 err="rate limited"
--- PASS: TestOnPROpened_LeavesFlagUnsetOnGHFailure (0.06s)
=== RUN   TestOnPRMerged_NotMergedYet
--- PASS: TestOnPRMerged_NotMergedYet (0.06s)
=== RUN   TestOnPRMerged_FirstCallClosesAndMarksDone
--- PASS: TestOnPRMerged_FirstCallClosesAndMarksDone (0.06s)
=== RUN   TestOnPRMerged_Idempotent
--- PASS: TestOnPRMerged_Idempotent (0.06s)
=== RUN   TestOnPRMerged_NoSourceRef
--- PASS: TestOnPRMerged_NoSourceRef (0.06s)
PASS
ok  	github.com/myinisjap/agent-task-editor/backend/internal/writeback	0.900s
=== RUN   TestHub_Publish_BroadcastToAll
--- PASS: TestHub_Publish_BroadcastToAll (0.00s)
=== RUN   TestHub_Publish_AgentLog_OnlyToSubscribed
--- PASS: TestHub_Publish_AgentLog_OnlyToSubscribed (0.00s)
=== RUN   TestHub_Publish_AgentLog_NoTaskID_Broadcasts
--- PASS: TestHub_Publish_AgentLog_NoTaskID_Broadcasts (0.00s)
=== RUN   TestHub_Unregister_StopsDelivery
--- PASS: TestHub_Unregister_StopsDelivery (0.00s)
=== RUN   TestHub_Publish_FullBuffer_DoesNotBlock
2026/07/26 22:14:01 WARN ws client send buffer full, dropping event type=task.label_changed
--- PASS: TestHub_Publish_FullBuffer_DoesNotBlock (0.00s)
=== RUN   TestHub_EventPayload_Roundtrips
--- PASS: TestHub_EventPayload_Roundtrips (0.00s)
=== RUN   TestTicketStore_IssueReturnsUniqueNonEmptyTickets
--- PASS: TestTicketStore_IssueReturnsUniqueNonEmptyTickets (0.00s)
=== RUN   TestTicketStore_ConsumeIsSingleUse
--- PASS: TestTicketStore_ConsumeIsSingleUse (0.00s)
=== RUN   TestTicketStore_ConsumeUnknownTicketFails
--- PASS: TestTicketStore_ConsumeUnknownTicketFails (0.00s)
=== RUN   TestTicketStore_ConsumeExpiredTicketFails
--- PASS: TestTicketStore_ConsumeExpiredTicketFails (0.02s)
=== RUN   TestTicketStore_IssueSweepsExpiredEntries
--- PASS: TestTicketStore_IssueSweepsExpiredEntries (0.02s)
=== RUN   TestHub_IssueAndConsumeTicket
--- PASS: TestHub_IssueAndConsumeTicket (0.00s)
PASS
ok  	github.com/myinisjap/agent-task-editor/backend/internal/ws	0.054s
